---- STARTING OMNI-PROCESSOR ----
-> Connected to Elasticsearch at http://172.16.10.94:9200 | Index: perf_20261002-153313_clu_vm12-vm22_smoke_r1
-> Loading model from /home/ubuntu/hsp/src/../models/bert_final on cpu...
-> BERT Model Loaded successfully.
-> Benchmark log: /home/ubuntu/hsp/reports/scaling/20261002-153313_clu_vm12-vm22_smoke_r1/bench_vm1_1.csv | node vm1 | group g_20261002-153313_clu_vm12-vm22_smoke_r1
------------------------------------------------------------------------------------------------------------------------
DOMAIN       | SOURCE   | PREDICTION   | CONF.  | LATENCY  | TEXT
------------------------------------------------------------------------------------------------------------------------
[GAMING/SUR] | YouTube  | [Normal]     | 93%    |   99.2ms | LETS GO!!!...
[GAMING/SUR] | YouTube  | [Normal]     | 97%    |   93.0ms | H20 and Kyle have been getting fed all d...
[GAMING/GAM] | YouTube  | [Normal]     | 98%    |  162.3ms | MARK I SAW IRON LUNG LAST WEEKEND!!!! IT...
[ENTERTAINM] | YouTube  | [Normal]     | 94%    |   73.1ms | hi...
[GAMING/GAM] | YouTube  | [Normal]     | 97%    |   87.8ms | Hai Marikipliaer!!!!...
[GAMING/GAM] | YouTube  | [Normal]     | 96%    |   69.5ms | Water cheese...
[GAMING/SUR] | YouTube  | [Normal]     | 96%    |   84.9ms | YOU HAD 1000 SCRAP WHEN YOU LOGGED IN...
[ENTERTAINM] | YouTube  | [Normal]     | 98%    |   93.2ms | sir please visit chhattisgarh india for ...
[GAMING/SUR] | YouTube  | [Normal]     | 94%    |   78.6ms | 5...
[ENTERTAINM] | YouTube  | [Normal]     | 97%    |  140.1ms | Taiwan W:face-red-heart-shape::face-red-...
[GAMING/GAM] | YouTube  | [Normal]     | 81%    |   67.9ms | crazy work...
[ENTERTAINM] | YouTube  | [Normal]     | 94%    |   74.3ms | SO OLD BUT GOLD...
[ENTERTAINM] | YouTube  | [Normal]     | 96%    |   73.9ms | LeBron James...
[ENTERTAINM] | YouTube  | [Normal]     | 96%    |   73.5ms | Yuppp...
[ENTERTAINM] | YouTube  | [Normal]     | 96%    |  113.4ms | I’m a really big fan of your channel  an...
[ENTERTAINM] | YouTube  | [Normal]     | 97%    |   79.2ms | Hello    I am from India...
[GAMING/GAM] | YouTube  | [Normal]     | 96%    |   68.3ms | Hi mark...
[ENTERTAINM] | YouTube  | [Normal]     | 94%    |   71.9ms | hi...
[ENTERTAINM] | YouTube  | [Normal]     | 96%    |   68.4ms | New member...
[GAMING/SUR] | YouTube  | [Normal]     | 94%    |   72.2ms | RIP...
[PSYCHOLOGY] | YouTube  | [OFFENSIVE]  | 57%    |   78.2ms | shitting on our copium...
[ENTERTAINM] | YouTube  | [Normal]     | 98%    |  380.0ms | :hand-green-crystal-ball::hand-green-cry...
[MUSIC/CHIL] | YouTube  | [Normal]     | 95%    |   85.7ms | Na brathuku...
[SELF-HELP/] | YouTube  | [Normal]     | 94%    |   84.5ms | LIKE THE STREAM BOIIIS!!...
[GAMING/SUR] | YouTube  | [Normal]     | 92%    |   77.3ms | how do i join...
[ENTERTAINM] | YouTube  | [Normal]     | 93%    |   68.3ms | gg...
[GAMING/GAM] | YouTube  | [Normal]     | 91%    |   72.0ms | w...
[MUSIC/CHIL] | YouTube  | [Normal]     | 97%    |  113.5ms | aaron fechter on the other stage Looney ...
[GAMING/GAM] | YouTube  | [Normal]     | 94%    |   72.7ms | Hi...
[GAMING/GAM] | YouTube  | [HATE]       | 36%    |   87.1ms | So they “won” by charging people more?...
[GAMING/GAM] | YouTube  | [Normal]     | 95%    |   86.7ms | Iron Lung was a 50 or more out of 10...
[GAMING/GAM] | YouTube  | [Normal]     | 96%    |   67.9ms | hi mark...
[GAMING/GAM] | YouTube  | [Normal]     | 95%    |   73.6ms | Obversation...
[ENTERTAINM] | YouTube  | [Normal]     | 97%    |   77.5ms | Please invite me to a video...
[ENTERTAINM] | YouTube  | [Normal]     | 98%    |  387.4ms | :hand-pink-waving::hand-pink-waving::han...
[GAMING/GAM] | YouTube  | [Normal]     | 93%    |   72.2ms | yes...
[GAMING/GAM] | YouTube  | [Normal]     | 96%    |   91.9ms | the lantern shadow in intwerior...
[PSYCHOLOGY] | YouTube  | [Normal]     | 95%    |   78.2ms | 67...
[GAMING/SUR] | YouTube  | [Normal]     | 92%    |   72.3ms | normal...
[GAMING/SUR] | YouTube  | [Normal]     | 97%    |  109.5ms | Brooooo peanut on rust again?! Back to b...
[GAMING/SUR] | YouTube  | [Normal]     | 95%    |   84.3ms | so fkin crazy lmao...
[ENTERTAINM] | YouTube  | [Normal]     | 94%    |   70.9ms | Hi...
[GAMING/SUR] | YouTube  | [Normal]     | 97%    |   65.7ms | did rouge sleep?...
[ENTERTAINM] | YouTube  | [Normal]     | 94%    |   48.8ms | hi...
[GAMING/GAM] | YouTube  | [Normal]     | 93%    |   89.9ms | that explains why I couldn't hear some t...
[ENTERTAINM] | YouTube  | [Normal]     | 95%    |  197.5ms | Love you mrbeast Love you mrbeastLove yo...
[GAMING/GAM] | YouTube  | [Normal]     | 90%    |   75.9ms | Hey it was a good fight us airplanes wil...
[GAMING/GAM] | YouTube  | [Normal]     | 92%    |   91.6ms | MARK THE STAIRS ARE UNDULATING...
[ENTERTAINM] | YouTube  | [Normal]     | 90%    |   74.5ms | hay mr beast...
[GAMING/GAM] | YouTube  | [Normal]     | 88%    |  114.0ms | I love observation duty but does anyone ...
[ENTERTAINM] | YouTube  | [Normal]     | 94%    |   74.1ms | 1...
[GAMING/GAM] | YouTube  | [Normal]     | 85%    |   72.7ms | DEAD BODY ON CABIN...
[SELF-HELP/] | YouTube  | [Normal]     | 71%    |   83.7ms | it sucks to be too smart...
[GAMING/GAM] | YouTube  | [Normal]     | 92%    |   72.4ms | yeah...
[GAMING/GAM] | YouTube  | [Normal]     | 96%    |   83.7ms | wait extra donuts???...
[RELATIONSH] | Twitch   | [Normal]     | 89%    |   60.6ms | Sure confused...
[ENTERTAINM] | Twitch   | [Normal]     | 93%    |   53.3ms | YES...
[ENTERTAINM] | Twitch   | [Normal]     | 88%    |   70.7ms | scam...
[GAMING/CO‑] | Twitch   | [Normal]     | 89%    |   82.2ms | Do you have a gimp mask for him tho?...
[MUSIC/CHIL] | YouTube  | [Normal]     | 96%    |   71.9ms | Vani kaise :thinking_face:...
[GAMING/GAM] | YouTube  | [Normal]     | 95%    |   49.2ms | Airplane...
[GAMING/GAM] | YouTube  | [Normal]     | 96%    |   69.9ms | I can't wait to see the singing siren...
[GAMING/GAM] | YouTube  | [Normal]     | 96%    |   60.5ms | is it the capital o?...
[GAMING/SUR] | YouTube  | [Normal]     | 93%    |   50.9ms | bet green...
[GAMING/GAM] | YouTube  | [Normal]     | 91%    |   52.0ms | Noob...
[ENTERTAINM] | YouTube  | [Normal]     | 95%    |   81.8ms | уууууууурааааа...
[GAMING/GAM] | YouTube  | [Normal]     | 96%    |   75.8ms | STAIRWELL RAILING MOVED...
[GAMING/GAM] | YouTube  | [Normal]     | 94%    |   73.1ms | hi...
[ENTERTAINM] | YouTube  | [Normal]     | 77%    |   79.1ms | PUBG AND FREFIRE...
[GAMING/GAM] | YouTube  | [Normal]     | 96%    |   80.6ms | Longer catwalk!!...
[ENTERTAINM] | YouTube  | [Normal]     | 91%    |   72.7ms | hey...
[MUSIC/CHIL] | YouTube  | [Normal]     | 97%    |  114.5ms | evar calls anta ganam :alien_monster::fa...
[PSYCHOLOGY] | YouTube  | [Normal]     | 96%    |   88.2ms | hahah.. whoopsie :p...
[GAMING/SUR] | YouTube  | [Normal]     | 94%    |   72.6ms | 1...
[GAMING/SUR] | YouTube  | [Normal]     | 97%    |   92.5ms | she played for like 20.5 hours...
[GAMING/GAM] | YouTube  | [Normal]     | 93%    |   75.3ms | BRAZIL PLEASE...
[ENTERTAINM] | YouTube  | [Normal]     | 90%    |   77.8ms | yoo...
[GAMING/SUR] | YouTube  | [Normal]     | 70%    |   74.1ms | BRO ADDICTED...
[MUSIC/CHIL] | YouTube  | [Normal]     | 97%    |   97.9ms | jatsii soch ko bdlo...
[ENTERTAINM] | YouTube  | [Normal]     | 97%    |   75.0ms | Welcome New Member!...
[GAMING/GAM] | YouTube  | [Normal]     | 87%    |   72.6ms | no...
[GAMING/GAM] | YouTube  | [Normal]     | 96%    |   88.6ms | theres a cross on the dock?...
[GAMING/GAM] | YouTube  | [Normal]     | 97%    |   81.8ms | rope moved in stairs!!!...
[GAMING/GAM] | YouTube  | [Normal]     | 93%    |   87.8ms | I think you missed the ocean of blood!...
[ENTERTAINM] | YouTube  | [Normal]     | 95%    |   78.3ms | Bangladesh...
[GAMING/SUR] | YouTube  | [Normal]     | 96%    |   78.2ms | finally my man...
[GAMING/SUR] | YouTube  | [Normal]     | 52%    |   75.6ms | GOOP GOOP GOOP...
[PSYCHOLOGY] | YouTube  | [Normal]     | 94%    |  130.9ms | @atomicaxioms which one of your testicle...
[GAMING/SUR] | YouTube  | [Normal]     | 97%    |   86.3ms | After this win be done lol...
[ENTERTAINM] | YouTube  | [Normal]     | 98%    |   98.8ms | :planet-orange-purple-ring:...
[ENTERTAINM] | YouTube  | [Normal]     | 97%    |  168.0ms | My biggest dream is to take my whole fam...
[SELF-HELP/] | YouTube  | [Normal]     | 97%    |   80.8ms | abundance mindset seems important...
[GAMING/SUR] | YouTube  | [OFFENSIVE]  | 95%    |  222.1ms | this is the worst heli take ive ever see...
[ENTERTAINM] | YouTube  | [Normal]     | 94%    |   74.5ms | do an age poll...
[GAMING/SUR] | YouTube  | [Normal]     | 91%    |   81.4ms | STAY HOME!...
[ENTERTAINM] | YouTube  | [Normal]     | 95%    |   77.9ms | :elbowcough:...
[ENTERTAINM] | YouTube  | [Normal]     | 94%    |   90.8ms | GAS PRICES COME DOWN WHEN MRBEAST HITS 5...
[GAMING/SUR] | YouTube  | [Normal]     | 94%    |   76.1ms | No power out not branch out...
[GAMING/GAM] | YouTube  | [Normal]     | 94%    |   86.1ms | YEAAAAHHHH...
[RELATIONSH] | Twitch   | [Normal]     | 93%    |   80.6ms | OOOO...
[RELATIONSH] | Twitch   | [Normal]     | 95%    |  179.4ms | monkaLaugh uh oh monkaLaugh uh oh monkaL...
[GAMING/SUR] | YouTube  | [Normal]     | 92%    |   75.6ms | nah just gamble it all away...
[ENTERTAINM] | YouTube  | [Normal]     | 95%    |   66.7ms | yooo...
[GAMING/GAM] | YouTube  | [Normal]     | 97%    |   77.5ms | love the movie  was amazing...
[ENTERTAINM] | YouTube  | [Normal]     | 87%    |   70.1ms | no...
[ENTERTAINM] | YouTube  | [Normal]     | 96%    |   67.3ms | New member...
[GAMING/GAM] | YouTube  | [OFFENSIVE]  | 65%    |   90.8ms | oooh I don't like the creepy stairs...
[ENTERTAINM] | YouTube  | [Normal]     | 95%    |   66.8ms | xd...
[GAMING/SUR] | YouTube  | [Normal]     | 86%    |   66.5ms | Higher but...
[ENTERTAINM] | YouTube  | [Normal]     | 98%    |  242.6ms | :face-turquoise-covering-eyes::face-turq...
[GAMING/GAM] | YouTube  | [Normal]     | 94%    |   71.5ms | yay!...
[GAMING/GAM] | YouTube  | [Normal]     | 72%    |  105.0ms | I will rent out a movie theater and put ...
[ENTERTAINM] | YouTube  | [Normal]     | 97%    |  121.6ms | Hello from RUSSIA:fire::fire::fire::fire...
[GAMING/SUR] | YouTube  | [Normal]     | 94%    |   76.0ms | GAME NAME IS: DILLON DANIS IS NOT IN THE...
[MUSIC/CHIL] | YouTube  | [Normal]     | 97%    |   95.4ms | exit:smiling_face_with_tear:...
[MUSIC/CHIL] | YouTube  | [Normal]     | 98%    |  132.5ms | momo:face-blue-smiling::face-blue-smilin...
[GAMING/GAM] | YouTube  | [Normal]     | 93%    |   74.6ms | Stair rail moved...
[GAMING/GAM] | YouTube  | [Normal]     | 87%    |   75.0ms | NOW WE ARE DROWNING...
[ENTERTAINM] | YouTube  | [Normal]     | 97%    |  254.7ms | please jimmy give me 10 milion dollar :f...
[GAMING/GAM] | YouTube  | [Normal]     | 78%    |  122.9ms | working in pairs  the blindfolded partne...
[GAMING/SUR] | YouTube  | [Normal]     | 97%    |   89.4ms | This stream Brought to your by Kalshi...
[GAMING/SUR] | YouTube  | [Normal]     | 95%    |   72.4ms | HIT...
[GAMING/GAM] | YouTube  | [Normal]     | 97%    |  118.0ms | oh he did misspell the title:face_with_t...
[ENTERTAINM] | YouTube  | [Normal]     | 95%    |   79.0ms | Bangladesh...
[GAMING/GAM] | YouTube  | [Normal]     | 95%    |   74.1ms | obversation...
[GAMING/GAM] | YouTube  | [Normal]     | 95%    |   68.5ms | NUMBER 1...
[GAMING/SUR] | YouTube  | [Normal]     | 98%    |   92.2ms | Peanut on a game I actually play????...
[GAMING/GAM] | YouTube  | [Normal]     | 95%    |   74.1ms | Light house for sure...
[ENTERTAINM] | YouTube  | [Normal]     | 89%    |   77.5ms | YOOOOOOOOOOOO...
[GAMING/SUR] | YouTube  | [Normal]     | 91%    |   72.4ms | split...
[ENTERTAINM] | YouTube  | [Normal]     | 92%    |   82.7ms | but you hit 13Million views...
[GAMING/GAM] | YouTube  | [Normal]     | 96%    |   92.3ms | gonna try to see it for a second time to...
[SELF-HELP/] | YouTube  | [Normal]     | 64%    |  129.7ms | he has tangible evidence of the hate tho...
[GAMING/GAM] | YouTube  | [Normal]     | 95%    |   73.1ms | obversation...
[GAMING/GAM] | YouTube  | [Normal]     | 97%    |   82.7ms | MOST PPL DIDNT EVEN NOTICE...
[GAMING/GAM] | YouTube  | [Normal]     | 94%    |   86.6ms | intruder? how did he get in? intruder wi...
[ENTERTAINM] | YouTube  | [Normal]     | 97%    |   83.3ms | hi jimmy. I'm From Bangladesh...
[GAMING/GAM] | YouTube  | [Normal]     | 94%    |   74.3ms | I believe in you...
[PSYCHOLOGY] | YouTube  | [Normal]     | 93%    |   73.8ms | avoiding is bad?...
[GAMING/GAM] | YouTube  | [Normal]     | 94%    |   77.3ms | PICTURE...
[ENTERTAINM] | YouTube  | [Normal]     | 95%    |   66.9ms | hii...
[ENTERTAINM] | YouTube  | [Normal]     | 97%    |   66.9ms | Ya casi los 500...
[GAMING/GAM] | YouTube  | [Normal]     | 97%    |   65.8ms | extra object in lantern !!!...
[GAMING/GAM] | YouTube  | [Normal]     | 93%    |   62.8ms | iron lung merch?...
[NEWS/LIVE ] | YouTube  | [Normal]     | 90%    |   85.4ms | BLACK FATIGUE EVEN HIS PARENTS...
[RELATIONSH] | Twitch   | [Normal]     | 93%    |   72.2ms | Jammies...
[GAMING/SUR] | YouTube  | [Normal]     | 73%    |   79.7ms | whats wrong with your eye...
[GAMING/SUR] | YouTube  | [Normal]     | 96%    |  111.5ms | peanut how late did you stay up last nig...
[GAMING/SUR] | YouTube  | [Normal]     | 94%    |   53.0ms | Hello everybody...
[GAMING/SUR] | YouTube  | [Normal]     | 95%    |   79.2ms | @Sharktooth17 brother this is the origin...
[GAMING/GAM] | YouTube  | [Normal]     | 96%    |   60.8ms | 3 TIME CHAMPION!!!...
[ENTERTAINM] | YouTube  | [Normal]     | 96%    |   51.2ms | love you...
[GAMING/GAM] | YouTube  | [Normal]     | 97%    |   88.8ms | wow movie star and celebrity director Ma...
[MUSIC/CHIL] | YouTube  | [Normal]     | 96%    |   85.3ms | tragi in stinga...
[GAMING/GAM] | YouTube  | [Normal]     | 95%    |   74.7ms | obversation...
[ENTERTAINM] | YouTube  | [Normal]     | 95%    |   74.4ms | 10$help...
[GAMING/SUR] | YouTube  | [Normal]     | 84%    |   87.5ms | Who else is drinking some silly with me?...
[ENTERTAINM] | YouTube  | [Normal]     | 94%    |   82.6ms | heloooo...
[GAMING/GAM] | YouTube  | [Normal]     | 96%    |   79.4ms | The jacket was always there...
[SELF-HELP/] | YouTube  | [Normal]     | 52%    |  129.2ms | Should I tell my freind that he can’t do...
[ENTERTAINM] | YouTube  | [Normal]     | 94%    |  119.5ms | 1111111111111111111111111111111111111111...
[GAMING/GAM] | YouTube  | [Normal]     | 90%    |   74.5ms | You nearly did it...
[ENTERTAINM] | YouTube  | [Normal]     | 90%    |   73.0ms | yoo...
[ENTERTAINM] | YouTube  | [Normal]     | 94%    |   72.0ms | q...
[GAMING/GAM] | YouTube  | [Normal]     | 98%    |  106.4ms | :face-orange-biting-nails::face-orange-b...
[PSYCHOLOGY] | YouTube  | [Normal]     | 94%    |  114.4ms | Isn't animus the thing in Assassin's Cre...
[GAMING/GAM] | YouTube  | [Normal]     | 97%    |   79.5ms | lamp movement in interior?...
[GAMING/SUR] | YouTube  | [Normal]     | 94%    |   72.5ms | 10...
[GAMING/GAM] | YouTube  | [Normal]     | 92%    |   98.6ms | Did it just make you complete a captcha?...
[ENTERTAINM] | YouTube  | [Normal]     | 98%    |  378.5ms | :buffering::stayhome::dothefive::person-...
[GAMING/SUR] | YouTube  | [Normal]     | 95%    |   73.6ms | H2O...
[PSYCHOLOGY] | YouTube  | [Normal]     | 91%    |   77.3ms | :smirking_face:...
[GAMING/SUR] | YouTube  | [Normal]     | 97%    |   88.5ms | Will be trading in there base at this ra...
[ENTERTAINM] | YouTube  | [Normal]     | 98%    |   96.6ms | :hand-pink-waving::hand-pink-waving:...
[GAMING/GAM] | YouTube  | [Normal]     | 92%    |   68.2ms | its me...
[ENTERTAINM] | YouTube  | [Normal]     | 97%    |  165.2ms | congratulations :clapping_hands::party_p...
[ENTERTAINM] | YouTube  | [Normal]     | 89%    |   79.3ms | what is your real name...
[ENTERTAINM] | YouTube  | [Normal]     | 94%    |   72.1ms | 1...
[GAMING/SUR] | YouTube  | [Normal]     | 61%    |   83.0ms | GINGY IS GOING TO MURDER YOU...
[MUSIC/CHIL] | YouTube  | [Normal]     | 87%    |   93.0ms | aaron fechter people holding butter knif...
[ENTERTAINM] | YouTube  | [Normal]     | 95%    |   68.4ms | hiii...
[GAMING/GAM] | YouTube  | [Normal]     | 95%    |   88.9ms | MinorSpellingMistake :pensive:...
[ENTERTAINM] | YouTube  | [Normal]     | 95%    |   70.3ms | Hii...
[GAMING/GAM] | YouTube  | [Normal]     | 93%    |   68.4ms | MISSING CAMERA...
[MUSIC/CHIL] | YouTube  | [Normal]     | 98%    |   89.3ms | :bell::bell::bell:...
[GAMING/GAM] | YouTube  | [Normal]     | 96%    |  123.3ms | my showing this evening the audio was a ...
[GAMING/GAM] | YouTube  | [Normal]     | 76%    |   72.1ms | LAME...
[GAMING/GAM] | YouTube  | [Normal]     | 87%    |   98.9ms | If I just don’t refresh then it’s fine...
[GAMING/GAM] | YouTube  | [Normal]     | 93%    |   86.6ms | Title of the live is an anomaly...
[GAMING/GAM] | YouTube  | [Normal]     | 95%    |   73.4ms | ITS FINE...
[NEWS/LIVE ] | YouTube  | [Normal]     | 95%    |   88.7ms | GOD BLESS MY WHITENESS. JOEY AGREES!!...
[GAMING/GAM] | YouTube  | [Normal]     | 96%    |   75.9ms | hi markkkk...
[GAMING/GAM] | YouTube  | [Normal]     | 97%    |   85.6ms | The railing moved on the stairs!!...
[GAMING/GAM] | YouTube  | [Normal]     | 73%    |   79.3ms | LEFT OF THE SQAURE...
[ENTERTAINM] | YouTube  | [Normal]     | 90%    |   82.8ms | How the 500 million button looks like?...
[PSYCHOLOGY] | YouTube  | [Normal]     | 88%    |   86.5ms | @andreicionescu giggity giggity...
[GAMING/GAM] | YouTube  | [Normal]     | 93%    |   72.3ms | market plier...
[GAMING/SUR] | YouTube  | [Normal]     | 95%    |   52.2ms | PEANUT...
[RELATIONSH] | Twitch   | [Normal]     | 93%    |   51.7ms | Jammies...
[RELATIONSH] | Twitch   | [Normal]     | 94%    |   52.2ms | o7...
