Sampling every 2s for 1000s -> F:\hate-speech-pipeline\reports\scaling\20260925-122758_p1_c1_r1\resource_WIX.csv
Run your load (throughput_bench.py / a live stream) now in another terminal.

[12:28:03] host CPU 42.9% RAM 92.2% | GPU 289MB/0% | kafka=1.18%/527.9MiB / 4.804GiB ; elasticsearch=1.06%/1.476GiB / 4.804
[12:28:08] host CPU 43.5% RAM 95.2% | GPU 289MB/0% | kafka=0.91%/527.9MiB / 4.804GiB ; elasticsearch=0.58%/1.476GiB / 4.804
[12:28:13] host CPU 41.6% RAM 96.5% | GPU 314MB/2% | kafka=0.99%/528MiB / 4.804GiB ; elasticsearch=0.67%/1.476GiB / 4.804Gi
[12:28:17] host CPU 28.0% RAM 95.9% | GPU 288MB/0% | kafka=0.73%/528MiB / 4.804GiB ; elasticsearch=0.50%/1.476GiB / 4.804Gi
[12:28:22] host CPU 33.1% RAM 95.7% | GPU 288MB/0% | kafka=0.95%/528MiB / 4.804GiB ; elasticsearch=3.36%/1.476GiB / 4.804Gi
[12:28:25] host CPU 24.1% RAM 96.0% | GPU 312MB/12% | kafka=18.59%/531.4MiB / 4.804GiB ; elasticsearch=1.72%/1.476GiB / 4.80
[12:28:30] host CPU 14.1% RAM 96.5% | GPU 312MB/0% | kafka=15.07%/545.2MiB / 4.804GiB ; elasticsearch=22.37%/1.481GiB / 4.8
[12:28:34] host CPU 25.9% RAM 96.8% | GPU 312MB/0% | kafka=0.90%/531.5MiB / 4.804GiB ; elasticsearch=20.15%/1.483GiB / 4.80
[12:28:38] host CPU 24.5% RAM 96.5% | GPU 287MB/0% | kafka=0.94%/531.5MiB / 4.804GiB ; elasticsearch=16.42%/1.485GiB / 4.80
[12:28:43] host CPU 17.0% RAM 96.5% | GPU 287MB/0% | kafka=188.11%/593.1MiB / 4.804GiB ; elasticsearch=10.19%/1.485GiB / 4.
[12:28:47] host CPU 37.0% RAM 97.2% | GPU 287MB/0% | kafka=1.05%/531.5MiB / 4.804GiB ; elasticsearch=40.07%/1.491GiB / 4.80
[12:28:52] host CPU 22.0% RAM 96.6% | GPU 287MB/0% | kafka=0.75%/531.5MiB / 4.804GiB ; elasticsearch=26.46%/1.485GiB / 4.80
[12:28:56] host CPU 26.7% RAM 97.0% | GPU 306MB/0% | kafka=0.86%/531.5MiB / 4.804GiB ; elasticsearch=7.61%/1.485GiB / 4.804
[12:29:00] host CPU 18.8% RAM 96.9% | GPU 296MB/0% | kafka=0.85%/531.6MiB / 4.804GiB ; elasticsearch=10.77%/1.486GiB / 4.80
[12:29:05] host CPU 32.5% RAM 97.3% | GPU 316MB/0% | kafka=146.65%/607MiB / 4.804GiB ; elasticsearch=8.35%/1.486GiB / 4.804
[12:29:09] host CPU 36.0% RAM 97.7% | GPU 315MB/0% | kafka=1.17%/531.7MiB / 4.804GiB ; elasticsearch=5.13%/1.486GiB / 4.804
[12:29:14] host CPU 19.0% RAM 97.9% | GPU 290MB/0% | kafka=3.32%/532.1MiB / 4.804GiB ; elasticsearch=12.87%/1.487GiB / 4.80
[12:29:18] host CPU 61.3% RAM 97.8% | GPU 322MB/19% | kafka=0.94%/532.1MiB / 4.804GiB ; elasticsearch=11.50%/1.488GiB / 4.80
[12:29:23] host CPU 17.4% RAM 97.4% | GPU 296MB/0% | kafka=1.11%/532.1MiB / 4.804GiB ; elasticsearch=20.19%/1.488GiB / 4.80
[12:29:27] host CPU 16.4% RAM 97.3% | GPU 296MB/0% | kafka=191.19%/599MiB / 4.804GiB ; elasticsearch=9.23%/1.488GiB / 4.804
[12:29:32] host CPU 37.4% RAM 97.6% | GPU 325MB/16% | kafka=0.82%/532.1MiB / 4.804GiB ; elasticsearch=8.52%/1.488GiB / 4.804
[12:29:36] host CPU 29.3% RAM 97.4% | GPU 290MB/0% | kafka=0.87%/532.1MiB / 4.804GiB ; elasticsearch=5.78%/1.489GiB / 4.804
[12:29:41] host CPU 21.9% RAM 97.4% | GPU 290MB/0% | kafka=1.24%/532.5MiB / 4.804GiB ; elasticsearch=8.35%/1.489GiB / 4.804
[12:29:45] host CPU 28.4% RAM 97.3% | GPU 318MB/16% | kafka=0.75%/532.6MiB / 4.804GiB ; elasticsearch=11.77%/1.488GiB / 4.80
[12:29:49] host CPU 25.2% RAM 97.2% | GPU 318MB/0% | kafka=140.05%/584.9MiB / 4.804GiB ; elasticsearch=5.78%/1.489GiB / 4.8
[12:29:54] host CPU 25.2% RAM 97.3% | GPU 296MB/0% | kafka=1.39%/532.8MiB / 4.804GiB ; elasticsearch=4.59%/1.489GiB / 4.804
[12:29:58] host CPU 19.0% RAM 97.0% | GPU 296MB/0% | kafka=0.95%/532.9MiB / 4.804GiB ; elasticsearch=4.85%/1.489GiB / 4.804
[12:30:03] host CPU 26.0% RAM 97.4% | GPU 321MB/15% | kafka=1.02%/533MiB / 4.804GiB ; elasticsearch=4.77%/1.49GiB / 4.804GiB
[12:30:07] host CPU 30.8% RAM 97.6% | GPU 335MB/22% | kafka=1.23%/533MiB / 4.804GiB ; elasticsearch=7.44%/1.49GiB / 4.804GiB
[12:30:12] host CPU 22.3% RAM 96.6% | GPU 317MB/23% | kafka=178.16%/589.8MiB / 4.804GiB ; elasticsearch=10.67%/1.49GiB / 4.8
[12:30:16] host CPU 34.9% RAM 97.0% | GPU 299MB/30% | kafka=1.11%/533MiB / 4.804GiB ; elasticsearch=5.26%/1.49GiB / 4.804GiB
[12:30:20] host CPU 50.2% RAM 97.0% | GPU 312MB/31% | kafka=2.22%/533MiB / 4.804GiB ; elasticsearch=4.05%/1.492GiB / 4.804Gi
[12:30:24] host CPU 36.3% RAM 96.9% | GPU 311MB/1% | kafka=146.98%/605.5MiB / 4.804GiB ; elasticsearch=35.85%/1.492GiB / 4.
[12:30:28] host CPU 38.0% RAM 97.1% | GPU 298MB/2% | kafka=0.81%/533MiB / 4.804GiB ; elasticsearch=9.53%/1.493GiB / 4.804Gi
[12:30:33] host CPU 22.2% RAM 96.7% | GPU 294MB/2% | kafka=0.69%/533MiB / 4.804GiB ; elasticsearch=4.25%/1.493GiB / 4.804Gi
[12:30:37] host CPU 40.7% RAM 96.9% | GPU 294MB/2% | kafka=1.57%/532.8MiB / 4.804GiB ; elasticsearch=6.44%/1.493GiB / 4.804
[12:30:42] host CPU 24.5% RAM 97.0% | GPU 294MB/2% | kafka=0.77%/532.8MiB / 4.804GiB ; elasticsearch=5.94%/1.493GiB / 4.804
[12:30:46] host CPU 27.3% RAM 97.0% | GPU 294MB/2% | kafka=143.66%/578.4MiB / 4.804GiB ; elasticsearch=5.97%/1.493GiB / 4.8
[12:30:50] host CPU 32.6% RAM 97.1% | GPU 294MB/2% | kafka=0.78%/533.3MiB / 4.804GiB ; elasticsearch=3.02%/1.493GiB / 4.804
[12:30:54] host CPU 21.1% RAM 97.3% | GPU 294MB/2% | kafka=0.79%/533.3MiB / 4.804GiB ; elasticsearch=3.53%/1.494GiB / 4.804
[12:30:58] host CPU 26.4% RAM 97.0% | GPU 294MB/2% | kafka=7.11%/533.4MiB / 4.804GiB ; elasticsearch=3.33%/1.493GiB / 4.804
[12:31:03] host CPU 27.2% RAM 96.6% | GPU 294MB/2% | kafka=0.94%/533.5MiB / 4.804GiB ; elasticsearch=3.51%/1.493GiB / 4.804
[12:31:07] host CPU 23.4% RAM 96.5% | GPU 294MB/2% | kafka=0.60%/533.5MiB / 4.804GiB ; elasticsearch=4.25%/1.493GiB / 4.804
[12:31:12] host CPU 29.5% RAM 96.4% | GPU 294MB/2% | kafka=0.80%/533.7MiB / 4.804GiB ; elasticsearch=26.86%/1.497GiB / 4.80
[12:31:16] host CPU 30.5% RAM 96.5% | GPU 294MB/2% | kafka=3.16%/533.7MiB / 4.804GiB ; elasticsearch=2.96%/1.496GiB / 4.804
[12:31:20] host CPU 21.9% RAM 96.8% | GPU 294MB/2% | kafka=160.62%/616.3MiB / 4.804GiB ; elasticsearch=3.27%/1.496GiB / 4.8
[12:31:24] host CPU 44.9% RAM 97.2% | GPU 294MB/2% | kafka=2.54%/533.9MiB / 4.804GiB ; elasticsearch=3.15%/1.497GiB / 4.804
[12:31:28] host CPU 18.8% RAM 96.9% | GPU 294MB/2% | kafka=0.60%/533.7MiB / 4.804GiB ; elasticsearch=2.13%/1.497GiB / 4.804
