---- STARTING OMNI-PROCESSOR ----
-> Connected to Elasticsearch at http://172.16.10.94:9200 | Index: perf_20261002-160736_clu_rasp14_pismoke_r1
-> Loading model from /home/rasp1/hsp/src/../models/bert_final on cpu...
-> BERT Model Loaded successfully.
-> Benchmark log: /home/rasp1/hsp/reports/scaling/20261002-160736_clu_rasp14_pismoke_r1/bench_rasp1_4.csv | node rasp1 | group g_20261002-160736_clu_rasp14_pismoke_r1
------------------------------------------------------------------------------------------------------------------------
DOMAIN       | SOURCE   | PREDICTION   | CONF.  | LATENCY  | TEXT
------------------------------------------------------------------------------------------------------------------------
[GAMING/SUR] | YouTube  | [Normal]     | 93%    | 4509.4ms | LETS GO!!!...
[GAMING/SUR] | YouTube  | [Normal]     | 97%    |  697.1ms | H20 and Kyle have been getting fed all d...
[GAMING/GAM] | YouTube  | [Normal]     | 98%    | 1432.2ms | MARK I SAW IRON LUNG LAST WEEKEND!!!! IT...
[ENTERTAINM] | YouTube  | [Normal]     | 94%    |  520.6ms | hi...
[GAMING/GAM] | YouTube  | [Normal]     | 97%    |  684.7ms | Hai Marikipliaer!!!!...
[GAMING/GAM] | YouTube  | [Normal]     | 96%    |  505.7ms | Water cheese...
[GAMING/SUR] | YouTube  | [Normal]     | 96%    |  632.1ms | YOU HAD 1000 SCRAP WHEN YOU LOGGED IN...
[ENTERTAINM] | YouTube  | [Normal]     | 98%    |  840.0ms | sir please visit chhattisgarh india for ...
[GAMING/SUR] | YouTube  | [Normal]     | 94%    |  527.1ms | 5...
[ENTERTAINM] | YouTube  | [Normal]     | 97%    | 1085.5ms | Taiwan W:face-red-heart-shape::face-red-...
[GAMING/GAM] | YouTube  | [Normal]     | 81%    |  503.8ms | crazy work...
[ENTERTAINM] | YouTube  | [Normal]     | 94%    |  480.6ms | SO OLD BUT GOLD...
[ENTERTAINM] | YouTube  | [Normal]     | 96%    |  494.7ms | LeBron James...
[ENTERTAINM] | YouTube  | [Normal]     | 96%    |  475.9ms | Yuppp...
[ENTERTAINM] | YouTube  | [Normal]     | 96%    |  889.2ms | I’m a really big fan of your channel  an...
[ENTERTAINM] | YouTube  | [Normal]     | 97%    |  599.4ms | Hello    I am from India...
[GAMING/GAM] | YouTube  | [Normal]     | 96%    |  535.8ms | Hi mark...
[ENTERTAINM] | YouTube  | [Normal]     | 94%    |  532.8ms | hi...
[ENTERTAINM] | YouTube  | [Normal]     | 96%    |  558.0ms | New member...
[GAMING/SUR] | YouTube  | [Normal]     | 94%    |  440.2ms | RIP...
[PSYCHOLOGY] | YouTube  | [OFFENSIVE]  | 57%    |  545.1ms | shitting on our copium...
[ENTERTAINM] | YouTube  | [Normal]     | 98%    | 3666.4ms | :hand-green-crystal-ball::hand-green-cry...
[MUSIC/CHIL] | YouTube  | [Normal]     | 95%    |  504.2ms | Na brathuku...
[SELF-HELP/] | YouTube  | [Normal]     | 94%    |  621.5ms | LIKE THE STREAM BOIIIS!!...
[GAMING/SUR] | YouTube  | [Normal]     | 92%    |  625.4ms | how do i join...
[ENTERTAINM] | YouTube  | [Normal]     | 93%    |  578.5ms | gg...
[GAMING/GAM] | YouTube  | [Normal]     | 91%    |  554.9ms | w...
[MUSIC/CHIL] | YouTube  | [Normal]     | 97%    |  912.7ms | aaron fechter on the other stage Looney ...
[GAMING/GAM] | YouTube  | [Normal]     | 94%    |  704.3ms | Hi...
[GAMING/GAM] | YouTube  | [HATE]       | 36%    |  693.7ms | So they “won” by charging people more?...
[GAMING/GAM] | YouTube  | [Normal]     | 95%    |  577.1ms | Iron Lung was a 50 or more out of 10...
[GAMING/GAM] | YouTube  | [Normal]     | 96%    |  526.4ms | hi mark...
[GAMING/GAM] | YouTube  | [Normal]     | 95%    |  595.5ms | Obversation...
[ENTERTAINM] | YouTube  | [Normal]     | 97%    |  654.2ms | Please invite me to a video...
[ENTERTAINM] | YouTube  | [Normal]     | 98%    | 3705.7ms | :hand-pink-waving::hand-pink-waving::han...
[GAMING/GAM] | YouTube  | [Normal]     | 93%    |  363.4ms | yes...
[GAMING/GAM] | YouTube  | [Normal]     | 96%    |  503.4ms | the lantern shadow in intwerior...
[PSYCHOLOGY] | YouTube  | [Normal]     | 95%    |  258.3ms | 67...
[GAMING/SUR] | YouTube  | [Normal]     | 92%    |  256.8ms | normal...
[GAMING/SUR] | YouTube  | [Normal]     | 97%    |  467.6ms | Brooooo peanut on rust again?! Back to b...
[GAMING/SUR] | YouTube  | [Normal]     | 95%    |  317.3ms | so fkin crazy lmao...
[ENTERTAINM] | YouTube  | [Normal]     | 94%    |  266.6ms | Hi...
[GAMING/SUR] | YouTube  | [Normal]     | 97%    |  292.4ms | did rouge sleep?...
[ENTERTAINM] | YouTube  | [Normal]     | 94%    |  257.6ms | hi...
[GAMING/GAM] | YouTube  | [Normal]     | 93%    |  473.1ms | that explains why I couldn't hear some t...
[ENTERTAINM] | YouTube  | [Normal]     | 95%    | 1208.4ms | Love you mrbeast Love you mrbeastLove yo...
[GAMING/GAM] | YouTube  | [Normal]     | 90%    |  342.2ms | Hey it was a good fight us airplanes wil...
[GAMING/GAM] | YouTube  | [Normal]     | 92%    |  232.6ms | MARK THE STAIRS ARE UNDULATING...
[ENTERTAINM] | YouTube  | [Normal]     | 90%    |  214.8ms | hay mr beast...
[GAMING/GAM] | YouTube  | [Normal]     | 88%    |  400.7ms | I love observation duty but does anyone ...
[ENTERTAINM] | YouTube  | [Normal]     | 94%    |  185.1ms | 1...
[GAMING/GAM] | YouTube  | [Normal]     | 85%    |  209.9ms | DEAD BODY ON CABIN...
[SELF-HELP/] | YouTube  | [Normal]     | 71%    |  243.2ms | it sucks to be too smart...
[GAMING/GAM] | YouTube  | [Normal]     | 92%    |  191.5ms | yeah...
[GAMING/GAM] | YouTube  | [Normal]     | 96%    |  258.1ms | wait extra donuts???...
[RELATIONSH] | Twitch   | [Normal]     | 89%    |  217.2ms | Sure confused...
[ENTERTAINM] | Twitch   | [Normal]     | 93%    |  203.5ms | YES...
[ENTERTAINM] | Twitch   | [Normal]     | 88%    |  232.1ms | scam...
[GAMING/CO‑] | Twitch   | [Normal]     | 89%    |  316.9ms | Do you have a gimp mask for him tho?...
