---- STARTING OMNI-PROCESSOR ----
-> Connected to Elasticsearch at http://172.16.10.94:9200 | Index: perf_20261002-160736_clu_rasp14_pismoke_r1
-> Loading model from /home/rasp1/hsp/src/../models/bert_final on cpu...
-> BERT Model Loaded successfully.
-> Benchmark log: /home/rasp1/hsp/reports/scaling/20261002-160736_clu_rasp14_pismoke_r1/bench_rasp1_1.csv | node rasp1 | group g_20261002-160736_clu_rasp14_pismoke_r1
------------------------------------------------------------------------------------------------------------------------
DOMAIN       | SOURCE   | PREDICTION   | CONF.  | LATENCY  | TEXT
------------------------------------------------------------------------------------------------------------------------
[GAMING/SUR] | YouTube  | [Normal]     | 73%    | 4500.4ms | whats wrong with your eye...
[GAMING/SUR] | YouTube  | [Normal]     | 96%    |  862.0ms | peanut how late did you stay up last nig...
[GAMING/SUR] | YouTube  | [Normal]     | 94%    |  528.9ms | Hello everybody...
[GAMING/SUR] | YouTube  | [Normal]     | 95%    |  719.8ms | @Sharktooth17 brother this is the origin...
[GAMING/GAM] | YouTube  | [Normal]     | 96%    |  640.6ms | 3 TIME CHAMPION!!!...
[ENTERTAINM] | YouTube  | [Normal]     | 96%    |  540.2ms | love you...
[GAMING/GAM] | YouTube  | [Normal]     | 97%    |  884.9ms | wow movie star and celebrity director Ma...
[MUSIC/CHIL] | YouTube  | [Normal]     | 96%    |  648.8ms | tragi in stinga...
[GAMING/GAM] | YouTube  | [Normal]     | 95%    |  602.6ms | obversation...
[ENTERTAINM] | YouTube  | [Normal]     | 95%    |  538.0ms | 10$help...
[GAMING/SUR] | YouTube  | [Normal]     | 84%    |  655.2ms | Who else is drinking some silly with me?...
[ENTERTAINM] | YouTube  | [Normal]     | 94%    |  471.9ms | heloooo...
[GAMING/GAM] | YouTube  | [Normal]     | 96%    |  575.6ms | The jacket was always there...
[SELF-HELP/] | YouTube  | [Normal]     | 52%    |  980.5ms | Should I tell my freind that he can’t do...
[ENTERTAINM] | YouTube  | [Normal]     | 94%    |  830.7ms | 1111111111111111111111111111111111111111...
[GAMING/GAM] | YouTube  | [Normal]     | 90%    |  516.8ms | You nearly did it...
[ENTERTAINM] | YouTube  | [Normal]     | 90%    |  506.5ms | yoo...
[ENTERTAINM] | YouTube  | [Normal]     | 94%    |  493.0ms | q...
[GAMING/GAM] | YouTube  | [Normal]     | 98%    |  885.2ms | :face-orange-biting-nails::face-orange-b...
[PSYCHOLOGY] | YouTube  | [Normal]     | 94%    |  824.7ms | Isn't animus the thing in Assassin's Cre...
[GAMING/GAM] | YouTube  | [Normal]     | 97%    |  498.2ms | lamp movement in interior?...
[GAMING/SUR] | YouTube  | [Normal]     | 94%    |  400.0ms | 10...
[GAMING/GAM] | YouTube  | [Normal]     | 92%    |  598.6ms | Did it just make you complete a captcha?...
[ENTERTAINM] | YouTube  | [Normal]     | 98%    | 3743.6ms | :buffering::stayhome::dothefive::person-...
[GAMING/SUR] | YouTube  | [Normal]     | 95%    |  552.8ms | H2O...
[PSYCHOLOGY] | YouTube  | [Normal]     | 91%    |  607.3ms | :smirking_face:...
[GAMING/SUR] | YouTube  | [Normal]     | 97%    |  570.0ms | Will be trading in there base at this ra...
[ENTERTAINM] | YouTube  | [Normal]     | 98%    |  681.2ms | :hand-pink-waving::hand-pink-waving:...
[GAMING/GAM] | YouTube  | [Normal]     | 92%    |  564.9ms | its me...
[ENTERTAINM] | YouTube  | [Normal]     | 97%    | 1538.5ms | congratulations :clapping_hands::party_p...
[ENTERTAINM] | YouTube  | [Normal]     | 89%    |  690.5ms | what is your real name...
[ENTERTAINM] | YouTube  | [Normal]     | 94%    |  698.9ms | 1...
[GAMING/SUR] | YouTube  | [Normal]     | 61%    |  674.8ms | GINGY IS GOING TO MURDER YOU...
[MUSIC/CHIL] | YouTube  | [Normal]     | 87%    |  693.4ms | aaron fechter people holding butter knif...
[ENTERTAINM] | YouTube  | [Normal]     | 95%    |  432.4ms | hiii...
[GAMING/GAM] | YouTube  | [Normal]     | 95%    |  534.8ms | MinorSpellingMistake :pensive:...
[ENTERTAINM] | YouTube  | [Normal]     | 95%    |  452.4ms | Hii...
[GAMING/GAM] | YouTube  | [Normal]     | 93%    |  364.8ms | MISSING CAMERA...
[MUSIC/CHIL] | YouTube  | [Normal]     | 98%    |  438.9ms | :bell::bell::bell:...
[GAMING/GAM] | YouTube  | [Normal]     | 96%    |  724.7ms | my showing this evening the audio was a ...
[GAMING/GAM] | YouTube  | [Normal]     | 76%    |  419.1ms | LAME...
[GAMING/GAM] | YouTube  | [Normal]     | 87%    |  535.8ms | If I just don’t refresh then it’s fine...
[GAMING/GAM] | YouTube  | [Normal]     | 93%    |  351.9ms | Title of the live is an anomaly...
[GAMING/GAM] | YouTube  | [Normal]     | 95%    |  261.5ms | ITS FINE...
[NEWS/LIVE ] | YouTube  | [Normal]     | 95%    |  376.1ms | GOD BLESS MY WHITENESS. JOEY AGREES!!...
[GAMING/GAM] | YouTube  | [Normal]     | 96%    |  340.8ms | hi markkkk...
[GAMING/GAM] | YouTube  | [Normal]     | 97%    |  391.6ms | The railing moved on the stairs!!...
[GAMING/GAM] | YouTube  | [Normal]     | 73%    |  315.7ms | LEFT OF THE SQAURE...
[ENTERTAINM] | YouTube  | [Normal]     | 90%    |  308.2ms | How the 500 million button looks like?...
[PSYCHOLOGY] | YouTube  | [Normal]     | 88%    |  311.6ms | @andreicionescu giggity giggity...
[GAMING/GAM] | YouTube  | [Normal]     | 93%    |  242.4ms | market plier...
[GAMING/SUR] | YouTube  | [Normal]     | 95%    |  217.0ms | PEANUT...
[RELATIONSH] | Twitch   | [Normal]     | 93%    |  227.8ms | Jammies...
[RELATIONSH] | Twitch   | [Normal]     | 94%    |  238.8ms | o7...
