---- STARTING OMNI-PROCESSOR ----
-> Connected to Elasticsearch at http://172.16.10.94:9200 | Index: perf_20261002-160736_clu_rasp14_pismoke_r1
-> Loading model from /home/rasp1/hsp/src/../models/bert_final on cpu...
-> BERT Model Loaded successfully.
-> Benchmark log: /home/rasp1/hsp/reports/scaling/20261002-160736_clu_rasp14_pismoke_r1/bench_rasp1_3.csv | node rasp1 | group g_20261002-160736_clu_rasp14_pismoke_r1
------------------------------------------------------------------------------------------------------------------------
DOMAIN       | SOURCE   | PREDICTION   | CONF.  | LATENCY  | TEXT
------------------------------------------------------------------------------------------------------------------------
[GAMING/SUR] | YouTube  | [Normal]     | 92%    | 4519.7ms | nah just gamble it all away...
[ENTERTAINM] | YouTube  | [Normal]     | 95%    |  553.2ms | yooo...
[GAMING/GAM] | YouTube  | [Normal]     | 97%    |  508.5ms | love the movie  was amazing...
[ENTERTAINM] | YouTube  | [Normal]     | 87%    |  464.8ms | no...
[ENTERTAINM] | YouTube  | [Normal]     | 96%    |  463.9ms | New member...
[GAMING/GAM] | YouTube  | [OFFENSIVE]  | 65%    |  735.9ms | oooh I don't like the creepy stairs...
[ENTERTAINM] | YouTube  | [Normal]     | 95%    |  541.1ms | xd...
[GAMING/SUR] | YouTube  | [Normal]     | 86%    |  472.3ms | Higher but...
[ENTERTAINM] | YouTube  | [Normal]     | 98%    | 2640.7ms | :face-turquoise-covering-eyes::face-turq...
[GAMING/GAM] | YouTube  | [Normal]     | 94%    |  485.0ms | yay!...
[GAMING/GAM] | YouTube  | [Normal]     | 72%    |  838.6ms | I will rent out a movie theater and put ...
[ENTERTAINM] | YouTube  | [Normal]     | 97%    |  940.1ms | Hello from RUSSIA:fire::fire::fire::fire...
[GAMING/SUR] | YouTube  | [Normal]     | 94%    |  669.3ms | GAME NAME IS: DILLON DANIS IS NOT IN THE...
[MUSIC/CHIL] | YouTube  | [Normal]     | 97%    |  652.1ms | exit:smiling_face_with_tear:...
[MUSIC/CHIL] | YouTube  | [Normal]     | 98%    |  992.2ms | momo:face-blue-smiling::face-blue-smilin...
[GAMING/GAM] | YouTube  | [Normal]     | 93%    |  577.7ms | Stair rail moved...
[GAMING/GAM] | YouTube  | [Normal]     | 87%    |  581.8ms | NOW WE ARE DROWNING...
[ENTERTAINM] | YouTube  | [Normal]     | 97%    | 2193.3ms | please jimmy give me 10 milion dollar :f...
[GAMING/GAM] | YouTube  | [Normal]     | 78%    |  718.3ms | working in pairs  the blindfolded partne...
[GAMING/SUR] | YouTube  | [Normal]     | 97%    |  458.7ms | This stream Brought to your by Kalshi...
[GAMING/SUR] | YouTube  | [Normal]     | 95%    |  356.1ms | HIT...
[GAMING/GAM] | YouTube  | [Normal]     | 97%    |  688.7ms | oh he did misspell the title:face_with_t...
[ENTERTAINM] | YouTube  | [Normal]     | 95%    |  466.5ms | Bangladesh...
[GAMING/GAM] | YouTube  | [Normal]     | 95%    |  442.2ms | obversation...
[GAMING/GAM] | YouTube  | [Normal]     | 95%    |  480.9ms | NUMBER 1...
[GAMING/SUR] | YouTube  | [Normal]     | 98%    |  798.3ms | Peanut on a game I actually play????...
[GAMING/GAM] | YouTube  | [Normal]     | 95%    |  561.8ms | Light house for sure...
[ENTERTAINM] | YouTube  | [Normal]     | 89%    |  637.2ms | YOOOOOOOOOOOO...
[GAMING/SUR] | YouTube  | [Normal]     | 91%    |  463.4ms | split...
[ENTERTAINM] | YouTube  | [Normal]     | 92%    |  518.7ms | but you hit 13Million views...
[GAMING/GAM] | YouTube  | [Normal]     | 96%    |  677.0ms | gonna try to see it for a second time to...
[SELF-HELP/] | YouTube  | [Normal]     | 64%    | 1185.0ms | he has tangible evidence of the hate tho...
[GAMING/GAM] | YouTube  | [Normal]     | 95%    |  659.2ms | obversation...
[GAMING/GAM] | YouTube  | [Normal]     | 97%    |  688.2ms | MOST PPL DIDNT EVEN NOTICE...
[GAMING/GAM] | YouTube  | [Normal]     | 94%    |  642.5ms | intruder? how did he get in? intruder wi...
[ENTERTAINM] | YouTube  | [Normal]     | 97%    |  539.7ms | hi jimmy. I'm From Bangladesh...
[GAMING/GAM] | YouTube  | [Normal]     | 94%    |  432.4ms | I believe in you...
[PSYCHOLOGY] | YouTube  | [Normal]     | 93%    |  418.4ms | avoiding is bad?...
[GAMING/GAM] | YouTube  | [Normal]     | 94%    |  416.3ms | PICTURE...
[ENTERTAINM] | YouTube  | [Normal]     | 95%    |  350.2ms | hii...
[ENTERTAINM] | YouTube  | [Normal]     | 97%    |  367.7ms | Ya casi los 500...
[GAMING/GAM] | YouTube  | [Normal]     | 97%    |  349.2ms | extra object in lantern !!!...
[GAMING/GAM] | YouTube  | [Normal]     | 93%    |  338.7ms | iron lung merch?...
[NEWS/LIVE ] | YouTube  | [Normal]     | 90%    |  447.0ms | BLACK FATIGUE EVEN HIS PARENTS...
[RELATIONSH] | Twitch   | [Normal]     | 93%    |  378.1ms | Jammies...
