---- STARTING OMNI-PROCESSOR ----
-> Connected to Elasticsearch at http://172.16.10.94:9200 | Index: perf_20261002-160736_clu_rasp14_pismoke_r1
-> Loading model from /home/rasp1/hsp/src/../models/bert_final on cpu...
-> BERT Model Loaded successfully.
-> Benchmark log: /home/rasp1/hsp/reports/scaling/20261002-160736_clu_rasp14_pismoke_r1/bench_rasp1_2.csv | node rasp1 | group g_20261002-160736_clu_rasp14_pismoke_r1
------------------------------------------------------------------------------------------------------------------------
DOMAIN       | SOURCE   | PREDICTION   | CONF.  | LATENCY  | TEXT
------------------------------------------------------------------------------------------------------------------------
[MUSIC/CHIL] | YouTube  | [Normal]     | 96%    | 4512.7ms | Vani kaise :thinking_face:...
[GAMING/GAM] | YouTube  | [Normal]     | 95%    |  550.6ms | Airplane...
[GAMING/GAM] | YouTube  | [Normal]     | 96%    |  730.9ms | I can't wait to see the singing siren...
[GAMING/GAM] | YouTube  | [Normal]     | 96%    |  557.1ms | is it the capital o?...
[GAMING/SUR] | YouTube  | [Normal]     | 93%    |  500.4ms | bet green...
[GAMING/GAM] | YouTube  | [Normal]     | 91%    |  550.2ms | Noob...
[ENTERTAINM] | YouTube  | [Normal]     | 95%    |  773.3ms | уууууууурааааа...
[GAMING/GAM] | YouTube  | [Normal]     | 96%    |  452.4ms | STAIRWELL RAILING MOVED...
[GAMING/GAM] | YouTube  | [Normal]     | 94%    |  510.0ms | hi...
[ENTERTAINM] | YouTube  | [Normal]     | 77%    |  594.8ms | PUBG AND FREFIRE...
[GAMING/GAM] | YouTube  | [Normal]     | 96%    |  671.5ms | Longer catwalk!!...
[ENTERTAINM] | YouTube  | [Normal]     | 91%    |  391.5ms | hey...
[MUSIC/CHIL] | YouTube  | [Normal]     | 97%    |  882.4ms | evar calls anta ganam :alien_monster::fa...
[PSYCHOLOGY] | YouTube  | [Normal]     | 96%    |  633.4ms | hahah.. whoopsie :p...
[GAMING/SUR] | YouTube  | [Normal]     | 94%    |  446.9ms | 1...
[GAMING/SUR] | YouTube  | [Normal]     | 97%    |  559.0ms | she played for like 20.5 hours...
[GAMING/GAM] | YouTube  | [Normal]     | 93%    |  455.6ms | BRAZIL PLEASE...
[ENTERTAINM] | YouTube  | [Normal]     | 90%    |  482.0ms | yoo...
[GAMING/SUR] | YouTube  | [Normal]     | 70%    |  566.6ms | BRO ADDICTED...
[MUSIC/CHIL] | YouTube  | [Normal]     | 97%    |  656.9ms | jatsii soch ko bdlo...
[ENTERTAINM] | YouTube  | [Normal]     | 97%    |  573.2ms | Welcome New Member!...
[GAMING/GAM] | YouTube  | [Normal]     | 87%    |  507.6ms | no...
[GAMING/GAM] | YouTube  | [Normal]     | 96%    |  546.2ms | theres a cross on the dock?...
[GAMING/GAM] | YouTube  | [Normal]     | 97%    |  543.9ms | rope moved in stairs!!!...
[GAMING/GAM] | YouTube  | [Normal]     | 93%    |  532.0ms | I think you missed the ocean of blood!...
[ENTERTAINM] | YouTube  | [Normal]     | 95%    |  396.1ms | Bangladesh...
[GAMING/SUR] | YouTube  | [Normal]     | 96%    |  341.6ms | finally my man...
[GAMING/SUR] | YouTube  | [Normal]     | 52%    |  424.8ms | GOOP GOOP GOOP...
[PSYCHOLOGY] | YouTube  | [Normal]     | 94%    |  800.6ms | @atomicaxioms which one of your testicle...
[GAMING/SUR] | YouTube  | [Normal]     | 97%    |  446.5ms | After this win be done lol...
[ENTERTAINM] | YouTube  | [Normal]     | 98%    |  557.3ms | :planet-orange-purple-ring:...
[ENTERTAINM] | YouTube  | [Normal]     | 97%    | 1389.8ms | My biggest dream is to take my whole fam...
[SELF-HELP/] | YouTube  | [Normal]     | 97%    |  669.3ms | abundance mindset seems important...
[GAMING/SUR] | YouTube  | [OFFENSIVE]  | 95%    | 2203.1ms | this is the worst heli take ive ever see...
[ENTERTAINM] | YouTube  | [Normal]     | 94%    |  562.7ms | do an age poll...
[GAMING/SUR] | YouTube  | [Normal]     | 91%    |  497.4ms | STAY HOME!...
[ENTERTAINM] | YouTube  | [Normal]     | 95%    |  540.6ms | :elbowcough:...
[ENTERTAINM] | YouTube  | [Normal]     | 94%    |  759.6ms | GAS PRICES COME DOWN WHEN MRBEAST HITS 5...
[GAMING/SUR] | YouTube  | [Normal]     | 94%    |  668.2ms | No power out not branch out...
[GAMING/GAM] | YouTube  | [Normal]     | 94%    |  589.5ms | YEAAAAHHHH...
[RELATIONSH] | Twitch   | [Normal]     | 93%    |  488.4ms | OOOO...
[RELATIONSH] | Twitch   | [Normal]     | 95%    | 1456.8ms | monkaLaugh uh oh monkaLaugh uh oh monkaL...
