Sampling every 2s for 5000s -> F:\hate-speech-pipeline\reports\scaling\20260923-233648_p2_c2_r2\resource_WIX.csv
Run your load (throughput_bench.py / a live stream) now in another terminal.

[23:36:55] host CPU 0.0% RAM 86.0% | GPU 188MB/1% | kafka=1.36%/500.2MiB / 4.804GiB ; elasticsearch=0.42%/1.538GiB / 4.804
[23:36:59] host CPU 43.5% RAM 91.3% | GPU 190MB/2% | kafka=106.48%/501.1MiB / 4.804GiB ; elasticsearch=0.43%/1.538GiB / 4.8
[23:37:03] host CPU 47.0% RAM 92.3% | GPU 165MB/3% | kafka=1.14%/500.2MiB / 4.804GiB ; elasticsearch=0.41%/1.538GiB / 4.804
[23:37:08] host CPU 38.7% RAM 93.9% | GPU 176MB/32% | kafka=1.29%/500.4MiB / 4.804GiB ; elasticsearch=0.53%/1.538GiB / 4.804
[23:37:12] host CPU 16.9% RAM 94.1% | GPU 157MB/33% | kafka=1.21%/500.5MiB / 4.804GiB ; elasticsearch=7.63%/1.539GiB / 4.804
[23:37:17] host CPU 26.2% RAM 95.6% | GPU 140MB/34% | kafka=1.29%/500.5MiB / 4.804GiB ; elasticsearch=6.34%/1.539GiB / 4.804
[23:37:22] host CPU 38.0% RAM 95.4% | GPU 140MB/17% | kafka=185.76%/556.3MiB / 4.804GiB ; elasticsearch=17.83%/1.539GiB / 4.
[23:37:26] host CPU 40.9% RAM 95.5% | GPU 169MB/33% | kafka=1.15%/500.5MiB / 4.804GiB ; elasticsearch=7.83%/1.54GiB / 4.804G
[23:37:31] host CPU 53.0% RAM 96.3% | GPU 221MB/33% | kafka=1.00%/500.5MiB / 4.804GiB ; elasticsearch=9.27%/1.54GiB / 4.804G
[23:37:35] host CPU 53.6% RAM 96.5% | GPU 176MB/33% | kafka=1.47%/500.5MiB / 4.804GiB ; elasticsearch=6.10%/1.54GiB / 4.804G
[23:37:39] host CPU 34.3% RAM 96.0% | GPU 156MB/37% | kafka=1.10%/500.5MiB / 4.804GiB ; elasticsearch=9.41%/1.54GiB / 4.804G
[23:37:43] host CPU 29.5% RAM 95.7% | GPU 154MB/16% | kafka=0.94%/500.5MiB / 4.804GiB ; elasticsearch=4.02%/1.539GiB / 4.804
[23:37:48] host CPU 33.6% RAM 95.8% | GPU 183MB/2% | kafka=0.89%/500.6MiB / 4.804GiB ; elasticsearch=4.58%/1.54GiB / 4.804G
[23:37:52] host CPU 27.7% RAM 96.1% | GPU 182MB/1% | kafka=1.63%/500.6MiB / 4.804GiB ; elasticsearch=5.40%/1.54GiB / 4.804G
[23:37:57] host CPU 26.0% RAM 95.8% | GPU 156MB/1% | kafka=58.61%/500.5MiB / 4.804GiB ; elasticsearch=3.67%/1.54GiB / 4.804
[23:38:01] host CPU 29.6% RAM 95.5% | GPU 162MB/8% | kafka=0.75%/500.5MiB / 4.804GiB ; elasticsearch=3.95%/1.54GiB / 4.804G
[23:38:06] host CPU 26.0% RAM 95.7% | GPU 157MB/6% | kafka=0.79%/500.5MiB / 4.804GiB ; elasticsearch=4.47%/1.54GiB / 4.804G
[23:38:10] host CPU 30.7% RAM 95.9% | GPU 163MB/1% | kafka=0.90%/500.5MiB / 4.804GiB ; elasticsearch=4.18%/1.54GiB / 4.804G
[23:38:14] host CPU 21.9% RAM 95.6% | GPU 155MB/2% | kafka=0.82%/500.5MiB / 4.804GiB ; elasticsearch=4.08%/1.54GiB / 4.804G
[23:38:18] host CPU 23.0% RAM 95.7% | GPU 155MB/3% | kafka=115.77%/574.8MiB / 4.804GiB ; elasticsearch=3.78%/1.54GiB / 4.80
[23:38:22] host CPU 26.3% RAM 95.3% | GPU 159MB/2% | kafka=0.77%/500.5MiB / 4.804GiB ; elasticsearch=3.73%/1.54GiB / 4.804G
[23:38:27] host CPU 22.4% RAM 95.2% | GPU 156MB/2% | kafka=0.90%/500.5MiB / 4.804GiB ; elasticsearch=3.98%/1.54GiB / 4.804G
[23:38:31] host CPU 45.6% RAM 96.2% | GPU 163MB/6% | kafka=1.75%/500.5MiB / 4.804GiB ; elasticsearch=4.40%/1.54GiB / 4.804G
[23:38:36] host CPU 20.6% RAM 95.8% | GPU 159MB/2% | kafka=0.89%/500.6MiB / 4.804GiB ; elasticsearch=4.55%/1.54GiB / 4.804G
[23:38:40] host CPU 22.6% RAM 95.8% | GPU 163MB/2% | kafka=110.77%/542.2MiB / 4.804GiB ; elasticsearch=3.69%/1.54GiB / 4.80
[23:38:44] host CPU 31.3% RAM 96.0% | GPU 156MB/2% | kafka=0.88%/500.6MiB / 4.804GiB ; elasticsearch=4.38%/1.54GiB / 4.804G
[23:38:48] host CPU 19.7% RAM 95.9% | GPU 158MB/2% | kafka=1.17%/500.6MiB / 4.804GiB ; elasticsearch=4.68%/1.54GiB / 4.804G
[23:38:52] host CPU 23.1% RAM 95.8% | GPU 161MB/2% | kafka=47.21%/500.6MiB / 4.804GiB ; elasticsearch=6.51%/1.54GiB / 4.804
[23:38:57] host CPU 30.9% RAM 95.7% | GPU 156MB/2% | kafka=0.71%/500.6MiB / 4.804GiB ; elasticsearch=3.90%/1.54GiB / 4.804G
[23:39:01] host CPU 24.2% RAM 95.6% | GPU 160MB/7% | kafka=15.20%/514.5MiB / 4.804GiB ; elasticsearch=7.11%/1.54GiB / 4.804
[23:39:06] host CPU 29.0% RAM 96.0% | GPU 156MB/5% | kafka=0.90%/500.6MiB / 4.804GiB ; elasticsearch=3.71%/1.54GiB / 4.804G
[23:39:10] host CPU 20.4% RAM 95.7% | GPU 161MB/1% | kafka=0.85%/500.6MiB / 4.804GiB ; elasticsearch=4.26%/1.54GiB / 4.804G
[23:39:14] host CPU 22.8% RAM 95.4% | GPU 157MB/2% | kafka=113.80%/578.8MiB / 4.804GiB ; elasticsearch=3.54%/1.54GiB / 4.80
[23:39:18] host CPU 28.8% RAM 95.6% | GPU 158MB/3% | kafka=1.03%/500.6MiB / 4.804GiB ; elasticsearch=6.23%/1.54GiB / 4.804G
[23:39:22] host CPU 21.2% RAM 95.4% | GPU 163MB/1% | kafka=0.77%/500.8MiB / 4.804GiB ; elasticsearch=3.75%/1.54GiB / 4.804G
[23:39:27] host CPU 25.6% RAM 95.8% | GPU 157MB/1% | kafka=0.84%/500.5MiB / 4.804GiB ; elasticsearch=4.18%/1.54GiB / 4.804G
[23:39:31] host CPU 21.5% RAM 95.4% | GPU 161MB/6% | kafka=1.79%/500.9MiB / 4.804GiB ; elasticsearch=3.98%/1.54GiB / 4.804G
[23:39:36] host CPU 20.2% RAM 95.3% | GPU 155MB/2% | kafka=72.98%/535.4MiB / 4.804GiB ; elasticsearch=3.41%/1.54GiB / 4.804
[23:39:40] host CPU 30.9% RAM 95.7% | GPU 159MB/2% | kafka=0.80%/500.9MiB / 4.804GiB ; elasticsearch=4.02%/1.54GiB / 4.804G
[23:39:44] host CPU 21.6% RAM 95.3% | GPU 156MB/1% | kafka=0.86%/500.9MiB / 4.804GiB ; elasticsearch=4.39%/1.54GiB / 4.804G
[23:39:48] host CPU 24.6% RAM 95.4% | GPU 157MB/3% | kafka=74.29%/501.1MiB / 4.804GiB ; elasticsearch=5.57%/1.54GiB / 4.804
[23:39:52] host CPU 25.5% RAM 95.6% | GPU 163MB/5% | kafka=0.62%/501.1MiB / 4.804GiB ; elasticsearch=4.31%/1.54GiB / 4.804G
[23:39:57] host CPU 18.5% RAM 95.1% | GPU 158MB/2% | kafka=1.23%/503.4MiB / 4.804GiB ; elasticsearch=4.28%/1.54GiB / 4.804G
[23:40:02] host CPU 35.8% RAM 95.5% | GPU 164MB/3% | kafka=0.65%/502.8MiB / 4.804GiB ; elasticsearch=3.75%/1.54GiB / 4.804G
[23:40:06] host CPU 19.0% RAM 95.2% | GPU 155MB/2% | kafka=0.85%/502.8MiB / 4.804GiB ; elasticsearch=3.78%/1.54GiB / 4.804G
[23:40:10] host CPU 24.2% RAM 95.1% | GPU 162MB/2% | kafka=177.62%/583MiB / 4.804GiB ; elasticsearch=3.16%/1.54GiB / 4.804G
[23:40:14] host CPU 32.2% RAM 95.4% | GPU 155MB/2% | kafka=0.76%/503MiB / 4.804GiB ; elasticsearch=3.98%/1.54GiB / 4.804GiB
[23:40:18] host CPU 22.7% RAM 95.2% | GPU 156MB/2% | kafka=0.96%/502.7MiB / 4.804GiB ; elasticsearch=4.33%/1.54GiB / 4.804G
[23:40:23] host CPU 27.6% RAM 95.2% | GPU 160MB/5% | kafka=0.83%/502.7MiB / 4.804GiB ; elasticsearch=3.67%/1.54GiB / 4.804G
[23:40:27] host CPU 21.4% RAM 95.2% | GPU 157MB/5% | kafka=0.95%/503MiB / 4.804GiB ; elasticsearch=4.80%/1.54GiB / 4.804GiB
[23:40:32] host CPU 20.1% RAM 95.2% | GPU 162MB/3% | kafka=167.66%/559.6MiB / 4.804GiB ; elasticsearch=4.00%/1.54GiB / 4.80
[23:40:36] host CPU 25.7% RAM 95.2% | GPU 157MB/2% | kafka=0.83%/502.7MiB / 4.804GiB ; elasticsearch=3.71%/1.54GiB / 4.804G
[23:40:40] host CPU 22.1% RAM 95.0% | GPU 165MB/1% | kafka=1.02%/502.7MiB / 4.804GiB ; elasticsearch=3.83%/1.54GiB / 4.804G
[23:40:44] host CPU 24.3% RAM 95.1% | GPU 158MB/2% | kafka=89.71%/502.7MiB / 4.804GiB ; elasticsearch=4.28%/1.541GiB / 4.80
[23:40:48] host CPU 24.2% RAM 95.4% | GPU 159MB/3% | kafka=0.77%/502.7MiB / 4.804GiB ; elasticsearch=3.88%/1.54GiB / 4.804G
[23:40:53] host CPU 19.1% RAM 95.1% | GPU 163MB/5% | kafka=0.60%/502.7MiB / 4.804GiB ; elasticsearch=3.58%/1.54GiB / 4.804G
[23:40:57] host CPU 26.0% RAM 95.2% | GPU 159MB/2% | kafka=0.72%/502.7MiB / 4.804GiB ; elasticsearch=3.95%/1.54GiB / 4.804G
[23:41:02] host CPU 19.9% RAM 95.2% | GPU 161MB/4% | kafka=0.62%/502.7MiB / 4.804GiB ; elasticsearch=4.03%/1.54GiB / 4.804G
[23:41:06] host CPU 27.9% RAM 95.2% | GPU 155MB/2% | kafka=1.67%/502.7MiB / 4.804GiB ; elasticsearch=4.14%/1.54GiB / 4.804G
[23:41:10] host CPU 26.5% RAM 94.9% | GPU 161MB/2% | kafka=0.70%/502.7MiB / 4.804GiB ; elasticsearch=4.08%/1.541GiB / 4.804
[23:41:14] host CPU 22.2% RAM 94.8% | GPU 159MB/2% | kafka=0.90%/502.7MiB / 4.804GiB ; elasticsearch=3.80%/1.54GiB / 4.804G
[23:41:18] host CPU 27.6% RAM 95.4% | GPU 159MB/2% | kafka=0.95%/502.7MiB / 4.804GiB ; elasticsearch=4.24%/1.54GiB / 4.804G
[23:41:23] host CPU 22.4% RAM 95.0% | GPU 166MB/6% | kafka=0.88%/502.7MiB / 4.804GiB ; elasticsearch=4.08%/1.54GiB / 4.804G
[23:41:27] host CPU 17.3% RAM 94.8% | GPU 153MB/1% | kafka=170.10%/564.7MiB / 4.804GiB ; elasticsearch=4.03%/1.54GiB / 4.80
[23:41:32] host CPU 29.9% RAM 95.2% | GPU 159MB/3% | kafka=0.98%/502.7MiB / 4.804GiB ; elasticsearch=3.70%/1.54GiB / 4.804G
[23:41:36] host CPU 18.6% RAM 94.7% | GPU 159MB/1% | kafka=0.75%/502.7MiB / 4.804GiB ; elasticsearch=3.97%/1.54GiB / 4.804G
[23:41:40] host CPU 27.6% RAM 95.3% | GPU 167MB/1% | kafka=0.76%/502.7MiB / 4.804GiB ; elasticsearch=4.19%/1.54GiB / 4.804G
[23:41:44] host CPU 22.0% RAM 94.8% | GPU 157MB/2% | kafka=0.83%/502.7MiB / 4.804GiB ; elasticsearch=4.08%/1.54GiB / 4.804G
[23:41:48] host CPU 19.4% RAM 95.1% | GPU 154MB/6% | kafka=10.12%/513.3MiB / 4.804GiB ; elasticsearch=7.75%/1.54GiB / 4.804
[23:41:53] host CPU 37.3% RAM 95.3% | GPU 160MB/1% | kafka=0.68%/502.7MiB / 4.804GiB ; elasticsearch=3.33%/1.538GiB / 4.804
[23:41:57] host CPU 18.4% RAM 94.9% | GPU 157MB/2% | kafka=0.76%/502.7MiB / 4.804GiB ; elasticsearch=3.91%/1.538GiB / 4.804
[23:42:02] host CPU 21.6% RAM 94.9% | GPU 161MB/4% | kafka=18.64%/502.7MiB / 4.804GiB ; elasticsearch=3.93%/1.538GiB / 4.80
[23:42:06] host CPU 30.5% RAM 94.8% | GPU 155MB/2% | kafka=0.86%/502.8MiB / 4.804GiB ; elasticsearch=4.10%/1.538GiB / 4.804
[23:42:10] host CPU 22.0% RAM 94.9% | GPU 158MB/2% | kafka=1.01%/503.1MiB / 4.804GiB ; elasticsearch=3.76%/1.538GiB / 4.804
[23:42:14] host CPU 32.6% RAM 95.3% | GPU 156MB/2% | kafka=0.80%/503.1MiB / 4.804GiB ; elasticsearch=3.71%/1.538GiB / 4.804
[23:42:18] host CPU 26.2% RAM 95.6% | GPU 157MB/6% | kafka=0.99%/503.1MiB / 4.804GiB ; elasticsearch=4.28%/1.538GiB / 4.804
[23:42:23] host CPU 19.4% RAM 95.3% | GPU 163MB/2% | kafka=183.11%/566.1MiB / 4.804GiB ; elasticsearch=3.75%/1.538GiB / 4.8
[23:42:27] host CPU 24.7% RAM 95.3% | GPU 159MB/2% | kafka=0.88%/503.1MiB / 4.804GiB ; elasticsearch=3.40%/1.538GiB / 4.804
[23:42:32] host CPU 20.7% RAM 95.1% | GPU 159MB/4% | kafka=1.57%/504.7MiB / 4.804GiB ; elasticsearch=3.33%/1.538GiB / 4.804
[23:42:36] host CPU 29.7% RAM 95.3% | GPU 156MB/1% | kafka=0.94%/504.7MiB / 4.804GiB ; elasticsearch=5.23%/1.538GiB / 4.804
[23:42:40] host CPU 20.9% RAM 95.1% | GPU 164MB/1% | kafka=0.90%/504.7MiB / 4.804GiB ; elasticsearch=3.96%/1.538GiB / 4.804
[23:42:44] host CPU 20.7% RAM 95.1% | GPU 155MB/1% | kafka=0.76%/504.7MiB / 4.804GiB ; elasticsearch=12.05%/1.538GiB / 4.80
[23:42:48] host CPU 26.8% RAM 95.5% | GPU 155MB/7% | kafka=0.77%/504.7MiB / 4.804GiB ; elasticsearch=4.09%/1.538GiB / 4.804
[23:42:53] host CPU 20.3% RAM 95.1% | GPU 158MB/1% | kafka=0.70%/504.7MiB / 4.804GiB ; elasticsearch=3.99%/1.538GiB / 4.804
[23:42:57] host CPU 19.5% RAM 95.2% | GPU 156MB/2% | kafka=121.99%/580.6MiB / 4.804GiB ; elasticsearch=3.91%/1.538GiB / 4.8
[23:43:02] host CPU 23.1% RAM 94.9% | GPU 159MB/3% | kafka=0.64%/504.7MiB / 4.804GiB ; elasticsearch=3.26%/1.538GiB / 4.804
[23:43:06] host CPU 23.6% RAM 94.9% | GPU 155MB/2% | kafka=0.77%/504.7MiB / 4.804GiB ; elasticsearch=3.42%/1.538GiB / 4.804
[23:43:10] host CPU 29.7% RAM 95.3% | GPU 157MB/2% | kafka=0.84%/504.7MiB / 4.804GiB ; elasticsearch=3.74%/1.538GiB / 4.804
[23:43:14] host CPU 20.2% RAM 95.4% | GPU 156MB/5% | kafka=0.92%/504.7MiB / 4.804GiB ; elasticsearch=4.49%/1.538GiB / 4.804
[23:43:18] host CPU 21.0% RAM 95.5% | GPU 157MB/3% | kafka=160.40%/582.5MiB / 4.804GiB ; elasticsearch=3.37%/1.538GiB / 4.8
[23:43:23] host CPU 28.9% RAM 95.5% | GPU 160MB/2% | kafka=0.95%/504.7MiB / 4.804GiB ; elasticsearch=4.11%/1.538GiB / 4.804
[23:43:27] host CPU 17.1% RAM 95.0% | GPU 155MB/2% | kafka=0.95%/504.7MiB / 4.804GiB ; elasticsearch=3.84%/1.538GiB / 4.804
[23:43:32] host CPU 29.1% RAM 95.3% | GPU 164MB/3% | kafka=0.65%/504.7MiB / 4.804GiB ; elasticsearch=3.75%/1.538GiB / 4.804
[23:43:36] host CPU 20.4% RAM 94.8% | GPU 158MB/1% | kafka=0.88%/504.7MiB / 4.804GiB ; elasticsearch=3.99%/1.538GiB / 4.804
[23:43:40] host CPU 19.9% RAM 94.9% | GPU 162MB/2% | kafka=176.99%/567.5MiB / 4.804GiB ; elasticsearch=17.17%/1.538GiB / 4.
[23:43:44] host CPU 31.9% RAM 95.2% | GPU 155MB/5% | kafka=0.90%/504.7MiB / 4.804GiB ; elasticsearch=3.46%/1.538GiB / 4.804
[23:43:48] host CPU 18.5% RAM 95.1% | GPU 156MB/3% | kafka=0.72%/504.7MiB / 4.804GiB ; elasticsearch=3.78%/1.538GiB / 4.804
[23:43:53] host CPU 28.2% RAM 95.1% | GPU 160MB/1% | kafka=0.73%/504.7MiB / 4.804GiB ; elasticsearch=4.14%/1.538GiB / 4.804
[23:43:57] host CPU 20.3% RAM 94.8% | GPU 157MB/2% | kafka=0.69%/504.7MiB / 4.804GiB ; elasticsearch=3.64%/1.538GiB / 4.804
[23:44:02] host CPU 20.5% RAM 94.9% | GPU 164MB/2% | kafka=144.96%/551.6MiB / 4.804GiB ; elasticsearch=3.35%/1.538GiB / 4.8
[23:44:06] host CPU 28.7% RAM 95.1% | GPU 160MB/2% | kafka=0.85%/504.7MiB / 4.804GiB ; elasticsearch=5.08%/1.538GiB / 4.804
[23:44:10] host CPU 25.5% RAM 94.9% | GPU 164MB/2% | kafka=0.83%/504.7MiB / 4.804GiB ; elasticsearch=3.63%/1.538GiB / 4.804
[23:44:14] host CPU 25.0% RAM 95.0% | GPU 157MB/6% | kafka=1.56%/504.7MiB / 4.804GiB ; elasticsearch=3.87%/1.538GiB / 4.804
[23:44:18] host CPU 38.1% RAM 95.6% | GPU 189MB/13% | kafka=1.29%/504.7MiB / 4.804GiB ; elasticsearch=3.78%/1.538GiB / 4.804
[23:44:23] host CPU 40.4% RAM 96.1% | GPU 188MB/2% | kafka=0.78%/504.7MiB / 4.804GiB ; elasticsearch=4.38%/1.538GiB / 4.804
[23:44:27] host CPU 26.1% RAM 96.2% | GPU 159MB/2% | kafka=0.84%/504.7MiB / 4.804GiB ; elasticsearch=4.34%/1.538GiB / 4.804
[23:44:32] host CPU 24.7% RAM 96.0% | GPU 155MB/2% | kafka=0.80%/504.7MiB / 4.804GiB ; elasticsearch=3.62%/1.538GiB / 4.804
[23:44:36] host CPU 22.7% RAM 95.7% | GPU 150MB/2% | kafka=42.90%/505MiB / 4.804GiB ; elasticsearch=4.31%/1.538GiB / 4.804G
[23:44:40] host CPU 27.0% RAM 95.7% | GPU 150MB/2% | kafka=1.46%/504.8MiB / 4.804GiB ; elasticsearch=2.29%/1.538GiB / 4.804
[23:44:45] host CPU 12.2% RAM 95.8% | GPU 150MB/2% | kafka=1.17%/504.8MiB / 4.804GiB ; elasticsearch=2.37%/1.538GiB / 4.804
[23:44:48] host CPU 19.5% RAM 96.3% | GPU 150MB/2% | kafka=1.13%/504.9MiB / 4.804GiB ; elasticsearch=2.62%/1.538GiB / 4.804
