Sampling every 2s for 5000s -> F:\hate-speech-pipeline\reports\scaling\20260923-231157_p1_c1_r3\resource_WIX.csv
Run your load (throughput_bench.py / a live stream) now in another terminal.

[23:12:04] host CPU 0.0% RAM 89.7% | GPU 139MB/0% | kafka=1.13%/485.1MiB / 4.804GiB ; elasticsearch=0.49%/1.53GiB / 4.804G
[23:12:08] host CPU 14.6% RAM 92.4% | GPU 139MB/0% | kafka=0.70%/484.9MiB / 4.804GiB ; elasticsearch=0.37%/1.53GiB / 4.804G
[23:12:13] host CPU 28.2% RAM 93.2% | GPU 151MB/0% | kafka=0.70%/484.9MiB / 4.804GiB ; elasticsearch=2.25%/1.53GiB / 4.804G
[23:12:17] host CPU 16.3% RAM 94.8% | GPU 140MB/0% | kafka=0.89%/484.9MiB / 4.804GiB ; elasticsearch=0.84%/1.53GiB / 4.804G
[23:12:21] host CPU 9.0% RAM 96.0% | GPU 140MB/0% | kafka=158.50%/539.5MiB / 4.804GiB ; elasticsearch=17.06%/1.53GiB / 4.8
[23:12:26] host CPU 25.9% RAM 96.0% | GPU 140MB/0% | kafka=0.80%/484.9MiB / 4.804GiB ; elasticsearch=4.76%/1.531GiB / 4.804
[23:12:30] host CPU 14.6% RAM 96.0% | GPU 140MB/0% | kafka=0.89%/484.9MiB / 4.804GiB ; elasticsearch=36.84%/1.531GiB / 4.80
[23:12:35] host CPU 19.3% RAM 96.1% | GPU 140MB/0% | kafka=0.71%/484.9MiB / 4.804GiB ; elasticsearch=3.62%/1.531GiB / 4.804
[23:12:38] host CPU 13.2% RAM 96.0% | GPU 140MB/0% | kafka=0.88%/484.9MiB / 4.804GiB ; elasticsearch=15.64%/1.531GiB / 4.80
[23:12:43] host CPU 16.4% RAM 96.0% | GPU 145MB/5% | kafka=88.57%/485MiB / 4.804GiB ; elasticsearch=3.05%/1.531GiB / 4.804G
[23:12:47] host CPU 20.7% RAM 96.2% | GPU 145MB/7% | kafka=0.77%/484.9MiB / 4.804GiB ; elasticsearch=27.55%/1.532GiB / 4.80
[23:12:51] host CPU 15.7% RAM 95.9% | GPU 145MB/7% | kafka=0.70%/485.2MiB / 4.804GiB ; elasticsearch=2.50%/1.532GiB / 4.804
[23:12:56] host CPU 22.1% RAM 95.8% | GPU 145MB/5% | kafka=1.07%/484.9MiB / 4.804GiB ; elasticsearch=5.58%/1.532GiB / 4.804
[23:13:00] host CPU 14.2% RAM 96.0% | GPU 145MB/2% | kafka=0.81%/485MiB / 4.804GiB ; elasticsearch=4.06%/1.532GiB / 4.804Gi
[23:13:05] host CPU 13.3% RAM 96.0% | GPU 145MB/3% | kafka=40.80%/485MiB / 4.804GiB ; elasticsearch=2.40%/1.532GiB / 4.804G
[23:13:08] host CPU 20.7% RAM 96.1% | GPU 148MB/5% | kafka=0.79%/485MiB / 4.804GiB ; elasticsearch=4.32%/1.532GiB / 4.804Gi
[23:13:13] host CPU 14.5% RAM 96.1% | GPU 151MB/6% | kafka=0.85%/485MiB / 4.804GiB ; elasticsearch=2.88%/1.532GiB / 4.804Gi
[23:13:17] host CPU 20.7% RAM 96.4% | GPU 147MB/6% | kafka=0.90%/485MiB / 4.804GiB ; elasticsearch=2.36%/1.532GiB / 4.804Gi
[23:13:21] host CPU 13.4% RAM 96.3% | GPU 147MB/7% | kafka=0.55%/485MiB / 4.804GiB ; elasticsearch=2.07%/1.532GiB / 4.804Gi
[23:13:26] host CPU 16.5% RAM 96.1% | GPU 143MB/2% | kafka=175.05%/569.5MiB / 4.804GiB ; elasticsearch=2.20%/1.532GiB / 4.8
[23:13:30] host CPU 20.7% RAM 95.9% | GPU 143MB/5% | kafka=0.59%/485MiB / 4.804GiB ; elasticsearch=2.05%/1.532GiB / 4.804Gi
[23:13:35] host CPU 13.2% RAM 95.8% | GPU 143MB/2% | kafka=0.72%/485MiB / 4.804GiB ; elasticsearch=2.49%/1.532GiB / 4.804Gi
[23:13:38] host CPU 22.1% RAM 96.1% | GPU 146MB/5% | kafka=0.70%/485MiB / 4.804GiB ; elasticsearch=2.80%/1.532GiB / 4.804Gi
[23:13:43] host CPU 14.9% RAM 95.7% | GPU 148MB/3% | kafka=0.82%/485MiB / 4.804GiB ; elasticsearch=2.42%/1.532GiB / 4.804Gi
[23:13:47] host CPU 12.4% RAM 96.0% | GPU 139MB/2% | kafka=107.10%/530.3MiB / 4.804GiB ; elasticsearch=2.12%/1.531GiB / 4.8
[23:13:51] host CPU 21.1% RAM 96.2% | GPU 139MB/2% | kafka=0.88%/485MiB / 4.804GiB ; elasticsearch=2.68%/1.532GiB / 4.804Gi
[23:13:56] host CPU 9.9% RAM 96.2% | GPU 139MB/2% | kafka=0.78%/485.3MiB / 4.804GiB ; elasticsearch=2.30%/1.532GiB / 4.804
[23:14:00] host CPU 19.6% RAM 96.2% | GPU 139MB/2% | kafka=0.83%/485.1MiB / 4.804GiB ; elasticsearch=2.21%/1.532GiB / 4.804
[23:14:05] host CPU 12.8% RAM 96.0% | GPU 139MB/2% | kafka=0.94%/485.1MiB / 4.804GiB ; elasticsearch=4.55%/1.532GiB / 4.804
[23:14:08] host CPU 13.2% RAM 96.0% | GPU 139MB/2% | kafka=103.73%/529MiB / 4.804GiB ; elasticsearch=2.40%/1.532GiB / 4.804
[23:14:13] host CPU 21.7% RAM 96.2% | GPU 139MB/2% | kafka=0.80%/485.1MiB / 4.804GiB ; elasticsearch=2.79%/1.532GiB / 4.804
[23:14:17] host CPU 10.3% RAM 96.2% | GPU 139MB/2% | kafka=0.81%/485.1MiB / 4.804GiB ; elasticsearch=2.86%/1.532GiB / 4.804
[23:14:21] host CPU 16.9% RAM 96.1% | GPU 139MB/2% | kafka=104.11%/485.1MiB / 4.804GiB ; elasticsearch=2.73%/1.532GiB / 4.8
[23:14:26] host CPU 15.3% RAM 96.1% | GPU 139MB/1% | kafka=0.84%/485.1MiB / 4.804GiB ; elasticsearch=2.01%/1.532GiB / 4.804
[23:14:30] host CPU 15.8% RAM 96.2% | GPU 139MB/2% | kafka=0.74%/485.2MiB / 4.804GiB ; elasticsearch=2.08%/1.532GiB / 4.804
[23:14:35] host CPU 17.2% RAM 96.2% | GPU 139MB/2% | kafka=0.76%/485.2MiB / 4.804GiB ; elasticsearch=2.77%/1.532GiB / 4.804
[23:14:38] host CPU 15.1% RAM 96.2% | GPU 139MB/2% | kafka=0.68%/485.2MiB / 4.804GiB ; elasticsearch=2.84%/1.532GiB / 4.804
[23:14:43] host CPU 17.5% RAM 96.2% | GPU 139MB/2% | kafka=85.75%/485.3MiB / 4.804GiB ; elasticsearch=2.41%/1.532GiB / 4.80
[23:14:47] host CPU 14.1% RAM 96.0% | GPU 139MB/2% | kafka=0.97%/485.2MiB / 4.804GiB ; elasticsearch=2.91%/1.532GiB / 4.804
[23:14:51] host CPU 12.5% RAM 95.9% | GPU 139MB/2% | kafka=4.64%/491.9MiB / 4.804GiB ; elasticsearch=3.21%/1.533GiB / 4.804
[23:14:56] host CPU 15.2% RAM 96.4% | GPU 139MB/2% | kafka=1.12%/486.2MiB / 4.804GiB ; elasticsearch=2.25%/1.532GiB / 4.804
[23:15:00] host CPU 13.1% RAM 96.0% | GPU 139MB/2% | kafka=0.90%/486.2MiB / 4.804GiB ; elasticsearch=2.81%/1.532GiB / 4.804
[23:15:05] host CPU 15.7% RAM 96.1% | GPU 139MB/2% | kafka=0.87%/486.2MiB / 4.804GiB ; elasticsearch=3.10%/1.532GiB / 4.804
[23:15:08] host CPU 15.9% RAM 95.7% | GPU 139MB/2% | kafka=0.84%/486.2MiB / 4.804GiB ; elasticsearch=2.75%/1.532GiB / 4.804
[23:15:13] host CPU 13.3% RAM 95.7% | GPU 139MB/2% | kafka=0.84%/486.2MiB / 4.804GiB ; elasticsearch=2.72%/1.532GiB / 4.804
[23:15:17] host CPU 16.8% RAM 96.1% | GPU 139MB/2% | kafka=0.95%/486.2MiB / 4.804GiB ; elasticsearch=2.45%/1.532GiB / 4.804
[23:15:21] host CPU 13.3% RAM 95.7% | GPU 139MB/1% | kafka=0.82%/486.2MiB / 4.804GiB ; elasticsearch=2.23%/1.532GiB / 4.804
[23:15:26] host CPU 12.0% RAM 95.8% | GPU 139MB/2% | kafka=9.93%/486MiB / 4.804GiB ; elasticsearch=2.95%/1.532GiB / 4.804Gi
[23:15:30] host CPU 23.0% RAM 95.7% | GPU 139MB/1% | kafka=0.59%/486MiB / 4.804GiB ; elasticsearch=3.20%/1.532GiB / 4.804Gi
[23:15:35] host CPU 19.7% RAM 96.6% | GPU 147MB/2% | kafka=1.01%/486MiB / 4.804GiB ; elasticsearch=2.49%/1.532GiB / 4.804Gi
[23:15:38] host CPU 25.2% RAM 97.1% | GPU 147MB/1% | kafka=0.60%/486MiB / 4.804GiB ; elasticsearch=2.09%/1.532GiB / 4.804Gi
[23:15:43] host CPU 14.2% RAM 96.9% | GPU 147MB/2% | kafka=1.01%/486.1MiB / 4.804GiB ; elasticsearch=2.52%/1.532GiB / 4.804
[23:15:47] host CPU 11.8% RAM 97.0% | GPU 147MB/2% | kafka=151.81%/563.7MiB / 4.804GiB ; elasticsearch=3.44%/1.532GiB / 4.8
[23:15:51] host CPU 20.6% RAM 97.2% | GPU 147MB/2% | kafka=0.86%/486.1MiB / 4.804GiB ; elasticsearch=2.83%/1.532GiB / 4.804
[23:15:56] host CPU 9.4% RAM 96.0% | GPU 139MB/2% | kafka=0.74%/486.1MiB / 4.804GiB ; elasticsearch=2.65%/1.532GiB / 4.804
[23:16:00] host CPU 20.6% RAM 96.3% | GPU 139MB/2% | kafka=0.77%/486.1MiB / 4.804GiB ; elasticsearch=2.29%/1.532GiB / 4.804
[23:16:05] host CPU 14.1% RAM 95.8% | GPU 139MB/2% | kafka=1.17%/486.1MiB / 4.804GiB ; elasticsearch=3.79%/1.532GiB / 4.804
[23:16:08] host CPU 14.5% RAM 96.0% | GPU 139MB/2% | kafka=164.64%/563.6MiB / 4.804GiB ; elasticsearch=1.97%/1.532GiB / 4.8
[23:16:13] host CPU 20.3% RAM 96.5% | GPU 139MB/2% | kafka=0.83%/486.1MiB / 4.804GiB ; elasticsearch=2.44%/1.532GiB / 4.804
[23:16:17] host CPU 12.6% RAM 96.3% | GPU 139MB/2% | kafka=0.94%/486.1MiB / 4.804GiB ; elasticsearch=2.44%/1.532GiB / 4.804
[23:16:21] host CPU 22.0% RAM 96.7% | GPU 139MB/2% | kafka=0.88%/486.1MiB / 4.804GiB ; elasticsearch=2.49%/1.532GiB / 4.804
[23:16:26] host CPU 9.5% RAM 96.2% | GPU 139MB/2% | kafka=0.86%/486.1MiB / 4.804GiB ; elasticsearch=3.35%/1.532GiB / 4.804
[23:16:30] host CPU 16.2% RAM 96.2% | GPU 139MB/2% | kafka=77.80%/523.1MiB / 4.804GiB ; elasticsearch=1.84%/1.532GiB / 4.80
[23:16:35] host CPU 19.4% RAM 96.1% | GPU 139MB/2% | kafka=0.83%/486.1MiB / 4.804GiB ; elasticsearch=5.74%/1.532GiB / 4.804
[23:16:39] host CPU 13.0% RAM 96.2% | GPU 139MB/2% | kafka=0.81%/486.1MiB / 4.804GiB ; elasticsearch=2.39%/1.532GiB / 4.804
[23:16:43] host CPU 20.0% RAM 96.4% | GPU 139MB/2% | kafka=0.77%/486.1MiB / 4.804GiB ; elasticsearch=3.97%/1.532GiB / 4.804
[23:16:47] host CPU 11.2% RAM 96.3% | GPU 139MB/2% | kafka=1.21%/486.1MiB / 4.804GiB ; elasticsearch=2.26%/1.532GiB / 4.804
[23:16:51] host CPU 13.4% RAM 96.1% | GPU 139MB/1% | kafka=143.73%/541.6MiB / 4.804GiB ; elasticsearch=2.32%/1.532GiB / 4.8
[23:16:56] host CPU 16.1% RAM 96.5% | GPU 139MB/2% | kafka=0.91%/486.1MiB / 4.804GiB ; elasticsearch=2.32%/1.532GiB / 4.804
[23:17:00] host CPU 14.2% RAM 96.1% | GPU 139MB/2% | kafka=0.74%/486.2MiB / 4.804GiB ; elasticsearch=2.14%/1.532GiB / 4.804
[23:17:05] host CPU 18.0% RAM 96.4% | GPU 139MB/2% | kafka=0.76%/486.3MiB / 4.804GiB ; elasticsearch=2.23%/1.533GiB / 4.804
[23:17:09] host CPU 11.6% RAM 96.2% | GPU 139MB/2% | kafka=0.73%/486.3MiB / 4.804GiB ; elasticsearch=3.25%/1.532GiB / 4.804
[23:17:13] host CPU 15.2% RAM 96.2% | GPU 139MB/2% | kafka=0.88%/486.3MiB / 4.804GiB ; elasticsearch=1.88%/1.532GiB / 4.804
[23:17:17] host CPU 18.3% RAM 96.8% | GPU 139MB/2% | kafka=1.04%/486.3MiB / 4.804GiB ; elasticsearch=2.39%/1.532GiB / 4.804
[23:17:21] host CPU 14.1% RAM 96.3% | GPU 139MB/2% | kafka=0.73%/487.1MiB / 4.804GiB ; elasticsearch=2.46%/1.532GiB / 4.804
[23:17:26] host CPU 15.1% RAM 96.5% | GPU 139MB/2% | kafka=24.72%/487MiB / 4.804GiB ; elasticsearch=2.16%/1.532GiB / 4.804G
[23:17:30] host CPU 18.2% RAM 96.2% | GPU 139MB/2% | kafka=0.82%/486.9MiB / 4.804GiB ; elasticsearch=2.25%/1.533GiB / 4.804
[23:17:35] host CPU 10.6% RAM 96.2% | GPU 139MB/2% | kafka=161.10%/561.8MiB / 4.804GiB ; elasticsearch=2.28%/1.532GiB / 4.8
[23:17:39] host CPU 19.6% RAM 96.4% | GPU 139MB/2% | kafka=0.63%/486.9MiB / 4.804GiB ; elasticsearch=2.47%/1.532GiB / 4.804
[23:17:43] host CPU 13.1% RAM 96.0% | GPU 139MB/2% | kafka=0.64%/487.2MiB / 4.804GiB ; elasticsearch=2.05%/1.532GiB / 4.804
[23:17:47] host CPU 22.0% RAM 96.7% | GPU 139MB/2% | kafka=1.62%/486.1MiB / 4.804GiB ; elasticsearch=4.49%/1.533GiB / 4.804
[23:17:51] host CPU 13.2% RAM 96.3% | GPU 139MB/2% | kafka=0.79%/486.1MiB / 4.804GiB ; elasticsearch=2.42%/1.533GiB / 4.804
[23:17:56] host CPU 12.2% RAM 96.3% | GPU 139MB/2% | kafka=86.28%/525.2MiB / 4.804GiB ; elasticsearch=1.89%/1.533GiB / 4.80
[23:18:00] host CPU 18.7% RAM 96.7% | GPU 139MB/2% | kafka=0.97%/485.8MiB / 4.804GiB ; elasticsearch=2.04%/1.533GiB / 4.804
[23:18:05] host CPU 12.0% RAM 96.3% | GPU 139MB/2% | kafka=1.00%/485.8MiB / 4.804GiB ; elasticsearch=2.77%/1.533GiB / 4.804
[23:18:09] host CPU 19.8% RAM 96.6% | GPU 139MB/2% | kafka=1.57%/486.1MiB / 4.804GiB ; elasticsearch=2.51%/1.533GiB / 4.804
[23:18:13] host CPU 14.4% RAM 96.4% | GPU 139MB/1% | kafka=0.76%/485.8MiB / 4.804GiB ; elasticsearch=2.53%/1.533GiB / 4.804
[23:18:17] host CPU 10.8% RAM 96.5% | GPU 139MB/2% | kafka=0.94%/485.8MiB / 4.804GiB ; elasticsearch=2.54%/1.533GiB / 4.804
[23:18:21] host CPU 23.5% RAM 96.6% | GPU 139MB/2% | kafka=0.94%/485.8MiB / 4.804GiB ; elasticsearch=2.55%/1.533GiB / 4.804
[23:18:26] host CPU 10.1% RAM 96.3% | GPU 139MB/2% | kafka=0.86%/485.8MiB / 4.804GiB ; elasticsearch=2.26%/1.533GiB / 4.804
[23:18:30] host CPU 14.3% RAM 96.3% | GPU 139MB/2% | kafka=14.50%/485MiB / 4.804GiB ; elasticsearch=2.04%/1.533GiB / 4.804G
[23:18:35] host CPU 23.1% RAM 96.4% | GPU 139MB/2% | kafka=0.81%/485MiB / 4.804GiB ; elasticsearch=4.68%/1.534GiB / 4.804Gi
[23:18:39] host CPU 13.2% RAM 96.2% | GPU 139MB/2% | kafka=0.73%/485MiB / 4.804GiB ; elasticsearch=2.41%/1.534GiB / 4.804Gi
[23:18:43] host CPU 21.5% RAM 96.6% | GPU 139MB/2% | kafka=0.63%/485MiB / 4.804GiB ; elasticsearch=4.56%/1.533GiB / 4.804Gi
[23:18:47] host CPU 10.4% RAM 96.5% | GPU 139MB/2% | kafka=0.79%/485MiB / 4.804GiB ; elasticsearch=2.70%/1.534GiB / 4.804Gi
[23:18:51] host CPU 10.9% RAM 96.3% | GPU 139MB/2% | kafka=98.09%/528.8MiB / 4.804GiB ; elasticsearch=2.23%/1.534GiB / 4.80
[23:18:56] host CPU 18.2% RAM 96.5% | GPU 139MB/2% | kafka=0.88%/485MiB / 4.804GiB ; elasticsearch=2.68%/1.534GiB / 4.804Gi
[23:19:00] host CPU 12.5% RAM 96.4% | GPU 139MB/2% | kafka=0.72%/485.3MiB / 4.804GiB ; elasticsearch=2.26%/1.534GiB / 4.804
[23:19:05] host CPU 20.3% RAM 96.4% | GPU 139MB/2% | kafka=0.79%/485MiB / 4.804GiB ; elasticsearch=2.02%/1.534GiB / 4.804Gi
[23:19:09] host CPU 12.5% RAM 96.3% | GPU 139MB/2% | kafka=0.79%/485MiB / 4.804GiB ; elasticsearch=2.40%/1.534GiB / 4.804Gi
[23:19:13] host CPU 11.2% RAM 96.3% | GPU 139MB/2% | kafka=106.66%/530.4MiB / 4.804GiB ; elasticsearch=2.41%/1.534GiB / 4.8
[23:19:17] host CPU 16.8% RAM 96.7% | GPU 139MB/2% | kafka=1.05%/485MiB / 4.804GiB ; elasticsearch=2.32%/1.534GiB / 4.804Gi
[23:19:21] host CPU 15.4% RAM 96.5% | GPU 139MB/2% | kafka=0.88%/485MiB / 4.804GiB ; elasticsearch=2.46%/1.534GiB / 4.804Gi
[23:19:26] host CPU 16.0% RAM 96.6% | GPU 139MB/2% | kafka=0.75%/485.2MiB / 4.804GiB ; elasticsearch=2.22%/1.534GiB / 4.804
[23:19:30] host CPU 28.8% RAM 97.2% | GPU 208MB/17% | kafka=0.76%/485.2MiB / 4.804GiB ; elasticsearch=3.72%/1.534GiB / 4.804
[23:19:35] host CPU 24.2% RAM 96.9% | GPU 159MB/1% | kafka=58.20%/484.8MiB / 4.804GiB ; elasticsearch=1.57%/1.534GiB / 4.80
[23:19:39] host CPU 21.4% RAM 96.9% | GPU 145MB/15% | kafka=0.68%/484.8MiB / 4.804GiB ; elasticsearch=4.87%/1.534GiB / 4.804
[23:19:43] host CPU 14.9% RAM 96.9% | GPU 149MB/2% | kafka=0.73%/484.8MiB / 4.804GiB ; elasticsearch=2.59%/1.534GiB / 4.804
[23:19:47] host CPU 20.4% RAM 97.2% | GPU 150MB/7% | kafka=1.27%/485.7MiB / 4.804GiB ; elasticsearch=2.18%/1.534GiB / 4.804
[23:19:52] host CPU 15.0% RAM 97.2% | GPU 146MB/3% | kafka=0.76%/485.7MiB / 4.804GiB ; elasticsearch=2.67%/1.534GiB / 4.804
[23:19:56] host CPU 14.7% RAM 96.8% | GPU 146MB/5% | kafka=164.18%/558.3MiB / 4.804GiB ; elasticsearch=2.28%/1.534GiB / 4.8
[23:20:01] host CPU 23.1% RAM 97.0% | GPU 146MB/5% | kafka=0.75%/485.7MiB / 4.804GiB ; elasticsearch=2.12%/1.534GiB / 4.804
[23:20:05] host CPU 15.8% RAM 96.6% | GPU 146MB/8% | kafka=0.80%/485.7MiB / 4.804GiB ; elasticsearch=2.49%/1.534GiB / 4.804
[23:20:09] host CPU 21.6% RAM 97.0% | GPU 149MB/5% | kafka=4.25%/485.5MiB / 4.804GiB ; elasticsearch=2.86%/1.534GiB / 4.804
[23:20:13] host CPU 14.1% RAM 96.8% | GPU 144MB/2% | kafka=1.00%/485.5MiB / 4.804GiB ; elasticsearch=2.74%/1.534GiB / 4.804
[23:20:17] host CPU 14.8% RAM 97.1% | GPU 146MB/12% | kafka=80.24%/522.5MiB / 4.804GiB ; elasticsearch=2.50%/1.534GiB / 4.80
[23:20:22] host CPU 20.3% RAM 97.1% | GPU 146MB/1% | kafka=0.97%/485.6MiB / 4.804GiB ; elasticsearch=1.87%/1.534GiB / 4.804
[23:20:26] host CPU 13.7% RAM 96.9% | GPU 146MB/4% | kafka=0.68%/485.6MiB / 4.804GiB ; elasticsearch=2.37%/1.534GiB / 4.804
[23:20:30] host CPU 21.0% RAM 97.1% | GPU 146MB/6% | kafka=0.84%/485.6MiB / 4.804GiB ; elasticsearch=2.08%/1.534GiB / 4.804
[23:20:35] host CPU 17.9% RAM 97.1% | GPU 146MB/2% | kafka=0.83%/485.6MiB / 4.804GiB ; elasticsearch=4.36%/1.534GiB / 4.804
[23:20:39] host CPU 14.8% RAM 96.7% | GPU 146MB/9% | kafka=60.58%/518.6MiB / 4.804GiB ; elasticsearch=25.38%/1.534GiB / 4.8
[23:20:43] host CPU 26.1% RAM 97.0% | GPU 141MB/2% | kafka=0.70%/485.6MiB / 4.804GiB ; elasticsearch=2.67%/1.534GiB / 4.804
[23:20:47] host CPU 12.7% RAM 96.9% | GPU 149MB/4% | kafka=0.78%/485.6MiB / 4.804GiB ; elasticsearch=2.84%/1.534GiB / 4.804
[23:20:52] host CPU 13.2% RAM 96.9% | GPU 149MB/6% | kafka=156.66%/562.8MiB / 4.804GiB ; elasticsearch=2.46%/1.534GiB / 4.8
[23:20:56] host CPU 18.7% RAM 96.7% | GPU 146MB/8% | kafka=0.81%/485.6MiB / 4.804GiB ; elasticsearch=2.41%/1.534GiB / 4.804
[23:21:01] host CPU 16.0% RAM 96.8% | GPU 146MB/7% | kafka=0.85%/485.6MiB / 4.804GiB ; elasticsearch=1.85%/1.534GiB / 4.804
[23:21:05] host CPU 22.3% RAM 97.1% | GPU 149MB/2% | kafka=0.75%/485.6MiB / 4.804GiB ; elasticsearch=2.41%/1.534GiB / 4.804
[23:21:09] host CPU 13.5% RAM 96.7% | GPU 146MB/13% | kafka=0.77%/485.6MiB / 4.804GiB ; elasticsearch=2.84%/1.534GiB / 4.804
[23:21:13] host CPU 15.8% RAM 96.8% | GPU 149MB/5% | kafka=1.68%/485.6MiB / 4.804GiB ; elasticsearch=2.79%/1.534GiB / 4.804
[23:21:17] host CPU 19.0% RAM 97.0% | GPU 149MB/6% | kafka=1.12%/485.6MiB / 4.804GiB ; elasticsearch=2.61%/1.534GiB / 4.804
[23:21:22] host CPU 14.3% RAM 96.8% | GPU 145MB/3% | kafka=0.70%/485.6MiB / 4.804GiB ; elasticsearch=2.35%/1.534GiB / 4.804
[23:21:26] host CPU 18.7% RAM 96.9% | GPU 149MB/2% | kafka=1.06%/485.6MiB / 4.804GiB ; elasticsearch=2.69%/1.534GiB / 4.804
[23:21:31] host CPU 13.5% RAM 96.7% | GPU 146MB/2% | kafka=0.75%/485.6MiB / 4.804GiB ; elasticsearch=3.74%/1.534GiB / 4.804
[23:21:35] host CPU 18.5% RAM 96.6% | GPU 146MB/2% | kafka=1.66%/485.6MiB / 4.804GiB ; elasticsearch=2.40%/1.534GiB / 4.804
[23:21:39] host CPU 19.3% RAM 96.7% | GPU 146MB/2% | kafka=0.63%/485.6MiB / 4.804GiB ; elasticsearch=2.81%/1.534GiB / 4.804
[23:21:43] host CPU 15.4% RAM 96.6% | GPU 157MB/16% | kafka=1.93%/485.9MiB / 4.804GiB ; elasticsearch=2.75%/1.535GiB / 4.804
[23:21:47] host CPU 16.5% RAM 97.1% | GPU 157MB/2% | kafka=0.85%/485.7MiB / 4.804GiB ; elasticsearch=2.41%/1.534GiB / 4.804
[23:21:52] host CPU 18.5% RAM 97.0% | GPU 163MB/6% | kafka=1.08%/485.7MiB / 4.804GiB ; elasticsearch=2.36%/1.534GiB / 4.804
[23:21:56] host CPU 41.1% RAM 97.8% | GPU 227MB/9% | kafka=176.52%/549.5MiB / 4.804GiB ; elasticsearch=2.50%/1.534GiB / 4.8
[23:22:01] host CPU 21.3% RAM 97.5% | GPU 185MB/1% | kafka=0.90%/485.8MiB / 4.804GiB ; elasticsearch=2.66%/1.534GiB / 4.804
[23:22:05] host CPU 13.5% RAM 97.0% | GPU 162MB/1% | kafka=0.91%/486.1MiB / 4.804GiB ; elasticsearch=2.79%/1.534GiB / 4.804
[23:22:10] host CPU 21.8% RAM 97.1% | GPU 161MB/4% | kafka=0.90%/485.8MiB / 4.804GiB ; elasticsearch=2.23%/1.535GiB / 4.804
[23:22:14] host CPU 16.7% RAM 96.1% | GPU 160MB/2% | kafka=0.74%/485.8MiB / 4.804GiB ; elasticsearch=2.38%/1.534GiB / 4.804
[23:22:18] host CPU 16.8% RAM 96.5% | GPU 162MB/6% | kafka=38.15%/486.6MiB / 4.804GiB ; elasticsearch=2.11%/1.534GiB / 4.80
[23:22:23] host CPU 32.8% RAM 96.4% | GPU 155MB/2% | kafka=1.00%/486.6MiB / 4.804GiB ; elasticsearch=2.62%/1.534GiB / 4.804
[23:22:27] host CPU 12.8% RAM 96.4% | GPU 152MB/2% | kafka=9.33%/497.3MiB / 4.804GiB ; elasticsearch=2.91%/1.534GiB / 4.804
[23:22:32] host CPU 23.0% RAM 96.8% | GPU 150MB/2% | kafka=0.83%/486.6MiB / 4.804GiB ; elasticsearch=2.77%/1.534GiB / 4.804
[23:22:36] host CPU 14.4% RAM 96.3% | GPU 154MB/2% | kafka=0.84%/486.6MiB / 4.804GiB ; elasticsearch=4.95%/1.534GiB / 4.804
[23:22:41] host CPU 20.1% RAM 96.7% | GPU 160MB/4% | kafka=0.79%/485.8MiB / 4.804GiB ; elasticsearch=10.09%/1.535GiB / 4.80
[23:22:45] host CPU 17.4% RAM 96.2% | GPU 154MB/1% | kafka=0.82%/485.8MiB / 4.804GiB ; elasticsearch=2.55%/1.534GiB / 4.804
[23:22:49] host CPU 13.4% RAM 96.2% | GPU 160MB/2% | kafka=6.44%/493.6MiB / 4.804GiB ; elasticsearch=2.41%/1.535GiB / 4.804
[23:22:53] host CPU 28.5% RAM 96.6% | GPU 160MB/2% | kafka=0.94%/485.8MiB / 4.804GiB ; elasticsearch=2.92%/1.534GiB / 4.804
[23:22:57] host CPU 13.7% RAM 96.6% | GPU 156MB/2% | kafka=0.75%/485.8MiB / 4.804GiB ; elasticsearch=16.38%/1.535GiB / 4.80
[23:23:02] host CPU 14.9% RAM 96.4% | GPU 162MB/1% | kafka=27.61%/485.9MiB / 4.804GiB ; elasticsearch=2.87%/1.534GiB / 4.80
[23:23:06] host CPU 21.8% RAM 96.2% | GPU 163MB/2% | kafka=0.75%/485.8MiB / 4.804GiB ; elasticsearch=9.09%/1.534GiB / 4.804
[23:23:11] host CPU 14.2% RAM 96.4% | GPU 161MB/4% | kafka=22.03%/503.9MiB / 4.804GiB ; elasticsearch=2.15%/1.534GiB / 4.80
[23:23:15] host CPU 19.8% RAM 96.5% | GPU 161MB/5% | kafka=0.91%/485.8MiB / 4.804GiB ; elasticsearch=2.66%/1.534GiB / 4.804
[23:23:19] host CPU 12.1% RAM 96.5% | GPU 161MB/6% | kafka=0.77%/485.8MiB / 4.804GiB ; elasticsearch=2.37%/1.534GiB / 4.804
[23:23:23] host CPU 15.6% RAM 96.5% | GPU 161MB/2% | kafka=27.87%/485.8MiB / 4.804GiB ; elasticsearch=2.24%/1.535GiB / 4.80
[23:23:27] host CPU 19.1% RAM 96.7% | GPU 152MB/2% | kafka=0.79%/485.8MiB / 4.804GiB ; elasticsearch=2.56%/1.535GiB / 4.804
[23:23:32] host CPU 11.5% RAM 96.6% | GPU 160MB/2% | kafka=0.86%/485.8MiB / 4.804GiB ; elasticsearch=2.46%/1.535GiB / 4.804
[23:23:36] host CPU 18.5% RAM 96.7% | GPU 162MB/1% | kafka=0.83%/485.8MiB / 4.804GiB ; elasticsearch=2.07%/1.535GiB / 4.804
[23:23:41] host CPU 16.2% RAM 96.4% | GPU 161MB/4% | kafka=0.68%/485.8MiB / 4.804GiB ; elasticsearch=2.16%/1.535GiB / 4.804
[23:23:45] host CPU 15.8% RAM 96.4% | GPU 159MB/5% | kafka=21.22%/485.7MiB / 4.804GiB ; elasticsearch=2.23%/1.535GiB / 4.80
[23:23:49] host CPU 20.6% RAM 96.5% | GPU 166MB/5% | kafka=0.81%/485.7MiB / 4.804GiB ; elasticsearch=2.49%/1.535GiB / 4.804
[23:23:53] host CPU 13.8% RAM 96.6% | GPU 163MB/1% | kafka=0.95%/485.7MiB / 4.804GiB ; elasticsearch=2.53%/1.535GiB / 4.804
[23:23:57] host CPU 17.3% RAM 96.9% | GPU 163MB/1% | kafka=0.67%/485.7MiB / 4.804GiB ; elasticsearch=2.83%/1.535GiB / 4.804
[23:24:02] host CPU 12.9% RAM 96.7% | GPU 150MB/2% | kafka=0.69%/485.7MiB / 4.804GiB ; elasticsearch=1.92%/1.535GiB / 4.804
[23:24:06] host CPU 12.3% RAM 96.5% | GPU 154MB/2% | kafka=92.50%/526.3MiB / 4.804GiB ; elasticsearch=1.73%/1.535GiB / 4.80
[23:24:11] host CPU 22.2% RAM 96.5% | GPU 163MB/3% | kafka=0.63%/485.7MiB / 4.804GiB ; elasticsearch=2.30%/1.535GiB / 4.804
[23:24:15] host CPU 13.6% RAM 96.3% | GPU 165MB/5% | kafka=0.99%/485.7MiB / 4.804GiB ; elasticsearch=3.21%/1.535GiB / 4.804
[23:24:19] host CPU 20.9% RAM 96.7% | GPU 163MB/5% | kafka=0.79%/485.7MiB / 4.804GiB ; elasticsearch=4.76%/1.535GiB / 4.804
[23:24:23] host CPU 11.8% RAM 96.7% | GPU 156MB/2% | kafka=0.88%/485.7MiB / 4.804GiB ; elasticsearch=2.63%/1.535GiB / 4.804
[23:24:27] host CPU 11.1% RAM 96.9% | GPU 152MB/2% | kafka=152.16%/547.2MiB / 4.804GiB ; elasticsearch=3.76%/1.535GiB / 4.8
[23:24:32] host CPU 23.5% RAM 96.3% | GPU 159MB/2% | kafka=0.84%/485.8MiB / 4.804GiB ; elasticsearch=1.99%/1.535GiB / 4.804
[23:24:36] host CPU 9.9% RAM 96.2% | GPU 159MB/1% | kafka=0.78%/485.8MiB / 4.804GiB ; elasticsearch=4.17%/1.535GiB / 4.804
[23:24:41] host CPU 24.2% RAM 96.6% | GPU 162MB/3% | kafka=1.49%/485.8MiB / 4.804GiB ; elasticsearch=2.43%/1.535GiB / 4.804
[23:24:45] host CPU 12.0% RAM 96.3% | GPU 154MB/6% | kafka=1.23%/486.6MiB / 4.804GiB ; elasticsearch=2.64%/1.536GiB / 4.804
[23:24:49] host CPU 14.3% RAM 96.5% | GPU 162MB/6% | kafka=134.23%/539.5MiB / 4.804GiB ; elasticsearch=1.95%/1.535GiB / 4.8
[23:24:53] host CPU 22.5% RAM 96.5% | GPU 156MB/2% | kafka=0.70%/486.6MiB / 4.804GiB ; elasticsearch=4.35%/1.535GiB / 4.804
[23:24:57] host CPU 10.4% RAM 96.6% | GPU 152MB/2% | kafka=0.82%/486.6MiB / 4.804GiB ; elasticsearch=2.38%/1.535GiB / 4.804
[23:25:02] host CPU 25.8% RAM 96.8% | GPU 152MB/2% | kafka=0.66%/486.6MiB / 4.804GiB ; elasticsearch=2.30%/1.535GiB / 4.804
[23:25:06] host CPU 14.3% RAM 96.6% | GPU 154MB/5% | kafka=0.78%/486.6MiB / 4.804GiB ; elasticsearch=2.06%/1.535GiB / 4.804
[23:25:11] host CPU 19.7% RAM 97.0% | GPU 163MB/6% | kafka=134.51%/537.1MiB / 4.804GiB ; elasticsearch=5.87%/1.535GiB / 4.8
[23:25:15] host CPU 22.7% RAM 96.7% | GPU 157MB/1% | kafka=0.98%/486.6MiB / 4.804GiB ; elasticsearch=45.53%/1.538GiB / 4.80
[23:25:19] host CPU 14.8% RAM 96.7% | GPU 161MB/2% | kafka=0.77%/486.6MiB / 4.804GiB ; elasticsearch=2.57%/1.531GiB / 4.804
[23:25:23] host CPU 17.3% RAM 96.8% | GPU 155MB/3% | kafka=83.94%/486.6MiB / 4.804GiB ; elasticsearch=3.62%/1.531GiB / 4.80
[23:25:27] host CPU 14.1% RAM 96.9% | GPU 152MB/3% | kafka=0.80%/486.6MiB / 4.804GiB ; elasticsearch=2.17%/1.531GiB / 4.804
[23:25:32] host CPU 13.7% RAM 96.7% | GPU 161MB/1% | kafka=9.17%/497.3MiB / 4.804GiB ; elasticsearch=2.39%/1.531GiB / 4.804
[23:25:36] host CPU 27.3% RAM 96.8% | GPU 193MB/21% | kafka=0.99%/485.8MiB / 4.804GiB ; elasticsearch=23.60%/1.531GiB / 4.80
[23:25:41] host CPU 33.5% RAM 96.6% | GPU 167MB/33% | kafka=0.98%/485.8MiB / 4.804GiB ; elasticsearch=2.72%/1.531GiB / 4.804
[23:25:45] host CPU 20.1% RAM 96.6% | GPU 160MB/35% | kafka=1.98%/485.8MiB / 4.804GiB ; elasticsearch=3.13%/1.531GiB / 4.804
[23:25:49] host CPU 27.4% RAM 96.5% | GPU 175MB/20% | kafka=0.87%/485.8MiB / 4.804GiB ; elasticsearch=2.35%/1.531GiB / 4.804
[23:25:54] host CPU 20.8% RAM 96.6% | GPU 150MB/33% | kafka=1.23%/485.8MiB / 4.804GiB ; elasticsearch=2.20%/1.532GiB / 4.804
[23:25:57] host CPU 29.1% RAM 97.0% | GPU 150MB/34% | kafka=1.05%/497.6MiB / 4.804GiB ; elasticsearch=5.59%/1.531GiB / 4.804
[23:26:02] host CPU 19.2% RAM 96.7% | GPU 148MB/29% | kafka=0.80%/497.6MiB / 4.804GiB ; elasticsearch=2.45%/1.532GiB / 4.804
[23:26:06] host CPU 18.6% RAM 96.5% | GPU 148MB/29% | kafka=84.10%/532MiB / 4.804GiB ; elasticsearch=2.51%/1.531GiB / 4.804G
[23:26:11] host CPU 33.5% RAM 96.7% | GPU 148MB/16% | kafka=0.81%/496.3MiB / 4.804GiB ; elasticsearch=2.70%/1.531GiB / 4.804
[23:26:15] host CPU 20.2% RAM 96.7% | GPU 154MB/16% | kafka=1.04%/496.3MiB / 4.804GiB ; elasticsearch=2.77%/1.531GiB / 4.804
[23:26:19] host CPU 29.6% RAM 96.9% | GPU 146MB/31% | kafka=0.86%/496.3MiB / 4.804GiB ; elasticsearch=2.51%/1.531GiB / 4.804
[23:26:24] host CPU 19.8% RAM 97.0% | GPU 146MB/30% | kafka=1.17%/496.3MiB / 4.804GiB ; elasticsearch=2.51%/1.531GiB / 4.804
[23:26:27] host CPU 23.9% RAM 97.2% | GPU 146MB/33% | kafka=1.14%/496.3MiB / 4.804GiB ; elasticsearch=4.66%/1.531GiB / 4.804
[23:26:32] host CPU 29.6% RAM 97.2% | GPU 146MB/16% | kafka=1.01%/496.4MiB / 4.804GiB ; elasticsearch=3.19%/1.531GiB / 4.804
[23:26:36] host CPU 17.1% RAM 96.8% | GPU 146MB/26% | kafka=1.10%/496.4MiB / 4.804GiB ; elasticsearch=2.90%/1.531GiB / 4.804
