---- STARTING OMNI-PROCESSOR ----
-> Connected to Elasticsearch at http://localhost:9200 | Index: perf_20260923-123433_p2_c2_r1
-> Loading DistilBERT Model...
-> BERT Model Loaded successfully.
-> Benchmark log: F:\hate-speech-pipeline\reports\scaling\20260923-123433_p2_c2_r1\bench_WIX_2.csv | node WIX | group grp_20260923-123433_p2_c2_r1
------------------------------------------------------------------------------------------------------------------------
DOMAIN       | SOURCE   | PREDICTION   | CONF.  | LATENCY  | TEXT
------------------------------------------------------------------------------------------------------------------------
[GAMING/SUR] | YouTube  | [Normal]     | 92%    |  675.2ms | Let’s rideee...
[GAMING/SUR] | YouTube  | [Normal]     | 94%    |   34.8ms | Ride harder...
[GAMING/SUR] | YouTube  | [Normal]     | 96%    |   33.3ms | new intro...
[NEWS/LIVE ] | YouTube  | [Normal]     | 90%    |   28.0ms | more like codes...
[GAMING/SUR] | YouTube  | [Normal]     | 95%    |   45.1ms | :_PeanutJork::_PeanutJork::_PeanutJork:...
[GAMING/SUR] | YouTube  | [Normal]     | 95%    |   59.1ms | Yes rust will do that to you I haven’t p...
[GAMING/SUR] | YouTube  | [Normal]     | 97%    |   41.3ms | hmmmm.hmmm.hmmmm...
[GAMING/SUR] | YouTube  | [Normal]     | 96%    |   36.0ms | WE WANT WELYN...
[GAMING/SUR] | YouTube  | [Normal]     | 96%    |   27.7ms | tab top right...
[GAMING/SUR] | YouTube  | [Normal]     | 96%    |   46.0ms | peanut how late did you stay up last nig...
[MUSIC/CHIL] | YouTube  | [Normal]     | 89%    |   92.9ms | Aha  now don't say that you do everythin...
[NEWS/LIVE ] | YouTube  | [Normal]     | 80%    |   40.2ms | Pete doesnt care what God you support in...
[MUSIC/CHIL] | YouTube  | [Normal]     | 97%    |   64.3ms | suz saaanu peru sam :face_with_tears_of_...
[GAMING/SUR] | YouTube  | [Normal]     | 73%    |   45.7ms | @TheBurntPeanut The wheel is down by the...
[GAMING/SUR] | YouTube  | [Normal]     | 93%    |   31.2ms | Lower level...
[MUSIC/CHIL] | YouTube  | [Normal]     | 96%    |   56.3ms | Vani busy rhta hu :face_with_hand_over_m...
[MUSIC/CHIL] | YouTube  | [Normal]     | 97%    |   42.0ms | halinkan hindi :pouting_cat:...
[MUSIC/CHIL] | YouTube  | [Normal]     | 87%    |  133.9ms | catu sis come on now you take care of yo...
[GAMING/SUR] | YouTube  | [Normal]     | 96%    |   34.7ms | Alll in...
[GAMING/SUR] | YouTube  | [Normal]     | 95%    |   35.1ms | hit...
[GAMING/SUR] | YouTube  | [Normal]     | 74%    |   48.5ms | you wouldve lost anyways...
[SELF-HELP/] | YouTube  | [Normal]     | 96%    |   36.2ms | It certainly is a day today...
[MUSIC/CHIL] | YouTube  | [Normal]     | 96%    |   33.2ms | haa...
[ENTERTAINM] | YouTube  | [Normal]     | 96%    |   32.9ms | let's start...
[MUSIC/CHIL] | YouTube  | [Normal]     | 97%    |   38.1ms | suz ok mari tinnava...
[ENTERTAINM] | YouTube  | [Normal]     | 95%    |   38.0ms | EYYYYY HELLO...
[ENTERTAINM] | YouTube  | [Normal]     | 94%    |   43.1ms | hi...
[ENTERTAINM] | YouTube  | [Normal]     | 93%    |   93.4ms | heyy alreadyy gz gz JIMYY :party_popper:...
[GAMING/SUR] | YouTube  | [Normal]     | 94%    |   75.9ms | JAMMMM...
[GAMING/SUR] | YouTube  | [OFFENSIVE]  | 52%    |   74.0ms | oh shit...
[ENTERTAINM] | YouTube  | [Normal]     | 95%    |   33.0ms | yooo...
[GAMING/GAM] | YouTube  | [Normal]     | 96%    |   31.6ms | hi!...
[GAMING/GAM] | YouTube  | [Normal]     | 97%    |   33.7ms | Welcome New Member!...
[ENTERTAINM] | YouTube  | [Normal]     | 94%    |   30.8ms | hi...
[GAMING/SUR] | YouTube  | [Normal]     | 94%    |   29.3ms | Hello everybody...
[GAMING/GAM] | YouTube  | [Normal]     | 97%    |   29.0ms | HIIIII...
[PSYCHOLOGY] | YouTube  | [Normal]     | 95%    |   29.3ms | bajs...
[GAMING/GAM] | YouTube  | [Normal]     | 87%    |   29.0ms | WOOOOOOO...
[PSYCHOLOGY] | YouTube  | [Normal]     | 98%    |   44.3ms | themes of fairytales...
[PSYCHOLOGY] | YouTube  | [Normal]     | 96%    |   37.6ms | nope only from the atlus game...
[GAMING/SUR] | YouTube  | [Normal]     | 98%    |   31.4ms | mlb team for adam...
[NEWS/LIVE ] | YouTube  | [Normal]     | 94%    |   44.4ms | I know your not trying to fight but that...
[ENTERTAINM] | YouTube  | [Normal]     | 93%    |   39.1ms | yeeeeyeeeeeee...
[GAMING/GAM] | YouTube  | [Normal]     | 96%    |   31.0ms | hi mark...
[ENTERTAINM] | YouTube  | [Normal]     | 94%    |   25.1ms | hi...
[PSYCHOLOGY] | YouTube  | [Normal]     | 94%    |   31.6ms | forsen...
[ENTERTAINM] | YouTube  | [Normal]     | 98%    |   54.7ms | congratulations jimmy if this video gets...
[ENTERTAINM] | YouTube  | [Normal]     | 87%    |   30.9ms | no...
[SELF-HELP/] | YouTube  | [Normal]     | 81%    |   41.6ms | we dont get that sort of clarity about w...
[ENTERTAINM] | YouTube  | [Normal]     | 96%    |   32.1ms | hiiiiiiiiii...
[GAMING/GAM] | YouTube  | [Normal]     | 98%    |  182.2ms | :face-blue-smiling::face-blue-smiling::f...
[ENTERTAINM] | YouTube  | [Normal]     | 98%    |   60.6ms | :purple_heart::green_heart::purple_heart...
[ENTERTAINM] | YouTube  | [Normal]     | 94%    |   40.5ms | omg this was crazy 500mil...
[ENTERTAINM] | YouTube  | [Normal]     | 92%    |   28.7ms | hayyyy...
[GAMING/GAM] | YouTube  | [Normal]     | 92%    |   28.7ms | haiiii...
[GAMING/SUR] | YouTube  | [Normal]     | 95%    |   53.6ms | why didnt dealer draw on 18...
[ENTERTAINM] | YouTube  | [Normal]     | 94%    |   32.0ms | 1...
[GAMING/SUR] | YouTube  | [Normal]     | 87%    |   42.3ms | NO...
[GAMING/SUR] | YouTube  | [Normal]     | 87%    |   31.0ms | No...
[GAMING/GAM] | YouTube  | [Normal]     | 85%    |   32.0ms | what about africa...
[GAMING/GAM] | YouTube  | [Normal]     | 93%    |   38.2ms | Will there be IRON LUNG merch??...
[GAMING/GAM] | YouTube  | [Normal]     | 97%    |   35.1ms | Welcome to Member!...
[ENTERTAINM] | YouTube  | [Normal]     | 96%    |   57.8ms | пригласите меня на шоу...
[GAMING/GAM] | YouTube  | [Normal]     | 94%    |   30.7ms | hi...
[PSYCHOLOGY] | YouTube  | [Normal]     | 94%    |   58.4ms | Masculine/Outwards/Physical/Yang vs Femi...
[ENTERTAINM] | YouTube  | [Normal]     | 97%    |   47.6ms | :red_heart::red_heart::red_heart:...
[ENTERTAINM] | YouTube  | [Normal]     | 96%    |   34.7ms | هاي...
[ENTERTAINM] | YouTube  | [Normal]     | 90%    |   32.1ms | GGG...
[GAMING/GAM] | YouTube  | [Normal]     | 96%    |   55.9ms | I went to see Iron Lung in theaters with...
[GAMING/GAM] | YouTube  | [Normal]     | 96%    |   34.4ms | First...
[GAMING/SUR] | YouTube  | [Normal]     | 96%    |   29.9ms | Lol...
[ENTERTAINM] | YouTube  | [Normal]     | 81%    |   27.0ms | Taiwan...
[GAMING/SUR] | YouTube  | [Normal]     | 96%    |   34.8ms | MAXXX BEEEEET...
[GAMING/GAM] | YouTube  | [Normal]     | 96%    |   40.4ms | haven't seen it yet but I'm excited to e...
[GAMING/GAM] | YouTube  | [Normal]     | 95%    |   24.0ms | 6 7...
[GAMING/GAM] | YouTube  | [Normal]     | 97%    |   44.2ms | wow movie star and celebrity director Ma...
[GAMING/SUR] | YouTube  | [Normal]     | 73%    |   39.0ms | GOOOOOOOOOD MORNING BUNGULATORS...
[GAMING/GAM] | YouTube  | [Normal]     | 97%    |   40.7ms | The surround sound was so good for my th...
[ENTERTAINM] | YouTube  | [Normal]     | 96%    |   36.3ms | New member...
[ENTERTAINM] | YouTube  | [Normal]     | 95%    |   35.8ms | learn with speed...
[SELF-HELP/] | YouTube  | [Normal]     | 59%    |   50.4ms | Yah my biggest fear in life is proving t...
[ENTERTAINM] | YouTube  | [Normal]     | 97%    |   50.2ms | main aapka video roj dekhta hun like bhi...
[GAMING/SUR] | YouTube  | [Normal]     | 89%    |   45.0ms | peanut you are no longer allowed to make...
[GAMING/GAM] | YouTube  | [Normal]     | 88%    |   63.3ms | im just gonna buy the fricken movie mark...
[GAMING/SUR] | YouTube  | [Normal]     | 94%    |   34.8ms | OOF...
[GAMING/GAM] | YouTube  | [Normal]     | 63%    |   34.6ms | AIRPLANE GANG RISE UPPP...
[GAMING/GAM] | YouTube  | [Normal]     | 90%    |   36.1ms | LIGHT HOUSE...
[GAMING/GAM] | YouTube  | [Normal]     | 96%    |   33.0ms | Hi mark...
[GAMING/SUR] | YouTube  | [Normal]     | 97%    |   32.1ms | big goose eggs...
[NEWS/LIVE ] | YouTube  | [Normal]     | 91%    |   42.4ms | We all were having a nice morning chat…M...
[ENTERTAINM] | YouTube  | [Normal]     | 92%    |   35.3ms | Yeah budy...
[GAMING/GAM] | YouTube  | [Normal]     | 96%    |   83.1ms | My home setup is a lot better than the t...
[GAMING/SUR] | YouTube  | [Normal]     | 89%    |   55.2ms | Big youtubers are in...
[GAMING/GAM] | YouTube  | [Normal]     | 96%    |  117.6ms | finally i can see chat...
[ENTERTAINM] | YouTube  | [Normal]     | 94%    |   51.9ms | hi...
[ENTERTAINM] | YouTube  | [Normal]     | 95%    |   48.6ms | iH...
[GAMING/GAM] | YouTube  | [Normal]     | 95%    |   51.4ms | I'M BROKE...
[GAMING/GAM] | YouTube  | [Normal]     | 97%    |   69.4ms | Hai Marikipliaer!!!!...
[GAMING/GAM] | YouTube  | [Normal]     | 46%    |   51.6ms | LESS goooo...
[MUSIC/CHIL] | YouTube  | [Normal]     | 96%    |   59.5ms | tragi in stinga...
[ENTERTAINM] | YouTube  | [Normal]     | 95%    |   83.1ms | আমাকে কিছু টাকা দিকে পারবেন প্লিজ প্লিজ ...
[GAMING/SUR] | YouTube  | [Normal]     | 79%    |   43.9ms | blackjack...
[ENTERTAINM] | YouTube  | [Normal]     | 94%    |   35.8ms | hi...
[GAMING/GAM] | YouTube  | [OFFENSIVE]  | 65%    |   50.9ms | oooh I don't like the creepy stairs...
[GAMING/SUR] | YouTube  | [Normal]     | 83%    |   32.3ms | Rogue is gonna...
[GAMING/GAM] | YouTube  | [Normal]     | 94%    |   50.8ms | markiplierr help me i need 9000000009 do...
[GAMING/GAM] | YouTube  | [Normal]     | 78%    |   51.6ms | why does some of it look like Resident E...
[GAMING/SUR] | YouTube  | [Normal]     | 95%    |   64.3ms | :loudly_crying_face::loudly_crying_face:...
[ENTERTAINM] | YouTube  | [Normal]     | 98%    |   75.9ms | :hand-pink-waving::hand-pink-waving:...
[GAMING/GAM] | YouTube  | [Normal]     | 93%    |   69.8ms | Also theres a roblox game called Observa...
[MUSIC/CHIL] | YouTube  | [Normal]     | 91%    |   51.0ms | go poop...
[GAMING/GAM] | YouTube  | [Normal]     | 94%    |   45.9ms | There's a typo...
[GAMING/GAM] | YouTube  | [Normal]     | 95%    |   34.9ms | obversation...
[GAMING/SUR] | YouTube  | [Normal]     | 93%    |   41.9ms | Never seen colder tables...
[GAMING/SUR] | YouTube  | [Normal]     | 80%    |   36.5ms | what is the discord...
[GAMING/GAM] | YouTube  | [Normal]     | 95%    |   38.0ms | This looks so good1...
[GAMING/GAM] | YouTube  | [Normal]     | 96%    |   36.6ms | Ob versation  Mark...
[GAMING/GAM] | YouTube  | [Normal]     | 96%    |   41.2ms | I can't wait to see the singing siren...
[ENTERTAINM] | YouTube  | [Normal]     | 95%    |   32.6ms | Hello...
[GAMING/GAM] | YouTube  | [Normal]     | 96%    |   50.6ms | lol lmao even...
[GAMING/SUR] | YouTube  | [Normal]     | 74%    |   42.9ms | does it say cheat on the screan...
[NEWS/LIVE ] | YouTube  | [Normal]     | 91%    |   39.3ms | HES WORKING ON IT?...
[GAMING/GAM] | YouTube  | [Normal]     | 97%    |   37.8ms | Welcome to Member!...
[ENTERTAINM] | YouTube  | [Normal]     | 97%    |   44.3ms | hey Mr Beast I love :sparkling_heart: I...
[ENTERTAINM] | YouTube  | [Normal]     | 98%    |   48.3ms | sir please visit chhattisgarh india for ...
[GAMING/GAM] | YouTube  | [Normal]     | 92%    |   42.0ms | thats the best part tho...
[GAMING/GAM] | YouTube  | [Normal]     | 72%    |   58.9ms | that stupid AI summary keeps popping up ...
[ENTERTAINM] | YouTube  | [Normal]     | 95%    |   38.8ms | 10$help...
[GAMING/SUR] | YouTube  | [Normal]     | 93%    |   42.0ms | bet green...
[ENTERTAINM] | YouTube  | [Normal]     | 97%    |   52.7ms | 130K Viewers...
[GAMING/GAM] | YouTube  | [Normal]     | 95%    |   35.0ms | Haiii...
[GAMING/GAM] | YouTube  | [Normal]     | 96%    |   37.0ms | Hi all!! Hi Mark!...
[ENTERTAINM] | YouTube  | [Normal]     | 89%    |   64.1ms | Whats the time at your place rn?...
[GAMING/SUR] | YouTube  | [Normal]     | 97%    |   64.1ms | They logged in with 2000 scrap and left ...
[GAMING/SUR] | YouTube  | [Normal]     | 95%    |   47.1ms | hutch is just strolling around with 4k m...
[MUSIC/CHIL] | YouTube  | [Normal]     | 97%    |   48.2ms | :musical_notes::relieved_face:...
[MUSIC/CHIL] | YouTube  | [Normal]     | 85%    |   39.6ms | GTA ohh jealous...
[GAMING/GAM] | YouTube  | [Normal]     | 96%    |   53.3ms | i'm so dyslexic i did not even notice th...
[GAMING/GAM] | YouTube  | [Normal]     | 94%    |   35.5ms | John...
[PSYCHOLOGY] | YouTube  | [Normal]     | 96%    |   40.4ms | Kanye...
[ENTERTAINM] | YouTube  | [Normal]     | 94%    |   31.0ms | 5...
[ENTERTAINM] | YouTube  | [Normal]     | 94%    |   28.9ms | 4...
[ENTERTAINM] | YouTube  | [Normal]     | 94%    |   34.8ms | heloooo...
[GAMING/GAM] | YouTube  | [Normal]     | 96%    |   35.2ms | The jacket was always there...
[ENTERTAINM] | YouTube  | [Normal]     | 94%    |   36.4ms | holaa mr beasttt...
[ENTERTAINM] | YouTube  | [Normal]     | 85%    |   43.3ms | Mr beast I watch you everyday hope you s...
[ENTERTAINM] | YouTube  | [Normal]     | 94%    |   35.5ms | 2...
[GAMING/GAM] | YouTube  | [Normal]     | 92%    |   35.0ms | UNDULATION...
[GAMING/GAM] | YouTube  | [Normal]     | 96%    |   55.7ms | lol...
[GAMING/GAM] | YouTube  | [Normal]     | 60%    |   46.8ms | LETS GOOOOOOOOOOOOOOOOOOOOOO...
[ENTERTAINM] | YouTube  | [Normal]     | 94%    |   35.1ms | hi mr beast...
[GAMING/GAM] | YouTube  | [Normal]     | 97%    |   38.2ms | another mousetrap?...
[GAMING/GAM] | YouTube  | [Normal]     | 96%    |   30.7ms | Extra Mouse Trap!...
[GAMING/GAM] | YouTube  | [Normal]     | 96%    |   36.2ms | my cat is watching very closely rn...
[ENTERTAINM] | YouTube  | [Normal]     | 96%    |   36.6ms | please give me a laptop for my college s...
[ENTERTAINM] | YouTube  | [Normal]     | 96%    |   32.1ms | me.from Indonesia...
[ENTERTAINM] | YouTube  | [Normal]     | 95%    |   33.0ms | noob lol...
[SELF-HELP/] | YouTube  | [Normal]     | 52%    |   55.6ms | Should I tell my freind that he can’t do...
[GAMING/GAM] | YouTube  | [Normal]     | 92%    |   27.8ms | Under the bed?...
[MUSIC/CHIL] | YouTube  | [Normal]     | 98%    |   41.0ms | :musical_notes::musical_note:...
[GAMING/GAM] | YouTube  | [Normal]     | 95%    |   43.9ms | Was the bottle always standing up? In th...
[GAMING/GAM] | YouTube  | [Normal]     | 95%    |   39.0ms | RAILING MOVED...
[GAMING/GAM] | YouTube  | [Normal]     | 97%    |   38.8ms | Iron Lung was AMAZING! Great movie!...
[GAMING/GAM] | YouTube  | [Normal]     | 51%    |   40.6ms | The one eyed man that runs the lighthous...
[GAMING/GAM] | YouTube  | [Normal]     | 93%    |   40.6ms | Just got back from the theater. Iron Lun...
[GAMING/GAM] | YouTube  | [Normal]     | 97%    |   36.6ms | Is there a extra light here also?...
[GAMING/GAM] | YouTube  | [Normal]     | 93%    |   44.8ms | I am in the theater waiting to see Iron ...
[ENTERTAINM] | YouTube  | [Normal]     | 95%    |   27.0ms | hii mr beast...
[PSYCHOLOGY] | YouTube  | [Normal]     | 96%    |   41.7ms | hmmm...
[GAMING/SUR] | YouTube  | [Normal]     | 96%    |   28.5ms | Así welyn...
[GAMING/GAM] | YouTube  | [Normal]     | 86%    |   29.8ms | KERFUKLED...
[GAMING/GAM] | YouTube  | [Normal]     | 97%    |   31.4ms | Good morning...
[GAMING/SUR] | YouTube  | [Normal]     | 83%    |   35.5ms | Just wait...
[ENTERTAINM] | YouTube  | [Normal]     | 98%    |  141.4ms | :face-turquoise-covering-eyes::face-turq...
[GAMING/GAM] | YouTube  | [Normal]     | 94%    |   94.7ms | Hey Mark! Congratulations on the release...
[GAMING/GAM] | YouTube  | [Normal]     | 96%    |   32.6ms | OOP...
[MUSIC/CHIL] | YouTube  | [Normal]     | 97%    |   42.3ms | :smiling_face_with_halo:...
[GAMING/GAM] | YouTube  | [Normal]     | 91%    |   34.0ms | a new try...
[GAMING/GAM] | YouTube  | [Normal]     | 96%    |   36.8ms | hiiiiiiiiii...
[GAMING/GAM] | YouTube  | [Normal]     | 95%    |   40.0ms | LMAOO...
[ENTERTAINM] | YouTube  | [Normal]     | 93%    |   35.2ms | omg...
[ENTERTAINM] | YouTube  | [Normal]     | 96%    |   74.6ms | I have a exam:loudly_crying_face::loudly...
[GAMING/GAM] | YouTube  | [Normal]     | 85%    |   35.4ms | YOU RIGHT...
[ENTERTAINM] | YouTube  | [Normal]     | 95%    |   43.8ms | thanks Mr beast...
[ENTERTAINM] | YouTube  | [Normal]     | 95%    |   32.8ms | we want to see play button...
[MUSIC/CHIL] | YouTube  | [Normal]     | 95%    |   29.4ms | Tutututu...
[ENTERTAINM] | YouTube  | [Normal]     | 97%    |   36.3ms | suuuuuuuuuu...
[ENTERTAINM] | YouTube  | [Normal]     | 94%    |   38.5ms | SO OLD BUT GOLD...
[ENTERTAINM] | YouTube  | [Normal]     | 98%    |   43.1ms | shoutout please love from Darjeeling :pu...
[GAMING/GAM] | YouTube  | [Normal]     | 96%    |   37.7ms | YEAAAAAHAHAHH...
[ENTERTAINM] | YouTube  | [Normal]     | 94%    |   34.6ms | hi Mr beast...
[ENTERTAINM] | YouTube  | [Normal]     | 96%    |   34.3ms | oi...
[GAMING/GAM] | YouTube  | [Normal]     | 96%    |   43.2ms | mark does know that nothing appears unti...
[PSYCHOLOGY] | YouTube  | [Normal]     | 79%    |   50.3ms | no sex. just gym for the rest of your li...
[ENTERTAINM] | YouTube  | [Normal]     | 90%    |   34.9ms | mr bets...
[GAMING/GAM] | YouTube  | [Normal]     | 98%    |   37.7ms | :hand-pink-waving:...
[GAMING/GAM] | YouTube  | [Normal]     | 95%    |   40.5ms | vote for anomaly's...
[ENTERTAINM] | YouTube  | [Normal]     | 56%    |   38.8ms | omggg...
[GAMING/GAM] | YouTube  | [Normal]     | 96%    |   38.3ms | :red_heart:...
[GAMING/GAM] | YouTube  | [Normal]     | 97%    |   38.0ms | thank youuuuu...
[GAMING/GAM] | YouTube  | [Normal]     | 56%    |   45.3ms | yous a goofy boy...
[MUSIC/CHIL] | YouTube  | [Normal]     | 97%    |   34.9ms | bye tc...
[MUSIC/CHIL] | YouTube  | [Normal]     | 97%    |   40.7ms | :face_with_tears_of_joy:...
[ENTERTAINM] | YouTube  | [Normal]     | 95%    |   46.2ms | уууууууурааааа...
[GAMING/GAM] | YouTube  | [Normal]     | 97%    |   32.2ms | stairwell?...
[ENTERTAINM] | YouTube  | [Normal]     | 93%    |   33.0ms | KPOP...
[PSYCHOLOGY] | YouTube  | [Normal]     | 58%    |   50.6ms | What if I don’t want to have kids? (As a...
[ENTERTAINM] | YouTube  | [Normal]     | 96%    |   52.0ms | I’m a really big fan of your channel  an...
[GAMING/GAM] | YouTube  | [Normal]     | 96%    |   42.0ms | the second bottle is missing in the pier...
[GAMING/SUR] | YouTube  | [Normal]     | 95%    |   36.7ms | Repair armour...
[GAMING/GAM] | YouTube  | [Normal]     | 96%    |   49.1ms | Were the logs always on the floor?...
[ENTERTAINM] | YouTube  | [Normal]     | 94%    |   35.0ms | hi...
[ENTERTAINM] | YouTube  | [Normal]     | 94%    |   34.0ms | Do speed...
[ENTERTAINM] | YouTube  | [Normal]     | 97%    |   63.8ms | я Армения живу в Абхазии:heart_suit::hea...
[GAMING/GAM] | YouTube  | [Normal]     | 96%    |   73.5ms | :_markiHEART::_markiHEART::_markiHEART::...
[GAMING/SUR] | YouTube  | [Normal]     | 97%    |   36.3ms | yt stream is fine!...
[GAMING/GAM] | YouTube  | [Normal]     | 95%    |   53.7ms | I’ve been a fan of your’s since your The...
[SPORTS/FOO] | YouTube  | [Normal]     | 61%    |   41.2ms | LETS SEE BRAZILL WILL LET YOU HAHAHA...
[GAMING/GAM] | YouTube  | [Normal]     | 97%    |   48.8ms | PURPLE SCARF IS NOT AN ANOMALY...
[GAMING/GAM] | YouTube  | [Normal]     | 97%    |   53.3ms | light anomoly in the lantern room...
[GAMING/GAM] | YouTube  | [Normal]     | 92%    |   41.9ms | its right there...
[GAMING/SUR] | YouTube  | [Normal]     | 89%    |   66.5ms | whats the TC...
[GAMING/GAM] | YouTube  | [Normal]     | 97%    |  101.7ms | Extra bottle by door on pier!!...
[GAMING/GAM] | YouTube  | [Normal]     | 96%    |   64.0ms | Would sending more anomalies be easier?...
[GAMING/GAM] | YouTube  | [Normal]     | 94%    |   36.1ms | Camera...
[GAMING/GAM] | YouTube  | [Normal]     | 96%    |   52.0ms | it's the wind!...
[ENTERTAINM] | YouTube  | [Normal]     | 97%    |   84.3ms | Hello from RUSSIA:fire::fire::fire::fire...
[GAMING/GAM] | YouTube  | [Normal]     | 95%    |   35.6ms | extra lamp...
[MUSIC/CHIL] | YouTube  | [Normal]     | 98%    |   97.6ms | Momo your wife have younger sister??! :f...
[GAMING/GAM] | YouTube  | [Normal]     | 93%    |   37.0ms | WOOD...
[GAMING/GAM] | YouTube  | [Normal]     | 87%    |   50.3ms | WE ALL BELIEVED IN YOU MARKKKK...
[GAMING/GAM] | YouTube  | [Normal]     | 97%    |   43.0ms | THE FUSE BOX...
[ENTERTAINM] | YouTube  | [Normal]     | 90%    |   36.1ms | USA...
[GAMING/GAM] | YouTube  | [Normal]     | 87%    |   29.6ms | no...
[GAMING/GAM] | YouTube  | [Normal]     | 97%    |   41.0ms | PURPLE TOWEL IN LANTERN ROOM!!...
[GAMING/SUR] | YouTube  | [Normal]     | 94%    |   45.6ms | GAME NAME IS: DILLON DANIS IS NOT IN THE...
[ENTERTAINM] | YouTube  | [Normal]     | 92%    |   59.8ms | Russia...
[GAMING/GAM] | YouTube  | [Normal]     | 86%    |   71.2ms | Every time I see Mark I think of "Where'...
[GAMING/GAM] | YouTube  | [Normal]     | 96%    |   49.3ms | :_markiJIM:...
[GAMING/SUR] | YouTube  | [Normal]     | 97%    |   29.8ms | oil...
[GAMING/GAM] | YouTube  | [Normal]     | 91%    |   59.8ms | camera malfunction means the camera does...
[SELF-HELP/] | YouTube  | [Normal]     | 93%    |   40.1ms | DR K!!!!...
[GAMING/SUR] | YouTube  | [Normal]     | 91%    |   47.7ms | a welyn's work is never done...
[MUSIC/CHIL] | YouTube  | [Normal]     | 97%    |   42.6ms | exit:smiling_face_with_tear:...
[GAMING/GAM] | YouTube  | [Normal]     | 97%    |   49.2ms | radio. under the stairs...
[MUSIC/CHIL] | YouTube  | [Normal]     | 98%    |   85.9ms | Syed :comet::small_blue_diamond:me moral...
[SELF-HELP/] | YouTube  | [Normal]     | 72%    |   46.1ms | dr k are you broken...
[GAMING/SUR] | YouTube  | [Normal]     | 97%    |   35.0ms | Windmill gone?...
[ENTERTAINM] | YouTube  | [Normal]     | 97%    |   72.9ms | Hello :waving_hand: Mr. Beast...
[GAMING/GAM] | YouTube  | [Normal]     | 85%    |   53.4ms | the window in the room   i think i saw a...
[MUSIC/CHIL] | YouTube  | [Normal]     | 97%    |  100.3ms | Vishu for u biryani booked I will keep i...
[GAMING/GAM] | YouTube  | [Normal]     | 96%    |   41.6ms | hi mark...
[MUSIC/CHIL] | YouTube  | [Normal]     | 98%    |  119.3ms | momo:face-blue-smiling::face-blue-smilin...
[GAMING/GAM] | YouTube  | [Normal]     | 96%    |   67.9ms | Is the 4th mouse trap gone?...
[ENTERTAINM] | YouTube  | [Normal]     | 98%    |   55.7ms | :triangular_flag::triangular_flag::trian...
[ENTERTAINM] | YouTube  | [Normal]     | 93%    |   33.4ms | DDG...
[ENTERTAINM] | YouTube  | [Normal]     | 88%    |   50.8ms | you told us that you would give us cooki...
[GAMING/GAM] | YouTube  | [Normal]     | 94%    |   30.0ms | hi...
[GAMING/GAM] | YouTube  | [Normal]     | 95%    |   39.9ms | Theres a light on the door in the yard!...
[ENTERTAINM] | YouTube  | [Normal]     | 92%    |   49.7ms | How do you feel right now...
[GAMING/SUR] | YouTube  | [Normal]     | 89%    |   48.5ms | wtf they capped the amount of turrets...
[GAMING/GAM] | YouTube  | [Normal]     | 94%    |   66.4ms | BROKEN RAIL ON LEFT MOVED IN STAIRWELL...
[ENTERTAINM] | YouTube  | [Normal]     | 91%    |   46.6ms | yo jimmy...
[GAMING/GAM] | YouTube  | [Normal]     | 97%    |   44.3ms | Do you enjoy Agatha Christie books?...
[ENTERTAINM] | YouTube  | [Normal]     | 93%    |   34.4ms | india...
[SELF-HELP/] | YouTube  | [Normal]     | 90%    |   39.1ms | Jesus...
[ENTERTAINM] | YouTube  | [Normal]     | 95%    |   29.4ms | hii mr beast...
[GAMING/GAM] | YouTube  | [Normal]     | 83%    |   31.6ms | wrong bottle...
[ENTERTAINM] | YouTube  | [Normal]     | 82%    |   92.8ms | dhoni x messi:goat::goat::goat::goat::go...
[SELF-HELP/] | YouTube  | [Normal]     | 94%    |   32.2ms | Hi...
[ENTERTAINM] | YouTube  | [Normal]     | 98%    |  100.9ms | :text-green-game-over::text-green-game-o...
[GAMING/GAM] | YouTube  | [Normal]     | 93%    |   49.7ms | LIGHT ANOMALY AT THE YARD...
[ENTERTAINM] | YouTube  | [Normal]     | 95%    |   61.7ms | UUUUUUUSSSSSSSAAAAAAAAA...
[PSYCHOLOGY] | YouTube  | [Normal]     | 98%    |   73.1ms | chat am I cooked?...
[ENTERTAINM] | YouTube  | [Normal]     | 98%    |  130.5ms | :face-blue-wide-eyes::face-blue-wide-eye...
[ENTERTAINM] | YouTube  | [Normal]     | 96%    |   45.6ms | hiiiiiiiiiiiii...
[PSYCHOLOGY] | YouTube  | [Normal]     | 94%    |   64.3ms | Isn't animus the thing in Assassin's Cre...
[GAMING/SUR] | YouTube  | [Normal]     | 95%    |   44.6ms | RIP JOE ROGAN...
[SELF-HELP/] | YouTube  | [Normal]     | 98%    |   43.4ms | I scored 9 / 10 on ACE. I'm special....
[MUSIC/CHIL] | YouTube  | [Normal]     | 97%    |   44.4ms | los recogen rápido...
[GAMING/GAM] | YouTube  | [Normal]     | 92%    |   52.6ms | No Mark tell us...
[MUSIC/CHIL] | YouTube  | [Normal]     | 95%    |   55.5ms | prasa i was not but some people make me ...
[GAMING/GAM] | YouTube  | [Normal]     | 64%    |   48.0ms | americans dont know this stuff xD...
[MUSIC/CHIL] | YouTube  | [Normal]     | 96%    |   82.7ms | para la residencia después...
[ENTERTAINM] | YouTube  | [Normal]     | 95%    |   54.1ms | HELLO GUYS...
[SELF-HELP/] | YouTube  | [Normal]     | 94%    |   69.9ms | ish...
[ENTERTAINM] | YouTube  | [Normal]     | 93%    |   50.2ms | Malawi...
[ENTERTAINM] | YouTube  | [Normal]     | 89%    |   42.4ms | maybe both...
[GAMING/GAM] | YouTube  | [Normal]     | 96%    |   55.5ms | Hi mark...
[GAMING/SUR] | YouTube  | [Normal]     | 90%    |   56.5ms | Root combiners...
[ENTERTAINM] | YouTube  | [Normal]     | 94%    |   39.3ms | 500 đi để trả lại mess...
[GAMING/GAM] | YouTube  | [Normal]     | 90%    |   57.7ms | You should make the movie adaptation of ...
[GAMING/SUR] | YouTube  | [Normal]     | 94%    |   53.1ms | bro should've did some cable management...
[ENTERTAINM] | YouTube  | [Normal]     | 95%    |   50.5ms | hello...
[ENTERTAINM] | YouTube  | [Normal]     | 93%    |   45.1ms | how to get XP...
[LIFESTYLE/] | YouTube  | [Normal]     | 90%    |  102.4ms | I wonder if this man on the road needs h...
[ENTERTAINM] | YouTube  | [Normal]     | 95%    |   65.5ms | ff...
[GAMING/SUR] | YouTube  | [Normal]     | 87%    |   29.0ms | No...
[ENTERTAINM] | YouTube  | [Normal]     | 93%    |   55.3ms | mr beast im frommm the Philippines can y...
[GAMING/SUR] | YouTube  | [Normal]     | 94%    |   44.1ms | 10...
[GAMING/SUR] | YouTube  | [Normal]     | 95%    |   40.6ms | ?????...
[GAMING/GAM] | YouTube  | [Normal]     | 96%    |   48.6ms | MARK THE RAILING HAS MOVED IN THE STAIRW...
[GAMING/GAM] | YouTube  | [Normal]     | 93%    |   82.8ms | I feel like this game is less scary...
[GAMING/GAM] | YouTube  | [Normal]     | 95%    |   57.1ms | MISSING OBJECT ON THE DESK IN INTERIOR...
[ENTERTAINM] | YouTube  | [Normal]     | 94%    |   43.2ms | cod...
[GAMING/GAM] | YouTube  | [Normal]     | 95%    |   64.4ms | oh  hi Mark...
[ENTERTAINM] | YouTube  | [Normal]     | 95%    |   58.8ms | Congrats bro...
[GAMING/GAM] | YouTube  | [Normal]     | 94%    |  244.3ms | Didn't love that!...
[NEWS/LIVE ] | YouTube  | [Normal]     | 87%    |  114.5ms | lol how much time u al think u have in h...
[GAMING/SUR] | YouTube  | [Normal]     | 94%    |   64.0ms | @fomo_9386 everyone almost cares...
[SELF-HELP/] | YouTube  | [Normal]     | 55%    |   51.5ms | Because only Dr. Eggman has that IQ...
[PSYCHOLOGY] | YouTube  | [Normal]     | 95%    |   52.1ms | no direct measurements...
[GAMING/GAM] | YouTube  | [Normal]     | 91%    |   51.4ms | yeeeeeeeeaaaaaaasssssss...
[GAMING/GAM] | YouTube  | [Normal]     | 83%    |   49.9ms | THE RUMBLING...
[GAMING/SUR] | YouTube  | [Normal]     | 83%    |   37.7ms | omg PEANUT YOURE MAKING IT WAY TO DIFFIC...
[ENTERTAINM] | YouTube  | [Normal]     | 93%    |   45.8ms | Im 10 pls notice mine Im from pakistan...
[ENTERTAINM] | YouTube  | [Normal]     | 96%    |   60.2ms | @MrBeast I been watching you since 2022 ...
[ENTERTAINM] | YouTube  | [Normal]     | 96%    |   71.8ms | привет слава Україні...
[ENTERTAINM] | YouTube  | [Normal]     | 95%    |   61.4ms | Congratulations...
[ENTERTAINM] | YouTube  | [Normal]     | 95%    |   65.9ms | Husnain...
[GAMING/GAM] | YouTube  | [Normal]     | 95%    |   58.7ms | yooo...
[ENTERTAINM] | YouTube  | [Normal]     | 97%    |   92.4ms | :text-green-game-over:...
[ENTERTAINM] | YouTube  | [Normal]     | 96%    |   47.2ms | I need new running shoes...
[GAMING/GAM] | YouTube  | [Normal]     | 95%    |   55.3ms | airpain!...
[GAMING/GAM] | YouTube  | [Normal]     | 91%    |  118.5ms | from al the games  which anomaly is ur f...
[GAMING/GAM] | YouTube  | [Normal]     | 93%    |   89.2ms | NO IM NOT A HUMAN MOVIE PLS...
[GAMING/GAM] | YouTube  | [Normal]     | 94%    |  169.7ms | I'm going to watch Iron Lung Tomorrow!!!...
[GAMING/GAM] | YouTube  | [Normal]     | 97%    |   72.3ms | thank you mark we love you mark...
[ENTERTAINM] | YouTube  | [Normal]     | 95%    |   58.5ms | u have 500 mil button?...
[GAMING/SUR] | YouTube  | [Normal]     | 89%    |   59.8ms | DO IT...
[GAMING/GAM] | YouTube  | [Normal]     | 98%    |   65.0ms | Blu-ray...
[ENTERTAINM] | YouTube  | [Normal]     | 98%    |  306.8ms | :buffering::stayhome::dothefive::person-...
[GAMING/GAM] | YouTube  | [Normal]     | 95%    |   74.2ms | 1 1 1 1...
[GAMING/GAM] | YouTube  | [Normal]     | 97%    |   72.4ms | Watched it today… amazing experience...
[GAMING/GAM] | YouTube  | [Normal]     | 86%    |   74.9ms | yeah  I can't leave the house...
[GAMING/GAM] | YouTube  | [Normal]     | 88%    |   66.0ms | I’ve never seen someone more deserving t...
[ENTERTAINM] | YouTube  | [Normal]     | 96%    |   51.1ms | New member...
[ENTERTAINM] | YouTube  | [Normal]     | 94%    |   59.4ms | 50000 PEOPLE LEFT...
[ENTERTAINM] | YouTube  | [Normal]     | 94%    |   54.6ms | Hi...
[GAMING/GAM] | YouTube  | [Normal]     | 87%    |  112.0ms | I have low blood sugar I can’t focus i s...
[ENTERTAINM] | YouTube  | [Normal]     | 96%    |   93.2ms | I was here...
[GAMING/SUR] | YouTube  | [Normal]     | 97%    |   95.7ms | Escape from Peanut Compound:face-blue-sm...
[GAMING/GAM] | YouTube  | [Normal]     | 97%    |   68.4ms | the skeleton moved...
[SELF-HELP/] | YouTube  | [Normal]     | 89%    |   90.7ms | unbearable amount to carry...
[ENTERTAINM] | YouTube  | [Normal]     | 98%    |   95.0ms | :hand-pink-waving:...
[GAMING/GAM] | YouTube  | [Normal]     | 92%    |   93.6ms | carbage missing in wc...
[PSYCHOLOGY] | YouTube  | [Normal]     | 71%    |  125.4ms | @HealthyGamerGG what about your yourself...
[ENTERTAINM] | YouTube  | [Normal]     | 83%    |   75.7ms | Korea...
[GAMING/GAM] | YouTube  | [Normal]     | 93%    |  126.1ms | what has been your favorite horror game?...
[GAMING/GAM] | YouTube  | [OFFENSIVE]  | 87%    |  101.3ms | bro's stealing CaseOh's linesssss...
[ENTERTAINM] | YouTube  | [Normal]     | 97%    |  276.4ms | please jimmy give me 10 milion dollar :f...
[ENTERTAINM] | YouTube  | [Normal]     | 97%    |  133.0ms | Video coming in the world cup topic?...
[GAMING/GAM] | YouTube  | [Normal]     | 92%    |  113.2ms | EEYUCK...
[GAMING/GAM] | YouTube  | [Normal]     | 95%    |  108.8ms | Extra bag economy class near exist...
[GAMING/GAM] | YouTube  | [Normal]     | 95%    |   85.7ms | Paper in seat back...
[ENTERTAINM] | YouTube  | [Normal]     | 83%    |   61.6ms | Your hard work really payoff mr beast...
[PSYCHOLOGY] | YouTube  | [Normal]     | 95%    |  146.1ms | I once told a friend "I used to be a bet...
[GAMING/GAM] | YouTube  | [OFFENSIVE]  | 86%    |  103.5ms | helllooo...
[PSYCHOLOGY] | YouTube  | [Normal]     | 96%    |  117.4ms | Spa with children and million dollars co...
[GAMING/SUR] | YouTube  | [Normal]     | 92%    |   41.5ms | EAT...
[PSYCHOLOGY] | YouTube  | [Normal]     | 96%    |   90.8ms | @VenaraEchoes monk-mode solitude and ref...
[GAMING/GAM] | YouTube  | [Normal]     | 87%    |   68.4ms | Ban Ban!...
[GAMING/GAM] | YouTube  | [Normal]     | 81%    |   40.3ms | TOILET...
[GAMING/GAM] | YouTube  | [Normal]     | 96%    |   70.6ms | The lights in business...
[GAMING/SUR] | YouTube  | [Normal]     | 97%    |   61.0ms | Like Minecraft on Fent?...
[ENTERTAINM] | YouTube  | [Normal]     | 81%    |   48.3ms | IM QUIT...
[MUSIC/CHIL] | YouTube  | [Normal]     | 94%    |   42.9ms | HYPE...
[GAMING/GAM] | YouTube  | [Normal]     | 94%    |   48.3ms | Economy class white cup...
[GAMING/SUR] | YouTube  | [Normal]     | 46%    |   46.9ms | WE WANT PRISONERS...
[GAMING/GAM] | YouTube  | [Normal]     | 92%    |   39.3ms | GATE 2 Window person...
[SPORTS/FOO] | YouTube  | [Normal]     | 97%    |   71.5ms | تحيا مصر دااااائما وااااابدا...
[GAMING/GAM] | YouTube  | [Normal]     | 97%    |   75.7ms | Hi MARK :D...
[GAMING/SUR] | YouTube  | [Normal]     | 96%    |  104.7ms | Happy birthday peanut...
[GAMING/SUR] | YouTube  | [Normal]     | 94%    |  114.7ms | :fire::fire::fire::fire::fire::fire::fir...
[GAMING/SUR] | YouTube  | [Normal]     | 80%    |  143.9ms | NO SLEEP TILL BUNGLYN!!!!!!!!!!...
[GAMING/SUR] | YouTube  | [Normal]     | 92%    |  154.7ms | Just yesterday they had sticks and stone...
[GAMING/SUR] | YouTube  | [Normal]     | 95%    |  105.2ms | delirious...
[GAMING/SUR] | YouTube  | [Normal]     | 95%    |  150.0ms | RIP JOE ROGAN :(...
[PSYCHOLOGY] | YouTube  | [Normal]     | 96%    |  136.8ms | hahah.. whoopsie :p...
[GAMING/SUR] | YouTube  | [Normal]     | 95%    |   84.2ms | H2O...
[GAMING/SUR] | YouTube  | [Normal]     | 94%    |   76.1ms | PRG...
[PSYCHOLOGY] | YouTube  | [Normal]     | 91%    |   80.1ms | :smirking_face:...
[GAMING/SUR] | YouTube  | [Normal]     | 94%    |   75.5ms | 1...
[MUSIC/CHIL] | YouTube  | [Normal]     | 98%    |  141.8ms | I see now.. :face_with_tears_of_joy: tha...
[GAMING/SUR] | YouTube  | [Normal]     | 97%    |   88.7ms | :face-green-smiling::face-green-smiling:...
[MUSIC/CHIL] | YouTube  | [Normal]     | 98%    |   68.3ms | :rose::musical_notes::cloud:...
[GAMING/SUR] | YouTube  | [Normal]     | 94%    |   47.7ms | lmfaooooo...
[MUSIC/CHIL] | YouTube  | [Normal]     | 95%    |   51.2ms | Na brathuku...
[GAMING/SUR] | YouTube  | [Normal]     | 93%    |  102.7ms | PRO TIP ALWAYS ASSUME THE UNSEEN CARD IS...
[GAMING/SUR] | YouTube  | [Normal]     | 97%    |   90.5ms | :rat:...
[GAMING/SUR] | YouTube  | [Normal]     | 95%    |   67.2ms | wow...
[GAMING/SUR] | YouTube  | [Normal]     | 93%    |  121.3ms | get rekt...
[GAMING/SUR] | YouTube  | [Normal]     | 91%    |  111.3ms | W...
[PSYCHOLOGY] | YouTube  | [Normal]     | 94%    |  269.2ms | @atomicaxioms which one of your testicle...
[GAMING/SUR] | YouTube  | [Normal]     | 97%    |  117.2ms | she played for like 20.5 hours...
[SELF-HELP/] | YouTube  | [Normal]     | 94%    |   90.1ms | LIKE THE STREAM BOIIIS!!...
[GAMING/SUR] | YouTube  | [Normal]     | 88%    |   98.8ms | just go disintegrate a small 2x2...
[GAMING/SUR] | YouTube  | [Normal]     | 45%    |  146.0ms | being sore losers literally ruined the s...
[ENTERTAINM] | YouTube  | [Normal]     | 95%    |   58.7ms | Emm......
[GAMING/GAM] | YouTube  | [Normal]     | 96%    |   63.8ms | HIIIIIII...
[ENTERTAINM] | YouTube  | [Normal]     | 98%    |  180.1ms | :hand-pink-waving::hand-pink-waving:...
[SELF-HELP/] | YouTube  | [Normal]     | 96%    |   70.1ms | hmmm...
[GAMING/GAM] | YouTube  | [Normal]     | 88%    |  131.7ms | HEYYY GUYS...
[ENTERTAINM] | YouTube  | [Normal]     | 95%    |  106.5ms | ผมให้เงินเลย 100 000 บาท...
[GAMING/GAM] | YouTube  | [Normal]     | 49%    |  119.7ms | yipeeeee...
[GAMING/GAM] | YouTube  | [Normal]     | 95%    |   83.6ms | hello!!!!...
[GAMING/GAM] | YouTube  | [Normal]     | 96%    |  139.9ms | hello everyone my name is welcome...
[PSYCHOLOGY] | YouTube  | [Normal]     | 97%    |  374.2ms | Dr. K needs a NAS...
[GAMING/GAM] | YouTube  | [Normal]     | 95%    |  116.7ms | hii markkkkk...
[GAMING/GAM] | YouTube  | [Normal]     | 92%    |  155.5ms | its me...
[ENTERTAINM] | YouTube  | [Normal]     | 96%    |  186.5ms | I think y'all do it....but I've been sub...
[GAMING/GAM] | YouTube  | [Normal]     | 91%    |  112.0ms | w...
[MUSIC/CHIL] | YouTube  | [Normal]     | 95%    |  197.6ms | @Tradexlav hi   how are you ? :backhand_...
[GAMING/GAM] | YouTube  | [Normal]     | 87%    |  224.6ms | what amazing timing! i just got home fro...
[ENTERTAINM] | YouTube  | [Normal]     | 95%    |  168.5ms | 67...
[GAMING/GAM] | YouTube  | [HATE]       | 36%    |  128.6ms | So they “won” by charging people more?...
[ENTERTAINM] | YouTube  | [Normal]     | 96%    |  278.7ms | hi jimmy please shout out kabir...
[GAMING/SUR] | YouTube  | [Normal]     | 98%    |  197.3ms | I worked for 17 hours last night  headin...
[MUSIC/CHIL] | YouTube  | [Normal]     | 94%    |  107.3ms | :hot_face:...
[MUSIC/CHIL] | YouTube  | [Normal]     | 97%    |  170.0ms | great...mai isliye puchi ki yha sab le j...
[MUSIC/CHIL] | YouTube  | [Normal]     | 96%    |  172.3ms | Na deggara 10 rupees unnai mall ki vella...
[MUSIC/CHIL] | YouTube  | [Normal]     | 98%    |  193.5ms | :smiling_face_with_halo::beaming_face_wi...
[GAMING/GAM] | YouTube  | [Normal]     | 94%    |  127.2ms | air PLANNEEEEEEE...
[GAMING/GAM] | YouTube  | [Normal]     | 95%    |  130.1ms | Airplanneeeee...
[PSYCHOLOGY] | YouTube  | [Normal]     | 93%    |  115.9ms | Back Pill is forever...
[ENTERTAINM] | YouTube  | [Normal]     | 92%    |  109.1ms | xichao...
[ENTERTAINM] | YouTube  | [Normal]     | 98%    |  269.6ms | :rocket-red-countdown-liftoff::rocket-re...
[GAMING/SUR] | YouTube  | [Normal]     | 81%    |  153.0ms | close your gate pnut...
[MUSIC/CHIL] | YouTube  | [Normal]     | 97%    |  201.3ms | D ni future naku kanipistundi:grinning_f...
[GAMING/SUR] | YouTube  | [Normal]     | 49%    |   96.9ms | You guys are terrible gamblers lol...
[ENTERTAINM] | YouTube  | [Normal]     | 95%    |   78.6ms | HALO...
[GAMING/GAM] | YouTube  | [Normal]     | 97%    |  126.7ms | airplane is gonna make a comeback....
[GAMING/GAM] | YouTube  | [Normal]     | 92%    |   99.1ms | MARK  IM FROM PORTUGAL  EXTEND THE FILM ...
[ENTERTAINM] | YouTube  | [Normal]     | 94%    |   76.4ms | 1...
[GAMING/GAM] | YouTube  | [Normal]     | 96%    |   96.5ms | how about the balkans??...
[GAMING/SUR] | YouTube  | [Normal]     | 93%    |   70.2ms | Time to leave!...
[ENTERTAINM] | YouTube  | [Normal]     | 94%    |   47.4ms | 1...
[MUSIC/CHIL] | YouTube  | [Normal]     | 95%    |   97.3ms | ce mare a crescut I...
[GAMING/GAM] | YouTube  | [Normal]     | 96%    |  138.0ms | IRON LUNG PHILIPPINES!!!! :face-red-hear...
[MUSIC/CHIL] | YouTube  | [Normal]     | 92%    |   60.8ms | ha kyu...
[GAMING/GAM] | YouTube  | [Normal]     | 95%    |   84.7ms | Hi markkk...
[GAMING/SUR] | YouTube  | [Normal]     | 86%    |   69.8ms | looose...
[GAMING/SUR] | YouTube  | [Normal]     | 95%    |   49.0ms | HIT...
[GAMING/GAM] | YouTube  | [Normal]     | 89%    |   52.2ms | in my theater it sounded like it was com...
[GAMING/SUR] | YouTube  | [Normal]     | 70%    |   35.2ms | BRO ADDICTED...
[GAMING/SUR] | YouTube  | [Normal]     | 96%    |   45.7ms | Max betttttt...
[ENTERTAINM] | YouTube  | [Normal]     | 98%    |   73.6ms | :hand-purple-blue-peace::hand-purple-blu...
[GAMING/GAM] | YouTube  | [Normal]     | 96%    |   48.5ms | hi mark...
[GAMING/GAM] | YouTube  | [Normal]     | 97%    |   42.9ms | Iron Lung was amazing dude  great work m...
[ENTERTAINM] | YouTube  | [Normal]     | 94%    |   42.8ms | Ghana...
[SPORTS/FOO] | YouTube  | [Normal]     | 97%    |   51.9ms | :hand-pink-waving:WINNING GOD GO:face-re...
[ENTERTAINM] | YouTube  | [Normal]     | 80%    |   27.9ms | how wild...
[GAMING/SUR] | YouTube  | [Normal]     | 95%    |   36.1ms | All in...
[MUSIC/CHIL] | YouTube  | [Normal]     | 97%    |   93.3ms | kavya benne dose and filter coffee :face...
[ENTERTAINM] | YouTube  | [Normal]     | 96%    |   43.5ms | subcribe!...
[ENTERTAINM] | YouTube  | [Normal]     | 96%    |   38.1ms | my mom found my YouTube channel...
[ENTERTAINM] | YouTube  | [Normal]     | 93%    |   39.9ms | hello mr beast...
[ENTERTAINM] | YouTube  | [Normal]     | 97%    |   57.4ms | 100 vid spechel...
[GAMING/SUR] | YouTube  | [Normal]     | 90%    |   30.6ms | poooooor...
[GAMING/GAM] | YouTube  | [Normal]     | 97%    |   35.4ms | aeroplaaaaaane...
[GAMING/SUR] | YouTube  | [Normal]     | 97%    |   53.6ms | RAHHHHH ARC ARC ARC...
[GAMING/GAM] | YouTube  | [Normal]     | 96%    |   46.7ms | HI MARK...
[GAMING/GAM] | YouTube  | [Normal]     | 57%    |   68.7ms | I hope i can see the movie sometime! it ...
[GAMING/GAM] | YouTube  | [Normal]     | 95%    |   53.8ms | Airplane...
[GAMING/GAM] | YouTube  | [Normal]     | 94%    |   66.7ms | lighthouse seems like it would be most i...
[GAMING/GAM] | YouTube  | [OFFENSIVE]  | 95%    |  111.2ms | Iron Lung didn't show in my town  Mark  ...
[ENTERTAINM] | YouTube  | [Normal]     | 93%    |   57.7ms | :stop_sign:...
[GAMING/GAM] | YouTube  | [Normal]     | 87%    |   55.9ms | Mark I can't see it:[ I'm sick!...
[ENTERTAINM] | YouTube  | [Normal]     | 97%    |   43.5ms | salam Azerbaycanli var?...
[ENTERTAINM] | YouTube  | [Normal]     | 96%    |   33.1ms | :mosque:...
[ENTERTAINM] | YouTube  | [Normal]     | 94%    |   31.1ms | big fan mr beast...
[GAMING/SUR] | YouTube  | [Normal]     | 87%    |   36.8ms | BURPLE!...
[GAMING/GAM] | YouTube  | [Normal]     | 89%    |   34.1ms | chicken head Mark returns...
[ENTERTAINM] | YouTube  | [Normal]     | 97%    |   88.7ms | :orange_square::orange_square::orange_sq...
[GAMING/GAM] | YouTube  | [Normal]     | 97%    |   46.9ms | oh he did misspell the title:face_with_t...
[GAMING/SUR] | YouTube  | [Normal]     | 97%    |   50.5ms | :face-green-smiling::face-green-smiling:...
[ENTERTAINM] | YouTube  | [Normal]     | 69%    |   42.0ms | now you are the biggest so you proved th...
[ENTERTAINM] | YouTube  | [Normal]     | 95%    |   43.9ms | hiii...
[ENTERTAINM] | YouTube  | [Normal]     | 93%    |   43.5ms | india...
[ENTERTAINM] | YouTube  | [Normal]     | 97%    |   35.6ms | Welcome New Member!...
[ENTERTAINM] | YouTube  | [Normal]     | 91%    |   37.8ms | W...
[GAMING/GAM] | YouTube  | [Normal]     | 95%    |   33.0ms | MARK...
[PSYCHOLOGY] | YouTube  | [Normal]     | 81%    |   64.6ms | If the feeling is going to happen regard...
[ENTERTAINM] | YouTube  | [Normal]     | 95%    |   35.0ms | Bangladesh...
[GAMING/GAM] | YouTube  | [Normal]     | 97%    |   40.8ms | obversation duty lol...
[GAMING/GAM] | YouTube  | [Normal]     | 93%    |   78.5ms | We know you learned a lot working on the...
[ENTERTAINM] | YouTube  | [Normal]     | 98%    |   40.8ms | Love from Bangladesh MR :red_heart:...
[GAMING/GAM] | YouTube  | [Normal]     | 74%    |   49.5ms | Went to see Iron Lung yesterday. Pretty ...
[GAMING/GAM] | YouTube  | [Normal]     | 96%    |   32.4ms | Obversation!!!!...
[GAMING/GAM] | YouTube  | [Normal]     | 86%    |   42.5ms | I don't like the look of this place...
[GAMING/SUR] | YouTube  | [Normal]     | 96%    |   32.6ms | will land on 1...
[ENTERTAINM] | YouTube  | [Normal]     | 95%    |   27.1ms | hello bro...
[GAMING/SUR] | YouTube  | [Normal]     | 87%    |   34.6ms | Poor gingy and all her work...
[GAMING/GAM] | YouTube  | [Normal]     | 95%    |   49.5ms | ohohoho I win the lighthouse...
[GAMING/GAM] | YouTube  | [Normal]     | 96%    |   45.1ms | @markiplier will you play umigari?...
[ENTERTAINM] | YouTube  | [Normal]     | 93%    |   39.5ms | smart...
[GAMING/GAM] | YouTube  | [Normal]     | 95%    |   42.0ms | :eye::mouth::eye:...
[GAMING/GAM] | YouTube  | [Normal]     | 96%    |   33.3ms | DVD RELEASE DATE...
[GAMING/GAM] | YouTube  | [Normal]     | 87%    |   33.6ms | no...
[PSYCHOLOGY] | YouTube  | [Normal]     | 97%    |   28.9ms | the hound irl...
[SELF-HELP/] | YouTube  | [Normal]     | 63%    |   57.5ms | if they didnt do it they couldnt do it t...
[GAMING/SUR] | YouTube  | [OFFENSIVE]  | 90%    |   36.6ms | Damn rouge took a power nap....
[GAMING/GAM] | YouTube  | [Normal]     | 95%    |   35.2ms | hiii...
[GAMING/GAM] | YouTube  | [Normal]     | 96%    |   49.8ms | theres a cross on the dock?...
[ENTERTAINM] | YouTube  | [Normal]     | 97%    |   36.0ms | Please invite me to a video...
[ENTERTAINM] | YouTube  | [Normal]     | 90%    |   39.4ms | absolutely no one knows it i bet...
[GAMING/GAM] | YouTube  | [Normal]     | 95%    |   33.5ms | NUMBER 1...
[ENTERTAINM] | YouTube  | [Normal]     | 94%    |   39.0ms | 5...
[ENTERTAINM] | YouTube  | [Normal]     | 94%    |   34.0ms | 5...
[ENTERTAINM] | YouTube  | [Normal]     | 94%    |   33.1ms | 3...
[GAMING/SUR] | YouTube  | [Normal]     | 97%    |   46.0ms | never thought I'd see the day...
[GAMING/GAM] | YouTube  | [Normal]     | 94%    |   43.0ms | BASEMENT STAIRS ARE PULSING...
[ENTERTAINM] | YouTube  | [Normal]     | 91%    |   38.0ms | rock...
[ENTERTAINM] | YouTube  | [Normal]     | 97%    |   68.0ms | Hello MrBeast  I’m Ahmed from Gaza. Work...
[ENTERTAINM] | YouTube  | [Normal]     | 97%    |   34.8ms | Hello from  INDIA...
[GAMING/GAM] | YouTube  | [Normal]     | 86%    |   36.0ms | The ominous stairs breathing...
[GAMING/GAM] | YouTube  | [Normal]     | 93%    |   72.3ms | I HAVEN'T SEEN THE MOVIE YET AND IM SAD ...
[SELF-HELP/] | YouTube  | [Normal]     | 96%    |   79.3ms | Luckily I don't think I've ever felt thi...
[ENTERTAINM] | YouTube  | [Normal]     | 96%    |   43.1ms | hello Mr beast I'm from Nepal and I subs...
[ENTERTAINM] | YouTube  | [Normal]     | 95%    |   33.0ms | yeaaaaaaaaaa...
[GAMING/GAM] | YouTube  | [Normal]     | 91%    |   29.4ms | BUCKET...
[ENTERTAINM] | YouTube  | [Normal]     | 98%    |  101.7ms | congratulations bro :clapping_hands::cla...
[GAMING/SUR] | YouTube  | [Normal]     | 47%    |   42.0ms | @jgs4819 gooner jfc...
[GAMING/GAM] | YouTube  | [Normal]     | 96%    |   39.0ms | i feel so helpful...
[GAMING/GAM] | YouTube  | [OFFENSIVE]  | 48%    |   34.5ms | the beddd...
[ENTERTAINM] | YouTube  | [Normal]     | 90%    |   41.6ms | 𝚑𝚘𝚕𝚊...
[GAMING/GAM] | YouTube  | [Normal]     | 95%    |   53.4ms | hiya mark jus wanted to say congrats on ...
[ENTERTAINM] | YouTube  | [Normal]     | 95%    |   83.2ms | :police_car_light::police_car_light::pol...
[GAMING/GAM] | YouTube  | [Normal]     | 97%    |   47.2ms | THE LANTERN MOVED IN THE INTERIOR...
[GAMING/GAM] | YouTube  | [Normal]     | 96%    |   51.6ms | the railing?...
[GAMING/GAM] | YouTube  | [Normal]     | 92%    |   35.0ms | BED...
[ENTERTAINM] | YouTube  | [Normal]     | 95%    |   33.3ms | Mr best...
[GAMING/GAM] | YouTube  | [Normal]     | 84%    |   40.5ms | NOOO...
[GAMING/GAM] | YouTube  | [Normal]     | 94%    |   56.7ms | the gasp I gusped when I saw OD streamin...
[GAMING/GAM] | YouTube  | [Normal]     | 53%    |   40.5ms | well damn...
[ENTERTAINM] | YouTube  | [Normal]     | 93%    |   30.2ms | F...
[GAMING/SUR] | YouTube  | [Normal]     | 91%    |   32.5ms | welcome my goopa...
[GAMING/SUR] | YouTube  | [Normal]     | 96%    |   37.3ms | FUEL IN THE BOXES IN FRONT HALL...
[GAMING/GAM] | YouTube  | [Normal]     | 88%    |   42.3ms | Light anomaly light house...
[ENTERTAINM] | YouTube  | [Normal]     | 94%    |   33.1ms | 1...
[ENTERTAINM] | YouTube  | [Normal]     | 94%    |   55.3ms | 2...
[GAMING/GAM] | YouTube  | [Normal]     | 93%    |   51.4ms | I think you missed the ocean of blood!...
[ENTERTAINM] | YouTube  | [Normal]     | 94%    |   55.3ms | 2...
[ENTERTAINM] | YouTube  | [Normal]     | 98%    |  210.2ms | :hand-pink-waving::hand-pink-waving::han...
[GAMING/GAM] | YouTube  | [Normal]     | 96%    |   63.1ms | Saw iron lung last night and I can’t sto...
[GAMING/GAM] | YouTube  | [Normal]     | 94%    |   37.1ms | The ego is strong today...
[ENTERTAINM] | YouTube  | [Normal]     | 95%    |   29.9ms | Congratulations...
[GAMING/GAM] | YouTube  | [Normal]     | 97%    |   32.2ms | The lantern moved in interior...
[GAMING/GAM] | YouTube  | [Normal]     | 97%    |   37.1ms | bottom right moving of lighthouse?...
[GAMING/SUR] | YouTube  | [Normal]     | 95%    |   26.1ms | 7 high...
[GAMING/GAM] | YouTube  | [Normal]     | 94%    |   32.0ms | Mark you're good so far...
[ENTERTAINM] | YouTube  | [Normal]     | 93%    |   39.8ms | *DAY 1 OF ASKING MR BEAST TO GIVE ME A S...
[ENTERTAINM] | YouTube  | [Normal]     | 95%    |   31.6ms | I am a student and I need money...
[GAMING/GAM] | YouTube  | [Normal]     | 93%    |   31.0ms | extra railing...
[GAMING/GAM] | YouTube  | [Normal]     | 97%    |   27.0ms | Dock farther??...
[GAMING/SUR] | YouTube  | [Normal]     | 97%    |   25.0ms | pumpkin...
[GAMING/SUR] | YouTube  | [Normal]     | 84%    |   33.8ms | Ya’ll were sayin that...
[GAMING/GAM] | YouTube  | [Normal]     | 94%    |   26.0ms | Try Again...
[GAMING/GAM] | YouTube  | [Normal]     | 91%    |   25.1ms | noob...
[PSYCHOLOGY] | YouTube  | [Normal]     | 96%    |   32.5ms | Anime? JJK? Jung Jung Kaisen?...
[ENTERTAINM] | YouTube  | [Normal]     | 94%    |   27.3ms | hi...
[ENTERTAINM] | YouTube  | [Normal]     | 84%    |   60.8ms | please Mr beast im home less my mom is k...
[ENTERTAINM] | YouTube  | [Normal]     | 96%    |   28.3ms | I was here...
[ENTERTAINM] | YouTube  | [Normal]     | 93%    |   26.4ms | INDIA...
[PSYCHOLOGY] | YouTube  | [Normal]     | 96%    |   25.7ms | yea...
[GAMING/GAM] | YouTube  | [Normal]     | 97%    |   39.0ms | OBVERSATION DUTY :fire::fire::fire:...
[ENTERTAINM] | YouTube  | [Normal]     | 93%    |   31.0ms | ii dont see that...
[ENTERTAINM] | YouTube  | [Normal]     | 94%    |   31.0ms | SO OLD BUT GOLD...
[GAMING/GAM] | YouTube  | [Normal]     | 90%    |   36.0ms | heck yeah !!!...
[ENTERTAINM] | YouTube  | [Normal]     | 94%    |   32.4ms | hi...
[GAMING/GAM] | YouTube  | [Normal]     | 97%    |   54.5ms | Hello Mr. Mark Fischbach. Just watched y...
[GAMING/SUR] | YouTube  | [Normal]     | 96%    |   35.2ms | its napalm so a sec...
[MUSIC/CHIL] | YouTube  | [Normal]     | 87%    |   36.9ms | agarbatti to tum jalarhi ho...
[ENTERTAINM] | YouTube  | [Normal]     | 95%    |   31.2ms | 667...
[ENTERTAINM] | YouTube  | [Normal]     | 95%    |   35.6ms | Bangladesh...
[ENTERTAINM] | YouTube  | [Normal]     | 96%    |   36.0ms | hello Jimmy...
[ENTERTAINM] | YouTube  | [Normal]     | 98%    |   57.0ms | Hi Mr beast huge fan. Can I please have ...
[GAMING/GAM] | YouTube  | [Normal]     | 94%    |   61.7ms | BASEMENT...
[ENTERTAINM] | YouTube  | [Normal]     | 95%    |   39.5ms | hello...
[GAMING/GAM] | YouTube  | [Normal]     | 92%    |  100.7ms | I’m seeing iron lung in 2 hours. Mark yo...
[GAMING/GAM] | YouTube  | [Normal]     | 74%    |   43.5ms | anyone else see a body like shape under ...
[ENTERTAINM] | YouTube  | [Normal]     | 96%    |   65.4ms | unsubscribe :grinning_squinting_face::gr...
[GAMING/GAM] | YouTube  | [Normal]     | 67%    |   59.9ms | there is a body in the bed...
[GAMING/GAM] | YouTube  | [Normal]     | 96%    |   48.9ms | I just came back from watching Iron Lung...
[ENTERTAINM] | YouTube  | [Normal]     | 98%    |   57.8ms | :face-blue-smiling::face-blue-smiling::f...
[ENTERTAINM] | YouTube  | [Normal]     | 65%    |   29.6ms | crazy...
[GAMING/GAM] | YouTube  | [Normal]     | 97%    |   37.5ms | Mark I’ve watched you for 10 years!...
[GAMING/SUR] | YouTube  | [Normal]     | 83%    |   33.6ms | weiner is on fire...
[GAMING/GAM] | YouTube  | [Normal]     | 96%    |   38.0ms | the lantern shadow in intwerior...
[GAMING/GAM] | YouTube  | [Normal]     | 96%    |   58.6ms | instructions unclear  I peeled my eyes n...
[SPORTS/FOO] | YouTube  | [Normal]     | 97%    |   90.1ms | 현재 팀으로서 아시아 1황은 재팬이다. 부정 안한다....
[ENTERTAINM] | YouTube  | [Normal]     | 94%    |   27.6ms | hi...
[MUSIC/CHIL] | YouTube  | [Normal]     | 97%    |   72.3ms | I was about to ask thay bro :face_with_t...
[ENTERTAINM] | YouTube  | [Normal]     | 96%    |   45.6ms | I’m a really big fan of your channel  an...
[GAMING/GAM] | YouTube  | [Normal]     | 81%    |   32.5ms | i think hes obversating the duty...
[ENTERTAINM] | YouTube  | [Normal]     | 96%    |  117.4ms | :yt::yt::yt::yt::yt::yt::yt::yt::yt::tha...
[ENTERTAINM] | YouTube  | [HATE]       | 68%    |   48.8ms | Greetings from Argentina (The country of...
[GAMING/SUR] | YouTube  | [HATE]       | 66%    |   35.9ms | well at least the windmill should be gon...
[GAMING/GAM] | YouTube  | [Normal]     | 97%    |   38.8ms | Would you ever play League Of Legends fo...
[GAMING/GAM] | YouTube  | [Normal]     | 94%    |   32.9ms | mjhmhm...
[ENTERTAINM] | YouTube  | [Normal]     | 94%    |   28.6ms | india india...
[PSYCHOLOGY] | YouTube  | [Normal]     | 95%    |   68.6ms | @mandalarine yeah it’s just a break but ...
[ENTERTAINM] | YouTube  | [Normal]     | 97%    |   54.3ms | hi mr beast im new:face_holding_back_tea...
[ENTERTAINM] | YouTube  | [Normal]     | 96%    |   38.0ms | bro give me some money......
[GAMING/GAM] | YouTube  | [Normal]     | 93%    |   36.6ms | person on bed in cabin...
[GAMING/GAM] | YouTube  | [Normal]     | 96%    |   36.3ms | DELIVERY GUY ON BASEMENT...
[ENTERTAINM] | YouTube  | [Normal]     | 94%    |   34.1ms | 94...
[GAMING/GAM] | YouTube  | [Normal]     | 91%    |   47.2ms | you need to cool it...
[GAMING/SUR] | YouTube  | [Normal]     | 59%    |   41.1ms | LETS GOOOO MFFFF’sssss...
[GAMING/SUR] | YouTube  | [Normal]     | 96%    |   31.2ms | finally my man...
[GAMING/SUR] | YouTube  | [Normal]     | 52%    |   37.8ms | GOOP GOOP GOOP...
[MUSIC/CHIL] | YouTube  | [Normal]     | 93%    |   35.9ms | Emicheyatle free...
[GAMING/SUR] | YouTube  | [Normal]     | 96%    |   67.1ms | EEEEEEEEEEE EEEEEEEEEEE EEEEEEEEEEE EEEE...
[GAMING/SUR] | YouTube  | [Normal]     | 92%    |   37.1ms | The Myth  The peanut  The mf legend in d...
[GAMING/SUR] | YouTube  | [Normal]     | 82%    |   31.3ms | hutch is spending all your scrap!...
[GAMING/SUR] | YouTube  | [OFFENSIVE]  | 48%    |   37.7ms | Bro STFU about diarrhea all the time lmf...
[MUSIC/CHIL] | YouTube  | [Normal]     | 97%    |   59.0ms | serendi lechi podam ani chelli ekkadikel...
[PSYCHOLOGY] | YouTube  | [Normal]     | 95%    |   55.1ms | dr k should discuss adler as well alongs...
[GAMING/SUR] | YouTube  | [Normal]     | 96%    |   77.2ms | :saluting_face::saluting_face::saluting_...
[NEWS/LIVE ] | YouTube  | [Normal]     | 96%    |   34.7ms | Won won :backhand_index_pointing_left:...
[GAMING/SUR] | YouTube  | [Normal]     | 91%    |   39.3ms | ayyyeee. he's baccckkk...
[MUSIC/CHIL] | YouTube  | [Normal]     | 96%    |   44.8ms | Annaye kada na brathuku...
[MUSIC/CHIL] | YouTube  | [Normal]     | 98%    |   41.6ms | serendi marchipoya :smiling_face_with_te...
[GAMING/SUR] | YouTube  | [Normal]     | 95%    |   34.3ms | Doors open...
[GAMING/SUR] | YouTube  | [Normal]     | 98%    |   40.0ms | Peanut on a game I actually play????...
[MUSIC/CHIL] | YouTube  | [Normal]     | 95%    |   34.1ms | How is your weekend so far @Cata...
[GAMING/SUR] | YouTube  | [Normal]     | 89%    |   32.9ms | woooooooooooah...
[GAMING/SUR] | YouTube  | [Normal]     | 96%    |   41.6ms | 9 milly velo better...
[GAMING/SUR] | YouTube  | [Normal]     | 94%    |   28.7ms | On the ground...
[GAMING/SUR] | YouTube  | [Normal]     | 95%    |   35.9ms | Lmaooo...
[GAMING/SUR] | YouTube  | [Normal]     | 94%    |   42.0ms | No way that’s delirious LMAO...
[PSYCHOLOGY] | YouTube  | [Normal]     | 95%    |   39.5ms | @MochiM00n we saw him over twitch...
[GAMING/SUR] | YouTube  | [Normal]     | 97%    |   42.7ms | :face-green-smiling::face-green-smiling:...
[PSYCHOLOGY] | YouTube  | [Normal]     | 96%    |   39.6ms | is doc reading the chat...
[GAMING/SUR] | YouTube  | [Normal]     | 95%    |   27.8ms | WELP...
[MUSIC/CHIL] | YouTube  | [Normal]     | 97%    |   44.5ms | Vsaanu Anna:slightly_smiling_face:...
[MUSIC/CHIL] | YouTube  | [Normal]     | 70%    |   39.9ms | she is asking do u eat wtf...
[GAMING/SUR] | YouTube  | [Normal]     | 97%    |   47.1ms | Brooooo peanut on rust again?! Back to b...
[GAMING/SUR] | YouTube  | [Normal]     | 96%    |   33.7ms | lmao...
[GAMING/SUR] | YouTube  | [Normal]     | 92%    |   39.8ms | he definintely busted...
[GAMING/SUR] | YouTube  | [OFFENSIVE]  | 67%    |   52.0ms | XXXXXXXXXXXXXXDDDDDDDDDDDD...
[GAMING/SUR] | YouTube  | [Normal]     | 95%    |   35.7ms | LOLLLL...
[GAMING/SUR] | YouTube  | [Normal]     | 93%    |   45.6ms | That’s it I’m going to the casino...
[SELF-HELP/] | YouTube  | [Normal]     | 91%    |   37.5ms | hey...
[GAMING/SUR] | YouTube  | [Normal]     | 97%    |   34.7ms | HARD WORK WORK...
[SPORTS/FOO] | YouTube  | [Normal]     | 82%    |   43.4ms | workd cup matchesdoes this channel broad...
[GAMING/SUR] | YouTube  | [Normal]     | 96%    |   54.2ms | lol...
[GAMING/SUR] | YouTube  | [Normal]     | 94%    |   35.4ms | 5...
[NEWS/LIVE ] | YouTube  | [Normal]     | 94%    |   60.5ms | SPENCER PRATT THIS WILL HELP YOU. KAREN ...
[ENTERTAINM] | YouTube  | [Normal]     | 96%    |   47.5ms | MR BEAST I LOVE YOUUUUUU...
[PSYCHOLOGY] | YouTube  | [Normal]     | 97%    |   77.1ms | Dr. K's NEW Guide to Love  Sex  & Relati...
[MUSIC/CHIL] | YouTube  | [Normal]     | 95%    |   51.1ms | Good:cigarette::face_exhaling:...
[GAMING/GAM] | YouTube  | [Normal]     | 96%    |   48.7ms | AAHHH HI MARK HI CHAT...
[ENTERTAINM] | YouTube  | [Normal]     | 96%    |   44.7ms | New member...
[GAMING/GAM] | YouTube  | [Normal]     | 94%    |   44.1ms | Sup dude...
[GAMING/SUR] | YouTube  | [Normal]     | 48%    |   49.6ms | you should play some rust tomorrow...
[ENTERTAINM] | YouTube  | [Normal]     | 97%    |   38.3ms | Faaaaa...
[SPORTS/FOO] | YouTube  | [Normal]     | 96%    |   44.9ms | 지금?...
[ENTERTAINM] | YouTube  | [Normal]     | 96%    |   61.7ms | عطيني مليون دولار :sleepy_face:...
[NEWS/LIVE ] | YouTube  | [Normal]     | 98%    |   62.2ms | :crown:KING TRUMP WINS AGAIN:crown:...
[PSYCHOLOGY] | YouTube  | [Normal]     | 96%    |   50.6ms | nope only from the atlus game...
[GAMING/GAM] | YouTube  | [Normal]     | 95%    |   42.7ms | I saw the Iron Lung on Wednesday!...
[ENTERTAINM] | YouTube  | [Normal]     | 96%    |   43.2ms | i am India super Jimmy...
[GAMING/GAM] | YouTube  | [Normal]     | 97%    |   46.9ms | WE LOVE MATH!!!!...
[GAMING/GAM] | YouTube  | [Normal]     | 89%    |   52.3ms | WOOOOOO!!!...
[GAMING/GAM] | YouTube  | [Normal]     | 97%    |   81.4ms | Does it help that I saw it multiple time...
[MUSIC/CHIL] | YouTube  | [Normal]     | 95%    |   57.9ms | shish Singh me badhiya hu tum batao...
[GAMING/SUR] | YouTube  | [Normal]     | 97%    |   38.5ms | missed 1000 scrap...
[GAMING/GAM] | YouTube  | [Normal]     | 91%    |   44.5ms | Mark  you look shorter than usual  every...
[SELF-HELP/] | YouTube  | [Normal]     | 91%    |   29.2ms | Is he running...
[GAMING/GAM] | YouTube  | [Normal]     | 97%    |   42.0ms | FINALLY GOT TICKETS TO SEE THE MOVIE ON ...
[MUSIC/CHIL] | YouTube  | [Normal]     | 97%    |   65.1ms | kavya me to daily aata hu tum notice n k...
[GAMING/GAM] | YouTube  | [Normal]     | 92%    |   55.6ms | Meowdy Mark Congrat!!!!...
[ENTERTAINM] | YouTube  | [Normal]     | 94%    |   26.5ms | Hi...
[GAMING/GAM] | YouTube  | [Normal]     | 92%    |   34.0ms | King fr fr...
[GAMING/SUR] | YouTube  | [Normal]     | 97%    |   40.7ms | did rouge sleep?...
[GAMING/GAM] | YouTube  | [Normal]     | 93%    |   37.8ms | Light home...
[GAMING/GAM] | YouTube  | [Normal]     | 97%    |   31.9ms | LIGHT PLANE...
[ENTERTAINM] | YouTube  | [Normal]     | 97%    |   58.9ms | :red_heart::red_heart::red_heart::red_he...
[GAMING/GAM] | YouTube  | [Normal]     | 72%    |   30.2ms | AIRPLANE IS TOO EASY...
[GAMING/GAM] | YouTube  | [Normal]     | 97%    |   30.3ms | Mark please say hello to my son Wade...
[GAMING/GAM] | YouTube  | [Normal]     | 95%    |   27.0ms | Light house for sure...
[ENTERTAINM] | YouTube  | [Normal]     | 98%    |   80.7ms | Elon about to hit $1 Trillion and Jimmy ...
[GAMING/GAM] | YouTube  | [Normal]     | 97%    |   37.6ms | SLOVENIA????...
[GAMING/SUR] | YouTube  | [Normal]     | 97%    |   35.0ms | stand on 12 ?...
[MUSIC/CHIL] | YouTube  | [Normal]     | 93%    |   33.4ms | por no ir...
[ENTERTAINM] | YouTube  | [Normal]     | 89%    |   44.5ms | YOOOOOOOOOOOO...
[GAMING/GAM] | YouTube  | [Normal]     | 86%    |   40.5ms | Airplane is really boring guys...
[MUSIC/CHIL] | YouTube  | [Normal]     | 96%    |   45.9ms | fred no I haven't seen her in  I think  ...
[GAMING/GAM] | YouTube  | [Normal]     | 95%    |   42.4ms | So Lixian will be able to see it again?...
[GAMING/SUR] | YouTube  | [Normal]     | 95%    |   32.2ms | hit...
[GAMING/GAM] | YouTube  | [Normal]     | 95%    |   64.6ms | hey mark do you ever plan on playing doo...
[PSYCHOLOGY] | YouTube  | [Normal]     | 90%    |   27.4ms | yin and yang...
[ENTERTAINM] | YouTube  | [Normal]     | 98%    |   24.7ms | Ronaldo...
[GAMING/SUR] | YouTube  | [Normal]     | 95%    |   26.9ms | HIT...
[GAMING/SUR] | YouTube  | [Normal]     | 95%    |   29.6ms | now bet 500...
[ENTERTAINM] | YouTube  | [Normal]     | 94%    |   29.6ms | hi...
[ENTERTAINM] | YouTube  | [Normal]     | 98%    |   35.2ms | :hand-pink-waving:...
[GAMING/GAM] | YouTube  | [Normal]     | 91%    |   39.8ms | What if you alternate maps whenever you ...
[GAMING/SUR] | YouTube  | [Normal]     | 73%    |   38.7ms | Glad they got the base back after GINGY ...
[GAMING/GAM] | YouTube  | [Normal]     | 98%    |   38.4ms | i had atmos!...
[ENTERTAINM] | YouTube  | [Normal]     | 93%    |   35.4ms | so proud of you sir...
[ENTERTAINM] | YouTube  | [Normal]     | 96%    |   30.4ms | I LOVE MR BEAST...
[GAMING/GAM] | YouTube  | [Normal]     | 95%    |   32.9ms | Mark isn't reading out messages. :(...
[GAMING/GAM] | YouTube  | [Normal]     | 98%    |   35.5ms | AMAZING MOVIE MARK felt like in-was watc...
[GAMING/GAM] | YouTube  | [Normal]     | 96%    |   36.6ms | MARKPLIERR PLAY THE NEW FNAF GAMEEE...
[SELF-HELP/] | YouTube  | [Normal]     | 72%    |   65.7ms | He's right. Consider being insulted in a...
[ENTERTAINM] | YouTube  | [Normal]     | 98%    |   46.8ms | :planet-orange-purple-ring:...
[GAMING/GAM] | YouTube  | [Normal]     | 97%    |   48.8ms | my place just didn't have the screen lin...
[GAMING/GAM] | YouTube  | [Normal]     | 94%    |   29.9ms | AIRPLANE AIRPLANE...
[ENTERTAINM] | YouTube  | [Normal]     | 97%    |   38.7ms | :smiling_face_with_smiling_eyes:...
[ENTERTAINM] | YouTube  | [Normal]     | 97%    |   34.2ms | i am from brasil...
[SPORTS/FOO] | YouTube  | [Normal]     | 82%    |   40.4ms | notorious BAD BOY:penguin:...
[GAMING/GAM] | YouTube  | [Normal]     | 94%    |   37.3ms | airplane enclosed space like iron lung...
[ENTERTAINM] | YouTube  | [Normal]     | 96%    |   41.0ms | السلام عليكم...
[ENTERTAINM] | YouTube  | [Normal]     | 94%    |   31.5ms | hi...
[ENTERTAINM] | YouTube  | [Normal]     | 92%    |   34.4ms | but you hit 13Million views...
[GAMING/GAM] | YouTube  | [Normal]     | 87%    |   24.1ms | LOCK IN...
[GAMING/GAM] | YouTube  | [Normal]     | 96%    |   34.9ms | gonna try to see it for a second time to...
[ENTERTAINM] | YouTube  | [Normal]     | 97%    |   25.5ms | 500M...
[ENTERTAINM] | YouTube  | [Normal]     | 96%    |   24.2ms | New member...
[ENTERTAINM] | YouTube  | [Normal]     | 96%    |   24.3ms | hello jimmy...
[GAMING/SUR] | YouTube  | [Normal]     | 92%    |   40.0ms | Lmao H2O being broke hmmm all that yt mo...
[ENTERTAINM] | YouTube  | [Normal]     | 93%    |   31.1ms | Аааааааа...
[GAMING/GAM] | YouTube  | [Normal]     | 91%    |   38.5ms | the fog...
[GAMING/GAM] | YouTube  | [Normal]     | 95%    |   45.3ms | everyone at my local theater on Iron Lun...
[GAMING/SUR] | YouTube  | [Normal]     | 95%    |   28.2ms | h20...
[SELF-HELP/] | YouTube  | [Normal]     | 37%    |   38.3ms | It makes them feel like they are not doi...
[MUSIC/CHIL] | YouTube  | [Normal]     | 96%    |   32.7ms | :baseball-white-cap-out:...
[GAMING/GAM] | YouTube  | [Normal]     | 95%    |   34.4ms | срууіу...
[GAMING/GAM] | YouTube  | [Normal]     | 95%    |   34.9ms | obversation...
[ENTERTAINM] | YouTube  | [Normal]     | 97%    |   60.0ms | love :face_blowing_a_kiss::two_hearts: y...
[ENTERTAINM] | YouTube  | [Normal]     | 96%    |   42.0ms | yo  hi  Miso Beef!...
[GAMING/GAM] | YouTube  | [Normal]     | 96%    |   35.8ms | OBVERSATION MARK...
[PSYCHOLOGY] | YouTube  | [Normal]     | 91%    |   31.9ms | animals...
[GAMING/GAM] | YouTube  | [Normal]     | 89%    |   35.6ms | I just watched iron lung good movie...
[GAMING/GAM] | YouTube  | [Normal]     | 97%    |   39.5ms | MOST PPL DIDNT EVEN NOTICE...
[SELF-HELP/] | YouTube  | [Normal]     | 63%    |   38.0ms | i disagree influencers are not human...
[GAMING/GAM] | YouTube  | [Normal]     | 91%    |   35.1ms | you got this Mark...
[GAMING/GAM] | YouTube  | [Normal]     | 94%    |   41.9ms | Me too mark:skull: (spelling)...
[ENTERTAINM] | YouTube  | [Normal]     | 97%    |   36.4ms | :lotus:...
[GAMING/SUR] | YouTube  | [Normal]     | 95%    |   47.1ms | hutch is just strolling around with 4k m...
[ENTERTAINM] | YouTube  | [Normal]     | 94%    |   48.8ms | HAHAHAHAHAHHA...
[ENTERTAINM] | YouTube  | [Normal]     | 97%    |   47.5ms | love you mr beast :face_blowing_a_kiss::...
[GAMING/GAM] | YouTube  | [Normal]     | 96%    |   31.4ms | light on beach...
[GAMING/GAM] | YouTube  | [Normal]     | 94%    |   33.7ms | intruder? how did he get in? intruder wi...
[ENTERTAINM] | YouTube  | [Normal]     | 94%    |   25.0ms | 5...
[GAMING/GAM] | YouTube  | [Normal]     | 88%    |   26.1ms | Howdy chat...
[GAMING/GAM] | YouTube  | [Normal]     | 97%    |   40.2ms | Thank you for being there for me...
[ENTERTAINM] | YouTube  | [Normal]     | 94%    |   28.4ms | hi...
[MUSIC/CHIL] | YouTube  | [Normal]     | 98%    |   53.0ms | :helicopter::roll_of_paper::roll_of_pape...
[NEWS/LIVE ] | YouTube  | [Normal]     | 93%    |   42.7ms | Flatulence is no laughing matter :grinni...
[GAMING/SUR] | YouTube  | [Normal]     | 97%    |   35.3ms | ayeeee I am...
[ENTERTAINM] | YouTube  | [Normal]     | 95%    |   61.8ms | :takeout::takeout::hydrate::chillwdog::c...
[PSYCHOLOGY] | YouTube  | [Normal]     | 93%    |   41.4ms | daydreaming...
[GAMING/GAM] | YouTube  | [Normal]     | 56%    |   69.4ms | MARK IM ABOUT TO GO SEE IORN LUNG YOU BE...
[GAMING/GAM] | YouTube  | [Normal]     | 93%    |   41.5ms | hey Mark are you gonna play White Knuckl...
[GAMING/GAM] | YouTube  | [Normal]     | 95%    |   35.4ms | I finally got to see iron lung and I lov...
[ENTERTAINM] | YouTube  | [Normal]     | 94%    |   25.0ms | hi...
[ENTERTAINM] | YouTube  | [Normal]     | 95%    |   25.8ms | 67...
[GAMING/GAM] | YouTube  | [Normal]     | 92%    |   31.1ms | bed...
[GAMING/GAM] | YouTube  | [Normal]     | 97%    |   27.9ms | fuse box?...
[ENTERTAINM] | YouTube  | [Normal]     | 91%    |   32.0ms | Give me shout out guys...
[ENTERTAINM] | YouTube  | [Normal]     | 94%    |   31.6ms | Hy...
[GAMING/GAM] | YouTube  | [Normal]     | 96%    |   31.4ms | Bench....
[GAMING/GAM] | YouTube  | [Normal]     | 86%    |   31.7ms | Not the bed...
[GAMING/GAM] | YouTube  | [Normal]     | 96%    |   55.2ms | Just got done watching Iron Lung. Fantas...
[GAMING/SUR] | YouTube  | [Normal]     | 96%    |   44.0ms | MTNBAY 11% VOODOO RANGER G FORCE IS BETT...
[GAMING/GAM] | YouTube  | [OFFENSIVE]  | 49%    |   36.2ms | bag haggling on top lighthouse...
[GAMING/GAM] | YouTube  | [Normal]     | 96%    |   66.4ms | I made spaghetti and now my nose is blee...
[GAMING/GAM] | YouTube  | [Normal]     | 97%    |   50.2ms | the lantern moved in the bottom of the s...
[ENTERTAINM] | YouTube  | [Normal]     | 90%    |   33.9ms | hay mr beast...
[ENTERTAINM] | YouTube  | [Normal]     | 98%    |  206.5ms | :hand-pink-waving::person-turqouise-wavi...
[MUSIC/CHIL] | YouTube  | [Normal]     | 96%    |   91.7ms | :eyes-purple-crying:yehh I'd tumari shot...
[GAMING/GAM] | YouTube  | [Normal]     | 89%    |   90.3ms | stealing my jokes Mark lol I invented th...
[ENTERTAINM] | YouTube  | [Normal]     | 94%    |   53.6ms | 2...
[ENTERTAINM] | YouTube  | [Normal]     | 95%    |   35.8ms | 111...
[ENTERTAINM] | YouTube  | [Normal]     | 94%    |   39.8ms | 1...
[MUSIC/CHIL] | YouTube  | [Normal]     | 88%    |   32.4ms | fumez...
[GAMING/GAM] | YouTube  | [Normal]     | 90%    |   32.0ms | Missing cam...
[SELF-HELP/] | YouTube  | [Normal]     | 76%    |   42.7ms | but you level up...
[ENTERTAINM] | YouTube  | [Normal]     | 95%    |   42.6ms | 67...
[ENTERTAINM] | YouTube  | [Normal]     | 95%    |   50.8ms | please shout-out mr beast bro...
[GAMING/SUR] | YouTube  | [Normal]     | 68%    |   39.2ms | dont do it...
[GAMING/SUR] | YouTube  | [Normal]     | 91%    |   41.9ms | Build up p...
[GAMING/SUR] | YouTube  | [Normal]     | 96%    |   43.2ms | North-ish...
[GAMING/GAM] | YouTube  | [Normal]     | 90%    |   45.2ms | Maybe...
[GAMING/GAM] | YouTube  | [Normal]     | 92%    |   32.9ms | oh no...
[ENTERTAINM] | YouTube  | [Normal]     | 95%    |   38.0ms | 1111111111111111...
[GAMING/GAM] | YouTube  | [Normal]     | 46%    |   48.0ms | I don't know what obversation is  but yo...
[GAMING/GAM] | YouTube  | [Normal]     | 88%    |   39.4ms | ocean madness...
[ENTERTAINM] | YouTube  | [Normal]     | 96%    |   46.8ms | This stream is better than world cup liv...
[GAMING/GAM] | YouTube  | [Normal]     | 87%    |   44.5ms | If I just don’t refresh then it’s fine...
[GAMING/GAM] | YouTube  | [Normal]     | 93%    |   40.9ms | Title of the live is an anomaly...
[ENTERTAINM] | YouTube  | [Normal]     | 97%    |   38.0ms | hi jimmy. I'm From Bangladesh...
[GAMING/GAM] | YouTube  | [Normal]     | 94%    |   31.7ms | I believe in you...
[GAMING/GAM] | YouTube  | [HATE]       | 41%    |   39.1ms | Ranch better be the dressing and not a f...
[PSYCHOLOGY] | YouTube  | [Normal]     | 96%    |   40.0ms | 100% would've been a nun...
[ENTERTAINM] | YouTube  | [Normal]     | 93%    |   39.8ms | jimmy  try to watch technoblade vs dream...
[GAMING/GAM] | YouTube  | [Normal]     | 94%    |   48.7ms | hey mark are you going to play thr fatal...
[ENTERTAINM] | YouTube  | [Normal]     | 93%    |   51.7ms | I subscribed but you never gave me the c...
[ENTERTAINM] | YouTube  | [Normal]     | 94%    |   37.4ms | Mr Beast Hello from Russia...
[GAMING/SUR] | YouTube  | [OFFENSIVE]  | 95%    |   99.7ms | this is the worst heli take ive ever see...
[GAMING/GAM] | YouTube  | [Normal]     | 96%    |   32.0ms | Hi mark...
[SELF-HELP/] | YouTube  | [Normal]     | 92%    |   42.7ms | what if we really break down???...
[MUSIC/CHIL] | YouTube  | [Normal]     | 95%    |   48.2ms | mohit Vo m sham ko jalati hu dhoop...
[GAMING/GAM] | YouTube  | [Normal]     | 93%    |   40.0ms | But you can’t spell jkjk...
[ENTERTAINM] | YouTube  | [Normal]     | 97%    |   70.1ms | Hi MrBeast  Iam from the Philippines  Ia...
[GAMING/GAM] | YouTube  | [Normal]     | 90%    |   29.4ms | squinten Tarantino...
[ENTERTAINM] | YouTube  | [Normal]     | 92%    |   28.7ms | hai...
[GAMING/GAM] | YouTube  | [Normal]     | 91%    |   31.6ms | I SEE NASA PEEPO...
[ENTERTAINM] | YouTube  | [Normal]     | 98%    |  123.8ms | :hands-yellow-heart-red::hands-yellow-he...
[PSYCHOLOGY] | YouTube  | [Normal]     | 93%    |   31.1ms | avoiding is bad?...
[ENTERTAINM] | YouTube  | [OFFENSIVE]  | 49%    |   40.8ms | 500 millions it's crazyy...
[ENTERTAINM] | YouTube  | [Normal]     | 96%    |   30.2ms | lol...
[GAMING/GAM] | YouTube  | [Normal]     | 93%    |   31.1ms | missing dock pkst...
[ENTERTAINM] | YouTube  | [Normal]     | 94%    |   27.8ms | hi...
[GAMING/GAM] | YouTube  | [Normal]     | 89%    |   29.0ms | Resident evil 4 Remake...
[GAMING/GAM] | YouTube  | [Normal]     | 97%    |   27.6ms | HIIIII MARK...
[ENTERTAINM] | YouTube  | [Normal]     | 94%    |   62.2ms | bro u need to brake the usa bubble of wh...
[ENTERTAINM] | YouTube  | [Normal]     | 96%    |   38.8ms | big goals...
[ENTERTAINM] | YouTube  | [Normal]     | 95%    |   35.7ms | :goodvibes:...
[ENTERTAINM] | YouTube  | [Normal]     | 93%    |   31.1ms | ДА...
[GAMING/GAM] | YouTube  | [Normal]     | 91%    |   41.6ms | I THOUGHT THAT WAS A BIG SLUG...
[ENTERTAINM] | YouTube  | [Normal]     | 92%    |  112.7ms | yeah...
[GAMING/GAM] | YouTube  | [Normal]     | 86%    |   74.2ms | under the bed...
[GAMING/GAM] | YouTube  | [Normal]     | 94%    |   85.6ms | Basement...
[GAMING/ESP] | YouTube  | [Normal]     | 91%    |   94.6ms | Lgd lezzgaw...
[ENTERTAINM] | YouTube  | [Normal]     | 95%    |   71.3ms | hiii...
[GAMING/GAM] | YouTube  | [Normal]     | 90%    |   56.0ms | I swear those pipes besides the stairs l...
[GAMING/SUR] | YouTube  | [OFFENSIVE]  | 80%    |   49.1ms | NO LAGGG HERE...
[PSYCHOLOGY] | YouTube  | [Normal]     | 97%    |   67.7ms | Amen...
[GAMING/GAM] | YouTube  | [Normal]     | 97%    |   44.4ms | lantern in interior...
[MUSIC/CHIL] | YouTube  | [Normal]     | 98%    |   76.9ms | ...:face-turquoise-music-note:...
[MUSIC/CHIL] | YouTube  | [Normal]     | 96%    |   75.0ms | :soap::dog2::soap:...
[GAMING/GAM] | YouTube  | [Normal]     | 97%    |   64.1ms | LANTERN movement bottom stair!...
[GAMING/GAM] | YouTube  | [Normal]     | 96%    |  131.6ms | Vitor WixMix que que voce jogue o jogo d...
[ENTERTAINM] | YouTube  | [Normal]     | 97%    |  198.4ms | :face_with_tears_of_joy::face_with_tears...
[GAMING/GAM] | YouTube  | [Normal]     | 97%    |   45.4ms | EXTRA BARRELS IN BASEMENT MARK!...
[GAMING/GAM] | YouTube  | [Normal]     | 58%    |   95.8ms | MARK THE EVIL FUSE BOX!!!!...
[GAMING/GAM] | YouTube  | [Normal]     | 85%    |   59.8ms | THE CAMERA IS DOING WEIRD...
[GAMING/SUR] | YouTube  | [Normal]     | 88%    |   68.8ms | pog aim...
[ENTERTAINM] | YouTube  | [Normal]     | 90%    |   75.1ms | yoooooo...
[GAMING/GAM] | YouTube  | [OFFENSIVE]  | 44%    |   68.1ms | Goopy...
[GAMING/GAM] | YouTube  | [Normal]     | 97%    |   70.5ms | LANTERN SHADOW INTERIOR PLEASE :loudly_c...
[ENTERTAINM] | YouTube  | [Normal]     | 81%    |   41.2ms | This is Asadullah from Pakistan wants to...
[ENTERTAINM] | YouTube  | [Normal]     | 93%    |   25.5ms | India...
[ENTERTAINM] | YouTube  | [Normal]     | 90%    |   23.6ms | USA...
[NEWS/LIVE ] | YouTube  | [Normal]     | 95%    |   36.2ms | GOD BLESS MY WHITENESS. JOEY AGREES!!...
[ENTERTAINM] | YouTube  | [Normal]     | 94%    |   29.0ms | 1...
[GAMING/GAM] | YouTube  | [Normal]     | 96%    |   30.5ms | BARRELS TURNED...
[GAMING/GAM] | YouTube  | [Normal]     | 97%    |   47.8ms | mark reading the ghost chat that agreeds...
[GAMING/SUR] | YouTube  | [Normal]     | 91%    |   48.8ms | STAY HOME!...
[ENTERTAINM] | YouTube  | [Normal]     | 96%    |   30.7ms | i am...
[GAMING/GAM] | YouTube  | [Normal]     | 88%    |   33.4ms | Look for the bear...
[ENTERTAINM] | YouTube  | [Normal]     | 96%    |   38.6ms | USA Minnesota capital Saint Paul...
[ENTERTAINM] | YouTube  | [Normal]     | 94%    |   29.7ms | 1...
[ENTERTAINM] | YouTube  | [Normal]     | 94%    |   33.6ms | 1...
[GAMING/GAM] | YouTube  | [Normal]     | 95%    |   44.1ms | THE BUCKET WASNT FULL BEFORE. AT THE TOP...
[GAMING/GAM] | YouTube  | [Normal]     | 89%    |   32.0ms | YOOOO...
[GAMING/GAM] | YouTube  | [Normal]     | 85%    |   40.1ms | DID U SEE THE NASA PEEPO...
[GAMING/GAM] | YouTube  | [Normal]     | 96%    |   35.9ms | EW EW EW...
[GAMING/GAM] | YouTube  | [Normal]     | 97%    |   35.8ms | MARK FUSE BOX...
[GAMING/SUR] | YouTube  | [Normal]     | 78%    |   77.2ms | @TheBurntPeanut when you do the turrets ...
[ENTERTAINM] | YouTube  | [Normal]     | 93%    |   28.1ms | hello mr beast...
[GAMING/GAM] | YouTube  | [HATE]       | 81%    |   35.2ms | The googly moogly...
[GAMING/GAM] | YouTube  | [Normal]     | 96%    |   55.3ms | Um.... did those stairs always have that...
[ENTERTAINM] | YouTube  | [Normal]     | 92%    |   33.8ms | hey son...
[GAMING/GAM] | YouTube  | [Normal]     | 92%    |   37.1ms | RIGHT...
[MUSIC/CHIL] | YouTube  | [Normal]     | 97%    |   85.6ms | @syedsoul bye  :backhand_index_pointing_...
[GAMING/GAM] | YouTube  | [Normal]     | 96%    |   37.5ms | Was the furnace smoking again???...
[GAMING/GAM] | YouTube  | [Normal]     | 97%    |   35.0ms | The railing moved on the stairs!!...
[GAMING/GAM] | YouTube  | [Normal]     | 95%    |   33.5ms | Barrels...
[ENTERTAINM] | YouTube  | [Normal]     | 94%    |   29.5ms | W jimmy...
[ENTERTAINM] | YouTube  | [Normal]     | 96%    |   72.7ms | :loudly_crying_face::face_with_rolling_e...
[MUSIC/CHIL] | YouTube  | [Normal]     | 97%    |   48.8ms | nu jocul ăla mă ține să nu merg mai depa...
[ENTERTAINM] | YouTube  | [Normal]     | 96%    |   33.6ms | New member...
[GAMING/GAM] | YouTube  | [Normal]     | 94%    |   39.8ms | STAIRWELL!! THE BROKEN FENCE MOVED!!...
[ENTERTAINM] | YouTube  | [Normal]     | 96%    |   61.1ms | help meere :folded_hands::folded_hands::...
[GAMING/SUR] | YouTube  | [Normal]     | 95%    |   48.9ms | I found different power sources can some...
[GAMING/GAM] | YouTube  | [Normal]     | 83%    |   31.9ms | OH HELL NAH...
[MUSIC/CHIL] | YouTube  | [Normal]     | 92%    |   31.5ms | te cred...
[ENTERTAINM] | YouTube  | [Normal]     | 97%    |   38.3ms | Ya casi los 500...
[GAMING/GAM] | YouTube  | [Normal]     | 97%    |   41.3ms | I eat that for snacks...
[GAMING/SUR] | YouTube  | [Normal]     | 96%    |   53.0ms | DIDN'T BRO JUST SAY HE ATE JAC IN THE BO...
[GAMING/GAM] | YouTube  | [Normal]     | 95%    |   48.0ms | Fence in stairwell...
[GAMING/GAM] | YouTube  | [Normal]     | 94%    |   44.3ms | YES ITS SO GOOD...
[SELF-HELP/] | YouTube  | [Normal]     | 81%    |   68.9ms | dr k whats the difference between hate m...
[GAMING/GAM] | YouTube  | [Normal]     | 79%    |   42.9ms | DUNGEON CRAWLER CARL MENTIONED  POG...
[ENTERTAINM] | YouTube  | [Normal]     | 93%    |   37.7ms | hello Mr beast can you give me an iPhone...
[MUSIC/CHIL] | YouTube  | [Normal]     | 97%    |   55.6ms | PRASA sry if i cant comment on that. tak...
[GAMING/GAM] | YouTube  | [Normal]     | 90%    |   53.1ms | You should read Project Hail Mary it wil...
[GAMING/GAM] | YouTube  | [Normal]     | 94%    |   46.2ms | stairwell  slimy boxes...
[GAMING/GAM] | YouTube  | [Normal]     | 89%    |   46.9ms | the bags look funny in basement...
[ENTERTAINM] | YouTube  | [Normal]     | 75%    |   35.3ms | do you know Pakistan...
[GAMING/GAM] | YouTube  | [Normal]     | 97%    |   43.8ms | Small man top left :grinning_face_with_s...
[GAMING/GAM] | YouTube  | [Normal]     | 97%    |   41.5ms | extra object in lantern !!!...
[GAMING/SUR] | YouTube  | [Normal]     | 79%    |   40.9ms | Turn gun bob off...
[GAMING/SUR] | YouTube  | [Normal]     | 96%    |   44.5ms | Ok 2 Big Mac = $20 :unamused_face:...
[GAMING/GAM] | YouTube  | [Normal]     | 96%    |   37.8ms | down the spiral area...
[SELF-HELP/] | YouTube  | [Normal]     | 95%    |   32.1ms | Yt better...
[GAMING/GAM] | YouTube  | [Normal]     | 87%    |   24.0ms | no...
[GAMING/GAM] | YouTube  | [Normal]     | 83%    |   32.6ms | theres a dead body in interior...
[ENTERTAINM] | YouTube  | [Normal]     | 94%    |   34.6ms | Нормас...
[GAMING/SUR] | YouTube  | [Normal]     | 89%    |   32.0ms | im a funny guy :eyes:...
[GAMING/SUR] | YouTube  | [Normal]     | 87%    |   37.2ms | @Justin-rockz telll me a joke...
[GAMING/SUR] | YouTube  | [Normal]     | 96%    |   25.3ms | INCREDIBLE...
[MUSIC/CHIL] | YouTube  | [Normal]     | 96%    |   36.0ms | :face-blue-droopy-eyes:...
[ENTERTAINM] | YouTube  | [Normal]     | 98%    |   68.8ms | :face-blue-wide-eyes::face-green-smiling...
[GAMING/GAM] | YouTube  | [Normal]     | 83%    |   56.6ms | mark watch out there's a intruder top le...
[GAMING/GAM] | YouTube  | [Normal]     | 79%    |   49.8ms | thats not polite...
[MUSIC/CHIL] | YouTube  | [Normal]     | 94%    |  105.7ms | y me quede con más hambre que la que lle...
[ENTERTAINM] | YouTube  | [Normal]     | 96%    |   36.6ms | cheese...
[GAMING/GAM] | YouTube  | [Normal]     | 96%    |   40.2ms | Stack under map missing in Interior...
[ENTERTAINM] | YouTube  | [Normal]     | 96%    |  180.8ms | :hand-pink-waving::face-blue-smiling::fa...
[GAMING/GAM] | YouTube  | [Normal]     | 96%    |   31.1ms | It's louder thanks!...
[GAMING/GAM] | YouTube  | [Normal]     | 93%    |   43.8ms | low key tripping  but the pier feels sho...
[ENTERTAINM] | YouTube  | [Normal]     | 98%    |   40.8ms | hello! :hand-pink-waving:...
[GAMING/SUR] | YouTube  | [Normal]     | 89%    |   53.5ms | None of the games you`ve played recently...
[GAMING/GAM] | YouTube  | [Normal]     | 89%    |   32.6ms | u jinx it...
[GAMING/GAM] | YouTube  | [Normal]     | 97%    |   37.0ms | My first mark stream!!! this is awesome...
[GAMING/GAM] | YouTube  | [Normal]     | 85%    |   30.1ms | DEAD BODY ON CABIN...
[GAMING/GAM] | YouTube  | [Normal]     | 96%    |   34.6ms | Cross??...
[GAMING/GAM] | YouTube  | [Normal]     | 97%    |   36.0ms | MOVEMENT RAILING NEAR PAINT CANS !!!...
[SELF-HELP/] | YouTube  | [Normal]     | 92%    |   30.0ms | everyone is complex...
[ENTERTAINM] | YouTube  | [Normal]     | 93%    |   44.0ms | هههههههههه...
[ENTERTAINM] | YouTube  | [Normal]     | 98%    |  103.9ms | :chequered_flag::chequered_flag::chequer...
[SELF-HELP/] | YouTube  | [Normal]     | 84%    |   26.4ms | agrarianism...
[GAMING/GAM] | YouTube  | [Normal]     | 97%    |   31.6ms | ATTACK ON TITAN...
[GAMING/GAM] | YouTube  | [Normal]     | 97%    |   35.5ms | the railing entrance moved @markiplier...
[GAMING/GAM] | YouTube  | [Normal]     | 95%    |   68.6ms | STAIRWELL: left side railing moved  you ...
[GAMING/GAM] | YouTube  | [Normal]     | 61%    |   34.7ms | theres a person on the bed!...
[GAMING/GAM] | YouTube  | [Normal]     | 83%    |   38.6ms | THE PICTURE ABOVE THE BED KEEPS GLITCHIN...
[ENTERTAINM] | YouTube  | [Normal]     | 96%    |   40.2ms | :red_heart::partying_face:...
[ENTERTAINM] | YouTube  | [Normal]     | 94%    |   25.0ms | hi...
[ENTERTAINM] | YouTube  | [Normal]     | 88%    |   30.4ms | bleeeehgghhhhhhh...
[ENTERTAINM] | YouTube  | [Normal]     | 97%    |   28.0ms | I am from India...
[ENTERTAINM] | YouTube  | [Normal]     | 80%    |   42.6ms | What would u do if u got to a billion su...
[ENTERTAINM] | YouTube  | [Normal]     | 98%    |   42.3ms | :hand-pink-waving:...
[GAMING/GAM] | YouTube  | [Normal]     | 93%    |   32.5ms | gg...
[NEWS/LIVE ] | YouTube  | [HATE]       | 58%    |   54.0ms | even pope said ''if you want to come in ...
[GAMING/GAM] | YouTube  | [Normal]     | 96%    |   42.6ms | Harness?????????????...
[GAMING/GAM] | YouTube  | [Normal]     | 94%    |   37.1ms | YEAAAAHHHH...
[GAMING/GAM] | YouTube  | [Normal]     | 95%    |   47.8ms | Congrats!!!! It was really good!...
[ENTERTAINM] | YouTube  | [Normal]     | 96%    |   31.1ms | New member...
[GAMING/GAM] | YouTube  | [Normal]     | 95%    |   59.3ms | CHECK STAIRS!!!!!! :folded_hands::folded...
[GAMING/GAM] | YouTube  | [Normal]     | 97%    |   42.2ms | i am SO ready for the home release...
[ENTERTAINM] | YouTube  | [Normal]     | 97%    |   37.9ms | I love you MR.Beast...
[GAMING/GAM] | YouTube  | [Normal]     | 97%    |   39.1ms | Which platform is it going to be in?...
[GAMING/SUR] | YouTube  | [Normal]     | 93%    |   34.2ms | right click...
[GAMING/GAM] | YouTube  | [Normal]     | 93%    |   34.7ms | YAYYY...
[ENTERTAINM] | YouTube  | [Normal]     | 90%    |   32.6ms | ㅋㅋㅋㅋㅋ...
[GAMING/GAM] | YouTube  | [Normal]     | 97%    |   37.1ms | will it b available in Canada?...
[ENTERTAINM] | YouTube  | [Normal]     | 90%    |   35.0ms | labdbdh...
[GAMING/SUR] | YouTube  | [Normal]     | 94%    |   82.9ms | at this rate of electrical engineering w...
[SELF-HELP/] | YouTube  | [Normal]     | 97%    |   42.7ms | like Dr. Strange lol...
[GAMING/GAM] | YouTube  | [Normal]     | 97%    |   51.2ms | :index_pointing_up::index_pointing_up::i...
[GAMING/GAM] | YouTube  | [Normal]     | 93%    |   29.3ms | iron lung merch?...
[GAMING/GAM] | YouTube  | [Normal]     | 96%    |   55.7ms | I know I'm gonna be missing the Big Game...
[GAMING/GAM] | YouTube  | [Normal]     | 97%    |   38.6ms | there's snakes on the plane!!...
[ENTERTAINM] | YouTube  | [Normal]     | 96%    |   55.8ms | :learning::learning::learning::learning:...
[ENTERTAINM] | YouTube  | [Normal]     | 94%    |   45.1ms | :cold_face:...
[GAMING/SUR] | YouTube  | [Normal]     | 96%    |   41.1ms | LOL...
[GAMING/GAM] | YouTube  | [Normal]     | 88%    |   46.6ms | a big jumpscare anomaly in this are woul...
[GAMING/SUR] | YouTube  | [Normal]     | 66%    |   49.0ms | at least the only person hes got to worr...
[GAMING/SUR] | YouTube  | [Normal]     | 90%    |   35.0ms | Gingy FOUND A TURRET AND PUT IT SOMEWHER...
[GAMING/GAM] | YouTube  | [Normal]     | 92%    |   36.6ms | yeah...
[GAMING/GAM] | YouTube  | [Normal]     | 91%    |   30.7ms | Corner...
[ENTERTAINM] | YouTube  | [Normal]     | 97%    |   32.2ms | shout-out...
[GAMING/SUR] | YouTube  | [Normal]     | 95%    |   37.9ms | it was the squirrel's land first...
[GAMING/GAM] | YouTube  | [Normal]     | 97%    |   55.1ms | The cockpit's gonna be tough with all th...
[PSYCHOLOGY] | YouTube  | [Normal]     | 98%    |   47.3ms | on mets le patate...
[NEWS/LIVE ] | YouTube  | [Normal]     | 90%    |   45.7ms | Bone Spurs is not a good basketball name...
[GAMING/SUR] | YouTube  | [Normal]     | 95%    |   34.5ms | PEANUT...
[GAMING/GAM] | YouTube  | [Normal]     | 91%    |   28.0ms | normal rn...
[GAMING/GAM] | YouTube  | [Normal]     | 95%    |   26.0ms | the banana flip!...
[GAMING/GAM] | YouTube  | [Normal]     | 94%    |   27.2ms | eyes in the windows...
[MUSIC/CHIL] | YouTube  | [Normal]     | 97%    |   41.3ms | SKOLIM & CLEO - Lubimy (Official Video) ...
[GAMING/GAM] | YouTube  | [Normal]     | 84%    |   32.0ms | Toilet!!!!...
[GAMING/SUR] | YouTube  | [Normal]     | 94%    |   27.0ms | need auto sort...
[GAMING/GAM] | YouTube  | [Normal]     | 96%    |   27.0ms | RED MUG IN COCKPIT...
[GAMING/GAM] | YouTube  | [Normal]     | 96%    |   44.0ms | PURSE IN BUSINESS IS DIFFERENT COLOR...
[GAMING/GAM] | YouTube  | [Normal]     | 89%    |   31.6ms | BUISNESS PILLOW...
[GAMING/GAM] | YouTube  | [Normal]     | 96%    |   45.6ms | wait extra donuts???...
[ENTERTAINM] | YouTube  | [Normal]     | 94%    |   24.0ms | Hi...
[GAMING/SUR] | YouTube  | [Normal]     | 94%    |   28.0ms | 1box has it...
[SPORTS/FOO] | YouTube  | [Normal]     | 96%    |   46.0ms | 이거 어디 경기야? 혹시 캐나다?...
[GAMING/SUR] | YouTube  | [Normal]     | 85%    |   38.3ms | As long as it’s not the door codes too. ...
[GAMING/GAM] | YouTube  | [Normal]     | 82%    |   37.1ms | can't tell if im seeing things or if my ...
[GAMING/GAM] | YouTube  | [Normal]     | 96%    |   30.7ms | entrance: distorted camera maybe?...
[GAMING/GAM] | YouTube  | [Normal]     | 96%    |   28.4ms | hi chat  hi Mark...
[MUSIC/CHIL] | YouTube  | [Normal]     | 96%    |   30.4ms | aha Hello beta...
[GAMING/SUR] | YouTube  | [Normal]     | 91%    |   30.0ms | GIVE ME THE SECOND BUG MAC PEANUT...
[GAMING/SUR] | YouTube  | [Normal]     | 51%    |   29.3ms | i think they ment thank you...
[GAMING/SUR] | YouTube  | [Normal]     | 94%    |   25.6ms | 13...
[GAMING/GAM] | YouTube  | [Normal]     | 96%    |   34.3ms | We can see the light!!!...
[GAMING/GAM] | YouTube  | [Normal]     | 93%    |   30.1ms | THE BROWN SUITCASE IN THE CAT WALK...
[VALORANT/G] | Twitch   | [Normal]     | 94%    |   25.3ms | !games...
[VALORANT/G] | Twitch   | [Normal]     | 94%    |   32.0ms | @jeanguo conter strik...
[VALORANT/G] | Twitch   | [Normal]     | 95%    |   32.6ms | it’s just map 1...
[VALORANT/G] | Twitch   | [Normal]     | 91%    |   50.3ms | @caffeinediff HAH maybe ask for help nex...
[RELATIONSH] | Twitch   | [Normal]     | 93%    |   37.1ms | OOOO...
[VALORANT/G] | Twitch   | [Normal]     | 95%    |   45.8ms | @LifenUpT +1...
[RELATIONSH] | Twitch   | [Normal]     | 92%    |   35.2ms | WW...
[RELATIONSH] | Twitch   | [Normal]     | 96%    |   48.8ms | exemSturdy exemFloss exemSturdy...
[RELATIONSH] | Twitch   | [Normal]     | 96%    |  166.9ms | H-HE SO F-I-I-I-NE 😩 😩 😍 💕 💕 💕 H-HE SO F...
[RELATIONSH] | Twitch   | [Normal]     | 87%    |   31.8ms | no...
[RELATIONSH] | Twitch   | [Normal]     | 93%    |   33.9ms | mhm...
[ENTERTAINM] | Twitch   | [Normal]     | 92%    |   33.6ms | HUH  ͏...
[RELATIONSH] | Twitch   | [Normal]     | 96%    |   42.5ms | monkaLaugh...
[RELATIONSH] | Twitch   | [Normal]     | 94%    |   31.8ms | o7...
[RELATIONSH] | Twitch   | [Normal]     | 94%    |   29.7ms | o7...
[RELATIONSH] | Twitch   | [Normal]     | 97%    |   67.0ms | @blingximus I judge solely by Dean's sta...
[RELATIONSH] | Twitch   | [Normal]     | 86%    |   40.1ms | @MISTERARTHER are you high?...
[ENTERTAINM] | Twitch   | [Normal]     | 93%    |   31.6ms | YES...
[RELATIONSH] | Twitch   | [Normal]     | 92%    |   25.9ms | HUH...
[RELATIONSH] | Twitch   | [Normal]     | 95%    |   27.7ms | nmpStop...
[RELATIONSH] | Twitch   | [Normal]     | 92%    |   27.9ms | OH SHI...
[RELATIONSH] | Twitch   | [Normal]     | 95%    |   29.9ms | so many cables...
[RELATIONSH] | Twitch   | [Normal]     | 96%    |   28.0ms | LUL...
[RELATIONSH] | Twitch   | [OFFENSIVE]  | 60%    |   27.4ms | Bullshit...
[ENTERTAINM] | Twitch   | [Normal]     | 88%    |   31.5ms | scam...
[GAMING/CO‑] | Twitch   | [Normal]     | 89%    |   42.8ms | Do you have a gimp mask for him tho?...
