Sampling every 2s for 5000s -> F:\hate-speech-pipeline\reports\scaling\20260923-235321_p4_c4_r1\resource_WIX.csv
Run your load (throughput_bench.py / a live stream) now in another terminal.

[23:53:28] host CPU 0.0% RAM 77.5% | GPU 173MB/8% | kafka=4.18%/511.4MiB / 4.804GiB ; elasticsearch=0.50%/1.543GiB / 4.804
[23:53:32] host CPU 67.3% RAM 86.4% | GPU 175MB/3% | kafka=0.99%/509.7MiB / 4.804GiB ; elasticsearch=0.86%/1.543GiB / 4.804
[23:53:37] host CPU 59.0% RAM 88.6% | GPU 167MB/2% | kafka=0.97%/509.7MiB / 4.804GiB ; elasticsearch=0.59%/1.543GiB / 4.804
[23:53:40] host CPU 49.1% RAM 91.5% | GPU 171MB/4% | kafka=158.94%/584.8MiB / 4.804GiB ; elasticsearch=0.28%/1.543GiB / 4.8
[23:53:45] host CPU 12.9% RAM 91.9% | GPU 164MB/2% | kafka=0.75%/507.6MiB / 4.804GiB ; elasticsearch=0.41%/1.543GiB / 4.804
[23:53:49] host CPU 23.4% RAM 93.7% | GPU 154MB/2% | kafka=1.17%/507.8MiB / 4.804GiB ; elasticsearch=11.48%/1.544GiB / 4.80
[23:53:53] host CPU 51.4% RAM 93.7% | GPU 157MB/5% | kafka=25.45%/507.8MiB / 4.804GiB ; elasticsearch=43.68%/1.544GiB / 4.8
[23:53:58] host CPU 47.4% RAM 93.5% | GPU 153MB/1% | kafka=1.12%/507.8MiB / 4.804GiB ; elasticsearch=17.24%/1.549GiB / 4.80
[23:54:03] host CPU 41.1% RAM 93.5% | GPU 159MB/1% | kafka=61.49%/532.6MiB / 4.804GiB ; elasticsearch=16.31%/1.54GiB / 4.80
[23:54:07] host CPU 57.0% RAM 93.5% | GPU 155MB/1% | kafka=1.55%/507.9MiB / 4.804GiB ; elasticsearch=16.64%/1.541GiB / 4.80
[23:54:12] host CPU 41.3% RAM 93.6% | GPU 156MB/2% | kafka=1.12%/507.9MiB / 4.804GiB ; elasticsearch=16.52%/1.541GiB / 4.80
[23:54:16] host CPU 39.5% RAM 93.5% | GPU 156MB/2% | kafka=141.95%/576.6MiB / 4.804GiB ; elasticsearch=9.07%/1.541GiB / 4.8
[23:54:20] host CPU 52.5% RAM 93.6% | GPU 161MB/1% | kafka=0.99%/507.9MiB / 4.804GiB ; elasticsearch=8.22%/1.541GiB / 4.804
[23:54:25] host CPU 49.9% RAM 93.6% | GPU 161MB/2% | kafka=1.22%/507.9MiB / 4.804GiB ; elasticsearch=8.91%/1.541GiB / 4.804
[23:54:29] host CPU 46.6% RAM 93.9% | GPU 154MB/6% | kafka=104.41%/580.3MiB / 4.804GiB ; elasticsearch=7.71%/1.541GiB / 4.8
[23:54:33] host CPU 48.3% RAM 93.7% | GPU 160MB/2% | kafka=1.17%/507.9MiB / 4.804GiB ; elasticsearch=7.75%/1.541GiB / 4.804
[23:54:38] host CPU 39.8% RAM 93.6% | GPU 151MB/2% | kafka=1.02%/507.9MiB / 4.804GiB ; elasticsearch=8.85%/1.541GiB / 4.804
[23:54:42] host CPU 54.8% RAM 93.8% | GPU 154MB/1% | kafka=1.66%/507.9MiB / 4.804GiB ; elasticsearch=19.41%/1.541GiB / 4.80
[23:54:47] host CPU 39.1% RAM 93.8% | GPU 154MB/1% | kafka=1.16%/507.9MiB / 4.804GiB ; elasticsearch=9.03%/1.541GiB / 4.804
[23:54:52] host CPU 40.0% RAM 93.8% | GPU 157MB/3% | kafka=97.93%/539.2MiB / 4.804GiB ; elasticsearch=8.20%/1.541GiB / 4.80
[23:54:56] host CPU 55.2% RAM 93.7% | GPU 152MB/1% | kafka=1.11%/507.9MiB / 4.804GiB ; elasticsearch=8.40%/1.541GiB / 4.804
[23:55:00] host CPU 39.5% RAM 93.7% | GPU 158MB/1% | kafka=1.25%/508.2MiB / 4.804GiB ; elasticsearch=8.75%/1.541GiB / 4.804
[23:55:04] host CPU 40.5% RAM 93.7% | GPU 158MB/5% | kafka=159.66%/589.2MiB / 4.804GiB ; elasticsearch=10.23%/1.541GiB / 4.
[23:55:09] host CPU 50.9% RAM 94.0% | GPU 155MB/3% | kafka=1.23%/507.9MiB / 4.804GiB ; elasticsearch=10.42%/1.541GiB / 4.80
[23:55:13] host CPU 38.8% RAM 93.8% | GPU 161MB/3% | kafka=1.74%/507.9MiB / 4.804GiB ; elasticsearch=8.93%/1.541GiB / 4.804
[23:55:18] host CPU 50.6% RAM 93.7% | GPU 155MB/2% | kafka=1.19%/507.9MiB / 4.804GiB ; elasticsearch=7.75%/1.541GiB / 4.804
[23:55:23] host CPU 43.5% RAM 93.9% | GPU 160MB/2% | kafka=1.84%/507.9MiB / 4.804GiB ; elasticsearch=8.52%/1.541GiB / 4.804
[23:55:27] host CPU 42.7% RAM 93.8% | GPU 154MB/2% | kafka=182.59%/549.8MiB / 4.804GiB ; elasticsearch=11.75%/1.541GiB / 4.
[23:55:32] host CPU 57.9% RAM 93.9% | GPU 161MB/3% | kafka=1.62%/507.9MiB / 4.804GiB ; elasticsearch=8.19%/1.541GiB / 4.804
[23:55:36] host CPU 39.3% RAM 93.9% | GPU 155MB/5% | kafka=2.23%/508MiB / 4.804GiB ; elasticsearch=7.89%/1.541GiB / 4.804Gi
[23:55:40] host CPU 44.5% RAM 93.5% | GPU 159MB/5% | kafka=173.44%/566.1MiB / 4.804GiB ; elasticsearch=8.70%/1.541GiB / 4.8
[23:55:44] host CPU 49.7% RAM 93.8% | GPU 164MB/1% | kafka=1.21%/508MiB / 4.804GiB ; elasticsearch=8.49%/1.541GiB / 4.804Gi
[23:55:49] host CPU 39.9% RAM 94.0% | GPU 156MB/3% | kafka=1.37%/508MiB / 4.804GiB ; elasticsearch=8.21%/1.541GiB / 4.804Gi
[23:55:53] host CPU 47.0% RAM 93.8% | GPU 162MB/3% | kafka=34.64%/508MiB / 4.804GiB ; elasticsearch=7.93%/1.541GiB / 4.804G
[23:55:58] host CPU 44.8% RAM 93.7% | GPU 158MB/2% | kafka=1.45%/508MiB / 4.804GiB ; elasticsearch=8.39%/1.541GiB / 4.804Gi
[23:56:03] host CPU 39.3% RAM 93.4% | GPU 164MB/1% | kafka=48.54%/530.9MiB / 4.804GiB ; elasticsearch=8.49%/1.541GiB / 4.80
[23:56:07] host CPU 55.4% RAM 93.7% | GPU 156MB/1% | kafka=1.07%/508MiB / 4.804GiB ; elasticsearch=9.00%/1.541GiB / 4.804Gi
[23:56:12] host CPU 41.3% RAM 93.8% | GPU 164MB/2% | kafka=1.08%/508MiB / 4.804GiB ; elasticsearch=8.36%/1.541GiB / 4.804Gi
[23:56:16] host CPU 38.4% RAM 93.8% | GPU 156MB/3% | kafka=153.75%/575.6MiB / 4.804GiB ; elasticsearch=7.84%/1.541GiB / 4.8
[23:56:20] host CPU 55.0% RAM 93.6% | GPU 159MB/2% | kafka=1.24%/508MiB / 4.804GiB ; elasticsearch=8.09%/1.541GiB / 4.804Gi
[23:56:25] host CPU 43.2% RAM 93.6% | GPU 161MB/1% | kafka=1.25%/508MiB / 4.804GiB ; elasticsearch=7.97%/1.541GiB / 4.804Gi
[23:56:29] host CPU 47.8% RAM 93.8% | GPU 154MB/3% | kafka=151.24%/581MiB / 4.804GiB ; elasticsearch=8.08%/1.541GiB / 4.804
[23:56:33] host CPU 53.5% RAM 93.6% | GPU 156MB/3% | kafka=1.36%/508.8MiB / 4.804GiB ; elasticsearch=8.39%/1.541GiB / 4.804
[23:56:38] host CPU 42.0% RAM 93.7% | GPU 156MB/2% | kafka=1.50%/508.8MiB / 4.804GiB ; elasticsearch=8.75%/1.541GiB / 4.804
[23:56:43] host CPU 52.5% RAM 93.7% | GPU 164MB/2% | kafka=1.27%/508.8MiB / 4.804GiB ; elasticsearch=7.87%/1.542GiB / 4.804
[23:56:47] host CPU 41.0% RAM 93.7% | GPU 156MB/5% | kafka=1.35%/508.8MiB / 4.804GiB ; elasticsearch=7.82%/1.542GiB / 4.804
[23:56:52] host CPU 40.9% RAM 93.6% | GPU 162MB/7% | kafka=5.28%/510.6MiB / 4.804GiB ; elasticsearch=7.61%/1.541GiB / 4.804
[23:56:56] host CPU 52.7% RAM 93.8% | GPU 155MB/1% | kafka=1.24%/508.8MiB / 4.804GiB ; elasticsearch=7.66%/1.541GiB / 4.804
[23:57:00] host CPU 39.0% RAM 93.5% | GPU 162MB/2% | kafka=1.30%/510.5MiB / 4.804GiB ; elasticsearch=11.81%/1.541GiB / 4.80
[23:57:05] host CPU 39.6% RAM 93.5% | GPU 162MB/2% | kafka=172.68%/553.8MiB / 4.804GiB ; elasticsearch=7.83%/1.541GiB / 4.8
[23:57:09] host CPU 52.9% RAM 94.0% | GPU 157MB/1% | kafka=1.23%/510.5MiB / 4.804GiB ; elasticsearch=7.63%/1.541GiB / 4.804
[23:57:13] host CPU 41.5% RAM 93.8% | GPU 163MB/6% | kafka=1.59%/510.5MiB / 4.804GiB ; elasticsearch=7.60%/1.541GiB / 4.804
[23:57:18] host CPU 46.5% RAM 93.7% | GPU 152MB/6% | kafka=1.88%/510.5MiB / 4.804GiB ; elasticsearch=8.75%/1.541GiB / 4.804
[23:57:23] host CPU 48.1% RAM 93.3% | GPU 155MB/6% | kafka=1.06%/510.5MiB / 4.804GiB ; elasticsearch=8.17%/1.542GiB / 4.804
[23:57:27] host CPU 37.4% RAM 93.3% | GPU 153MB/2% | kafka=85.31%/539.2MiB / 4.804GiB ; elasticsearch=20.58%/1.542GiB / 4.8
[23:57:32] host CPU 67.9% RAM 93.7% | GPU 162MB/2% | kafka=3.04%/510.5MiB / 4.804GiB ; elasticsearch=8.15%/1.542GiB / 4.804
[23:57:36] host CPU 44.5% RAM 93.5% | GPU 154MB/1% | kafka=1.19%/510.5MiB / 4.804GiB ; elasticsearch=8.72%/1.542GiB / 4.804
[23:57:40] host CPU 41.6% RAM 93.4% | GPU 159MB/1% | kafka=132.30%/546.4MiB / 4.804GiB ; elasticsearch=7.68%/1.542GiB / 4.8
[23:57:45] host CPU 54.4% RAM 93.7% | GPU 161MB/5% | kafka=1.08%/510.5MiB / 4.804GiB ; elasticsearch=6.92%/1.542GiB / 4.804
[23:57:49] host CPU 39.4% RAM 93.9% | GPU 155MB/5% | kafka=1.36%/510.5MiB / 4.804GiB ; elasticsearch=8.19%/1.542GiB / 4.804
[23:57:54] host CPU 42.0% RAM 93.6% | GPU 162MB/3% | kafka=149.72%/582.9MiB / 4.804GiB ; elasticsearch=7.79%/1.542GiB / 4.8
[23:57:58] host CPU 50.3% RAM 93.7% | GPU 156MB/3% | kafka=1.41%/510.5MiB / 4.804GiB ; elasticsearch=8.14%/1.542GiB / 4.804
[23:58:03] host CPU 40.6% RAM 93.7% | GPU 158MB/3% | kafka=1.16%/510.5MiB / 4.804GiB ; elasticsearch=8.50%/1.542GiB / 4.804
[23:58:07] host CPU 51.8% RAM 93.7% | GPU 155MB/2% | kafka=1.57%/510.5MiB / 4.804GiB ; elasticsearch=8.15%/1.542GiB / 4.804
[23:58:12] host CPU 43.2% RAM 93.7% | GPU 162MB/3% | kafka=1.59%/510.5MiB / 4.804GiB ; elasticsearch=5.78%/1.542GiB / 4.804
[23:58:16] host CPU 29.5% RAM 93.7% | GPU 155MB/2% | kafka=185.01%/568MiB / 4.804GiB ; elasticsearch=6.94%/1.542GiB / 4.804
[23:58:20] host CPU 40.3% RAM 93.6% | GPU 162MB/1% | kafka=1.51%/510.6MiB / 4.804GiB ; elasticsearch=4.37%/1.542GiB / 4.804
[23:58:25] host CPU 21.2% RAM 93.6% | GPU 164MB/1% | kafka=1.99%/511MiB / 4.804GiB ; elasticsearch=49.46%/1.554GiB / 4.804G
