Sampling every 2s for 5000s -> F:\hate-speech-pipeline\reports\scaling\20260926-173624_p4_c4_r2\resource_WIX.csv
Run your load (throughput_bench.py / a live stream) now in another terminal.

[17:36:28] host CPU 100.0% RAM 76.2% | GPU 198MB/9% | kafka=0.56%/803.7MiB / 4.804GiB ; elasticsearch=0.37%/1.536GiB / 4.804
[17:36:32] host CPU 43.9% RAM 84.5% | GPU 203MB/2% | kafka=0.93%/803.9MiB / 4.804GiB ; elasticsearch=0.64%/1.536GiB / 4.804
[17:36:36] host CPU 61.8% RAM 86.6% | GPU 204MB/1% | kafka=42.83%/804MiB / 4.804GiB ; elasticsearch=0.59%/1.536GiB / 4.804G
[17:36:40] host CPU 59.8% RAM 89.0% | GPU 208MB/5% | kafka=0.84%/804.1MiB / 4.804GiB ; elasticsearch=4.10%/1.536GiB / 4.804
[17:36:44] host CPU 38.1% RAM 91.0% | GPU 208MB/3% | kafka=0.69%/804.6MiB / 4.804GiB ; elasticsearch=1.41%/1.536GiB / 4.804
[17:36:48] host CPU 11.3% RAM 91.2% | GPU 204MB/1% | kafka=1.35%/805.5MiB / 4.804GiB ; elasticsearch=1.12%/1.536GiB / 4.804
[17:36:53] host CPU 20.9% RAM 93.5% | GPU 205MB/2% | kafka=4.65%/811.8MiB / 4.804GiB ; elasticsearch=11.67%/1.537GiB / 4.80
[17:36:58] host CPU 36.6% RAM 93.6% | GPU 202MB/1% | kafka=156.06%/891.3MiB / 4.804GiB ; elasticsearch=17.40%/1.537GiB / 4.
[17:37:02] host CPU 45.3% RAM 93.8% | GPU 204MB/2% | kafka=4.04%/811.2MiB / 4.804GiB ; elasticsearch=6.95%/1.537GiB / 4.804
[17:37:06] host CPU 26.7% RAM 93.8% | GPU 199MB/1% | kafka=3.89%/811.2MiB / 4.804GiB ; elasticsearch=13.95%/1.537GiB / 4.80
[17:37:10] host CPU 43.9% RAM 93.8% | GPU 201MB/6% | kafka=4.35%/811.6MiB / 4.804GiB ; elasticsearch=11.57%/1.537GiB / 4.80
[17:37:15] host CPU 37.3% RAM 93.9% | GPU 197MB/2% | kafka=3.91%/811.4MiB / 4.804GiB ; elasticsearch=8.47%/1.537GiB / 4.804
[17:37:18] host CPU 25.1% RAM 94.0% | GPU 197MB/2% | kafka=4.05%/811.5MiB / 4.804GiB ; elasticsearch=9.08%/1.537GiB / 4.804
[17:37:23] host CPU 52.4% RAM 93.9% | GPU 203MB/2% | kafka=5.54%/811.6MiB / 4.804GiB ; elasticsearch=5.73%/1.537GiB / 4.804
[17:37:28] host CPU 34.3% RAM 93.9% | GPU 202MB/6% | kafka=3.73%/811.7MiB / 4.804GiB ; elasticsearch=6.00%/1.538GiB / 4.804
[17:37:32] host CPU 31.9% RAM 93.9% | GPU 206MB/1% | kafka=95.86%/844MiB / 4.804GiB ; elasticsearch=5.76%/1.537GiB / 4.804G
[17:37:36] host CPU 37.9% RAM 93.9% | GPU 198MB/2% | kafka=3.73%/811.8MiB / 4.804GiB ; elasticsearch=5.38%/1.537GiB / 4.804
[17:37:40] host CPU 27.9% RAM 93.9% | GPU 202MB/4% | kafka=3.49%/811.9MiB / 4.804GiB ; elasticsearch=5.33%/1.537GiB / 4.804
[17:37:45] host CPU 31.5% RAM 93.9% | GPU 196MB/1% | kafka=45.98%/812MiB / 4.804GiB ; elasticsearch=6.24%/1.538GiB / 4.804G
[17:37:48] host CPU 36.2% RAM 94.2% | GPU 196MB/2% | kafka=4.10%/812.3MiB / 4.804GiB ; elasticsearch=5.83%/1.538GiB / 4.804
[17:37:53] host CPU 30.8% RAM 93.9% | GPU 199MB/1% | kafka=3.84%/812.4MiB / 4.804GiB ; elasticsearch=4.90%/1.538GiB / 4.804
[17:37:58] host CPU 39.0% RAM 94.0% | GPU 198MB/2% | kafka=3.79%/811.5MiB / 4.804GiB ; elasticsearch=5.88%/1.537GiB / 4.804
[17:38:02] host CPU 34.1% RAM 94.0% | GPU 202MB/2% | kafka=3.60%/811.8MiB / 4.804GiB ; elasticsearch=4.47%/1.537GiB / 4.804
[17:38:06] host CPU 28.0% RAM 94.0% | GPU 198MB/2% | kafka=177.66%/857.6MiB / 4.804GiB ; elasticsearch=5.77%/1.537GiB / 4.8
[17:38:10] host CPU 47.2% RAM 94.1% | GPU 199MB/5% | kafka=3.84%/812MiB / 4.804GiB ; elasticsearch=5.32%/1.538GiB / 4.804Gi
[17:38:15] host CPU 25.5% RAM 94.1% | GPU 196MB/2% | kafka=4.17%/811.8MiB / 4.804GiB ; elasticsearch=5.67%/1.538GiB / 4.804
[17:38:18] host CPU 29.2% RAM 94.2% | GPU 196MB/1% | kafka=140.02%/885.3MiB / 4.804GiB ; elasticsearch=7.12%/1.538GiB / 4.8
[17:38:23] host CPU 40.0% RAM 94.1% | GPU 202MB/2% | kafka=4.43%/812.3MiB / 4.804GiB ; elasticsearch=5.47%/1.538GiB / 4.804
[17:38:28] host CPU 30.9% RAM 94.0% | GPU 196MB/2% | kafka=3.74%/812.1MiB / 4.804GiB ; elasticsearch=5.28%/1.538GiB / 4.804
[17:38:32] host CPU 41.9% RAM 94.2% | GPU 200MB/2% | kafka=4.33%/812.2MiB / 4.804GiB ; elasticsearch=9.19%/1.538GiB / 4.804
[17:38:36] host CPU 29.5% RAM 94.1% | GPU 199MB/4% | kafka=3.96%/812.2MiB / 4.804GiB ; elasticsearch=6.34%/1.538GiB / 4.804
[17:38:40] host CPU 34.4% RAM 94.2% | GPU 202MB/6% | kafka=3.75%/812.3MiB / 4.804GiB ; elasticsearch=5.96%/1.538GiB / 4.804
[17:38:45] host CPU 43.8% RAM 94.1% | GPU 196MB/1% | kafka=3.57%/812.4MiB / 4.804GiB ; elasticsearch=5.46%/1.538GiB / 4.804
[17:38:48] host CPU 31.9% RAM 93.7% | GPU 207MB/6% | kafka=3.60%/812.5MiB / 4.804GiB ; elasticsearch=6.07%/1.538GiB / 4.804
[17:38:53] host CPU 38.7% RAM 93.6% | GPU 207MB/3% | kafka=133.54%/885.6MiB / 4.804GiB ; elasticsearch=6.08%/1.538GiB / 4.8
[17:38:58] host CPU 36.3% RAM 93.7% | GPU 198MB/0% | kafka=3.64%/812.7MiB / 4.804GiB ; elasticsearch=5.33%/1.538GiB / 4.804
[17:39:02] host CPU 31.1% RAM 93.7% | GPU 203MB/0% | kafka=3.76%/813MiB / 4.804GiB ; elasticsearch=5.51%/1.538GiB / 4.804Gi
[17:39:06] host CPU 39.5% RAM 93.8% | GPU 191MB/0% | kafka=4.39%/813.6MiB / 4.804GiB ; elasticsearch=5.86%/1.538GiB / 4.804
[17:39:10] host CPU 28.4% RAM 93.8% | GPU 196MB/7% | kafka=3.77%/812.9MiB / 4.804GiB ; elasticsearch=11.52%/1.538GiB / 4.80
[17:39:15] host CPU 23.7% RAM 93.3% | GPU 189MB/0% | kafka=101.26%/848.8MiB / 4.804GiB ; elasticsearch=5.54%/1.538GiB / 4.8
[17:39:19] host CPU 40.1% RAM 93.8% | GPU 189MB/0% | kafka=3.70%/813.1MiB / 4.804GiB ; elasticsearch=8.23%/1.538GiB / 4.804
[17:39:23] host CPU 28.6% RAM 93.4% | GPU 196MB/0% | kafka=3.61%/813.1MiB / 4.804GiB ; elasticsearch=5.76%/1.538GiB / 4.804
[17:39:28] host CPU 30.2% RAM 93.5% | GPU 191MB/0% | kafka=126.13%/888.3MiB / 4.804GiB ; elasticsearch=8.96%/1.538GiB / 4.8
[17:39:32] host CPU 41.9% RAM 93.8% | GPU 196MB/0% | kafka=3.52%/812.8MiB / 4.804GiB ; elasticsearch=5.34%/1.537GiB / 4.804
[17:39:36] host CPU 27.1% RAM 93.7% | GPU 191MB/0% | kafka=4.05%/812.6MiB / 4.804GiB ; elasticsearch=5.95%/1.538GiB / 4.804
[17:39:40] host CPU 44.6% RAM 93.9% | GPU 196MB/3% | kafka=3.89%/812.9MiB / 4.804GiB ; elasticsearch=5.28%/1.537GiB / 4.804
[17:39:45] host CPU 28.1% RAM 93.9% | GPU 189MB/5% | kafka=3.77%/813.2MiB / 4.804GiB ; elasticsearch=5.16%/1.538GiB / 4.804
[17:39:49] host CPU 27.6% RAM 94.0% | GPU 189MB/0% | kafka=3.85%/812.8MiB / 4.804GiB ; elasticsearch=5.47%/1.537GiB / 4.804
[17:39:53] host CPU 48.0% RAM 93.8% | GPU 198MB/0% | kafka=3.78%/812.9MiB / 4.804GiB ; elasticsearch=5.67%/1.538GiB / 4.804
[17:39:58] host CPU 25.8% RAM 93.8% | GPU 193MB/0% | kafka=4.57%/813MiB / 4.804GiB ; elasticsearch=5.40%/1.537GiB / 4.804Gi
[17:40:02] host CPU 26.9% RAM 93.8% | GPU 196MB/0% | kafka=185.23%/864.4MiB / 4.804GiB ; elasticsearch=6.12%/1.537GiB / 4.8
[17:40:06] host CPU 39.6% RAM 93.9% | GPU 191MB/0% | kafka=3.70%/813.4MiB / 4.804GiB ; elasticsearch=4.95%/1.537GiB / 4.804
[17:40:10] host CPU 31.3% RAM 93.8% | GPU 198MB/2% | kafka=3.80%/813.2MiB / 4.804GiB ; elasticsearch=5.74%/1.538GiB / 4.804
[17:40:15] host CPU 37.8% RAM 93.8% | GPU 189MB/0% | kafka=5.25%/812.7MiB / 4.804GiB ; elasticsearch=7.68%/1.536GiB / 4.804
[17:40:19] host CPU 31.7% RAM 94.1% | GPU 189MB/6% | kafka=4.33%/812MiB / 4.804GiB ; elasticsearch=6.10%/1.536GiB / 4.804Gi
[17:40:23] host CPU 27.8% RAM 93.7% | GPU 196MB/0% | kafka=3.74%/812.3MiB / 4.804GiB ; elasticsearch=4.99%/1.536GiB / 4.804
[17:40:28] host CPU 42.2% RAM 93.8% | GPU 189MB/0% | kafka=4.87%/812.2MiB / 4.804GiB ; elasticsearch=5.19%/1.536GiB / 4.804
[17:40:32] host CPU 27.6% RAM 93.8% | GPU 194MB/0% | kafka=3.30%/812.6MiB / 4.804GiB ; elasticsearch=16.43%/1.536GiB / 4.80
[17:40:36] host CPU 29.8% RAM 93.8% | GPU 191MB/0% | kafka=176.34%/866.5MiB / 4.804GiB ; elasticsearch=6.63%/1.536GiB / 4.8
[17:40:40] host CPU 45.3% RAM 93.8% | GPU 196MB/3% | kafka=3.75%/812.5MiB / 4.804GiB ; elasticsearch=5.18%/1.536GiB / 4.804
[17:40:45] host CPU 26.2% RAM 94.0% | GPU 196MB/0% | kafka=3.61%/812.6MiB / 4.804GiB ; elasticsearch=5.49%/1.537GiB / 4.804
[17:40:49] host CPU 35.5% RAM 94.0% | GPU 189MB/0% | kafka=106.82%/812.7MiB / 4.804GiB ; elasticsearch=6.83%/1.536GiB / 4.8
[17:40:53] host CPU 40.1% RAM 93.8% | GPU 199MB/0% | kafka=3.41%/812.8MiB / 4.804GiB ; elasticsearch=4.68%/1.537GiB / 4.804
[17:40:58] host CPU 25.1% RAM 93.8% | GPU 191MB/0% | kafka=3.70%/812.8MiB / 4.804GiB ; elasticsearch=5.48%/1.536GiB / 4.804
[17:41:02] host CPU 43.1% RAM 93.8% | GPU 194MB/0% | kafka=5.15%/812.9MiB / 4.804GiB ; elasticsearch=5.40%/1.537GiB / 4.804
[17:41:06] host CPU 30.8% RAM 93.8% | GPU 191MB/0% | kafka=4.06%/813MiB / 4.804GiB ; elasticsearch=5.10%/1.536GiB / 4.804Gi
[17:41:10] host CPU 27.3% RAM 93.8% | GPU 199MB/2% | kafka=190.58%/870.1MiB / 4.804GiB ; elasticsearch=5.45%/1.536GiB / 4.8
[17:41:15] host CPU 42.5% RAM 93.9% | GPU 199MB/0% | kafka=3.86%/813.4MiB / 4.804GiB ; elasticsearch=4.95%/1.537GiB / 4.804
[17:41:19] host CPU 25.0% RAM 94.0% | GPU 189MB/0% | kafka=4.35%/813.2MiB / 4.804GiB ; elasticsearch=5.40%/1.537GiB / 4.804
[17:41:23] host CPU 30.2% RAM 93.8% | GPU 196MB/0% | kafka=200.11%/874.2MiB / 4.804GiB ; elasticsearch=6.33%/1.537GiB / 4.8
[17:41:28] host CPU 39.6% RAM 93.9% | GPU 189MB/0% | kafka=4.68%/813.4MiB / 4.804GiB ; elasticsearch=19.64%/1.537GiB / 4.80
[17:41:32] host CPU 37.6% RAM 93.9% | GPU 196MB/0% | kafka=3.63%/813.5MiB / 4.804GiB ; elasticsearch=5.87%/1.537GiB / 4.804
[17:41:36] host CPU 44.5% RAM 93.9% | GPU 191MB/0% | kafka=4.39%/813.6MiB / 4.804GiB ; elasticsearch=6.62%/1.537GiB / 4.804
[17:41:40] host CPU 30.2% RAM 93.9% | GPU 196MB/3% | kafka=3.60%/813.9MiB / 4.804GiB ; elasticsearch=5.06%/1.537GiB / 4.804
[17:41:45] host CPU 24.6% RAM 93.9% | GPU 196MB/0% | kafka=143.90%/855MiB / 4.804GiB ; elasticsearch=5.50%/1.537GiB / 4.804
[17:41:49] host CPU 41.4% RAM 94.1% | GPU 189MB/0% | kafka=4.01%/813.8MiB / 4.804GiB ; elasticsearch=6.44%/1.537GiB / 4.804
[17:41:53] host CPU 28.4% RAM 93.9% | GPU 199MB/0% | kafka=3.61%/814.1MiB / 4.804GiB ; elasticsearch=5.83%/1.538GiB / 4.804
[17:41:58] host CPU 27.6% RAM 93.9% | GPU 191MB/0% | kafka=138.95%/894.2MiB / 4.804GiB ; elasticsearch=7.29%/1.537GiB / 4.8
[17:42:02] host CPU 44.5% RAM 94.0% | GPU 198MB/5% | kafka=4.03%/814.1MiB / 4.804GiB ; elasticsearch=5.68%/1.537GiB / 4.804
[17:42:06] host CPU 30.3% RAM 93.9% | GPU 192MB/0% | kafka=4.15%/814.4MiB / 4.804GiB ; elasticsearch=7.95%/1.537GiB / 4.804
[17:42:11] host CPU 43.4% RAM 93.9% | GPU 200MB/2% | kafka=63.97%/814.5MiB / 4.804GiB ; elasticsearch=5.22%/1.537GiB / 4.80
[17:42:15] host CPU 34.1% RAM 94.0% | GPU 194MB/0% | kafka=3.59%/814.3MiB / 4.804GiB ; elasticsearch=4.81%/1.537GiB / 4.804
[17:42:19] host CPU 29.2% RAM 94.1% | GPU 192MB/0% | kafka=4.22%/814.4MiB / 4.804GiB ; elasticsearch=5.10%/1.537GiB / 4.804
[17:42:23] host CPU 49.7% RAM 93.8% | GPU 200MB/0% | kafka=3.86%/814.5MiB / 4.804GiB ; elasticsearch=33.88%/1.538GiB / 4.80
[17:42:28] host CPU 31.2% RAM 93.9% | GPU 194MB/0% | kafka=4.06%/814.6MiB / 4.804GiB ; elasticsearch=5.32%/1.537GiB / 4.804
[17:42:32] host CPU 33.4% RAM 93.8% | GPU 200MB/1% | kafka=189.42%/864.6MiB / 4.804GiB ; elasticsearch=5.96%/1.537GiB / 4.8
[17:42:36] host CPU 34.7% RAM 92.7% | GPU 192MB/1% | kafka=1.43%/815.1MiB / 4.804GiB ; elasticsearch=0.56%/1.537GiB / 4.804
