Sampling every 2s for 5000s -> F:\hate-speech-pipeline\reports\scaling\20260926-172007_p4_c4_r3\resource_WIX.csv
Run your load (throughput_bench.py / a live stream) now in another terminal.

[17:20:11] host CPU 0.0% RAM 75.1% | GPU 198MB/9% | kafka=0.82%/686.3MiB / 4.804GiB ; elasticsearch=0.81%/1.531GiB / 4.804
[17:20:15] host CPU 40.6% RAM 83.4% | GPU 198MB/3% | kafka=0.82%/686.4MiB / 4.804GiB ; elasticsearch=4.15%/1.531GiB / 4.804
[17:20:19] host CPU 68.2% RAM 85.3% | GPU 201MB/3% | kafka=0.94%/686.7MiB / 4.804GiB ; elasticsearch=1.04%/1.531GiB / 4.804
[17:20:23] host CPU 55.1% RAM 87.3% | GPU 202MB/1% | kafka=0.93%/686.9MiB / 4.804GiB ; elasticsearch=0.58%/1.531GiB / 4.804
[17:20:28] host CPU 39.1% RAM 90.2% | GPU 196MB/1% | kafka=163.90%/750.6MiB / 4.804GiB ; elasticsearch=0.35%/1.531GiB / 4.8
[17:20:32] host CPU 10.3% RAM 89.6% | GPU 198MB/2% | kafka=1.53%/687.7MiB / 4.804GiB ; elasticsearch=0.54%/1.531GiB / 4.804
[17:20:37] host CPU 14.7% RAM 92.2% | GPU 200MB/2% | kafka=4.48%/690.2MiB / 4.804GiB ; elasticsearch=4.86%/1.531GiB / 4.804
[17:20:41] host CPU 29.2% RAM 92.3% | GPU 199MB/2% | kafka=3.07%/693.4MiB / 4.804GiB ; elasticsearch=4.66%/1.531GiB / 4.804
[17:20:45] host CPU 18.0% RAM 92.3% | GPU 199MB/3% | kafka=3.38%/696.1MiB / 4.804GiB ; elasticsearch=5.78%/1.531GiB / 4.804
[17:20:49] host CPU 16.9% RAM 92.0% | GPU 193MB/3% | kafka=27.08%/716.3MiB / 4.804GiB ; elasticsearch=9.27%/1.532GiB / 4.80
[17:20:53] host CPU 29.5% RAM 92.4% | GPU 196MB/1% | kafka=2.40%/701MiB / 4.804GiB ; elasticsearch=8.10%/1.532GiB / 4.804Gi
[17:20:57] host CPU 17.2% RAM 92.5% | GPU 196MB/2% | kafka=2.86%/703.7MiB / 4.804GiB ; elasticsearch=5.33%/1.532GiB / 4.804
[17:21:01] host CPU 19.7% RAM 92.3% | GPU 196MB/4% | kafka=162.33%/753.3MiB / 4.804GiB ; elasticsearch=5.91%/1.532GiB / 4.8
[17:21:05] host CPU 29.3% RAM 92.4% | GPU 199MB/3% | kafka=2.86%/708.5MiB / 4.804GiB ; elasticsearch=4.40%/1.532GiB / 4.804
[17:21:09] host CPU 18.0% RAM 92.5% | GPU 196MB/4% | kafka=2.98%/711.2MiB / 4.804GiB ; elasticsearch=3.55%/1.532GiB / 4.804
[17:21:14] host CPU 24.1% RAM 92.5% | GPU 196MB/2% | kafka=3.10%/713.6MiB / 4.804GiB ; elasticsearch=3.47%/1.533GiB / 4.804
[17:21:18] host CPU 18.9% RAM 92.4% | GPU 192MB/1% | kafka=2.77%/715.6MiB / 4.804GiB ; elasticsearch=3.52%/1.533GiB / 4.804
[17:21:22] host CPU 20.2% RAM 92.3% | GPU 198MB/2% | kafka=2.98%/718.2MiB / 4.804GiB ; elasticsearch=3.95%/1.533GiB / 4.804
[17:21:27] host CPU 23.7% RAM 92.6% | GPU 199MB/1% | kafka=2.72%/721MiB / 4.804GiB ; elasticsearch=3.94%/1.533GiB / 4.804Gi
[17:21:31] host CPU 19.5% RAM 92.6% | GPU 199MB/3% | kafka=2.53%/723.5MiB / 4.804GiB ; elasticsearch=3.91%/1.533GiB / 4.804
[17:21:35] host CPU 23.1% RAM 92.6% | GPU 199MB/3% | kafka=41.72%/724.5MiB / 4.804GiB ; elasticsearch=3.73%/1.533GiB / 4.80
[17:21:39] host CPU 22.2% RAM 92.6% | GPU 196MB/2% | kafka=2.58%/727.2MiB / 4.804GiB ; elasticsearch=5.52%/1.533GiB / 4.804
[17:21:43] host CPU 21.1% RAM 92.5% | GPU 198MB/1% | kafka=3.41%/729.5MiB / 4.804GiB ; elasticsearch=3.31%/1.533GiB / 4.804
[17:21:47] host CPU 26.5% RAM 92.8% | GPU 201MB/2% | kafka=2.62%/731.8MiB / 4.804GiB ; elasticsearch=3.51%/1.533GiB / 4.804
[17:21:51] host CPU 30.0% RAM 92.9% | GPU 198MB/3% | kafka=2.76%/735.2MiB / 4.804GiB ; elasticsearch=3.56%/1.533GiB / 4.804
[17:21:55] host CPU 16.8% RAM 92.7% | GPU 195MB/3% | kafka=20.25%/750.2MiB / 4.804GiB ; elasticsearch=3.34%/1.533GiB / 4.80
[17:22:00] host CPU 27.5% RAM 92.8% | GPU 196MB/3% | kafka=2.60%/737.6MiB / 4.804GiB ; elasticsearch=3.22%/1.533GiB / 4.804
[17:22:04] host CPU 21.6% RAM 92.9% | GPU 196MB/1% | kafka=2.67%/740.6MiB / 4.804GiB ; elasticsearch=3.80%/1.533GiB / 4.804
[17:22:08] host CPU 19.0% RAM 93.2% | GPU 192MB/2% | kafka=118.13%/816.2MiB / 4.804GiB ; elasticsearch=3.60%/1.533GiB / 4.8
[17:22:12] host CPU 25.8% RAM 93.0% | GPU 196MB/2% | kafka=2.50%/746.1MiB / 4.804GiB ; elasticsearch=3.94%/1.533GiB / 4.804
[17:22:17] host CPU 15.9% RAM 93.1% | GPU 196MB/2% | kafka=2.55%/748.6MiB / 4.804GiB ; elasticsearch=5.16%/1.534GiB / 4.804
[17:22:21] host CPU 29.5% RAM 93.0% | GPU 196MB/3% | kafka=2.70%/750.5MiB / 4.804GiB ; elasticsearch=4.11%/1.533GiB / 4.804
[17:22:25] host CPU 17.6% RAM 93.0% | GPU 196MB/3% | kafka=3.08%/753.3MiB / 4.804GiB ; elasticsearch=31.94%/1.534GiB / 4.80
[17:22:29] host CPU 19.7% RAM 93.0% | GPU 198MB/2% | kafka=91.20%/792.8MiB / 4.804GiB ; elasticsearch=3.36%/1.534GiB / 4.80
[17:22:33] host CPU 28.8% RAM 93.1% | GPU 199MB/1% | kafka=2.60%/757.2MiB / 4.804GiB ; elasticsearch=3.82%/1.534GiB / 4.804
[17:22:37] host CPU 16.7% RAM 93.3% | GPU 201MB/2% | kafka=2.68%/759.4MiB / 4.804GiB ; elasticsearch=3.92%/1.534GiB / 4.804
[17:22:41] host CPU 20.1% RAM 93.1% | GPU 196MB/3% | kafka=31.91%/762.3MiB / 4.804GiB ; elasticsearch=3.00%/1.534GiB / 4.80
[17:22:45] host CPU 27.1% RAM 93.2% | GPU 195MB/3% | kafka=2.64%/779.6MiB / 4.804GiB ; elasticsearch=3.40%/1.534GiB / 4.804
[17:22:50] host CPU 17.4% RAM 93.0% | GPU 198MB/3% | kafka=2.25%/769.4MiB / 4.804GiB ; elasticsearch=3.88%/1.534GiB / 4.804
[17:22:54] host CPU 23.0% RAM 93.1% | GPU 198MB/1% | kafka=2.22%/769.2MiB / 4.804GiB ; elasticsearch=3.90%/1.534GiB / 4.804
[17:22:58] host CPU 16.5% RAM 93.1% | GPU 192MB/2% | kafka=2.38%/769.6MiB / 4.804GiB ; elasticsearch=4.27%/1.534GiB / 4.804
[17:23:02] host CPU 17.9% RAM 93.1% | GPU 198MB/2% | kafka=39.31%/794.5MiB / 4.804GiB ; elasticsearch=6.67%/1.534GiB / 4.80
[17:23:07] host CPU 31.1% RAM 93.1% | GPU 199MB/2% | kafka=2.40%/769.5MiB / 4.804GiB ; elasticsearch=3.95%/1.534GiB / 4.804
[17:23:11] host CPU 16.3% RAM 93.1% | GPU 198MB/2% | kafka=10.77%/769.6MiB / 4.804GiB ; elasticsearch=3.27%/1.534GiB / 4.80
[17:23:15] host CPU 25.9% RAM 93.1% | GPU 199MB/2% | kafka=2.48%/769.6MiB / 4.804GiB ; elasticsearch=3.22%/1.534GiB / 4.804
[17:23:20] host CPU 18.8% RAM 93.0% | GPU 196MB/5% | kafka=2.43%/769.9MiB / 4.804GiB ; elasticsearch=3.56%/1.534GiB / 4.804
[17:23:24] host CPU 16.1% RAM 93.0% | GPU 197MB/2% | kafka=112.83%/811.1MiB / 4.804GiB ; elasticsearch=4.48%/1.534GiB / 4.8
[17:23:28] host CPU 24.6% RAM 93.3% | GPU 192MB/1% | kafka=2.80%/769.8MiB / 4.804GiB ; elasticsearch=3.44%/1.534GiB / 4.804
[17:23:32] host CPU 19.7% RAM 93.2% | GPU 196MB/2% | kafka=2.54%/769.9MiB / 4.804GiB ; elasticsearch=3.32%/1.534GiB / 4.804
[17:23:37] host CPU 19.8% RAM 92.7% | GPU 195MB/1% | kafka=3.43%/769.9MiB / 4.804GiB ; elasticsearch=4.00%/1.534GiB / 4.804
[17:23:41] host CPU 24.5% RAM 93.0% | GPU 196MB/2% | kafka=2.71%/770.5MiB / 4.804GiB ; elasticsearch=5.15%/1.535GiB / 4.804
[17:23:45] host CPU 18.6% RAM 92.9% | GPU 196MB/1% | kafka=2.39%/770MiB / 4.804GiB ; elasticsearch=3.90%/1.534GiB / 4.804Gi
[17:23:49] host CPU 28.5% RAM 93.0% | GPU 193MB/2% | kafka=2.50%/770.1MiB / 4.804GiB ; elasticsearch=5.36%/1.534GiB / 4.804
[17:23:53] host CPU 18.1% RAM 93.0% | GPU 196MB/2% | kafka=2.38%/770.2MiB / 4.804GiB ; elasticsearch=4.05%/1.534GiB / 4.804
[17:23:57] host CPU 18.9% RAM 92.9% | GPU 196MB/1% | kafka=95.60%/809.5MiB / 4.804GiB ; elasticsearch=3.23%/1.534GiB / 4.80
[17:24:01] host CPU 27.2% RAM 92.9% | GPU 196MB/1% | kafka=2.26%/770.5MiB / 4.804GiB ; elasticsearch=3.53%/1.534GiB / 4.804
[17:24:05] host CPU 18.2% RAM 92.9% | GPU 196MB/2% | kafka=2.27%/770.3MiB / 4.804GiB ; elasticsearch=3.21%/1.534GiB / 4.804
[17:24:10] host CPU 22.4% RAM 92.4% | GPU 198MB/5% | kafka=30.32%/770.3MiB / 4.804GiB ; elasticsearch=2.97%/1.534GiB / 4.80
[17:24:14] host CPU 22.7% RAM 92.8% | GPU 198MB/2% | kafka=2.49%/770.4MiB / 4.804GiB ; elasticsearch=3.22%/1.534GiB / 4.804
[17:24:18] host CPU 20.6% RAM 93.0% | GPU 193MB/7% | kafka=2.47%/770.7MiB / 4.804GiB ; elasticsearch=3.66%/1.534GiB / 4.804
[17:24:22] host CPU 26.1% RAM 92.8% | GPU 199MB/2% | kafka=2.63%/770.8MiB / 4.804GiB ; elasticsearch=3.62%/1.534GiB / 4.804
[17:24:27] host CPU 15.5% RAM 92.8% | GPU 195MB/1% | kafka=2.91%/770.6MiB / 4.804GiB ; elasticsearch=3.59%/1.534GiB / 4.804
[17:24:31] host CPU 20.2% RAM 92.9% | GPU 198MB/2% | kafka=181.22%/834.2MiB / 4.804GiB ; elasticsearch=3.36%/1.534GiB / 4.8
[17:24:35] host CPU 26.2% RAM 92.8% | GPU 198MB/1% | kafka=2.32%/770.7MiB / 4.804GiB ; elasticsearch=5.78%/1.534GiB / 4.804
[17:24:39] host CPU 18.7% RAM 92.4% | GPU 196MB/1% | kafka=2.72%/770.8MiB / 4.804GiB ; elasticsearch=5.63%/1.534GiB / 4.804
[17:24:43] host CPU 24.9% RAM 92.6% | GPU 196MB/2% | kafka=12.01%/771.1MiB / 4.804GiB ; elasticsearch=3.42%/1.534GiB / 4.80
[17:24:47] host CPU 19.8% RAM 93.0% | GPU 196MB/1% | kafka=2.80%/770.9MiB / 4.804GiB ; elasticsearch=3.42%/1.534GiB / 4.804
[17:24:51] host CPU 16.6% RAM 92.5% | GPU 198MB/1% | kafka=2.54%/771.2MiB / 4.804GiB ; elasticsearch=3.39%/1.534GiB / 4.804
[17:24:55] host CPU 23.6% RAM 92.7% | GPU 198MB/2% | kafka=2.82%/771.2MiB / 4.804GiB ; elasticsearch=3.84%/1.535GiB / 4.804
[17:25:00] host CPU 21.0% RAM 92.7% | GPU 198MB/3% | kafka=2.67%/771MiB / 4.804GiB ; elasticsearch=3.55%/1.535GiB / 4.804Gi
[17:25:04] host CPU 15.7% RAM 92.8% | GPU 198MB/2% | kafka=133.90%/847.1MiB / 4.804GiB ; elasticsearch=3.28%/1.534GiB / 4.8
[17:25:08] host CPU 27.5% RAM 92.9% | GPU 192MB/2% | kafka=3.23%/771.2MiB / 4.804GiB ; elasticsearch=3.39%/1.534GiB / 4.804
[17:25:12] host CPU 18.1% RAM 92.8% | GPU 198MB/1% | kafka=2.64%/771.2MiB / 4.804GiB ; elasticsearch=31.72%/1.535GiB / 4.80
[17:25:17] host CPU 24.9% RAM 92.9% | GPU 199MB/2% | kafka=2.64%/771.5MiB / 4.804GiB ; elasticsearch=4.09%/1.535GiB / 4.804
[17:25:21] host CPU 18.8% RAM 92.6% | GPU 196MB/2% | kafka=2.51%/771.3MiB / 4.804GiB ; elasticsearch=3.28%/1.535GiB / 4.804
[17:25:25] host CPU 19.2% RAM 92.6% | GPU 196MB/2% | kafka=116.98%/812.6MiB / 4.804GiB ; elasticsearch=3.03%/1.535GiB / 4.8
[17:25:29] host CPU 29.5% RAM 92.9% | GPU 196MB/2% | kafka=2.71%/772.4MiB / 4.804GiB ; elasticsearch=3.26%/1.535GiB / 4.804
[17:25:33] host CPU 15.6% RAM 92.8% | GPU 196MB/2% | kafka=2.65%/772.5MiB / 4.804GiB ; elasticsearch=4.00%/1.535GiB / 4.804
[17:25:37] host CPU 17.5% RAM 93.0% | GPU 195MB/1% | kafka=147.70%/851.8MiB / 4.804GiB ; elasticsearch=3.39%/1.535GiB / 4.8
[17:25:41] host CPU 27.9% RAM 92.8% | GPU 196MB/1% | kafka=2.55%/772.6MiB / 4.804GiB ; elasticsearch=3.42%/1.535GiB / 4.804
[17:25:45] host CPU 15.3% RAM 92.9% | GPU 196MB/2% | kafka=2.64%/772.4MiB / 4.804GiB ; elasticsearch=3.47%/1.535GiB / 4.804
[17:25:50] host CPU 31.1% RAM 92.8% | GPU 198MB/3% | kafka=2.51%/772.5MiB / 4.804GiB ; elasticsearch=5.04%/1.535GiB / 4.804
[17:25:54] host CPU 16.6% RAM 92.9% | GPU 198MB/2% | kafka=2.67%/772.8MiB / 4.804GiB ; elasticsearch=3.42%/1.535GiB / 4.804
[17:25:58] host CPU 17.4% RAM 92.9% | GPU 198MB/2% | kafka=52.25%/800.2MiB / 4.804GiB ; elasticsearch=3.45%/1.535GiB / 4.80
[17:26:02] host CPU 26.7% RAM 92.9% | GPU 198MB/1% | kafka=2.82%/772.7MiB / 4.804GiB ; elasticsearch=3.21%/1.535GiB / 4.804
[17:26:07] host CPU 15.1% RAM 92.9% | GPU 198MB/2% | kafka=3.08%/773MiB / 4.804GiB ; elasticsearch=13.64%/1.535GiB / 4.804G
[17:26:11] host CPU 26.9% RAM 92.9% | GPU 198MB/2% | kafka=2.76%/772.8MiB / 4.804GiB ; elasticsearch=3.99%/1.535GiB / 4.804
[17:26:15] host CPU 20.6% RAM 92.9% | GPU 198MB/2% | kafka=2.67%/772.8MiB / 4.804GiB ; elasticsearch=3.61%/1.535GiB / 4.804
[17:26:20] host CPU 18.8% RAM 92.7% | GPU 197MB/5% | kafka=2.76%/772.9MiB / 4.804GiB ; elasticsearch=3.53%/1.535GiB / 4.804
[17:26:24] host CPU 21.4% RAM 92.9% | GPU 197MB/1% | kafka=2.47%/773.2MiB / 4.804GiB ; elasticsearch=3.52%/1.535GiB / 4.804
[17:26:28] host CPU 17.9% RAM 93.1% | GPU 200MB/2% | kafka=2.89%/773.2MiB / 4.804GiB ; elasticsearch=3.69%/1.535GiB / 4.804
[17:26:32] host CPU 17.2% RAM 92.9% | GPU 199MB/2% | kafka=73.69%/773MiB / 4.804GiB ; elasticsearch=3.18%/1.535GiB / 4.804G
[17:26:37] host CPU 23.6% RAM 93.0% | GPU 199MB/2% | kafka=2.79%/773.3MiB / 4.804GiB ; elasticsearch=3.70%/1.535GiB / 4.804
[17:26:41] host CPU 16.6% RAM 92.9% | GPU 199MB/2% | kafka=2.39%/773.2MiB / 4.804GiB ; elasticsearch=3.30%/1.535GiB / 4.804
[17:26:45] host CPU 26.2% RAM 93.0% | GPU 199MB/2% | kafka=2.80%/773.2MiB / 4.804GiB ; elasticsearch=6.92%/1.535GiB / 4.804
[17:26:50] host CPU 21.4% RAM 92.8% | GPU 200MB/3% | kafka=2.39%/773.2MiB / 4.804GiB ; elasticsearch=2.87%/1.536GiB / 4.804
[17:26:54] host CPU 15.7% RAM 92.8% | GPU 200MB/1% | kafka=177.56%/856.5MiB / 4.804GiB ; elasticsearch=4.89%/1.535GiB / 4.8
[17:26:58] host CPU 25.4% RAM 93.2% | GPU 200MB/2% | kafka=2.67%/773MiB / 4.804GiB ; elasticsearch=3.60%/1.535GiB / 4.804Gi
[17:27:02] host CPU 16.9% RAM 93.1% | GPU 200MB/2% | kafka=2.74%/773MiB / 4.804GiB ; elasticsearch=5.38%/1.536GiB / 4.804Gi
[17:27:07] host CPU 26.2% RAM 93.1% | GPU 200MB/1% | kafka=2.65%/773.1MiB / 4.804GiB ; elasticsearch=4.57%/1.536GiB / 4.804
[17:27:11] host CPU 24.2% RAM 93.1% | GPU 199MB/1% | kafka=2.48%/773.4MiB / 4.804GiB ; elasticsearch=3.42%/1.536GiB / 4.804
[17:27:15] host CPU 21.9% RAM 93.2% | GPU 199MB/2% | kafka=106.84%/813.7MiB / 4.804GiB ; elasticsearch=3.22%/1.536GiB / 4.8
[17:27:19] host CPU 28.4% RAM 93.0% | GPU 198MB/2% | kafka=2.63%/773.4MiB / 4.804GiB ; elasticsearch=20.66%/1.536GiB / 4.80
[17:27:23] host CPU 17.3% RAM 93.0% | GPU 198MB/1% | kafka=3.99%/773.7MiB / 4.804GiB ; elasticsearch=3.57%/1.536GiB / 4.804
[17:27:28] host CPU 18.7% RAM 93.2% | GPU 198MB/2% | kafka=10.10%/773.8MiB / 4.804GiB ; elasticsearch=3.53%/1.536GiB / 4.80
[17:27:32] host CPU 24.1% RAM 93.1% | GPU 198MB/1% | kafka=2.89%/773.9MiB / 4.804GiB ; elasticsearch=3.56%/1.536GiB / 4.804
[17:27:37] host CPU 14.1% RAM 93.1% | GPU 198MB/2% | kafka=60.15%/805.8MiB / 4.804GiB ; elasticsearch=3.16%/1.536GiB / 4.80
[17:27:41] host CPU 25.7% RAM 93.1% | GPU 196MB/1% | kafka=2.56%/774.3MiB / 4.804GiB ; elasticsearch=3.45%/1.536GiB / 4.804
[17:27:45] host CPU 16.9% RAM 93.0% | GPU 196MB/2% | kafka=2.48%/774.1MiB / 4.804GiB ; elasticsearch=3.44%/1.536GiB / 4.804
[17:27:49] host CPU 19.5% RAM 93.0% | GPU 196MB/2% | kafka=188.87%/844.6MiB / 4.804GiB ; elasticsearch=3.35%/1.536GiB / 4.8
[17:27:53] host CPU 30.6% RAM 93.1% | GPU 196MB/1% | kafka=3.76%/774MiB / 4.804GiB ; elasticsearch=3.57%/1.536GiB / 4.804Gi
[17:27:57] host CPU 16.4% RAM 93.1% | GPU 197MB/2% | kafka=2.86%/774MiB / 4.804GiB ; elasticsearch=5.04%/1.536GiB / 4.804Gi
[17:28:02] host CPU 27.2% RAM 93.2% | GPU 202MB/2% | kafka=3.71%/774.6MiB / 4.804GiB ; elasticsearch=6.17%/1.536GiB / 4.804
[17:28:05] host CPU 23.3% RAM 93.1% | GPU 202MB/1% | kafka=2.72%/774.1MiB / 4.804GiB ; elasticsearch=17.83%/1.536GiB / 4.80
[17:28:10] host CPU 22.1% RAM 93.2% | GPU 198MB/3% | kafka=2.75%/774.4MiB / 4.804GiB ; elasticsearch=4.89%/1.536GiB / 4.804
[17:28:14] host CPU 29.5% RAM 93.3% | GPU 198MB/2% | kafka=2.70%/774.2MiB / 4.804GiB ; elasticsearch=3.41%/1.536GiB / 4.804
[17:28:18] host CPU 19.2% RAM 93.4% | GPU 198MB/1% | kafka=2.78%/774.5MiB / 4.804GiB ; elasticsearch=6.30%/1.536GiB / 4.804
[17:28:22] host CPU 19.9% RAM 93.1% | GPU 198MB/2% | kafka=152.12%/855.7MiB / 4.804GiB ; elasticsearch=3.32%/1.536GiB / 4.8
[17:28:27] host CPU 23.0% RAM 93.2% | GPU 198MB/2% | kafka=2.61%/774.4MiB / 4.804GiB ; elasticsearch=3.59%/1.536GiB / 4.804
[17:28:31] host CPU 19.8% RAM 93.1% | GPU 198MB/2% | kafka=2.62%/774.4MiB / 4.804GiB ; elasticsearch=6.66%/1.536GiB / 4.804
[17:28:35] host CPU 23.2% RAM 93.1% | GPU 198MB/3% | kafka=2.68%/774.7MiB / 4.804GiB ; elasticsearch=3.39%/1.536GiB / 4.804
[17:28:39] host CPU 16.9% RAM 93.2% | GPU 198MB/1% | kafka=2.60%/774.8MiB / 4.804GiB ; elasticsearch=3.46%/1.536GiB / 4.804
[17:28:43] host CPU 17.2% RAM 93.2% | GPU 198MB/2% | kafka=3.60%/774.8MiB / 4.804GiB ; elasticsearch=3.59%/1.536GiB / 4.804
[17:28:47] host CPU 27.5% RAM 93.4% | GPU 198MB/2% | kafka=2.58%/774.7MiB / 4.804GiB ; elasticsearch=3.60%/1.536GiB / 4.804
[17:28:52] host CPU 20.0% RAM 93.1% | GPU 198MB/2% | kafka=2.82%/775.2MiB / 4.804GiB ; elasticsearch=3.28%/1.536GiB / 4.804
[17:28:55] host CPU 19.3% RAM 93.1% | GPU 199MB/1% | kafka=175.62%/851.7MiB / 4.804GiB ; elasticsearch=5.46%/1.537GiB / 4.8
[17:28:59] host CPU 27.4% RAM 93.1% | GPU 196MB/1% | kafka=2.76%/773.3MiB / 4.804GiB ; elasticsearch=3.53%/1.536GiB / 4.804
[17:29:04] host CPU 18.0% RAM 93.2% | GPU 196MB/2% | kafka=2.55%/773.3MiB / 4.804GiB ; elasticsearch=3.63%/1.536GiB / 4.804
[17:29:07] host CPU 23.3% RAM 93.4% | GPU 196MB/2% | kafka=52.30%/773.4MiB / 4.804GiB ; elasticsearch=3.32%/1.536GiB / 4.80
[17:29:12] host CPU 24.8% RAM 93.3% | GPU 198MB/1% | kafka=2.32%/773.4MiB / 4.804GiB ; elasticsearch=3.63%/1.536GiB / 4.804
[17:29:15] host CPU 20.8% RAM 93.4% | GPU 198MB/2% | kafka=2.71%/773.5MiB / 4.804GiB ; elasticsearch=3.42%/1.536GiB / 4.804
[17:29:20] host CPU 29.9% RAM 93.3% | GPU 196MB/5% | kafka=2.76%/773.8MiB / 4.804GiB ; elasticsearch=3.65%/1.537GiB / 4.804
[17:29:24] host CPU 16.9% RAM 93.2% | GPU 196MB/2% | kafka=2.59%/773.9MiB / 4.804GiB ; elasticsearch=3.74%/1.537GiB / 4.804
[17:29:28] host CPU 19.8% RAM 93.5% | GPU 196MB/2% | kafka=159.23%/824.1MiB / 4.804GiB ; elasticsearch=4.11%/1.537GiB / 4.8
[17:29:33] host CPU 26.3% RAM 93.2% | GPU 196MB/1% | kafka=2.83%/774MiB / 4.804GiB ; elasticsearch=3.41%/1.537GiB / 4.804Gi
[17:29:37] host CPU 17.4% RAM 93.3% | GPU 196MB/2% | kafka=2.52%/775.4MiB / 4.804GiB ; elasticsearch=7.79%/1.536GiB / 4.804
[17:29:42] host CPU 26.6% RAM 93.4% | GPU 198MB/1% | kafka=2.74%/778.3MiB / 4.804GiB ; elasticsearch=5.01%/1.536GiB / 4.804
[17:29:45] host CPU 16.5% RAM 93.3% | GPU 198MB/3% | kafka=2.57%/780.6MiB / 4.804GiB ; elasticsearch=5.26%/1.536GiB / 4.804
[17:29:49] host CPU 17.7% RAM 93.3% | GPU 193MB/3% | kafka=1.70%/783.2MiB / 4.804GiB ; elasticsearch=10.46%/1.536GiB / 4.80
