Sampling every 2s for 5000s -> F:\hate-speech-pipeline\reports\scaling\20260923-235829_p4_c4_r2\resource_WIX.csv
Run your load (throughput_bench.py / a live stream) now in another terminal.

[23:58:36] host CPU 0.0% RAM 77.3% | GPU 160MB/1% | kafka=1.01%/513.8MiB / 4.804GiB ; elasticsearch=0.49%/1.546GiB / 4.804
[23:58:40] host CPU 59.5% RAM 86.5% | GPU 164MB/2% | kafka=138.85%/585.7MiB / 4.804GiB ; elasticsearch=0.56%/1.546GiB / 4.8
[23:58:44] host CPU 70.7% RAM 88.4% | GPU 169MB/2% | kafka=0.95%/513.8MiB / 4.804GiB ; elasticsearch=0.89%/1.546GiB / 4.804
[23:58:49] host CPU 48.4% RAM 91.7% | GPU 162MB/2% | kafka=0.93%/513.9MiB / 4.804GiB ; elasticsearch=0.52%/1.546GiB / 4.804
[23:58:53] host CPU 12.3% RAM 91.8% | GPU 155MB/2% | kafka=1.15%/513.1MiB / 4.804GiB ; elasticsearch=54.47%/1.547GiB / 4.80
[23:58:58] host CPU 37.6% RAM 93.4% | GPU 158MB/2% | kafka=0.84%/513.1MiB / 4.804GiB ; elasticsearch=10.92%/1.547GiB / 4.80
[23:59:03] host CPU 41.9% RAM 93.0% | GPU 154MB/4% | kafka=172.43%/588.2MiB / 4.804GiB ; elasticsearch=10.27%/1.547GiB / 4.
[23:59:07] host CPU 55.3% RAM 93.4% | GPU 154MB/1% | kafka=1.96%/513.1MiB / 4.804GiB ; elasticsearch=11.19%/1.547GiB / 4.80
[23:59:11] host CPU 38.9% RAM 93.3% | GPU 151MB/6% | kafka=0.93%/513.1MiB / 4.804GiB ; elasticsearch=14.90%/1.547GiB / 4.80
[23:59:15] host CPU 49.4% RAM 93.2% | GPU 154MB/1% | kafka=48.92%/513.1MiB / 4.804GiB ; elasticsearch=11.29%/1.547GiB / 4.8
[23:59:20] host CPU 50.6% RAM 93.6% | GPU 154MB/1% | kafka=1.05%/513.1MiB / 4.804GiB ; elasticsearch=12.72%/1.551GiB / 4.80
[23:59:24] host CPU 43.0% RAM 93.3% | GPU 157MB/1% | kafka=1.16%/513.1MiB / 4.804GiB ; elasticsearch=8.47%/1.543GiB / 4.804
[23:59:29] host CPU 50.0% RAM 93.5% | GPU 158MB/1% | kafka=0.93%/513.1MiB / 4.804GiB ; elasticsearch=11.37%/1.544GiB / 4.80
[23:59:34] host CPU 40.1% RAM 93.4% | GPU 155MB/2% | kafka=1.42%/513.1MiB / 4.804GiB ; elasticsearch=9.95%/1.543GiB / 4.804
[23:59:38] host CPU 47.1% RAM 93.5% | GPU 156MB/2% | kafka=155.88%/577.6MiB / 4.804GiB ; elasticsearch=10.89%/1.543GiB / 4.
[23:59:43] host CPU 53.3% RAM 93.6% | GPU 156MB/8% | kafka=0.91%/513.1MiB / 4.804GiB ; elasticsearch=7.64%/1.543GiB / 4.804
[23:59:47] host CPU 38.1% RAM 93.5% | GPU 156MB/6% | kafka=1.90%/513.1MiB / 4.804GiB ; elasticsearch=8.24%/1.544GiB / 4.804
[23:59:52] host CPU 52.2% RAM 93.6% | GPU 155MB/6% | kafka=2.70%/513.1MiB / 4.804GiB ; elasticsearch=8.90%/1.543GiB / 4.804
[23:59:57] host CPU 43.8% RAM 93.5% | GPU 157MB/2% | kafka=1.02%/513.1MiB / 4.804GiB ; elasticsearch=8.14%/1.543GiB / 4.804
[00:00:00] host CPU 39.4% RAM 93.5% | GPU 155MB/2% | kafka=1.19%/513.1MiB / 4.804GiB ; elasticsearch=8.11%/1.543GiB / 4.804
[00:00:05] host CPU 70.5% RAM 94.7% | GPU 155MB/2% | kafka=1.44%/513.1MiB / 4.804GiB ; elasticsearch=9.56%/1.543GiB / 4.804
[00:00:09] host CPU 48.1% RAM 94.4% | GPU 157MB/2% | kafka=1.20%/513.1MiB / 4.804GiB ; elasticsearch=8.32%/1.543GiB / 4.804
[00:00:14] host CPU 39.3% RAM 94.3% | GPU 157MB/3% | kafka=1.21%/513.1MiB / 4.804GiB ; elasticsearch=7.38%/1.543GiB / 4.804
[00:00:18] host CPU 54.2% RAM 94.1% | GPU 158MB/3% | kafka=1.05%/512.2MiB / 4.804GiB ; elasticsearch=7.62%/1.543GiB / 4.804
[00:00:23] host CPU 38.4% RAM 94.3% | GPU 159MB/6% | kafka=1.11%/512.2MiB / 4.804GiB ; elasticsearch=10.07%/1.543GiB / 4.80
[00:00:28] host CPU 37.0% RAM 94.3% | GPU 162MB/2% | kafka=112.68%/547MiB / 4.804GiB ; elasticsearch=9.14%/1.543GiB / 4.804
[00:00:33] host CPU 50.5% RAM 94.4% | GPU 155MB/1% | kafka=1.13%/512.2MiB / 4.804GiB ; elasticsearch=9.35%/1.543GiB / 4.804
[00:00:38] host CPU 41.4% RAM 94.1% | GPU 157MB/1% | kafka=1.02%/512.2MiB / 4.804GiB ; elasticsearch=8.54%/1.543GiB / 4.804
[00:00:43] host CPU 47.3% RAM 94.1% | GPU 157MB/2% | kafka=169.21%/582.4MiB / 4.804GiB ; elasticsearch=7.74%/1.543GiB / 4.8
[00:00:47] host CPU 46.7% RAM 94.2% | GPU 158MB/2% | kafka=1.37%/512.2MiB / 4.804GiB ; elasticsearch=27.07%/1.543GiB / 4.80
[00:00:52] host CPU 38.9% RAM 94.1% | GPU 156MB/2% | kafka=0.90%/512.2MiB / 4.804GiB ; elasticsearch=8.63%/1.543GiB / 4.804
[00:00:57] host CPU 50.7% RAM 94.0% | GPU 158MB/2% | kafka=0.91%/512.2MiB / 4.804GiB ; elasticsearch=7.76%/1.543GiB / 4.804
[00:01:01] host CPU 37.4% RAM 94.4% | GPU 150MB/2% | kafka=1.30%/512.2MiB / 4.804GiB ; elasticsearch=9.15%/1.544GiB / 4.804
[00:01:05] host CPU 45.0% RAM 94.1% | GPU 156MB/2% | kafka=99.99%/544.3MiB / 4.804GiB ; elasticsearch=8.94%/1.543GiB / 4.80
[00:01:09] host CPU 51.8% RAM 94.4% | GPU 158MB/2% | kafka=1.12%/512.2MiB / 4.804GiB ; elasticsearch=8.10%/1.543GiB / 4.804
[00:01:14] host CPU 40.6% RAM 94.3% | GPU 157MB/3% | kafka=1.28%/512.2MiB / 4.804GiB ; elasticsearch=9.29%/1.543GiB / 4.804
[00:01:19] host CPU 35.6% RAM 94.2% | GPU 157MB/3% | kafka=40.81%/530.3MiB / 4.804GiB ; elasticsearch=8.17%/1.543GiB / 4.80
[00:01:23] host CPU 53.9% RAM 94.1% | GPU 154MB/2% | kafka=1.20%/512.2MiB / 4.804GiB ; elasticsearch=9.18%/1.543GiB / 4.804
[00:01:28] host CPU 38.4% RAM 94.1% | GPU 154MB/1% | kafka=1.30%/512.2MiB / 4.804GiB ; elasticsearch=11.20%/1.544GiB / 4.80
[00:01:32] host CPU 48.0% RAM 94.1% | GPU 154MB/3% | kafka=70.88%/512.2MiB / 4.804GiB ; elasticsearch=8.66%/1.543GiB / 4.80
[00:01:37] host CPU 47.7% RAM 93.6% | GPU 154MB/1% | kafka=1.57%/512.3MiB / 4.804GiB ; elasticsearch=9.01%/1.544GiB / 4.804
[00:01:41] host CPU 48.9% RAM 93.7% | GPU 155MB/2% | kafka=1.26%/512.8MiB / 4.804GiB ; elasticsearch=8.40%/1.543GiB / 4.804
[00:01:45] host CPU 54.3% RAM 93.9% | GPU 155MB/3% | kafka=1.20%/512.8MiB / 4.804GiB ; elasticsearch=96.79%/1.549GiB / 4.80
[00:01:49] host CPU 47.1% RAM 94.2% | GPU 154MB/2% | kafka=0.96%/512.8MiB / 4.804GiB ; elasticsearch=8.85%/1.549GiB / 4.804
[00:01:54] host CPU 38.8% RAM 94.1% | GPU 158MB/3% | kafka=56.62%/538MiB / 4.804GiB ; elasticsearch=10.88%/1.549GiB / 4.804
[00:01:58] host CPU 50.2% RAM 94.1% | GPU 158MB/3% | kafka=1.11%/511.9MiB / 4.804GiB ; elasticsearch=8.59%/1.549GiB / 4.804
[00:02:03] host CPU 41.9% RAM 94.2% | GPU 158MB/2% | kafka=1.65%/512.4MiB / 4.804GiB ; elasticsearch=8.05%/1.549GiB / 4.804
[00:02:08] host CPU 42.4% RAM 94.1% | GPU 158MB/2% | kafka=187.92%/564.5MiB / 4.804GiB ; elasticsearch=8.91%/1.549GiB / 4.8
[00:02:12] host CPU 53.3% RAM 94.0% | GPU 156MB/2% | kafka=0.96%/513.7MiB / 4.804GiB ; elasticsearch=8.49%/1.549GiB / 4.804
[00:02:17] host CPU 43.8% RAM 94.1% | GPU 158MB/1% | kafka=1.15%/513.7MiB / 4.804GiB ; elasticsearch=7.92%/1.55GiB / 4.804G
[00:02:20] host CPU 51.8% RAM 94.0% | GPU 152MB/3% | kafka=65.99%/513.7MiB / 4.804GiB ; elasticsearch=7.86%/1.549GiB / 4.80
[00:02:25] host CPU 44.4% RAM 94.1% | GPU 158MB/2% | kafka=0.95%/513.7MiB / 4.804GiB ; elasticsearch=8.47%/1.549GiB / 4.804
[00:02:29] host CPU 38.3% RAM 94.2% | GPU 160MB/2% | kafka=1.68%/513.7MiB / 4.804GiB ; elasticsearch=7.86%/1.549GiB / 4.804
[00:02:34] host CPU 54.6% RAM 94.1% | GPU 156MB/3% | kafka=1.30%/513.6MiB / 4.804GiB ; elasticsearch=8.21%/1.549GiB / 4.804
[00:02:38] host CPU 41.3% RAM 94.1% | GPU 157MB/3% | kafka=1.12%/513.6MiB / 4.804GiB ; elasticsearch=7.48%/1.549GiB / 4.804
[00:02:43] host CPU 50.9% RAM 93.9% | GPU 154MB/2% | kafka=74.94%/541.2MiB / 4.804GiB ; elasticsearch=6.73%/1.549GiB / 4.80
[00:02:47] host CPU 55.3% RAM 94.2% | GPU 154MB/2% | kafka=1.36%/513.7MiB / 4.804GiB ; elasticsearch=8.66%/1.549GiB / 4.804
[00:02:52] host CPU 41.3% RAM 94.2% | GPU 157MB/7% | kafka=1.15%/513.7MiB / 4.804GiB ; elasticsearch=8.03%/1.549GiB / 4.804
[00:02:57] host CPU 41.5% RAM 94.2% | GPU 158MB/5% | kafka=141.50%/585.9MiB / 4.804GiB ; elasticsearch=7.83%/1.549GiB / 4.8
[00:03:01] host CPU 47.6% RAM 94.2% | GPU 151MB/3% | kafka=2.06%/513.6MiB / 4.804GiB ; elasticsearch=10.96%/1.549GiB / 4.80
[00:03:06] host CPU 40.2% RAM 93.7% | GPU 154MB/2% | kafka=1.45%/513.6MiB / 4.804GiB ; elasticsearch=7.03%/1.549GiB / 4.804
[00:03:10] host CPU 55.3% RAM 94.2% | GPU 158MB/2% | kafka=1.39%/513.7MiB / 4.804GiB ; elasticsearch=8.91%/1.549GiB / 4.804
[00:03:15] host CPU 42.4% RAM 93.9% | GPU 158MB/2% | kafka=1.31%/513.7MiB / 4.804GiB ; elasticsearch=7.97%/1.549GiB / 4.804
[00:03:19] host CPU 36.3% RAM 94.0% | GPU 158MB/2% | kafka=151.09%/588.6MiB / 4.804GiB ; elasticsearch=4.71%/1.549GiB / 4.8
[00:03:24] host CPU 40.9% RAM 93.9% | GPU 154MB/3% | kafka=1.41%/513.7MiB / 4.804GiB ; elasticsearch=6.13%/1.549GiB / 4.804
[00:03:28] host CPU 26.0% RAM 93.8% | GPU 154MB/3% | kafka=1.63%/513.7MiB / 4.804GiB ; elasticsearch=6.61%/1.55GiB / 4.804G
