Sampling every 2s for 3000s -> F:\hate-speech-pipeline\reports\scaling\20260925-151752_p4_c4_r1\resource_WIX.csv
Run your load (throughput_bench.py / a live stream) now in another terminal.

[15:17:55] host CPU 0.0% RAM 80.4% | GPU 244MB/0% | kafka=0.91%/558.7MiB / 4.804GiB ; elasticsearch=0.35%/1.532GiB / 4.804
[15:18:00] host CPU 70.3% RAM 88.9% | GPU 244MB/0% | kafka=0.74%/558.5MiB / 4.804GiB ; elasticsearch=0.45%/1.532GiB / 4.804
[15:18:05] host CPU 66.1% RAM 91.3% | GPU 244MB/0% | kafka=0.85%/558.5MiB / 4.804GiB ; elasticsearch=0.52%/1.532GiB / 4.804
[15:18:08] host CPU 79.3% RAM 93.9% | GPU 187MB/0% | kafka=20.67%/566.8MiB / 4.804GiB ; elasticsearch=3.62%/1.532GiB / 4.80
[15:18:13] host CPU 63.6% RAM 94.8% | GPU 187MB/0% | kafka=0.84%/558.5MiB / 4.804GiB ; elasticsearch=0.95%/1.532GiB / 4.804
[15:18:17] host CPU 6.3% RAM 94.6% | GPU 187MB/0% | kafka=1.75%/558.6MiB / 4.804GiB ; elasticsearch=0.42%/1.532GiB / 4.804
[15:18:21] host CPU 33.5% RAM 96.4% | GPU 187MB/0% | kafka=126.65%/595MiB / 4.804GiB ; elasticsearch=16.52%/1.532GiB / 4.80
[15:18:26] host CPU 55.0% RAM 96.8% | GPU 187MB/0% | kafka=6.17%/559MiB / 4.804GiB ; elasticsearch=125.53%/1.533GiB / 4.804
[15:18:30] host CPU 39.4% RAM 96.5% | GPU 187MB/0% | kafka=4.22%/558.9MiB / 4.804GiB ; elasticsearch=16.68%/1.533GiB / 4.80
[15:18:35] host CPU 39.9% RAM 96.8% | GPU 187MB/0% | kafka=11.15%/559.6MiB / 4.804GiB ; elasticsearch=14.24%/1.532GiB / 4.8
[15:18:39] host CPU 40.4% RAM 96.7% | GPU 187MB/0% | kafka=4.19%/560MiB / 4.804GiB ; elasticsearch=11.48%/1.532GiB / 4.804G
[15:18:43] host CPU 42.3% RAM 97.2% | GPU 187MB/0% | kafka=17.97%/570.8MiB / 4.804GiB ; elasticsearch=9.12%/1.532GiB / 4.80
[15:18:48] host CPU 40.6% RAM 97.8% | GPU 187MB/0% | kafka=4.37%/560.1MiB / 4.804GiB ; elasticsearch=7.20%/1.533GiB / 4.804
[15:18:52] host CPU 34.0% RAM 97.6% | GPU 187MB/0% | kafka=3.84%/560.2MiB / 4.804GiB ; elasticsearch=5.82%/1.533GiB / 4.804
[15:18:57] host CPU 34.0% RAM 97.4% | GPU 187MB/0% | kafka=150.10%/629.2MiB / 4.804GiB ; elasticsearch=9.26%/1.533GiB / 4.8
[15:19:01] host CPU 54.8% RAM 97.8% | GPU 187MB/0% | kafka=4.00%/560.6MiB / 4.804GiB ; elasticsearch=7.85%/1.533GiB / 4.804
[15:19:06] host CPU 27.4% RAM 97.6% | GPU 187MB/0% | kafka=3.94%/560.6MiB / 4.804GiB ; elasticsearch=7.22%/1.533GiB / 4.804
[15:19:10] host CPU 43.2% RAM 97.6% | GPU 187MB/0% | kafka=3.46%/560.6MiB / 4.804GiB ; elasticsearch=5.00%/1.533GiB / 4.804
[15:19:15] host CPU 31.6% RAM 97.4% | GPU 187MB/0% | kafka=6.19%/560.7MiB / 4.804GiB ; elasticsearch=19.34%/1.533GiB / 4.80
[15:19:19] host CPU 31.6% RAM 97.3% | GPU 187MB/0% | kafka=66.30%/589.5MiB / 4.804GiB ; elasticsearch=5.90%/1.533GiB / 4.80
[15:19:23] host CPU 52.2% RAM 97.5% | GPU 187MB/0% | kafka=3.75%/561.1MiB / 4.804GiB ; elasticsearch=5.58%/1.533GiB / 4.804
[15:19:28] host CPU 30.2% RAM 97.4% | GPU 187MB/0% | kafka=4.41%/561MiB / 4.804GiB ; elasticsearch=6.00%/1.533GiB / 4.804Gi
[15:19:32] host CPU 37.6% RAM 97.4% | GPU 187MB/0% | kafka=189.70%/620.1MiB / 4.804GiB ; elasticsearch=7.33%/1.533GiB / 4.8
[15:19:37] host CPU 43.3% RAM 97.4% | GPU 187MB/0% | kafka=3.24%/561.2MiB / 4.804GiB ; elasticsearch=4.98%/1.533GiB / 4.804
[15:19:41] host CPU 32.1% RAM 97.4% | GPU 187MB/0% | kafka=3.39%/561.5MiB / 4.804GiB ; elasticsearch=4.54%/1.533GiB / 4.804
[15:19:46] host CPU 35.5% RAM 97.4% | GPU 187MB/0% | kafka=3.80%/561.4MiB / 4.804GiB ; elasticsearch=5.45%/1.533GiB / 4.804
[15:19:50] host CPU 33.6% RAM 97.3% | GPU 187MB/0% | kafka=3.47%/561.5MiB / 4.804GiB ; elasticsearch=7.01%/1.533GiB / 4.804
[15:19:55] host CPU 30.1% RAM 97.3% | GPU 187MB/0% | kafka=180.69%/615.4MiB / 4.804GiB ; elasticsearch=6.02%/1.533GiB / 4.8
[15:19:59] host CPU 48.6% RAM 97.4% | GPU 187MB/0% | kafka=4.07%/561.6MiB / 4.804GiB ; elasticsearch=8.21%/1.533GiB / 4.804
[15:20:03] host CPU 36.8% RAM 97.5% | GPU 187MB/0% | kafka=3.33%/561.7MiB / 4.804GiB ; elasticsearch=5.61%/1.533GiB / 4.804
[15:20:08] host CPU 37.5% RAM 97.8% | GPU 187MB/0% | kafka=4.05%/561.8MiB / 4.804GiB ; elasticsearch=6.62%/1.533GiB / 4.804
[15:20:12] host CPU 41.2% RAM 97.3% | GPU 187MB/0% | kafka=3.92%/561.9MiB / 4.804GiB ; elasticsearch=4.72%/1.533GiB / 4.804
[15:20:17] host CPU 27.4% RAM 97.4% | GPU 187MB/0% | kafka=160.51%/610.1MiB / 4.804GiB ; elasticsearch=6.75%/1.533GiB / 4.8
[15:20:21] host CPU 47.0% RAM 97.3% | GPU 187MB/0% | kafka=3.63%/562MiB / 4.804GiB ; elasticsearch=4.90%/1.534GiB / 4.804Gi
[15:20:26] host CPU 27.7% RAM 97.3% | GPU 187MB/0% | kafka=3.99%/563MiB / 4.804GiB ; elasticsearch=6.55%/1.534GiB / 4.804Gi
[15:20:30] host CPU 39.8% RAM 97.3% | GPU 187MB/0% | kafka=4.39%/563.1MiB / 4.804GiB ; elasticsearch=7.06%/1.533GiB / 4.804
[15:20:35] host CPU 35.5% RAM 97.2% | GPU 187MB/0% | kafka=3.69%/563.4MiB / 4.804GiB ; elasticsearch=4.51%/1.533GiB / 4.804
[15:20:39] host CPU 31.3% RAM 97.1% | GPU 187MB/0% | kafka=3.98%/563.2MiB / 4.804GiB ; elasticsearch=5.25%/1.533GiB / 4.804
[15:20:43] host CPU 52.6% RAM 97.1% | GPU 187MB/0% | kafka=3.39%/563.6MiB / 4.804GiB ; elasticsearch=5.66%/1.534GiB / 4.804
[15:20:47] host CPU 31.9% RAM 97.4% | GPU 187MB/0% | kafka=3.51%/563.4MiB / 4.804GiB ; elasticsearch=5.06%/1.533GiB / 4.804
[15:20:51] host CPU 32.6% RAM 96.5% | GPU 187MB/0% | kafka=174.38%/619.9MiB / 4.804GiB ; elasticsearch=5.30%/1.534GiB / 4.8
[15:20:56] host CPU 39.3% RAM 96.6% | GPU 187MB/0% | kafka=3.58%/562.9MiB / 4.804GiB ; elasticsearch=5.63%/1.533GiB / 4.804
[15:21:00] host CPU 31.3% RAM 96.6% | GPU 187MB/0% | kafka=3.59%/563MiB / 4.804GiB ; elasticsearch=5.58%/1.533GiB / 4.804Gi
[15:21:05] host CPU 41.2% RAM 96.7% | GPU 187MB/0% | kafka=124.58%/639.1MiB / 4.804GiB ; elasticsearch=5.16%/1.533GiB / 4.8
[15:21:09] host CPU 38.3% RAM 96.6% | GPU 187MB/0% | kafka=4.01%/564MiB / 4.804GiB ; elasticsearch=5.50%/1.533GiB / 4.804Gi
[15:21:13] host CPU 29.9% RAM 96.6% | GPU 187MB/0% | kafka=3.58%/563.8MiB / 4.804GiB ; elasticsearch=6.93%/1.533GiB / 4.804
[15:21:17] host CPU 38.8% RAM 96.9% | GPU 187MB/0% | kafka=3.30%/563.9MiB / 4.804GiB ; elasticsearch=5.01%/1.533GiB / 4.804
[15:21:21] host CPU 35.5% RAM 96.7% | GPU 187MB/0% | kafka=3.25%/564MiB / 4.804GiB ; elasticsearch=4.29%/1.533GiB / 4.804Gi
[15:21:26] host CPU 33.1% RAM 96.7% | GPU 187MB/0% | kafka=41.76%/581.8MiB / 4.804GiB ; elasticsearch=5.62%/1.533GiB / 4.80
[15:21:31] host CPU 45.8% RAM 96.7% | GPU 187MB/0% | kafka=3.62%/564.2MiB / 4.804GiB ; elasticsearch=4.34%/1.534GiB / 4.804
[15:21:35] host CPU 30.2% RAM 96.7% | GPU 187MB/0% | kafka=3.17%/564.3MiB / 4.804GiB ; elasticsearch=3.96%/1.534GiB / 4.804
[15:21:39] host CPU 38.8% RAM 96.7% | GPU 187MB/0% | kafka=110.07%/638.2MiB / 4.804GiB ; elasticsearch=5.88%/1.534GiB / 4.8
[15:21:43] host CPU 38.6% RAM 96.7% | GPU 187MB/0% | kafka=3.67%/564.7MiB / 4.804GiB ; elasticsearch=4.85%/1.534GiB / 4.804
[15:21:47] host CPU 18.6% RAM 95.7% | GPU 187MB/0% | kafka=1.30%/564.5MiB / 4.804GiB ; elasticsearch=0.41%/1.534GiB / 4.804
