Sampling every 2s for 5000s -> F:\hate-speech-pipeline\reports\scaling\20260925-130525_p1_c1_cuda_r3\resource_WIX.csv
Run your load (throughput_bench.py / a live stream) now in another terminal.

[13:05:33] host CPU 0.0% RAM 64.5% | GPU 150MB/0% | kafka=0.85%/546.8MiB / 4.804GiB ; elasticsearch=0.35%/1.518GiB / 4.804
[13:05:37] host CPU 26.8% RAM 68.1% | GPU 155MB/2% | kafka=0.67%/546.3MiB / 4.804GiB ; elasticsearch=0.37%/1.518GiB / 4.804
[13:05:41] host CPU 19.7% RAM 68.9% | GPU 158MB/1% | kafka=0.73%/546.3MiB / 4.804GiB ; elasticsearch=0.41%/1.518GiB / 4.804
[13:05:45] host CPU 14.8% RAM 70.6% | GPU 499MB/0% | kafka=5.71%/546.6MiB / 4.804GiB ; elasticsearch=29.10%/1.519GiB / 4.80
[13:05:50] host CPU 17.0% RAM 72.3% | GPU 523MB/6% | kafka=0.79%/546.6MiB / 4.804GiB ; elasticsearch=6.66%/1.519GiB / 4.804
[13:05:54] host CPU 13.1% RAM 72.3% | GPU 522MB/31% | kafka=0.92%/546.4MiB / 4.804GiB ; elasticsearch=3.93%/1.519GiB / 4.804
[13:05:59] host CPU 21.2% RAM 72.3% | GPU 526MB/33% | kafka=0.55%/546.4MiB / 4.804GiB ; elasticsearch=3.81%/1.52GiB / 4.804G
[13:06:03] host CPU 13.1% RAM 72.4% | GPU 527MB/30% | kafka=0.65%/546.4MiB / 4.804GiB ; elasticsearch=4.38%/1.52GiB / 4.804G
[13:06:07] host CPU 19.1% RAM 72.4% | GPU 523MB/28% | kafka=1.60%/546.4MiB / 4.804GiB ; elasticsearch=18.72%/1.52GiB / 4.804
[13:06:12] host CPU 15.5% RAM 72.4% | GPU 523MB/30% | kafka=0.93%/546.4MiB / 4.804GiB ; elasticsearch=5.91%/1.52GiB / 4.804G
[13:06:15] host CPU 16.0% RAM 72.7% | GPU 522MB/30% | kafka=0.54%/546.4MiB / 4.804GiB ; elasticsearch=2.49%/1.52GiB / 4.804G
[13:06:20] host CPU 21.8% RAM 72.5% | GPU 523MB/30% | kafka=0.61%/546.4MiB / 4.804GiB ; elasticsearch=2.43%/1.52GiB / 4.804G
[13:06:24] host CPU 14.7% RAM 72.6% | GPU 518MB/32% | kafka=0.59%/546.4MiB / 4.804GiB ; elasticsearch=2.62%/1.52GiB / 4.804G
[13:06:29] host CPU 17.3% RAM 72.7% | GPU 523MB/32% | kafka=1.23%/546.4MiB / 4.804GiB ; elasticsearch=2.50%/1.52GiB / 4.804G
[13:06:33] host CPU 16.0% RAM 72.7% | GPU 522MB/31% | kafka=0.66%/546.4MiB / 4.804GiB ; elasticsearch=2.60%/1.52GiB / 4.804G
[13:06:37] host CPU 13.2% RAM 72.1% | GPU 523MB/30% | kafka=0.68%/546.4MiB / 4.804GiB ; elasticsearch=3.36%/1.52GiB / 4.804G
[13:06:42] host CPU 23.7% RAM 72.6% | GPU 526MB/28% | kafka=0.73%/546.4MiB / 4.804GiB ; elasticsearch=4.85%/1.52GiB / 4.804G
[13:06:45] host CPU 12.5% RAM 72.8% | GPU 525MB/32% | kafka=0.80%/546.4MiB / 4.804GiB ; elasticsearch=2.62%/1.52GiB / 4.804G
[13:06:50] host CPU 12.3% RAM 72.6% | GPU 523MB/29% | kafka=40.01%/546.5MiB / 4.804GiB ; elasticsearch=2.88%/1.52GiB / 4.804
[13:06:54] host CPU 19.1% RAM 72.6% | GPU 522MB/30% | kafka=0.83%/546.5MiB / 4.804GiB ; elasticsearch=2.54%/1.52GiB / 4.804G
[13:06:59] host CPU 12.4% RAM 72.6% | GPU 524MB/29% | kafka=0.80%/546.5MiB / 4.804GiB ; elasticsearch=2.38%/1.52GiB / 4.804G
[13:07:03] host CPU 18.6% RAM 72.7% | GPU 525MB/29% | kafka=0.67%/546.5MiB / 4.804GiB ; elasticsearch=2.62%/1.52GiB / 4.804G
[13:07:07] host CPU 14.3% RAM 72.3% | GPU 526MB/28% | kafka=0.91%/546.5MiB / 4.804GiB ; elasticsearch=3.06%/1.52GiB / 4.804G
[13:07:12] host CPU 14.4% RAM 72.3% | GPU 527MB/30% | kafka=165.56%/621.1MiB / 4.804GiB ; elasticsearch=2.13%/1.52GiB / 4.80
[13:07:16] host CPU 24.3% RAM 73.1% | GPU 526MB/29% | kafka=0.72%/546.5MiB / 4.804GiB ; elasticsearch=2.48%/1.52GiB / 4.804G
[13:07:20] host CPU 16.3% RAM 72.7% | GPU 527MB/32% | kafka=0.60%/546.5MiB / 4.804GiB ; elasticsearch=2.66%/1.52GiB / 4.804G
[13:07:25] host CPU 17.8% RAM 72.7% | GPU 526MB/31% | kafka=0.65%/546.5MiB / 4.804GiB ; elasticsearch=2.76%/1.52GiB / 4.804G
[13:07:29] host CPU 13.1% RAM 72.8% | GPU 526MB/30% | kafka=0.63%/546.5MiB / 4.804GiB ; elasticsearch=2.40%/1.52GiB / 4.804G
[13:07:34] host CPU 15.0% RAM 72.8% | GPU 524MB/29% | kafka=110.85%/621.4MiB / 4.804GiB ; elasticsearch=2.95%/1.52GiB / 4.80
[13:07:37] host CPU 17.8% RAM 72.7% | GPU 522MB/30% | kafka=0.65%/546.7MiB / 4.804GiB ; elasticsearch=2.97%/1.52GiB / 4.804G
[13:07:42] host CPU 14.1% RAM 72.7% | GPU 523MB/29% | kafka=0.76%/546.7MiB / 4.804GiB ; elasticsearch=3.00%/1.52GiB / 4.804G
[13:07:46] host CPU 18.9% RAM 73.0% | GPU 522MB/30% | kafka=0.86%/546.7MiB / 4.804GiB ; elasticsearch=2.45%/1.52GiB / 4.804G
[13:07:50] host CPU 14.7% RAM 72.8% | GPU 522MB/32% | kafka=0.75%/547.5MiB / 4.804GiB ; elasticsearch=2.66%/1.52GiB / 4.804G
[13:07:55] host CPU 12.1% RAM 72.8% | GPU 522MB/31% | kafka=174.61%/620.5MiB / 4.804GiB ; elasticsearch=2.61%/1.52GiB / 4.80
[13:07:59] host CPU 21.2% RAM 72.9% | GPU 526MB/30% | kafka=0.65%/547.5MiB / 4.804GiB ; elasticsearch=2.75%/1.52GiB / 4.804G
[13:08:04] host CPU 12.1% RAM 72.9% | GPU 526MB/29% | kafka=0.89%/547.5MiB / 4.804GiB ; elasticsearch=3.38%/1.52GiB / 4.804G
[13:08:07] host CPU 20.6% RAM 72.8% | GPU 524MB/29% | kafka=0.95%/547.6MiB / 4.804GiB ; elasticsearch=3.11%/1.52GiB / 4.804G
[13:08:12] host CPU 13.1% RAM 72.8% | GPU 524MB/28% | kafka=0.91%/547.6MiB / 4.804GiB ; elasticsearch=2.92%/1.52GiB / 4.804G
[13:08:16] host CPU 13.3% RAM 73.0% | GPU 523MB/29% | kafka=149.07%/622.2MiB / 4.804GiB ; elasticsearch=2.38%/1.52GiB / 4.80
[13:08:20] host CPU 23.9% RAM 72.7% | GPU 522MB/32% | kafka=0.53%/547.6MiB / 4.804GiB ; elasticsearch=2.68%/1.52GiB / 4.804G
[13:08:25] host CPU 12.2% RAM 72.7% | GPU 517MB/27% | kafka=0.84%/547.6MiB / 4.804GiB ; elasticsearch=2.41%/1.52GiB / 4.804G
[13:08:29] host CPU 23.7% RAM 72.7% | GPU 526MB/29% | kafka=0.51%/547.6MiB / 4.804GiB ; elasticsearch=3.13%/1.52GiB / 4.804G
[13:08:34] host CPU 13.6% RAM 72.7% | GPU 526MB/33% | kafka=0.70%/547.6MiB / 4.804GiB ; elasticsearch=2.92%/1.52GiB / 4.804G
[13:08:37] host CPU 14.4% RAM 72.3% | GPU 522MB/28% | kafka=140.57%/621.3MiB / 4.804GiB ; elasticsearch=2.15%/1.52GiB / 4.80
[13:08:42] host CPU 21.4% RAM 72.7% | GPU 522MB/28% | kafka=0.68%/547.6MiB / 4.804GiB ; elasticsearch=2.56%/1.52GiB / 4.804G
[13:08:46] host CPU 10.9% RAM 72.9% | GPU 521MB/28% | kafka=0.79%/547.6MiB / 4.804GiB ; elasticsearch=4.43%/1.52GiB / 4.804G
[13:08:50] host CPU 24.4% RAM 72.7% | GPU 522MB/33% | kafka=0.64%/547.6MiB / 4.804GiB ; elasticsearch=2.54%/1.52GiB / 4.804G
[13:08:55] host CPU 11.0% RAM 72.7% | GPU 522MB/28% | kafka=0.77%/547.6MiB / 4.804GiB ; elasticsearch=2.64%/1.52GiB / 4.804G
[13:08:59] host CPU 13.7% RAM 72.7% | GPU 523MB/31% | kafka=80.90%/547.7MiB / 4.804GiB ; elasticsearch=2.91%/1.52GiB / 4.804
[13:09:04] host CPU 18.0% RAM 72.7% | GPU 524MB/29% | kafka=0.77%/547.6MiB / 4.804GiB ; elasticsearch=8.40%/1.52GiB / 4.804G
[13:09:07] host CPU 13.2% RAM 72.5% | GPU 523MB/29% | kafka=0.89%/547.6MiB / 4.804GiB ; elasticsearch=4.96%/1.52GiB / 4.804G
[13:09:12] host CPU 21.8% RAM 72.6% | GPU 523MB/28% | kafka=0.55%/547.6MiB / 4.804GiB ; elasticsearch=2.61%/1.52GiB / 4.804G
[13:09:16] host CPU 14.2% RAM 72.8% | GPU 520MB/32% | kafka=0.72%/547.6MiB / 4.804GiB ; elasticsearch=2.69%/1.52GiB / 4.804G
[13:09:20] host CPU 18.2% RAM 72.6% | GPU 526MB/33% | kafka=35.62%/575.3MiB / 4.804GiB ; elasticsearch=2.64%/1.52GiB / 4.804
[13:09:25] host CPU 19.2% RAM 72.7% | GPU 525MB/28% | kafka=0.55%/547.3MiB / 4.804GiB ; elasticsearch=3.65%/1.52GiB / 4.804G
[13:09:29] host CPU 16.6% RAM 72.8% | GPU 522MB/32% | kafka=0.56%/547.3MiB / 4.804GiB ; elasticsearch=2.53%/1.52GiB / 4.804G
[13:09:34] host CPU 19.8% RAM 72.8% | GPU 523MB/30% | kafka=0.87%/547.3MiB / 4.804GiB ; elasticsearch=2.53%/1.52GiB / 4.804G
[13:09:37] host CPU 14.2% RAM 72.6% | GPU 520MB/33% | kafka=0.70%/547.4MiB / 4.804GiB ; elasticsearch=2.56%/1.52GiB / 4.804G
[13:09:42] host CPU 13.3% RAM 72.6% | GPU 522MB/34% | kafka=84.02%/587.2MiB / 4.804GiB ; elasticsearch=4.42%/1.52GiB / 4.804
[13:09:46] host CPU 19.0% RAM 73.0% | GPU 521MB/28% | kafka=0.78%/547.5MiB / 4.804GiB ; elasticsearch=2.46%/1.52GiB / 4.804G
[13:09:50] host CPU 14.8% RAM 72.8% | GPU 523MB/34% | kafka=0.58%/547.5MiB / 4.804GiB ; elasticsearch=4.00%/1.52GiB / 4.804G
[13:09:55] host CPU 17.3% RAM 72.9% | GPU 523MB/30% | kafka=0.96%/548.3MiB / 4.804GiB ; elasticsearch=2.66%/1.52GiB / 4.804G
[13:09:59] host CPU 14.5% RAM 72.9% | GPU 524MB/31% | kafka=0.96%/548.3MiB / 4.804GiB ; elasticsearch=2.34%/1.52GiB / 4.804G
[13:10:04] host CPU 13.8% RAM 72.9% | GPU 526MB/29% | kafka=133.73%/603.9MiB / 4.804GiB ; elasticsearch=2.06%/1.52GiB / 4.80
[13:10:07] host CPU 19.5% RAM 72.7% | GPU 525MB/29% | kafka=0.76%/548.4MiB / 4.804GiB ; elasticsearch=2.62%/1.52GiB / 4.804G
[13:10:12] host CPU 13.2% RAM 72.8% | GPU 524MB/29% | kafka=0.89%/548.4MiB / 4.804GiB ; elasticsearch=2.55%/1.521GiB / 4.804
[13:10:16] host CPU 18.4% RAM 73.0% | GPU 522MB/31% | kafka=0.78%/548.4MiB / 4.804GiB ; elasticsearch=2.52%/1.52GiB / 4.804G
[13:10:20] host CPU 18.9% RAM 72.8% | GPU 524MB/29% | kafka=0.62%/548.4MiB / 4.804GiB ; elasticsearch=3.10%/1.521GiB / 4.804
[13:10:25] host CPU 10.4% RAM 72.8% | GPU 522MB/29% | kafka=187.59%/627.9MiB / 4.804GiB ; elasticsearch=2.51%/1.52GiB / 4.80
[13:10:29] host CPU 20.5% RAM 72.8% | GPU 526MB/31% | kafka=1.00%/548.4MiB / 4.804GiB ; elasticsearch=2.28%/1.521GiB / 4.804
[13:10:34] host CPU 11.5% RAM 72.8% | GPU 525MB/28% | kafka=0.69%/548.4MiB / 4.804GiB ; elasticsearch=2.61%/1.521GiB / 4.804
[13:10:37] host CPU 19.6% RAM 72.6% | GPU 524MB/28% | kafka=0.64%/548.4MiB / 4.804GiB ; elasticsearch=2.45%/1.521GiB / 4.804
[13:10:42] host CPU 14.9% RAM 72.8% | GPU 524MB/29% | kafka=0.65%/548.4MiB / 4.804GiB ; elasticsearch=2.64%/1.52GiB / 4.804G
[13:10:46] host CPU 13.8% RAM 73.0% | GPU 523MB/31% | kafka=128.67%/602.2MiB / 4.804GiB ; elasticsearch=3.55%/1.52GiB / 4.80
[13:10:50] host CPU 23.2% RAM 72.9% | GPU 522MB/29% | kafka=0.75%/548.4MiB / 4.804GiB ; elasticsearch=3.12%/1.521GiB / 4.804
[13:10:55] host CPU 15.4% RAM 73.1% | GPU 522MB/30% | kafka=0.91%/548.4MiB / 4.804GiB ; elasticsearch=2.69%/1.52GiB / 4.804G
[13:10:59] host CPU 20.7% RAM 73.1% | GPU 523MB/29% | kafka=0.70%/548.4MiB / 4.804GiB ; elasticsearch=2.48%/1.521GiB / 4.804
[13:11:04] host CPU 20.1% RAM 73.3% | GPU 522MB/30% | kafka=0.78%/548.4MiB / 4.804GiB ; elasticsearch=2.73%/1.521GiB / 4.804
[13:11:07] host CPU 13.4% RAM 73.0% | GPU 522MB/27% | kafka=158.17%/608.4MiB / 4.804GiB ; elasticsearch=2.11%/1.52GiB / 4.80
[13:11:12] host CPU 21.0% RAM 73.3% | GPU 524MB/30% | kafka=0.90%/548.4MiB / 4.804GiB ; elasticsearch=2.81%/1.521GiB / 4.804
[13:11:16] host CPU 13.0% RAM 73.5% | GPU 523MB/32% | kafka=0.74%/548.4MiB / 4.804GiB ; elasticsearch=2.80%/1.52GiB / 4.804G
[13:11:20] host CPU 22.1% RAM 73.4% | GPU 524MB/30% | kafka=0.57%/548.4MiB / 4.804GiB ; elasticsearch=2.32%/1.521GiB / 4.804
[13:11:25] host CPU 15.4% RAM 73.4% | GPU 524MB/29% | kafka=0.69%/548.4MiB / 4.804GiB ; elasticsearch=2.52%/1.521GiB / 4.804
[13:11:29] host CPU 12.9% RAM 73.4% | GPU 524MB/32% | kafka=180.89%/630.1MiB / 4.804GiB ; elasticsearch=2.17%/1.52GiB / 4.80
[13:11:34] host CPU 18.1% RAM 73.5% | GPU 524MB/28% | kafka=0.64%/548.4MiB / 4.804GiB ; elasticsearch=2.71%/1.52GiB / 4.804G
[13:11:37] host CPU 13.7% RAM 72.9% | GPU 522MB/27% | kafka=0.67%/548.4MiB / 4.804GiB ; elasticsearch=2.64%/1.521GiB / 4.804
[13:11:42] host CPU 20.8% RAM 73.1% | GPU 522MB/30% | kafka=0.63%/548.5MiB / 4.804GiB ; elasticsearch=4.34%/1.521GiB / 4.804
[13:11:46] host CPU 12.3% RAM 73.4% | GPU 521MB/30% | kafka=0.90%/548.5MiB / 4.804GiB ; elasticsearch=2.67%/1.52GiB / 4.804G
[13:11:50] host CPU 13.5% RAM 73.2% | GPU 522MB/31% | kafka=98.37%/593.1MiB / 4.804GiB ; elasticsearch=2.74%/1.52GiB / 4.804
[13:11:55] host CPU 16.5% RAM 73.2% | GPU 522MB/30% | kafka=1.27%/549.4MiB / 4.804GiB ; elasticsearch=2.74%/1.521GiB / 4.804
[13:11:59] host CPU 14.0% RAM 73.1% | GPU 524MB/32% | kafka=0.75%/549.4MiB / 4.804GiB ; elasticsearch=2.74%/1.52GiB / 4.804G
[13:12:04] host CPU 18.9% RAM 73.2% | GPU 524MB/30% | kafka=0.78%/549.4MiB / 4.804GiB ; elasticsearch=2.60%/1.521GiB / 4.804
[13:12:07] host CPU 13.1% RAM 72.8% | GPU 524MB/27% | kafka=0.81%/549.4MiB / 4.804GiB ; elasticsearch=2.57%/1.52GiB / 4.804G
[13:12:12] host CPU 15.0% RAM 72.9% | GPU 524MB/30% | kafka=0.54%/549.4MiB / 4.804GiB ; elasticsearch=2.49%/1.521GiB / 4.804
[13:12:16] host CPU 18.2% RAM 73.3% | GPU 521MB/30% | kafka=0.80%/549.4MiB / 4.804GiB ; elasticsearch=2.57%/1.521GiB / 4.804
[13:12:20] host CPU 13.4% RAM 73.1% | GPU 525MB/29% | kafka=1.58%/549.4MiB / 4.804GiB ; elasticsearch=2.41%/1.521GiB / 4.804
[13:12:25] host CPU 19.4% RAM 73.1% | GPU 525MB/29% | kafka=0.66%/549.4MiB / 4.804GiB ; elasticsearch=7.40%/1.521GiB / 4.804
[13:12:29] host CPU 17.6% RAM 73.3% | GPU 524MB/31% | kafka=0.53%/549.4MiB / 4.804GiB ; elasticsearch=2.62%/1.521GiB / 4.804
[13:12:34] host CPU 12.7% RAM 73.3% | GPU 522MB/30% | kafka=162.74%/623.6MiB / 4.804GiB ; elasticsearch=2.14%/1.521GiB / 4.8
[13:12:37] host CPU 19.1% RAM 73.2% | GPU 524MB/30% | kafka=0.58%/549.4MiB / 4.804GiB ; elasticsearch=4.69%/1.521GiB / 4.804
[13:12:42] host CPU 15.0% RAM 73.3% | GPU 524MB/31% | kafka=0.75%/549.4MiB / 4.804GiB ; elasticsearch=2.69%/1.521GiB / 4.804
[13:12:46] host CPU 18.4% RAM 73.6% | GPU 520MB/33% | kafka=1.47%/549.4MiB / 4.804GiB ; elasticsearch=2.66%/1.521GiB / 4.804
[13:12:50] host CPU 16.1% RAM 73.4% | GPU 522MB/31% | kafka=0.68%/549.4MiB / 4.804GiB ; elasticsearch=2.56%/1.521GiB / 4.804
[13:12:55] host CPU 10.2% RAM 73.4% | GPU 522MB/28% | kafka=112.71%/597.2MiB / 4.804GiB ; elasticsearch=2.28%/1.521GiB / 4.8
[13:12:59] host CPU 19.2% RAM 73.4% | GPU 524MB/30% | kafka=0.81%/549.4MiB / 4.804GiB ; elasticsearch=2.37%/1.522GiB / 4.804
[13:13:04] host CPU 12.6% RAM 73.4% | GPU 524MB/29% | kafka=0.83%/549.4MiB / 4.804GiB ; elasticsearch=2.49%/1.521GiB / 4.804
[13:13:07] host CPU 19.6% RAM 73.3% | GPU 524MB/29% | kafka=0.95%/549.4MiB / 4.804GiB ; elasticsearch=3.23%/1.521GiB / 4.804
[13:13:12] host CPU 13.2% RAM 73.4% | GPU 526MB/31% | kafka=0.61%/549.4MiB / 4.804GiB ; elasticsearch=2.58%/1.521GiB / 4.804
[13:13:16] host CPU 13.6% RAM 73.5% | GPU 524MB/30% | kafka=29.07%/572.9MiB / 4.804GiB ; elasticsearch=2.26%/1.521GiB / 4.80
[13:13:20] host CPU 20.7% RAM 73.3% | GPU 526MB/30% | kafka=0.80%/549.5MiB / 4.804GiB ; elasticsearch=8.26%/1.522GiB / 4.804
[13:13:25] host CPU 14.2% RAM 73.3% | GPU 524MB/28% | kafka=0.56%/549.5MiB / 4.804GiB ; elasticsearch=2.73%/1.522GiB / 4.804
[13:13:29] host CPU 17.8% RAM 73.3% | GPU 522MB/31% | kafka=24.84%/549.5MiB / 4.804GiB ; elasticsearch=2.41%/1.522GiB / 4.80
[13:13:34] host CPU 14.2% RAM 73.3% | GPU 522MB/29% | kafka=0.61%/549.5MiB / 4.804GiB ; elasticsearch=3.09%/1.521GiB / 4.804
[13:13:37] host CPU 14.3% RAM 72.9% | GPU 523MB/30% | kafka=58.31%/583.5MiB / 4.804GiB ; elasticsearch=2.27%/1.521GiB / 4.80
[13:13:42] host CPU 20.6% RAM 73.3% | GPU 522MB/30% | kafka=0.80%/549.5MiB / 4.804GiB ; elasticsearch=2.56%/1.522GiB / 4.804
[13:13:46] host CPU 11.8% RAM 73.6% | GPU 522MB/29% | kafka=0.78%/549.6MiB / 4.804GiB ; elasticsearch=16.20%/1.522GiB / 4.80
[13:13:50] host CPU 17.2% RAM 73.4% | GPU 526MB/29% | kafka=0.70%/549.6MiB / 4.804GiB ; elasticsearch=3.74%/1.522GiB / 4.804
[13:13:55] host CPU 14.8% RAM 73.4% | GPU 526MB/28% | kafka=0.81%/549.6MiB / 4.804GiB ; elasticsearch=2.59%/1.522GiB / 4.804
[13:13:59] host CPU 13.2% RAM 73.4% | GPU 522MB/33% | kafka=1.04%/550.5MiB / 4.804GiB ; elasticsearch=4.97%/1.522GiB / 4.804
[13:14:04] host CPU 20.8% RAM 73.4% | GPU 523MB/29% | kafka=0.77%/550.5MiB / 4.804GiB ; elasticsearch=9.40%/1.522GiB / 4.804
[13:14:07] host CPU 14.2% RAM 73.0% | GPU 525MB/32% | kafka=0.85%/550.5MiB / 4.804GiB ; elasticsearch=2.45%/1.522GiB / 4.804
[13:14:12] host CPU 18.6% RAM 73.2% | GPU 527MB/32% | kafka=0.83%/550.5MiB / 4.804GiB ; elasticsearch=4.31%/1.522GiB / 4.804
[13:14:16] host CPU 14.8% RAM 73.6% | GPU 526MB/28% | kafka=0.80%/550.5MiB / 4.804GiB ; elasticsearch=8.34%/1.522GiB / 4.804
[13:14:20] host CPU 14.6% RAM 73.4% | GPU 526MB/31% | kafka=0.62%/550.5MiB / 4.804GiB ; elasticsearch=2.40%/1.522GiB / 4.804
[13:14:25] host CPU 20.4% RAM 73.4% | GPU 526MB/31% | kafka=0.78%/550.5MiB / 4.804GiB ; elasticsearch=2.82%/1.522GiB / 4.804
[13:14:29] host CPU 12.7% RAM 73.4% | GPU 526MB/30% | kafka=0.62%/550.5MiB / 4.804GiB ; elasticsearch=6.96%/1.522GiB / 4.804
[13:14:34] host CPU 17.4% RAM 73.4% | GPU 524MB/32% | kafka=8.63%/549.7MiB / 4.804GiB ; elasticsearch=2.65%/1.522GiB / 4.804
[13:14:38] host CPU 14.8% RAM 73.1% | GPU 523MB/30% | kafka=0.69%/549.7MiB / 4.804GiB ; elasticsearch=5.53%/1.522GiB / 4.804
[13:14:42] host CPU 14.4% RAM 73.2% | GPU 523MB/28% | kafka=76.04%/586MiB / 4.804GiB ; elasticsearch=2.60%/1.522GiB / 4.804G
[13:14:46] host CPU 18.5% RAM 73.6% | GPU 520MB/29% | kafka=0.76%/549.8MiB / 4.804GiB ; elasticsearch=2.47%/1.522GiB / 4.804
[13:14:50] host CPU 16.0% RAM 73.3% | GPU 522MB/29% | kafka=0.69%/549.8MiB / 4.804GiB ; elasticsearch=2.58%/1.522GiB / 4.804
[13:14:55] host CPU 12.2% RAM 73.3% | GPU 524MB/28% | kafka=91.67%/549.8MiB / 4.804GiB ; elasticsearch=7.22%/1.522GiB / 4.80
[13:14:59] host CPU 15.7% RAM 73.4% | GPU 526MB/31% | kafka=0.78%/549.8MiB / 4.804GiB ; elasticsearch=19.33%/1.522GiB / 4.80
[13:15:04] host CPU 13.1% RAM 73.4% | GPU 524MB/31% | kafka=138.78%/610.8MiB / 4.804GiB ; elasticsearch=2.24%/1.522GiB / 4.8
[13:15:08] host CPU 20.8% RAM 73.4% | GPU 524MB/30% | kafka=0.87%/549.8MiB / 4.804GiB ; elasticsearch=6.20%/1.522GiB / 4.804
[13:15:12] host CPU 14.1% RAM 73.5% | GPU 524MB/30% | kafka=0.78%/549.8MiB / 4.804GiB ; elasticsearch=3.02%/1.522GiB / 4.804
[13:15:16] host CPU 16.3% RAM 73.7% | GPU 526MB/29% | kafka=26.29%/549.8MiB / 4.804GiB ; elasticsearch=2.48%/1.522GiB / 4.80
[13:15:20] host CPU 24.6% RAM 73.7% | GPU 527MB/29% | kafka=0.73%/549.8MiB / 4.804GiB ; elasticsearch=18.79%/1.522GiB / 4.80
[13:15:25] host CPU 17.7% RAM 72.5% | GPU 519MB/30% | kafka=41.66%/579.6MiB / 4.804GiB ; elasticsearch=3.25%/1.522GiB / 4.80
[13:15:29] host CPU 22.2% RAM 72.6% | GPU 516MB/30% | kafka=0.61%/549.8MiB / 4.804GiB ; elasticsearch=2.94%/1.522GiB / 4.804
[13:15:34] host CPU 11.0% RAM 72.5% | GPU 516MB/32% | kafka=0.61%/549.8MiB / 4.804GiB ; elasticsearch=4.44%/1.522GiB / 4.804
[13:15:38] host CPU 19.2% RAM 72.3% | GPU 514MB/35% | kafka=1.64%/549MiB / 4.804GiB ; elasticsearch=2.45%/1.522GiB / 4.804Gi
[13:15:42] host CPU 15.2% RAM 72.5% | GPU 515MB/34% | kafka=0.75%/549MiB / 4.804GiB ; elasticsearch=2.58%/1.522GiB / 4.804Gi
[13:15:46] host CPU 13.3% RAM 72.8% | GPU 516MB/29% | kafka=0.69%/549MiB / 4.804GiB ; elasticsearch=2.88%/1.522GiB / 4.804Gi
[13:15:50] host CPU 19.6% RAM 72.6% | GPU 516MB/33% | kafka=0.79%/549.2MiB / 4.804GiB ; elasticsearch=2.46%/1.522GiB / 4.804
[13:15:55] host CPU 12.0% RAM 72.6% | GPU 514MB/31% | kafka=0.72%/549.2MiB / 4.804GiB ; elasticsearch=5.44%/1.522GiB / 4.804
[13:15:59] host CPU 14.8% RAM 72.6% | GPU 517MB/33% | kafka=1.49%/549.2MiB / 4.804GiB ; elasticsearch=3.79%/1.522GiB / 4.804
[13:16:04] host CPU 20.3% RAM 72.7% | GPU 517MB/31% | kafka=0.80%/550MiB / 4.804GiB ; elasticsearch=2.62%/1.522GiB / 4.804Gi
[13:16:08] host CPU 12.1% RAM 72.4% | GPU 513MB/29% | kafka=0.95%/550MiB / 4.804GiB ; elasticsearch=2.62%/1.522GiB / 4.804Gi
[13:16:12] host CPU 23.5% RAM 72.7% | GPU 515MB/29% | kafka=0.69%/550MiB / 4.804GiB ; elasticsearch=2.51%/1.522GiB / 4.804Gi
[13:16:16] host CPU 13.3% RAM 72.9% | GPU 514MB/29% | kafka=0.83%/550MiB / 4.804GiB ; elasticsearch=2.77%/1.522GiB / 4.804Gi
[13:16:20] host CPU 12.4% RAM 72.5% | GPU 517MB/30% | kafka=165.15%/613.8MiB / 4.804GiB ; elasticsearch=4.62%/1.522GiB / 4.8
[13:16:25] host CPU 18.6% RAM 72.5% | GPU 516MB/31% | kafka=0.64%/550MiB / 4.804GiB ; elasticsearch=2.54%/1.522GiB / 4.804Gi
[13:16:29] host CPU 17.2% RAM 72.5% | GPU 515MB/36% | kafka=14.21%/564MiB / 4.804GiB ; elasticsearch=4.77%/1.522GiB / 4.804G
[13:16:34] host CPU 16.9% RAM 72.5% | GPU 512MB/33% | kafka=0.69%/550MiB / 4.804GiB ; elasticsearch=2.68%/1.522GiB / 4.804Gi
[13:16:38] host CPU 11.6% RAM 72.1% | GPU 513MB/28% | kafka=0.66%/550MiB / 4.804GiB ; elasticsearch=2.54%/1.522GiB / 4.804Gi
[13:16:42] host CPU 13.4% RAM 72.2% | GPU 515MB/31% | kafka=157.11%/625.3MiB / 4.804GiB ; elasticsearch=3.23%/1.523GiB / 4.8
[13:16:46] host CPU 18.1% RAM 72.6% | GPU 514MB/29% | kafka=0.71%/550MiB / 4.804GiB ; elasticsearch=3.70%/1.522GiB / 4.804Gi
[13:16:50] host CPU 15.2% RAM 72.4% | GPU 517MB/33% | kafka=0.76%/550MiB / 4.804GiB ; elasticsearch=5.77%/1.522GiB / 4.804Gi
[13:16:55] host CPU 18.1% RAM 72.4% | GPU 518MB/35% | kafka=0.59%/550MiB / 4.804GiB ; elasticsearch=2.71%/1.522GiB / 4.804Gi
[13:16:59] host CPU 12.9% RAM 72.4% | GPU 516MB/34% | kafka=0.68%/550MiB / 4.804GiB ; elasticsearch=2.45%/1.522GiB / 4.804Gi
[13:17:04] host CPU 15.0% RAM 72.4% | GPU 515MB/28% | kafka=0.77%/550MiB / 4.804GiB ; elasticsearch=2.55%/1.522GiB / 4.804Gi
[13:17:08] host CPU 16.3% RAM 72.0% | GPU 515MB/32% | kafka=0.78%/550MiB / 4.804GiB ; elasticsearch=2.49%/1.522GiB / 4.804Gi
[13:17:12] host CPU 13.2% RAM 72.0% | GPU 517MB/29% | kafka=0.80%/550MiB / 4.804GiB ; elasticsearch=2.63%/1.522GiB / 4.804Gi
[13:17:16] host CPU 18.9% RAM 72.7% | GPU 519MB/28% | kafka=0.91%/550.1MiB / 4.804GiB ; elasticsearch=4.42%/1.522GiB / 4.804
[13:17:20] host CPU 15.3% RAM 72.4% | GPU 516MB/33% | kafka=0.73%/550.1MiB / 4.804GiB ; elasticsearch=2.48%/1.522GiB / 4.804
[13:17:25] host CPU 11.1% RAM 72.4% | GPU 515MB/31% | kafka=36.64%/550.1MiB / 4.804GiB ; elasticsearch=4.23%/1.522GiB / 4.80
[13:17:29] host CPU 30.9% RAM 72.5% | GPU 517MB/31% | kafka=0.75%/550.1MiB / 4.804GiB ; elasticsearch=2.50%/1.522GiB / 4.804
[13:17:34] host CPU 17.1% RAM 72.6% | GPU 517MB/29% | kafka=0.63%/550.1MiB / 4.804GiB ; elasticsearch=2.57%/1.522GiB / 4.804
[13:17:38] host CPU 19.4% RAM 72.5% | GPU 513MB/27% | kafka=0.72%/550.1MiB / 4.804GiB ; elasticsearch=2.66%/1.522GiB / 4.804
[13:17:42] host CPU 13.4% RAM 72.5% | GPU 515MB/28% | kafka=0.80%/550.1MiB / 4.804GiB ; elasticsearch=11.63%/1.523GiB / 4.80
[13:17:46] host CPU 10.7% RAM 72.8% | GPU 514MB/0% | kafka=117.36%/626.5MiB / 4.804GiB ; elasticsearch=0.28%/1.522GiB / 4.8
