---- STARTING OMNI-PROCESSOR ----
-> Connected to Elasticsearch at http://172.16.10.94:9200 | Index: perf_20261002-152228_clu_vm14-vm24-rasp14-rasp24-rasp34_allfive_r3
-> Loading model from /home/rasp3/hsp/src/../models/bert_final on cpu...
-> BERT Model Loaded successfully.
-> Benchmark log: /home/rasp3/hsp/reports/scaling/20261002-152228_clu_vm14-vm24-rasp14-rasp24-rasp34_allfive_r3/bench_rasp3_3.csv | node rasp3 | group g_20261002-152228_clu_vm14-vm24-rasp14-rasp24-rasp34_allfive_r3
------------------------------------------------------------------------------------------------------------------------
DOMAIN       | SOURCE   | PREDICTION   | CONF.  | LATENCY  | TEXT
------------------------------------------------------------------------------------------------------------------------
[ENTERTAINM] | YouTube  | [Normal]     | 92%    |  528.0ms | yooooo...
[GAMING/GAM] | YouTube  | [Normal]     | 97%    |  378.4ms | amazing refresh pull...
[GAMING/SUR] | YouTube  | [Normal]     | 85%    |  419.7ms | go get your own scrap and gamble that...
[MUSIC/CHIL] | YouTube  | [Normal]     | 98%    |  853.1ms | Anna edi okasari chelli ani piluvu :grin...
[GAMING/SUR] | YouTube  | [Normal]     | 72%    |  343.2ms | how you gonna play a game worse than tar...
[ENTERTAINM] | YouTube  | [Normal]     | 97%    |  402.2ms | 500 complete done :thumbs_up::check_mark...
[PSYCHOLOGY] | YouTube  | [Normal]     | 94%    |  254.5ms | somewhat...
[PSYCHOLOGY] | YouTube  | [Normal]     | 93%    |  215.4ms | yes...
[PSYCHOLOGY] | YouTube  | [Normal]     | 96%    |  268.7ms | Dr. K rocking linux? :O...
[GAMING/GAM] | YouTube  | [Normal]     | 93%    |  268.1ms | YOOOOO HELLOOOOOOO...
[SELF-HELP/] | YouTube  | [Normal]     | 81%    |  407.2ms | we dont get that sort of clarity about w...
[GAMING/GAM] | YouTube  | [Normal]     | 96%    |  296.4ms | FASHION!!...
[ENTERTAINM] | YouTube  | [Normal]     | 97%    |  807.7ms | Me and my fam have devoted our lives to ...
[GAMING/GAM] | YouTube  | [Normal]     | 95%    |  265.1ms | The lighthouse!!...
[GAMING/SUR] | YouTube  | [Normal]     | 94%    |  319.3ms | When was the last time he played maratho...
[GAMING/GAM] | YouTube  | [Normal]     | 94%    |  371.2ms | I vote fore prusa:rolling_on_the_floor_l...
[ENTERTAINM] | YouTube  | [Normal]     | 94%    |  223.2ms | Hi...
[GAMING/SUR] | YouTube  | [Normal]     | 95%    |  312.7ms | why didnt dealer draw on 18...
[ENTERTAINM] | YouTube  | [Normal]     | 94%    |  260.7ms | 1...
[GAMING/SUR] | YouTube  | [Normal]     | 92%    |  306.7ms | Tables are hot!!...
[GAMING/SUR] | YouTube  | [Normal]     | 94%    |  319.7ms | do itttttt...
[GAMING/GAM] | YouTube  | [Normal]     | 94%    |  270.6ms | hi...
[ENTERTAINM] | YouTube  | [Normal]     | 90%    |  277.3ms | GGG...
[GAMING/GAM] | YouTube  | [Normal]     | 96%    |  327.2ms | MARKIMOOOOOO...
[GAMING/SUR] | YouTube  | [Normal]     | 73%    |  428.8ms | People acting like pro gamblers when the...
[SPORTS/FOO] | YouTube  | [Normal]     | 95%    |  238.1ms | Love you Japan...
[ENTERTAINM] | YouTube  | [Normal]     | 91%    |  248.7ms | mom...
[GAMING/GAM] | YouTube  | [Normal]     | 90%    |  410.8ms | all the boxes in the movie theaters had ...
[GAMING/GAM] | YouTube  | [Normal]     | 93%    |  576.4ms | i don't know if that was the issue at my...
[GAMING/GAM] | YouTube  | [Normal]     | 96%    |  377.0ms | 3 time #1 movie maker!?!?!...
[GAMING/GAM] | YouTube  | [Normal]     | 96%    |  265.7ms | :3c...
[ENTERTAINM] | YouTube  | [Normal]     | 97%    |  538.6ms | Hello Mr. Beast  I'm from Indonesia.:fac...
[ENTERTAINM] | YouTube  | [Normal]     | 94%    |  267.5ms | hi...
[GAMING/GAM] | YouTube  | [Normal]     | 97%    |  470.9ms | just watched the movie 30 minutes ago an...
[GAMING/GAM] | YouTube  | [Normal]     | 97%    |  362.1ms | Hai Marikipliaer!!!!...
[ENTERTAINM] | YouTube  | [Normal]     | 91%    |  366.1ms | mrbeast you will soon get 1 billion...
[GAMING/GAM] | YouTube  | [Normal]     | 96%    |  283.9ms | lol...
[ENTERTAINM] | YouTube  | [Normal]     | 96%    |  293.3ms | I do...
[PSYCHOLOGY] | YouTube  | [Normal]     | 94%    |  328.6ms | God bless you  Dr. K...
[NEWS/LIVE ] | YouTube  | [Normal]     | 94%    |  291.7ms | trend...
[GAMING/SUR] | YouTube  | [Normal]     | 96%    |  370.5ms | I have literal tears in my eyes...
[GAMING/GAM] | YouTube  | [Normal]     | 92%    |  315.5ms | yeah...
[GAMING/SUR] | YouTube  | [Normal]     | 93%    |  301.2ms | bet green...
[GAMING/GAM] | YouTube  | [Normal]     | 95%    |  510.1ms | I just watched Iron Lung you truly did a...
[MUSIC/CHIL] | YouTube  | [Normal]     | 98%    |  512.2ms | Dream dude :face_with_tears_of_joy: is S...
[GAMING/GAM] | YouTube  | [Normal]     | 96%    |  355.3ms | Hi all!! Hi Mark!...
[GAMING/GAM] | YouTube  | [Normal]     | 94%    |  307.2ms | observation duty; schizophrenia mods...
[ENTERTAINM] | YouTube  | [Normal]     | 96%    |  336.8ms | New member...
[GAMING/GAM] | YouTube  | [OFFENSIVE]  | 50%    |  850.6ms | Mark  I'm gonna cry. Iron Lung is not th...
[PSYCHOLOGY] | YouTube  | [Normal]     | 86%    |  321.2ms | Avoidant...
[GAMING/GAM] | YouTube  | [Normal]     | 91%    |  335.5ms | how dare that anomaly send a distress fl...
[ENTERTAINM] | YouTube  | [Normal]     | 89%    |  314.6ms | CONGRATS! YOU DESERVE IT!...
[GAMING/SUR] | YouTube  | [Normal]     | 80%    |  303.7ms | this is too funny...
[GAMING/SUR] | YouTube  | [OFFENSIVE]  | 88%    |  361.8ms | Bro.. close the fucking doors...
[GAMING/GAM] | YouTube  | [Normal]     | 97%    |  295.7ms | Marker plier look at the bed...
[GAMING/GAM] | YouTube  | [Normal]     | 97%    |  519.8ms | I'm watching Iron Lung tomorrow night wi...
[ENTERTAINM] | YouTube  | [Normal]     | 96%    |  259.8ms | New member...
[ENTERTAINM] | YouTube  | [Normal]     | 93%    |  438.3ms | :elbowcough::elbowcough::elbowcough::elb...
[GAMING/SUR] | YouTube  | [Normal]     | 96%    |  255.3ms | Así welyn...
[GAMING/GAM] | YouTube  | [Normal]     | 97%    |  332.9ms | Good morning...
[GAMING/GAM] | YouTube  | [Normal]     | 96%    |  306.5ms | BASEMENT MOUSE TRAPS...
[ENTERTAINM] | YouTube  | [Normal]     | 98%    |  489.3ms | :face-blue-smiling::face-blue-smiling::f...
[ENTERTAINM] | YouTube  | [Normal]     | 72%    |  272.0ms | mr pist...
[GAMING/SUR] | YouTube  | [Normal]     | 97%    |  358.7ms | I wanna see rainbow Six Siege!...
[ENTERTAINM] | YouTube  | [Normal]     | 94%    |  262.6ms | SO OLD BUT GOLD...
[MUSIC/CHIL] | YouTube  | [Normal]     | 96%    |  591.6ms | Where is your wife Prasa or r uh here fo...
[GAMING/GAM] | YouTube  | [OFFENSIVE]  | 49%    |  324.5ms | camera messed up in yard?...
[GAMING/GAM] | YouTube  | [Normal]     | 95%    |  301.3ms | Hii...
[ENTERTAINM] | YouTube  | [Normal]     | 95%    |  246.2ms | Hii...
[ENTERTAINM] | YouTube  | [Normal]     | 95%    |  246.8ms | i know...
[NEWS/LIVE ] | YouTube  | [Normal]     | 52%    |  414.5ms | WHITE IS THE BEST!!! KARMELO IS PRISON F...
[ENTERTAINM] | YouTube  | [Normal]     | 98%    |  302.4ms | binod...
[ENTERTAINM] | YouTube  | [Normal]     | 96%    |  345.3ms | Kai cenat?...
[GAMING/GAM] | YouTube  | [Normal]     | 93%    |  275.7ms | e...
[GAMING/GAM] | YouTube  | [Normal]     | 96%    |  323.5ms | you look very cool mark...
[GAMING/GAM] | YouTube  | [Normal]     | 66%    |  288.6ms | TOO LOUYD...
[GAMING/GAM] | YouTube  | [Normal]     | 97%    |  309.4ms | fog in yard?...
[ENTERTAINM] | YouTube  | [Normal]     | 94%    |  298.4ms | Jimmy...
[ENTERTAINM] | YouTube  | [Normal]     | 93%    |  313.8ms | you watching the usa game today...
[GAMING/GAM] | YouTube  | [Normal]     | 97%    |  395.8ms | Watched Iron Lung last weekend! It was A...
[GAMING/GAM] | YouTube  | [Normal]     | 80%    |  451.6ms | MOUSETRAP IN BASEMENT THE MOST RIGHT ONE...
[GAMING/SUR] | YouTube  | [Normal]     | 97%    |  366.6ms | Lmfao this is great...
[GAMING/SUR] | YouTube  | [Normal]     | 97%    |  331.4ms | every door wide open lmao...
[ENTERTAINM] | YouTube  | [Normal]     | 95%    |  350.6ms | hi Mr Beast I love u...
[GAMING/GAM] | YouTube  | [Normal]     | 97%    |  325.9ms | EXTRA MOUSETRAP IN BASEMENT...
[GAMING/GAM] | YouTube  | [Normal]     | 97%    |  487.9ms | strange broadcast? That's just Alastor f...
[GAMING/GAM] | YouTube  | [Normal]     | 97%    |  268.7ms | Welcome to Member!...
[GAMING/GAM] | YouTube  | [Normal]     | 90%    |  245.0ms | yoo...
[GAMING/GAM] | YouTube  | [Normal]     | 92%    |  357.6ms | its right there...
[GAMING/GAM] | YouTube  | [Normal]     | 96%    |  327.2ms | extra bottle pier?...
[GAMING/GAM] | YouTube  | [Normal]     | 94%    |  244.9ms | Camera...
[GAMING/GAM] | YouTube  | [Normal]     | 94%    |  262.6ms | FOG...
[ENTERTAINM] | YouTube  | [Normal]     | 94%    | 1679.4ms | :buffering::buffering::buffering::buffer...
[ENTERTAINM] | YouTube  | [Normal]     | 98%    |  442.6ms | :hand-pink-waving:...
[ENTERTAINM] | YouTube  | [Normal]     | 96%    |  408.0ms | Jimmy  do you think you can handle 600 m...
[ENTERTAINM] | YouTube  | [Normal]     | 94%    |  235.2ms | Indonesia...
[GAMING/GAM] | YouTube  | [Normal]     | 93%    |  612.9ms | blahblahblah im markiplier. 27 million r...
[GAMING/GAM] | YouTube  | [Normal]     | 90%    |  445.1ms | I’m just waiting for an intruder to pop ...
[GAMING/SUR] | YouTube  | [Normal]     | 79%    |  325.0ms | p you must start shutting doors and gate...
[GAMING/GAM] | YouTube  | [Normal]     | 96%    |  361.3ms | BARRELS TURNED...
[PSYCHOLOGY] | YouTube  | [Normal]     | 89%    |  344.8ms | but it goes both for men and women...
[GAMING/SUR] | YouTube  | [Normal]     | 96%    |  299.4ms | Oil let welyn do the turrets...
[GAMING/SUR] | YouTube  | [Normal]     | 91%    |  386.6ms | a welyn's work is never done...
[ENTERTAINM] | YouTube  | [Normal]     | 94%    |  215.8ms | 1...
[SELF-HELP/] | YouTube  | [Normal]     | 72%    |  255.1ms | dr k are you broken...
[PSYCHOLOGY] | YouTube  | [Normal]     | 92%    |  295.2ms | hih go dr k...
[GAMING/GAM] | YouTube  | [Normal]     | 92%    |  255.0ms | the ropes...
[GAMING/GAM] | YouTube  | [Normal]     | 96%    |  294.2ms | hi mark...
[GAMING/SUR] | YouTube  | [Normal]     | 80%    |  260.3ms | YOU GOT IT...
[GAMING/GAM] | YouTube  | [Normal]     | 78%    |  364.9ms | Just watched Iron Lung in Germany!...
[ENTERTAINM] | YouTube  | [Normal]     | 94%    |  769.1ms | :ok_hand::ok_hand::ok_hand::ok_hand::ok_...
[ENTERTAINM] | YouTube  | [Normal]     | 95%    |  545.9ms | Россия Россия Россия Россия...
[ENTERTAINM] | YouTube  | [Normal]     | 92%    |  325.8ms | MrBeast...
[MUSIC/CHIL] | YouTube  | [Normal]     | 95%    | 1127.1ms | nu te judeca dur nu te taxează vezi daca...
[ENTERTAINM] | YouTube  | [Normal]     | 91%    |  287.9ms | yo jimmy...
[GAMING/GAM] | YouTube  | [Normal]     | 95%    |  454.8ms | it seems fine I don't think anything cha...
[GAMING/GAM] | YouTube  | [Normal]     | 98%    |  726.7ms | Red light in the top left Red light in t...
[ENTERTAINM] | YouTube  | [Normal]     | 95%    |  232.9ms | Paul from UGANDA...
[ENTERTAINM] | YouTube  | [Normal]     | 93%    |  228.8ms | лол...
[ENTERTAINM] | YouTube  | [Normal]     | 90%    | 1879.8ms | :stayhome::stayhome::stayhome::stayhome:...
[ENTERTAINM] | YouTube  | [Normal]     | 95%    |  263.6ms | ff...
[GAMING/SUR] | YouTube  | [Normal]     | 71%    |  397.3ms | NOOOOOOOOOOOOOOOOOOOOOOOOOO...
[ENTERTAINM] | YouTube  | [Normal]     | 94%    |  273.6ms | hi...
[GAMING/SUR] | YouTube  | [Normal]     | 95%    |  375.9ms | ?????...
[ENTERTAINM] | YouTube  | [Normal]     | 92%    |  419.4ms | Let’s go!!!!...
[ENTERTAINM] | YouTube  | [Normal]     | 97%    |  404.6ms | love from Bangladesh :red_heart:...
[ENTERTAINM] | YouTube  | [Normal]     | 97%    | 2671.1ms | :face-purple-crying::face-purple-crying:...
[ENTERTAINM] | YouTube  | [Normal]     | 96%    |  287.4ms | базар жок...
[ENTERTAINM] | YouTube  | [Normal]     | 97%    |  662.6ms | :persevering_face::revolving_hearts::per...
[SELF-HELP/] | YouTube  | [Normal]     | 61%    |  361.7ms | higher Iq does not correlate with better...
[GAMING/GAM] | YouTube  | [HATE]       | 88%    |  379.7ms | Humans are way creepier than we give our...
[ENTERTAINM] | YouTube  | [Normal]     | 96%    |  371.1ms | الكفن505...
[ENTERTAINM] | YouTube  | [Normal]     | 97%    |  289.3ms | hallo shabil...
[ENTERTAINM] | YouTube  | [Normal]     | 97%    |  512.2ms | Мистер Бист  я хочу пиццу...
[GAMING/SUR] | YouTube  | [Normal]     | 95%    |  248.3ms | Hello guys...
[ENTERTAINM] | YouTube  | [Normal]     | 97%    |  271.8ms | love from india...
[PSYCHOLOGY] | YouTube  | [Normal]     | 94%    |  778.8ms | The ideal is that we live in a society t...
[ENTERTAINM] | YouTube  | [Normal]     | 67%    |  328.1ms | les gooo...
[ENTERTAINM] | YouTube  | [Normal]     | 95%    |  269.4ms | 6 7...
[GAMING/GAM] | YouTube  | [Normal]     | 96%    |  395.7ms | can't wait to buy the dvd!...
[GAMING/GAM] | YouTube  | [Normal]     | 83%    |  307.5ms | The Iron Lung guy!...
[GAMING/SUR] | YouTube  | [Normal]     | 91%    |  338.8ms | make the switch just for the turrets...
[GAMING/GAM] | YouTube  | [Normal]     | 97%    |  227.2ms | donuts?...
[PSYCHOLOGY] | YouTube  | [Normal]     | 96%    |  317.7ms | Spa with children and million dollars co...
[GAMING/GAM] | YouTube  | [Normal]     | 92%    |  257.0ms | can i get banned for fun...
[ENTERTAINM] | YouTube  | [Normal]     | 95%    |  326.3ms | :duck:...
[GAMING/GAM] | YouTube  | [Normal]     | 87%    |  263.6ms | they aren't strawberry - banned...
[SPORTS/FOO] | YouTube  | [Normal]     | 94%    |  401.2ms | 그래도 일본 잘하네...
[GAMING/GAM] | YouTube  | [Normal]     | 94%    |  357.1ms | Banban???...
[ENTERTAINM] | YouTube  | [Normal]     | 97%    |  329.4ms | l love ur all videos :red_heart::camera:...
[ENTERTAINM] | YouTube  | [Normal]     | 91%    |  257.2ms | hey...
[GAMING/GAM] | YouTube  | [Normal]     | 80%    |  227.1ms | JUST GET OUT...
[GAMING/GAM] | YouTube  | [Normal]     | 97%    |  233.9ms | Hi MARK :D...
[PSYCHOLOGY] | YouTube  | [Normal]     | 89%    |  325.6ms | sorry  i am tired  *facepalm...
[GAMING/SUR] | YouTube  | [Normal]     | 91%    |  694.3ms | :_Dance::_LetsGo::_BUNGULATE::_Stare::_G...
[GAMING/SUR] | YouTube  | [Normal]     | 93%    |  253.4ms | holy...
[GAMING/SUR] | YouTube  | [Normal]     | 96%    |  401.4ms | You ended the night with Jack in the Box...
[GAMING/SUR] | YouTube  | [Normal]     | 95%    |  273.9ms | no twitch?...
[MUSIC/CHIL] | YouTube  | [Normal]     | 98%    |  483.7ms | serendi marchipoya :smiling_face_with_te...
[GAMING/SUR] | YouTube  | [OFFENSIVE]  | 79%    |  515.8ms | :_LetsRide::_LetsGo::_LetsRide:...
[GAMING/SUR] | YouTube  | [Normal]     | 94%    |  268.9ms | H20 is OG...
[GAMING/SUR] | YouTube  | [Normal]     | 84%    |  470.9ms | each of them will have users sneaking wi...
[PSYCHOLOGY] | YouTube  | [Normal]     | 91%    |  337.4ms | :smirking_face:...
[GAMING/SUR] | YouTube  | [Normal]     | 96%    |  272.2ms | all in on 1...
[GAMING/SUR] | YouTube  | [Normal]     | 97%    | 1258.4ms | :face_with_tears_of_joy::face_with_tears...
[PSYCHOLOGY] | YouTube  | [Normal]     | 95%    |  463.3ms | @whatifi-g2e best of luck!!!!!...
[GAMING/SUR] | YouTube  | [Normal]     | 98%    |  453.0ms | I LOVE :smiling_face_with_hearts:...
[GAMING/SUR] | YouTube  | [Normal]     | 47%    |  342.2ms | I THINK GOD HATES YOU...
[GAMING/SUR] | YouTube  | [Normal]     | 92%    |  332.2ms | how do i join...
[GAMING/SUR] | YouTube  | [Normal]     | 89%    |  545.6ms | an this is how ppl loose their house car...
[GAMING/SUR] | YouTube  | [Normal]     | 97%    |  473.7ms | All those gifted subs last night and I m...
[GAMING/SUR] | YouTube  | [Normal]     | 97%    |  466.7ms | fps streamer of the year  ladies and gen...
[GAMING/SUR] | YouTube  | [Normal]     | 98%    |  302.8ms | complimentary ball check?...
[ENTERTAINM] | YouTube  | [Normal]     | 95%    |  279.9ms | Hii...
[GAMING/GAM] | YouTube  | [Normal]     | 95%    |  352.5ms | 1 min...
[ENTERTAINM] | YouTube  | [Normal]     | 95%    |  288.7ms | )...
[PSYCHOLOGY] | YouTube  | [Normal]     | 90%    |  348.4ms | metaphor refantazio archetypes...
[NEWS/LIVE ] | YouTube  | [Normal]     | 90%    |  288.9ms | thats all...
[ENTERTAINM] | YouTube  | [Normal]     | 90%    |  225.2ms | Yessss...
[MUSIC/CHIL] | YouTube  | [Normal]     | 63%    |  561.9ms | ce prostie era să zic :rolling_on_the_fl...
[PSYCHOLOGY] | YouTube  | [HATE]       | 42%    |  277.1ms | latin is funny...
[GAMING/GAM] | YouTube  | [HATE]       | 36%    |  389.9ms | So they “won” by charging people more?...
[NEWS/LIVE ] | YouTube  | [Normal]     | 77%    |  400.0ms | ya can't argue with something you agree ...
[GAMING/GAM] | YouTube  | [Normal]     | 97%    |  255.9ms | watching the movie tonight...
[ENTERTAINM] | YouTube  | [Normal]     | 94%    |  260.1ms | hi...
[ENTERTAINM] | YouTube  | [Normal]     | 93%    |  244.3ms | India...
[LIFESTYLE/] | YouTube  | [Normal]     | 97%    |  511.6ms | Still cooler than usual here  but at lea...
[GAMING/GAM] | YouTube  | [Normal]     | 95%    |  373.0ms | airplane...
[ENTERTAINM] | YouTube  | [Normal]     | 94%    |  301.7ms | Hi...
[ENTERTAINM] | YouTube  | [Normal]     | 95%    |  246.2ms | yooo...
[GAMING/GAM] | YouTube  | [Normal]     | 90%    |  224.0ms | AIR HOUSE...
[GAMING/GAM] | YouTube  | [Normal]     | 95%    |  325.7ms | lighthouse!!!...
[GAMING/GAM] | YouTube  | [Normal]     | 97%    |  361.8ms | HI MARKIPLIER I'VE WATCHED YOUR VIDEOS F...
[NEWS/LIVE ] | YouTube  | [Normal]     | 94%    |  381.2ms | fractional reserve banking allows banks ...
[ENTERTAINM] | YouTube  | [Normal]     | 94%    |  216.1ms | 1...
[GAMING/GAM] | YouTube  | [Normal]     | 97%    |  324.6ms | I watched in an encore theater!...
[GAMING/SUR] | YouTube  | [Normal]     | 95%    |  257.0ms | hit...
[GAMING/GAM] | YouTube  | [Normal]     | 93%    |  301.0ms | IRON LUNG WE LOVE IT...
[GAMING/GAM] | YouTube  | [Normal]     | 95%    |  312.3ms | @Markiplier...
[GAMING/GAM] | YouTube  | [Normal]     | 92%    |  435.8ms | mark needs to build a theatre that only ...
[GAMING/GAM] | YouTube  | [Normal]     | 94%    |  390.8ms | IM SEENING THE ITON LUNG AGAIN WITH MY D...
[ENTERTAINM] | YouTube  | [Normal]     | 97%    |  342.7ms | 100 vid spechel...
[GAMING/SUR] | YouTube  | [Normal]     | 61%    |  310.6ms | GINGY IS GOING TO MURDER YOU...
[ENTERTAINM] | YouTube  | [Normal]     | 97%    |  535.7ms | plz Jimmy :pensive_face::red_heart: just...
[GAMING/GAM] | YouTube  | [OFFENSIVE]  | 95%    |  930.3ms | Iron Lung didn't show in my town  Mark  ...
[GAMING/GAM] | YouTube  | [Normal]     | 94%    |  247.2ms | yeah WE win...
[ENTERTAINM] | YouTube  | [Normal]     | 94%    |  233.4ms | hi...
[ENTERTAINM] | YouTube  | [Normal]     | 94%    |  326.8ms | hi...
[ENTERTAINM] | YouTube  | [Normal]     | 98%    | 2875.6ms | :hand-pink-waving::hand-pink-waving::han...
[GAMING/SUR] | YouTube  | [Normal]     | 95%    |  277.7ms | Bahahahaha...
[GAMING/GAM] | YouTube  | [Normal]     | 96%    |  410.9ms | When is it going to be online?...
[GAMING/GAM] | YouTube  | [Normal]     | 93%    |  369.4ms | AIIIIRRRPLLLAAAAANNNNNEEEEEE...
[GAMING/GAM] | YouTube  | [Normal]     | 49%    |  337.1ms | i have a fear of lighthouses...
[GAMING/SUR] | YouTube  | [Normal]     | 96%    |  322.6ms | lol...
[ENTERTAINM] | YouTube  | [Normal]     | 95%    |  352.3ms | hello...
[GAMING/GAM] | YouTube  | [Normal]     | 50%    |  361.2ms | The drowned man...
[ENTERTAINM] | YouTube  | [Normal]     | 95%    |  320.3ms | hello...
[GAMING/GAM] | YouTube  | [Normal]     | 93%    |  601.2ms | We know you learned a lot working on the...
[GAMING/GAM] | YouTube  | [Normal]     | 95%    |  362.0ms | obversation...
[ENTERTAINM] | YouTube  | [Normal]     | 94%    |  327.2ms | hi...
[GAMING/SUR] | YouTube  | [Normal]     | 94%    |  414.6ms | gingy stayed up alllllllll night...
[GAMING/GAM] | YouTube  | [Normal]     | 95%    |  550.2ms | LIGHT IN THE SPINNY LIGHT ROOM LOST ITS ...
[GAMING/GAM] | YouTube  | [Normal]     | 94%    |  380.3ms | BASEMENT STAIRS ARE PULSING...
[GAMING/GAM] | YouTube  | [Normal]     | 95%    |  406.5ms | THE STAIR IN THE BASEMENT...
[ENTERTAINM] | YouTube  | [Normal]     | 94%    |  356.7ms | please...
[GAMING/GAM] | YouTube  | [Normal]     | 95%    |  438.1ms | I finally got to see iron lung and I lov...
[ENTERTAINM] | YouTube  | [Normal]     | 96%    |  571.2ms | give me 10k dollars  please :pleading_fa...
[MUSIC/CHIL] | YouTube  | [Normal]     | 96%    |  375.9ms | jatsi means MORE...
[ENTERTAINM] | YouTube  | [Normal]     | 94%    |  321.6ms | nepal...
[GAMING/GAM] | YouTube  | [Normal]     | 88%    |  361.5ms | THE DOOR...
[ENTERTAINM] | YouTube  | [Normal]     | 95%    |  457.3ms | I have a question how is it possible tha...
[ENTERTAINM] | YouTube  | [Normal]     | 94%    |  251.0ms | 2...
[GAMING/GAM] | YouTube  | [Normal]     | 93%    |  584.8ms | Mark isn't good at this :rolling_on_the_...
[ENTERTAINM] | YouTube  | [Normal]     | 95%    |  369.2ms | hi I watch your video...
[GAMING/SUR] | YouTube  | [Normal]     | 90%    |  335.6ms | WAIT...
[ENTERTAINM] | YouTube  | [Normal]     | 95%    |  450.9ms | 1111111111111111...
[ENTERTAINM] | YouTube  | [Normal]     | 96%    |  418.4ms | Jimmy  can I have $1000 to pay off my de...
[ENTERTAINM] | YouTube  | [Normal]     | 91%    |  540.0ms | I was thinking that you gave a biggest g...
[ENTERTAINM] | YouTube  | [Normal]     | 96%    |  350.3ms | I LOVE YOU BRO...
[GAMING/GAM] | YouTube  | [Normal]     | 91%    |  399.9ms | the camera malfunction was the camera wa...
[ENTERTAINM] | YouTube  | [Normal]     | 94%    |  265.4ms | hi...
[ENTERTAINM] | YouTube  | [Normal]     | 94%    |  267.3ms | Hi...
[GAMING/GAM] | YouTube  | [Normal]     | 45%    |  310.9ms | Yippeee...
[ENTERTAINM] | YouTube  | [Normal]     | 97%    |  298.0ms | i love you...
[GAMING/GAM] | YouTube  | [Normal]     | 97%    |  371.8ms | the depth......
[GAMING/GAM] | YouTube  | [Normal]     | 96%    |  504.6ms | Saw Iron Lung last night  I really liked...
[ENTERTAINM] | YouTube  | [Normal]     | 87%    |  261.5ms | A...
[GAMING/GAM] | YouTube  | [Normal]     | 96%    |  377.1ms | was that poster always on the wall?...
[GAMING/GAM] | YouTube  | [Normal]     | 97%    |  781.5ms | The red hanging thing lantern room is mo...
[GAMING/GAM] | YouTube  | [Normal]     | 96%    |  451.0ms | I just came back from watching Iron Lung...
[GAMING/SUR] | YouTube  | [Normal]     | 95%    |  271.6ms | 200...
[GAMING/GAM] | YouTube  | [Normal]     | 97%    |  956.5ms | Make sure to give IRON LUNG A 10 ON IMDB...
[ENTERTAINM] | YouTube  | [Normal]     | 95%    |  375.2ms | mrbeast can I have 20 dolla...
[ENTERTAINM] | YouTube  | [Normal]     | 88%    |  390.4ms | I know who he is  but dont watch it...
[ENTERTAINM] | YouTube  | [Normal]     | 97%    |  530.4ms | سلام منم تو ایران...
[MUSIC/CHIL] | YouTube  | [Normal]     | 96%    |  740.0ms | hiburan beee :face_with_tongue::face_wit...
[GAMING/GAM] | YouTube  | [Normal]     | 94%    |  433.1ms | There's a dude in the top left corner...
[GAMING/GAM] | YouTube  | [Normal]     | 97%    |  496.3ms | top right of lantern room folded bit of ...
[ENTERTAINM] | YouTube  | [Normal]     | 93%    |  478.5ms | :alien::alien::alien:...
[ENTERTAINM] | YouTube  | [Normal]     | 97%    |  610.3ms | hi mr beast im new:face_holding_back_tea...
[GAMING/GAM] | YouTube  | [Normal]     | 97%    |  455.4ms | LANTERN MARKYMO...
[GAMING/SUR] | YouTube  | [Normal]     | 97%    |  374.7ms | Yuuuur...
[GAMING/SUR] | YouTube  | [Normal]     | 96%    |  414.9ms | finally my man...
[GAMING/SUR] | YouTube  | [Normal]     | 45%    |  441.2ms | LETS GOOOOOO...
[GAMING/SUR] | YouTube  | [Normal]     | 91%    |  343.8ms | w...
[GAMING/SUR] | YouTube  | [Normal]     | 82%    |  407.5ms | put some pants on...
[PSYCHOLOGY] | YouTube  | [Normal]     | 96%    |  369.5ms | :grinning_squinting_face:...
[GAMING/SUR] | YouTube  | [Normal]     | 92%    |  410.1ms | hahahhahahahahahaha...
[GAMING/SUR] | YouTube  | [Normal]     | 92%    |  297.6ms | normal...
[MUSIC/CHIL] | YouTube  | [Normal]     | 70%    |  332.7ms | she is asking do u eat wtf...
[GAMING/SUR] | YouTube  | [Normal]     | 94%    |  349.3ms | hi...
[GAMING/SUR] | YouTube  | [Normal]     | 94%    |  370.7ms | LMAOAOSKAOAOOAOA...
[SELF-HELP/] | YouTube  | [Normal]     | 91%    |  437.7ms | @acetophenone820 not true...
[MUSIC/CHIL] | YouTube  | [Normal]     | 98%    |  283.2ms | :bell::bell::bell:...
[ENTERTAINM] | YouTube  | [Normal]     | 52%    |  289.2ms | Mr beast trolling...
[MUSIC/CHIL] | YouTube  | [Normal]     | 98%    |  306.2ms | :fish::bird:...
[ENTERTAINM] | YouTube  | [Normal]     | 94%    |  270.5ms | hello mr beast!!!!!...
[GAMING/GAM] | YouTube  | [Normal]     | 94%    |  236.8ms | Maaark!...
[ENTERTAINM] | YouTube  | [Normal]     | 92%    |  300.7ms | hai...
[SELF-HELP/] | YouTube  | [Normal]     | 96%    |  472.8ms | Dr. K is it possible to have John Kiriak...
[ENTERTAINM] | YouTube  | [Normal]     | 92%    |  342.5ms | HELLO MRBEAST!!!...
[GAMING/GAM] | YouTube  | [Normal]     | 96%    |  261.9ms | hi mark...
[GAMING/SUR] | YouTube  | [Normal]     | 80%    |  364.5ms | Doc is better than peanut boy...
[GAMING/GAM] | YouTube  | [Normal]     | 96%    |  337.6ms | HI MARK...
[ENTERTAINM] | YouTube  | [Normal]     | 96%    |  452.9ms | :heart_suit::loudly_crying_face:...
[ENTERTAINM] | YouTube  | [Normal]     | 89%    |  347.5ms | selam mrbeast...
[GAMING/GAM] | YouTube  | [Normal]     | 94%    |  472.4ms | I still really want to see it  haven’t h...
[ENTERTAINM] | YouTube  | [Normal]     | 94%    |  326.2ms | Speak in Hindi...
[GAMING/GAM] | YouTube  | [Normal]     | 97%    |  341.0ms | WE LOVE MATH!!!!...
[ENTERTAINM] | YouTube  | [OFFENSIVE]  | 57%    |  357.7ms | letssss goooo...
[GAMING/GAM] | YouTube  | [Normal]     | 95%    |  449.3ms | WHERE DO YOU FIND THAT STATISTIC????...
[ENTERTAINM] | YouTube  | [Normal]     | 94%    |  230.1ms | Tate...
[GAMING/GAM] | YouTube  | [Normal]     | 71%    |  394.7ms | Why do you look more shorter than usual?...
[GAMING/GAM] | YouTube  | [Normal]     | 97%    |  290.7ms | Well deserved Mark...
[SELF-HELP/] | YouTube  | [Normal]     | 81%    |  476.9ms | we dont get that sort of clarity about w...
[GAMING/GAM] | YouTube  | [Normal]     | 89%    |  490.2ms | GLOAT WHOOOO?? US THATS WHOOO...
[GAMING/GAM] | YouTube  | [Normal]     | 97%    |  374.7ms | Your movie was amazing mark!!...
[GAMING/GAM] | YouTube  | [Normal]     | 81%    |  845.5ms | mark  I hope you see this  Ive been a hu...
[GAMING/GAM] | YouTube  | [Normal]     | 93%    |  342.9ms | Light home...
[ENTERTAINM] | YouTube  | [Normal]     | 89%    |  300.4ms | heyyy...
[GAMING/GAM] | YouTube  | [Normal]     | 95%    |  426.2ms | I WATCHED IRON LUNG EARLIER THIS WEEK AN...
[GAMING/SUR] | YouTube  | [Normal]     | 87%    |  336.0ms | No...
[ENTERTAINM] | YouTube  | [Normal]     | 94%    |  325.9ms | hi...
[ENTERTAINM] | YouTube  | [Normal]     | 93%    |  371.4ms | Mr beast The best...
[GAMING/GAM] | YouTube  | [Normal]     | 97%    |  450.8ms | Revote between airplane and lighthouse!...
[GAMING/GAM] | YouTube  | [Normal]     | 97%    |  602.1ms | MARKIPLIER ADRESS THE MAYONNAISE MUSTARD...
[PSYCHOLOGY] | YouTube  | [Normal]     | 97%    |  410.0ms | the sun and the moon...
[ENTERTAINM] | YouTube  | [Normal]     | 97%    |  425.0ms | Mr. Twenty  I want an iPhone 17....
[MUSIC/CHIL] | YouTube  | [Normal]     | 98%    |  381.5ms | :dove:...
[ENTERTAINM] | YouTube  | [Normal]     | 91%    |  274.4ms | MOM...
[GAMING/SUR] | YouTube  | [Normal]     | 94%    |  287.1ms | lmaoooo...
[GAMING/GAM] | YouTube  | [Normal]     | 96%    |  471.0ms | what brand was the crayon in the movie??...
[GAMING/GAM] | YouTube  | [Normal]     | 82%    |  362.2ms | Shame on my theater then...
[GAMING/SUR] | YouTube  | [Normal]     | 89%    |  365.9ms | looooool...
[ENTERTAINM] | YouTube  | [Normal]     | 95%    |  416.1ms | @itzsheeraluvs the samee samaalahhhh...
[GAMING/GAM] | YouTube  | [Normal]     | 66%    |  428.4ms | I thought airplane would be cooler becau...
[ENTERTAINM] | YouTube  | [Normal]     | 95%    |  442.4ms | always with you bro.keep going...
[GAMING/GAM] | YouTube  | [Normal]     | 95%    |  358.0ms | I was bored thanks...
[ENTERTAINM] | YouTube  | [Normal]     | 95%    |  273.3ms | hello bro...
[GAMING/GAM] | YouTube  | [Normal]     | 97%    |  382.6ms | I'm seeing it in Scotland in Monday....
[GAMING/GAM] | YouTube  | [Normal]     | 93%    |  346.4ms | when will you finish silent hill?...
[ENTERTAINM] | YouTube  | [Normal]     | 93%    |  302.7ms | yooo mr beast...
[PSYCHOLOGY] | YouTube  | [Normal]     | 96%    |  309.0ms | LOL...
[GAMING/SUR] | YouTube  | [Normal]     | 94%    |  315.5ms | 3 5...
[GAMING/GAM] | YouTube  | [Normal]     | 85%    |  328.3ms | You got this...
[ENTERTAINM] | YouTube  | [Normal]     | 98%    |  690.2ms | from Bangladesh  :heart_suit: :red_heart...
[MUSIC/CHIL] | YouTube  | [Normal]     | 96%    |  521.4ms | kyuki tumne kbhi Apna naam nahi bataya k...
[GAMING/GAM] | YouTube  | [Normal]     | 95%    |  249.2ms | cool...
[GAMING/GAM] | YouTube  | [Normal]     | 96%    |  343.6ms | Typo mark in the title...
[GAMING/SUR] | YouTube  | [Normal]     | 84%    |  396.3ms | Whoooooooorayyyyyyy...
[GAMING/GAM] | YouTube  | [Normal]     | 95%    |  325.6ms | OBVERSATION...
[GAMING/GAM] | YouTube  | [Normal]     | 93%    |  444.7ms | the entire stream is ruined mark try aga...
[ENTERTAINM] | YouTube  | [Normal]     | 94%    |  378.9ms | Can you give me $10 000...
[ENTERTAINM] | YouTube  | [Normal]     | 97%    |  298.4ms | pls reply...
[GAMING/GAM] | YouTube  | [Normal]     | 95%    |  373.1ms | Hey Mark!!...
[GAMING/GAM] | YouTube  | [Normal]     | 93%    |  359.5ms | bed looked funky but idk...
[GAMING/GAM] | YouTube  | [Normal]     | 95%    |  287.9ms | joined just in time...
[GAMING/GAM] | YouTube  | [Normal]     | 96%    |  361.1ms | LIGHT ON BEACH...
[GAMING/GAM] | YouTube  | [Normal]     | 86%    |  344.1ms | the bed!...
[SPORTS/FOO] | YouTube  | [Normal]     | 88%    |  274.1ms | ？...
[GAMING/SUR] | YouTube  | [Normal]     | 97%    |  421.5ms | ayeeee I am...
[ENTERTAINM] | YouTube  | [Normal]     | 95%    |  628.3ms | :takeout::takeout::hydrate::chillwdog::c...
[GAMING/GAM] | YouTube  | [Normal]     | 94%    |  313.4ms | the staircase...
[GAMING/GAM] | YouTube  | [Normal]     | 94%    |  321.2ms | LMAOOOO...
[PSYCHOLOGY] | YouTube  | [Normal]     | 97%    |  371.3ms | My biggest issue......
[GAMING/GAM] | YouTube  | [Normal]     | 49%    |  506.3ms | dont help him  hes too good at this...
[ENTERTAINM] | YouTube  | [Normal]     | 97%    |  522.2ms | :heart_suit::heart_suit::heart_suit:...
[GAMING/GAM] | YouTube  | [Normal]     | 97%    | 1150.7ms | Hi mark! This is the first live I’ve cau...
[ENTERTAINM] | YouTube  | [Normal]     | 91%    |  360.6ms | Give me shout out guys...
[SELF-HELP/] | YouTube  | [Normal]     | 63%    |  471.9ms | I’m so glad i don’t hate on anyone thank...
[GAMING/GAM] | YouTube  | [Normal]     | 96%    |  860.8ms | hi mark   your a huge inspiration and ha...
[GAMING/SUR] | YouTube  | [Normal]     | 89%    |  399.7ms | Early stream?? Hell yeah bois...
[GAMING/GAM] | YouTube  | [Normal]     | 94%    |  382.5ms | OVER THERE MARK...
[ENTERTAINM] | YouTube  | [Normal]     | 94%    |  291.4ms | 1...
[GAMING/SUR] | YouTube  | [Normal]     | 87%    |  291.2ms | No...
[ENTERTAINM] | YouTube  | [Normal]     | 97%    |  343.1ms | Welcome New Member!...
[ENTERTAINM] | YouTube  | [Normal]     | 96%    |  384.2ms | please give 1000000000000 dollar...
[ENTERTAINM] | YouTube  | [Normal]     | 96%    |  326.4ms | i from india...
[GAMING/GAM] | YouTube  | [Normal]     | 94%    |  405.8ms | the ropes were moving in the basement bu...
[MUSIC/CHIL] | YouTube  | [Normal]     | 98%    |  494.1ms | ...:face-turquoise-music-note:...
[GAMING/SUR] | YouTube  | [Normal]     | 93%    |  395.0ms | watching peanut gamble scrap is peak bun...
[GAMING/GAM] | YouTube  | [Normal]     | 93%    |  331.8ms | Meow...
[ENTERTAINM] | YouTube  | [Normal]     | 97%    |  478.1ms | hi jimmy. I'm From Bangladesh...
[ENTERTAINM] | YouTube  | [Normal]     | 93%    |  894.8ms | congratulations Jimmy for 500M i know yo...
[GAMING/GAM] | YouTube  | [Normal]     | 91%    |  668.0ms | if it makes you feel any better  I didn'...
[NEWS/LIVE ] | YouTube  | [Normal]     | 86%    |  630.5ms | @mikebriganti2187 you are or arent into ...
[PSYCHOLOGY] | YouTube  | [Normal]     | 76%    |  389.4ms | what no you dont...
[ENTERTAINM] | YouTube  | [Normal]     | 90%    |  352.7ms | mr bets...
[GAMING/GAM] | YouTube  | [Normal]     | 96%    |  301.6ms | Hi mark...
[GAMING/GAM] | YouTube  | [Normal]     | 74%    |  358.9ms | peir has a creepo...
[GAMING/GAM] | YouTube  | [Normal]     | 98%    |  663.1ms | Watched the movie yesterday. it was lite...
[GAMING/GAM] | YouTube  | [Normal]     | 94%    |  418.1ms | camera malfunction in keep?...
[ENTERTAINM] | YouTube  | [Normal]     | 98%    | 1121.7ms | siempre participamos con la esperanza de...
[ENTERTAINM] | YouTube  | [Normal]     | 95%    |  393.6ms | been subscribes since mr beast had 30m s...
[GAMING/GAM] | YouTube  | [Normal]     | 96%    |  301.1ms | is the poster moved?...
[ENTERTAINM] | YouTube  | [Normal]     | 94%    |  258.1ms | hi...
[ENTERTAINM] | YouTube  | [Normal]     | 96%    |  295.6ms | big goals...
[ENTERTAINM] | YouTube  | [Normal]     | 73%    |  363.9ms | 500mil is insane...
[GAMING/GAM] | YouTube  | [Normal]     | 90%    |  308.8ms | abyss...
[GAMING/GAM] | YouTube  | [Normal]     | 94%    |  340.8ms | wow a lighthouse...
[GAMING/GAM] | YouTube  | [Normal]     | 93%    |  323.7ms | The fuse is open...
[ENTERTAINM] | YouTube  | [Normal]     | 94%    |  266.8ms | Hi...
[ENTERTAINM] | YouTube  | [Normal]     | 93%    |  267.4ms | E...
[GAMING/GAM] | YouTube  | [Normal]     | 94%    |  297.1ms | FOG...
[GAMING/GAM] | YouTube  | [Normal]     | 96%    |  279.0ms | youtuber...
[GAMING/GAM] | YouTube  | [Normal]     | 85%    |  428.3ms | Look at the End of the Bridge...
[ENTERTAINM] | YouTube  | [Normal]     | 92%    |  289.9ms | Russia...
[SELF-HELP/] | YouTube  | [Normal]     | 55%    |  408.1ms | the key is to be stubborn...
[ENTERTAINM] | YouTube  | [Normal]     | 94%    |  287.4ms | 1...
[ENTERTAINM] | YouTube  | [Normal]     | 96%    |  318.8ms | :red_heart:...
[GAMING/GAM] | YouTube  | [Normal]     | 96%    |  335.9ms | lovely friend...
[GAMING/GAM] | YouTube  | [Normal]     | 51%    |  355.1ms | your doomed...
[GAMING/GAM] | YouTube  | [Normal]     | 97%    |  286.2ms | The railing moved on the stairs!!...
[GAMING/GAM] | YouTube  | [Normal]     | 97%    |  282.2ms | Hi mark :)...
[GAMING/GAM] | YouTube  | [Normal]     | 95%    |  482.9ms | WE'RE TRYING OUR BEST :thinking_face:...
[GAMING/GAM] | YouTube  | [Normal]     | 93%    |  294.0ms | ohhhhh i didnt see that...
[ENTERTAINM] | YouTube  | [Normal]     | 96%    |  444.9ms | всем привет...
[GAMING/GAM] | YouTube  | [Normal]     | 93%    |  522.1ms | is iron lung going to be on a streaming ...
[ENTERTAINM] | YouTube  | [Normal]     | 97%    |  510.4ms | I love you mr best :ok_hand:...
[GAMING/SUR] | YouTube  | [Normal]     | 97%    |  987.3ms | Peanut & Starforge PC's are partnered! C...
[ENTERTAINM] | YouTube  | [Normal]     | 94%    |  595.2ms | Mr beast can you give me 5 cents please ...
[GAMING/GAM] | YouTube  | [Normal]     | 91%    |  681.9ms | Mark I missed your movie because of fina...
[ENTERTAINM] | YouTube  | [Normal]     | 97%    |  482.5ms | from asia east or west of asia...
[SELF-HELP/] | YouTube  | [Normal]     | 96%    |  369.4ms | lol...
[SELF-HELP/] | YouTube  | [Normal]     | 95%    |  387.9ms | Yt better...
[GAMING/GAM] | YouTube  | [Normal]     | 95%    |  337.7ms | DID YOU WATCH SMILING FRIENDS TWIN...
[GAMING/GAM] | YouTube  | [Normal]     | 87%    |  339.4ms | no...
[GAMING/GAM] | YouTube  | [Normal]     | 95%    |  417.3ms | ITS SPINNING...
[ENTERTAINM] | YouTube  | [Normal]     | 97%    |  411.0ms | LOVE FROM MALAYSIA...
[GAMING/GAM] | YouTube  | [Normal]     | 96%    |  325.5ms | Mr....
[ENTERTAINM] | YouTube  | [Normal]     | 98%    | 3277.8ms | :face-red-heart-shape::face-red-heart-sh...
[GAMING/GAM] | YouTube  | [Normal]     | 97%    |  367.2ms | bottom rope in stairwell moved...
[ENTERTAINM] | YouTube  | [Normal]     | 65%    | 2786.3ms | :party_popper::party_popper::party_poppe...
[GAMING/GAM] | YouTube  | [Normal]     | 96%    |  414.6ms | mark please the red broken railing moved...
[GAMING/GAM] | YouTube  | [Normal]     | 93%    |  805.0ms | Actually I been inspired and my friend i...
[ENTERTAINM] | YouTube  | [Normal]     | 91%    |  468.5ms | This will mean that over 6% of the globa...
[GAMING/GAM] | YouTube  | [Normal]     | 98%    |  312.7ms | frosted glass again...
[ENTERTAINM] | YouTube  | [Normal]     | 98%    |  504.2ms | mine birthday :birthday_cake::birthday_c...
[ENTERTAINM] | YouTube  | [Normal]     | 96%    |  314.0ms | cheese...
[ENTERTAINM] | YouTube  | [Normal]     | 95%    |  360.0ms | call of duty...
[ENTERTAINM] | YouTube  | [Normal]     | 97%    | 3283.7ms | :finger-red-number-one::finger-red-numbe...
[GAMING/GAM] | YouTube  | [Normal]     | 92%    |  313.3ms | rahhhh...
[ENTERTAINM] | YouTube  | [Normal]     | 96%    |  497.3ms | GIVE US 500 MILLION COOKIE FOR SUBSCRIBI...
[GAMING/GAM] | YouTube  | [Normal]     | 93%    |  322.8ms | buey in boat...
[SELF-HELP/] | YouTube  | [Normal]     | 46%    |  433.5ms | Because you have to split skill points w...
[GAMING/GAM] | YouTube  | [Normal]     | 97%    |  319.5ms | extra bottle by door on pier...
[ENTERTAINM] | YouTube  | [Normal]     | 98%    |  709.0ms | :hand-pink-waving::hand-pink-waving::han...
[SELF-HELP/] | YouTube  | [Normal]     | 81%    |  476.9ms | because it make us disfunctional...
[GAMING/SUR] | YouTube  | [Normal]     | 75%    |  340.2ms | ya...
[ENTERTAINM] | YouTube  | [Normal]     | 94%    |  389.5ms | hi...
[GAMING/GAM] | YouTube  | [Normal]     | 64%    |  360.6ms | zombies...
[GAMING/GAM] | YouTube  | [Normal]     | 93%    |  289.2ms | YAYY...
[PSYCHOLOGY] | YouTube  | [Normal]     | 93%    |  313.2ms | LFG Jung talk!...
[ENTERTAINM] | YouTube  | [Normal]     | 95%    |  342.3ms | :shushing_face:...
[ENTERTAINM] | YouTube  | [Normal]     | 96%    |  278.2ms | BIG FAN...
[ENTERTAINM] | YouTube  | [Normal]     | 94%    |  367.0ms | hi bro...
[GAMING/GAM] | YouTube  | [Normal]     | 97%    |  373.2ms | Welcome New Member!...
[ENTERTAINM] | YouTube  | [Normal]     | 94%    |  335.3ms | Hi...
[GAMING/GAM] | YouTube  | [Normal]     | 96%    |  304.2ms | lol...
[PSYCHOLOGY] | YouTube  | [Normal]     | 96%    |  261.1ms | harem arc...
[ENTERTAINM] | YouTube  | [Normal]     | 97%    |  874.4ms | 500m special king been an og for an long...
[PSYCHOLOGY] | YouTube  | [Normal]     | 94%    |  335.5ms | reincarnation anime...
[ENTERTAINM] | YouTube  | [Normal]     | 97%    |  281.5ms | shout-out...
[GAMING/GAM] | YouTube  | [Normal]     | 93%    |  483.3ms | I bet the schematics on the left in the ...
[GAMING/GAM] | YouTube  | [Normal]     | 96%    |  506.1ms | Theres one in the bottom corner its a pi...
[LIFESTYLE/] | YouTube  | [Normal]     | 97%    |  525.8ms | Parlez en Anglais  s'il vous plait  plea...
[ENTERTAINM] | YouTube  | [Normal]     | 96%    |  365.6ms | مشاء الله...
[ENTERTAINM] | YouTube  | [Normal]     | 95%    |  319.2ms | 67...
[GAMING/GAM] | YouTube  | [Normal]     | 88%    |  248.7ms | Something in Toilet as well...
[SELF-HELP/] | YouTube  | [Normal]     | 95%    |  405.9ms | true this sounds like intp...
[GAMING/SUR] | YouTube  | [Normal]     | 94%    |  336.5ms | need auto sort...
[GAMING/GAM] | YouTube  | [Normal]     | 97%    |  295.9ms | Flight board...
[GAMING/GAM] | YouTube  | [Normal]     | 84%    |  255.9ms | cabinet in economy is too wide...
[GAMING/GAM] | YouTube  | [Normal]     | 98%    |  450.9ms | can I eat the banana and old coffee :fac...
[GAMING/GAM] | YouTube  | [Normal]     | 88%    |  365.5ms | world renowned director on the top left...
[GAMING/GAM] | YouTube  | [Normal]     | 95%    |  318.6ms | was iron lung number one!@...
[ENTERTAINM] | YouTube  | [Normal]     | 86%    |  481.5ms | let go mrbeast...
[MUSIC/CHIL] | YouTube  | [Normal]     | 96%    |  378.9ms | aha Hello beta...
[ENTERTAINM] | YouTube  | [Normal]     | 97%    | 1197.5ms | :soccer_ball::soccer_ball::soccer_ball::...
[GAMING/ESP] | YouTube  | [Normal]     | 95%    |  278.4ms | Meepo...
[GAMING/TOU] | Twitch   | [Normal]     | 97%    |  387.6ms | trulex x chic0 che duo...
[GAMING/TOU] | Twitch   | [Normal]     | 98%    |  349.3ms | 203 sono in?...
[VALORANT/G] | Twitch   | [Normal]     | 83%    |  326.0ms | DinoDance DinoDance...
[RELATIONSH] | Twitch   | [Normal]     | 95%    |  319.9ms | monkaLaugh uhoh...
[RELATIONSH] | Twitch   | [Normal]     | 93%    |  319.9ms | GG BRO...
[RELATIONSH] | Twitch   | [Normal]     | 93%    |  272.8ms | OMG...
[RELATIONSH] | Twitch   | [Normal]     | 57%    |  598.2ms | arthur is an idiot.. the questions had w...
[RELATIONSH] | Twitch   | [Normal]     | 94%    |  382.5ms | SipTime...
[LIFESTYLE/] | Twitch   | [Normal]     | 97%    |  904.1ms | @DraculaEST The inn  where Ruth Wakefiel...
