---- STARTING OMNI-PROCESSOR ----
-> Connected to Elasticsearch at http://172.16.10.94:9200 | Index: perf_20261002-152228_clu_vm14-vm24-rasp14-rasp24-rasp34_allfive_r3
-> Loading model from /home/rasp3/hsp/src/../models/bert_final on cpu...
-> BERT Model Loaded successfully.
-> Benchmark log: /home/rasp3/hsp/reports/scaling/20261002-152228_clu_vm14-vm24-rasp14-rasp24-rasp34_allfive_r3/bench_rasp3_1.csv | node rasp3 | group g_20261002-152228_clu_vm14-vm24-rasp14-rasp24-rasp34_allfive_r3
------------------------------------------------------------------------------------------------------------------------
DOMAIN       | SOURCE   | PREDICTION   | CONF.  | LATENCY  | TEXT
------------------------------------------------------------------------------------------------------------------------
[PSYCHOLOGY] | YouTube  | [Normal]     | 94%    |  541.9ms | Hola...
[GAMING/SUR] | YouTube  | [OFFENSIVE]  | 68%    |  663.0ms | :collision::collision:LETSSSS RIDEEEEE1:...
[GAMING/SUR] | YouTube  | [Normal]     | 97%    |  499.7ms | finally playing a top game that has been...
[GAMING/SUR] | YouTube  | [Normal]     | 66%    |  541.0ms | LETS GOOOOOOOOOOOOOOOOOOOOOOOOOOOOOOOOOO...
[GAMING/SUR] | YouTube  | [Normal]     | 97%    |  280.5ms | let's ride...
[GAMING/SUR] | YouTube  | [Normal]     | 94%    |  288.6ms | GINGY DID 20 HOURS...
[GAMING/SUR] | YouTube  | [Normal]     | 97%    |  342.8ms | hmmmm.hmmm.hmmmm...
[GAMING/SUR] | YouTube  | [Normal]     | 92%    |  758.5ms | Oh my god he's already on :rolling_on_th...
[GAMING/SUR] | YouTube  | [Normal]     | 96%    |  253.8ms | LOL...
[GAMING/SUR] | YouTube  | [Normal]     | 89%    |  302.5ms | YOUR GATE IS OPEN THERE BUD...
[NEWS/LIVE ] | YouTube  | [Normal]     | 95%    |  269.3ms | MAGA...
[NEWS/LIVE ] | YouTube  | [Normal]     | 97%    |  248.9ms | DESANTIS 2028...
[MUSIC/CHIL] | YouTube  | [Normal]     | 97%    |  455.8ms | suz saaanu peru sam :face_with_tears_of_...
[NEWS/LIVE ] | YouTube  | [Normal]     | 94%    |  395.3ms | I don't think you can work out even simp...
[PSYCHOLOGY] | YouTube  | [Normal]     | 96%    |  307.1ms | it's both :3...
[GAMING/SUR] | YouTube  | [Normal]     | 98%    |  609.1ms | 2boys 1 cup:face-green-smiling::face-gre...
[GAMING/SUR] | YouTube  | [Normal]     | 96%    |  284.2ms | LMAO...
[GAMING/SUR] | YouTube  | [Normal]     | 94%    |  362.3ms | don't swing at people there  lol...
[PSYCHOLOGY] | YouTube  | [Normal]     | 96%    |  277.0ms | I am food...
[SELF-HELP/] | YouTube  | [Normal]     | 93%    |  298.2ms | very gut thanks man...
[GAMING/SUR] | YouTube  | [OFFENSIVE]  | 41%    |  343.6ms | Yes he’s stupid....
[MUSIC/CHIL] | YouTube  | [Normal]     | 96%    |  298.1ms | haa...
[GAMING/SUR] | YouTube  | [Normal]     | 94%    |  351.7ms | he wasnt up 500 he just got his scrap ba...
[GAMING/SUR] | YouTube  | [Normal]     | 45%    |  590.7ms | being sore losers literally ruined the s...
[PSYCHOLOGY] | YouTube  | [Normal]     | 96%    |  278.6ms | lmao...
[GAMING/GAM] | YouTube  | [OFFENSIVE]  | 82%    |  320.5ms | YOO CONGRATSSSSSS OMGGG...
[PSYCHOLOGY] | YouTube  | [Normal]     | 95%    |  238.0ms | bajs...
[ENTERTAINM] | YouTube  | [Normal]     | 94%    |  232.5ms | Hi...
[PSYCHOLOGY] | YouTube  | [Normal]     | 96%    |  255.3ms | oo...
[MUSIC/CHIL] | YouTube  | [Normal]     | 97%    |  389.5ms | vsannu:body-blue-raised-arms:...
[GAMING/GAM] | YouTube  | [OFFENSIVE]  | 92%    |  313.2ms | WOWOWOAHAGGAHAHA...
[ENTERTAINM] | YouTube  | [Normal]     | 95%    |  240.6ms | Hiii...
[GAMING/GAM] | YouTube  | [Normal]     | 96%    |  333.5ms | oo awesome!!!...
[GAMING/SUR] | YouTube  | [OFFENSIVE]  | 75%    |  298.8ms | LETS FUCKING GOOOOOOOOOO...
[ENTERTAINM] | YouTube  | [Normal]     | 94%    |  245.4ms | 1...
[GAMING/SUR] | YouTube  | [Normal]     | 87%    |  280.7ms | it laughed at you...
[GAMING/GAM] | YouTube  | [Normal]     | 83%    |  261.4ms | waste...
[GAMING/GAM] | YouTube  | [Normal]     | 45%    |  307.7ms | ITALYYYY...
[GAMING/GAM] | YouTube  | [Normal]     | 85%    |  300.0ms | what about africa...
[GAMING/GAM] | YouTube  | [Normal]     | 97%    |  297.3ms | Welcome to Member!...
[ENTERTAINM] | YouTube  | [Normal]     | 96%    |  311.7ms | love you...
[GAMING/SUR] | YouTube  | [Normal]     | 93%    |  296.8ms | max bet...
[MUSIC/CHIL] | YouTube  | [Normal]     | 96%    |  344.2ms | Rosa ??...
[GAMING/SUR] | YouTube  | [Normal]     | 90%    |  456.3ms | Peanut shows that gambling doesn't pay i...
[GAMING/SUR] | YouTube  | [Normal]     | 94%    |  331.2ms | 500 before hutch is back...
[GAMING/GAM] | YouTube  | [Normal]     | 96%    |  315.4ms | huh I learned something today...
[GAMING/SUR] | YouTube  | [Normal]     | 96%    |  654.5ms | dude u can't bet so high every hand afte...
[GAMING/GAM] | YouTube  | [Normal]     | 95%    |  656.2ms | @celestialservicek9s498 omg stay strong ...
[ENTERTAINM] | YouTube  | [Normal]     | 91%    |  282.3ms | w...
[SELF-HELP/] | YouTube  | [Normal]     | 97%    |  377.5ms | hello Alok.:waving_hand:...
[ENTERTAINM] | YouTube  | [Normal]     | 96%    |  322.9ms | hellooou...
[GAMING/SUR] | YouTube  | [Normal]     | 97%    |  431.9ms | I just got MILKED and I feel so refreshe...
[GAMING/SUR] | YouTube  | [Normal]     | 89%    |  380.5ms | peanut you are no longer allowed to make...
[GAMING/SUR] | YouTube  | [Normal]     | 94%    |  414.1ms | 3 of a kind in blackjack???...
[GAMING/SUR] | YouTube  | [Normal]     | 93%    |  271.1ms | bro...
[GAMING/GAM] | YouTube  | [Normal]     | 92%    |  551.0ms | Loved Iron lung!!!!!! ugh best movie eve...
[ENTERTAINM] | YouTube  | [Normal]     | 91%    |  306.0ms | love you mr beast...
[ENTERTAINM] | YouTube  | [Normal]     | 93%    |  406.5ms | Mrbeast can you give me money please :pl...
[ENTERTAINM] | YouTube  | [Normal]     | 80%    |  484.4ms | GREAT JOB MRBEAST YOUR THE BEST  LOOK JO...
[ENTERTAINM] | YouTube  | [HATE]       | 45%    |  344.9ms | Asian Sticker...
[ENTERTAINM] | YouTube  | [Normal]     | 94%    |  283.6ms | Hi...
[ENTERTAINM] | YouTube  | [Normal]     | 98%    |  565.8ms | :blue_heart::blue_heart::blue_heart::blu...
[SELF-HELP/] | YouTube  | [Normal]     | 75%    |  360.5ms | a life they want for themself...
[ENTERTAINM] | YouTube  | [Normal]     | 95%    |  276.6ms | hello...
[GAMING/GAM] | YouTube  | [Normal]     | 95%    |  488.5ms | ive never seen this game before but i kn...
[GAMING/SUR] | YouTube  | [Normal]     | 95%    |  242.8ms | Happy Happy Happy...
[GAMING/SUR] | YouTube  | [Normal]     | 83%    |  271.4ms | Rogue is gonna...
[PSYCHOLOGY] | YouTube  | [Normal]     | 96%    |  401.9ms | isn't that sadly partially true?...
[GAMING/GAM] | YouTube  | [Normal]     | 94%    |  526.4ms | I just got back from my second viewing o...
[MUSIC/CHIL] | YouTube  | [Normal]     | 91%    |  270.6ms | go poop...
[ENTERTAINM] | YouTube  | [Normal]     | 86%    |  266.3ms | Yo...
[ENTERTAINM] | YouTube  | [Normal]     | 97%    |  358.0ms | سلام...
[ENTERTAINM] | YouTube  | [Normal]     | 94%    |  338.5ms | tower of terror best tower...
[ENTERTAINM] | YouTube  | [Normal]     | 98%    |  389.2ms | my gift :wrapped_gift:...
[GAMING/SUR] | YouTube  | [Normal]     | 92%    |  335.7ms | LMFAOOOOOO...
[GAMING/GAM] | YouTube  | [Normal]     | 94%    |  287.6ms | hi...
[GAMING/SUR] | YouTube  | [Normal]     | 96%    |  408.1ms | YOU HAD 1000 SCRAP WHEN YOU LOGGED IN...
[GAMING/SUR] | YouTube  | [Normal]     | 90%    |  326.1ms | Where’s the scarp peanut...
[ENTERTAINM] | YouTube  | [Normal]     | 97%    |  727.6ms | I am your big fan bro and I subscribed y...
[GAMING/SUR] | YouTube  | [Normal]     | 68%    |  400.0ms | YOU CANT COUNT CARDS AGAINST A CLANKA DU...
[GAMING/GAM] | YouTube  | [Normal]     | 95%    |  288.0ms | obversation...
[GAMING/SUR] | YouTube  | [Normal]     | 74%    |  390.1ms | Peanut is an addict!!! lol...
[GAMING/SUR] | YouTube  | [Normal]     | 61%    |  288.8ms | a true addict...
[ENTERTAINM] | YouTube  | [Normal]     | 95%    |  256.3ms | Yooo...
[GAMING/GAM] | YouTube  | [Normal]     | 96%    |  401.1ms | I almost missed the stream  due to the t...
[GAMING/GAM] | YouTube  | [Normal]     | 96%    |  507.5ms | gotta love my dyslexic five time champio...
[GAMING/GAM] | YouTube  | [Normal]     | 92%    |  400.7ms | Do you still play Ultrakill?...
[GAMING/GAM] | YouTube  | [Normal]     | 97%    |  494.5ms | OBVERSATION DUTY THE MOVIE?!??!?!?!...
[GAMING/GAM] | YouTube  | [Normal]     | 91%    |  285.0ms | MARK FIX YOUR POSTURE...
[GAMING/GAM] | YouTube  | [Normal]     | 97%    |  253.1ms | the poll is still going...
[GAMING/GAM] | YouTube  | [Normal]     | 98%    |  345.9ms | was there always light in that shed?...
[GAMING/GAM] | YouTube  | [Normal]     | 98%    |  790.3ms | Iron Lung is so amazing :red_heart::red_...
[ENTERTAINM] | YouTube  | [Normal]     | 92%    |  505.8ms | "MrBeast  I would like a computer  pleas...
[PSYCHOLOGY] | YouTube  | [Normal]     | 95%    |  619.0ms | oof it me but w workaholism  codepednecy...
[GAMING/GAM] | YouTube  | [Normal]     | 96%    |  344.8ms | :_markiBRAIN:...
[GAMING/SUR] | YouTube  | [Normal]     | 96%    |  252.2ms | a box??...
[SELF-HELP/] | YouTube  | [Normal]     | 97%    |  307.6ms | I just been enlighten...
[GAMING/GAM] | YouTube  | [Normal]     | 88%    |  423.7ms | thank god I'm not on duty y'all got this...
[GAMING/SUR] | YouTube  | [Normal]     | 97%    |  372.0ms | the tea is pretty solid...
[GAMING/GAM] | YouTube  | [Normal]     | 94%    |  307.4ms | Bed Mark...
[GAMING/GAM] | YouTube  | [Normal]     | 95%    |  354.6ms | Was the bottle always standing up? In th...
[ENTERTAINM] | YouTube  | [Normal]     | 98%    | 1412.3ms | rajasthan:face-blue-smiling::face-blue-s...
[GAMING/SUR] | YouTube  | [Normal]     | 75%    |  597.2ms | is he not allowed to use guns though is ...
[GAMING/GAM] | YouTube  | [Normal]     | 94%    |  392.0ms | lanternnnn in interirorrrr...
[ENTERTAINM] | YouTube  | [Normal]     | 94%    |  228.2ms | 1...
[ENTERTAINM] | YouTube  | [Normal]     | 94%    |  225.7ms | 1...
[ENTERTAINM] | YouTube  | [Normal]     | 92%    |  278.7ms | 1one...
[GAMING/SUR] | YouTube  | [Normal]     | 87%    |  241.7ms | no...
[GAMING/SUR] | YouTube  | [Normal]     | 79%    |  330.9ms | LET THE PRO DO IT...
[GAMING/GAM] | YouTube  | [Normal]     | 66%    |  362.1ms | YOUR CUPBOARD DOOR MIRK...
[GAMING/SUR] | YouTube  | [Normal]     | 90%    |  260.1ms | wait...
[GAMING/SUR] | YouTube  | [Normal]     | 95%    |  314.6ms | ASKIN WEYLYN...
[MUSIC/CHIL] | YouTube  | [Normal]     | 97%    |  709.1ms | :person-turquoise-writing-headphones::pe...
[GAMING/GAM] | YouTube  | [Normal]     | 90%    |  325.1ms | We are the obversers  clearly....
[ENTERTAINM] | YouTube  | [Normal]     | 97%    |  254.1ms | hallo...
[GAMING/GAM] | YouTube  | [Normal]     | 64%    |  268.0ms | Obversate better!...
[GAMING/GAM] | YouTube  | [Normal]     | 96%    |  333.0ms | YEAAAAAHAHAHH...
[ENTERTAINM] | YouTube  | [Normal]     | 98%    | 2467.7ms | :text-yellow-goal::text-yellow-goal::tex...
[GAMING/GAM] | YouTube  | [Normal]     | 96%    |  355.0ms | what about mii side??...
[ENTERTAINM] | YouTube  | [Normal]     | 96%    |  382.6ms | кто из русских...
[ENTERTAINM] | YouTube  | [Normal]     | 95%    |  294.3ms | 67...
[ENTERTAINM] | YouTube  | [Normal]     | 93%    |  326.3ms | Hello Mr Beast...
[MUSIC/CHIL] | YouTube  | [Normal]     | 95%    |  454.7ms | m bhi nhi krungi kbhi...
[GAMING/SUR] | YouTube  | [Normal]     | 96%    |  345.2ms | LMFAO...
[ENTERTAINM] | YouTube  | [Normal]     | 95%    |  262.8ms | hiiii...
[GAMING/GAM] | YouTube  | [Normal]     | 98%    | 1154.7ms | :face-blue-wide-eyes::face-blue-wide-eye...
[GAMING/GAM] | YouTube  | [Normal]     | 93%    |  234.4ms | IMSCARED...
[ENTERTAINM] | YouTube  | [Normal]     | 94%    |  274.9ms | Minecraft...
[ENTERTAINM] | YouTube  | [Normal]     | 96%    |  343.9ms | Hi  hi MrBeast  I am from Pakistan...
[GAMING/GAM] | YouTube  | [Normal]     | 97%    |  394.7ms | i really like the new map designs...
[ENTERTAINM] | YouTube  | [Normal]     | 97%    |  976.8ms | MrBeast  congrats on 500 million! As you...
[ENTERTAINM] | YouTube  | [Normal]     | 95%    |  380.1ms | been subscribes since mr beast had 30m s...
[GAMING/SUR] | YouTube  | [Normal]     | 89%    |  275.7ms | Consider Yourselves LUCKY...
[ENTERTAINM] | YouTube  | [Normal]     | 94%    |  330.4ms | hi Mr beast...
[GAMING/GAM] | YouTube  | [Normal]     | 86%    |  308.2ms | THE FLOOR IS MISSING...
[GAMING/SUR] | YouTube  | [Normal]     | 92%    |  303.0ms | SHOW THE BASE...
[PSYCHOLOGY] | YouTube  | [Normal]     | 66%    |  461.8ms | wasent their problem before femenism . i...
[ENTERTAINM] | YouTube  | [Normal]     | 98%    |  838.1ms | :hand-pink-waving::face-blue-smiling::fa...
[ENTERTAINM] | YouTube  | [Normal]     | 94%    |  250.6ms | big fan of your...
[GAMING/GAM] | YouTube  | [Normal]     | 63%    |  415.7ms | Le little mousetrap they say...
[GAMING/GAM] | YouTube  | [Normal]     | 96%    |  379.6ms | Stool  top of light house?...
[ENTERTAINM] | YouTube  | [Normal]     | 96%    |  282.9ms | tnx...
[GAMING/GAM] | YouTube  | [Normal]     | 94%    |  338.0ms | room anomaly in middle of stairwell agai...
[ENTERTAINM] | YouTube  | [Normal]     | 97%    | 2036.5ms | Translate my message. Здравствуйте я из ...
[GAMING/GAM] | YouTube  | [Normal]     | 96%    |  338.0ms | fuse boxxx...
[ENTERTAINM] | YouTube  | [Normal]     | 98%    | 2673.6ms | :cat-orange-whistling::cat-orange-whistl...
[GAMING/GAM] | YouTube  | [Normal]     | 97%    |  375.6ms | FUSE BOX in the Interior!!...
[GAMING/GAM] | YouTube  | [Normal]     | 95%    |  251.7ms | LIGHT...
[ENTERTAINM] | YouTube  | [Normal]     | 96%    |  299.9ms | New member...
[ENTERTAINM] | YouTube  | [Normal]     | 96%    |  343.0ms | From Nepal...
[GAMING/GAM] | YouTube  | [Normal]     | 96%    |  401.5ms | Mark  the FUSE BOX isn't supposed to be ...
[GAMING/SUR] | YouTube  | [Normal]     | 95%    |  320.7ms | turrets...
[GAMING/SUR] | YouTube  | [Normal]     | 94%    |  371.9ms | just let welyn do it...
[GAMING/GAM] | YouTube  | [Normal]     | 95%    |  678.7ms | can someone tell Mark that in the baseme...
[GAMING/ESP] | YouTube  | [Normal]     | 97%    |  550.1ms | Lgd will ve a new king in dota 2!!...
[ENTERTAINM] | YouTube  | [Normal]     | 93%    |  217.0ms | Lo...
[GAMING/GAM] | YouTube  | [Normal]     | 92%    |  269.4ms | ROPE IS LOWER IN INTERIOR...
[GAMING/GAM] | YouTube  | [Normal]     | 92%    |  361.2ms | interior lamp on the dresser is off...
[GAMING/GAM] | YouTube  | [Normal]     | 98%    |  524.0ms | Is the little red oil can on the pier su...
[GAMING/GAM] | YouTube  | [Normal]     | 97%    |  392.7ms | Extra bottle in the pier MARK PLEASE...
[ENTERTAINM] | YouTube  | [Normal]     | 95%    |  305.0ms | wow...
[GAMING/GAM] | YouTube  | [Normal]     | 96%    |  274.9ms | LIGHT IN THE YARD...
[ENTERTAINM] | YouTube  | [Normal]     | 96%    |  322.1ms | New member...
[GAMING/GAM] | YouTube  | [Normal]     | 94%    |  315.8ms | My goldfish brain could not...
[ENTERTAINM] | YouTube  | [Normal]     | 96%    | 1048.6ms | :yt::yt::yt::yt::yt::yt::yt::yt::yt::yt:...
[SELF-HELP/] | YouTube  | [Normal]     | 90%    |  356.1ms | Jesus...
[GAMING/GAM] | YouTube  | [Normal]     | 95%    |  311.3ms | it moved...
[ENTERTAINM] | YouTube  | [Normal]     | 97%    |  503.9ms | PUERTO RICO EN LA CASAAAAAAAAAAAAAAAAA...
[ENTERTAINM] | YouTube  | [Normal]     | 98%    | 1269.2ms | :hand-pink-waving::hand-pink-waving::han...
[GAMING/GAM] | YouTube  | [Normal]     | 80%    |  325.0ms | TOP LEFT INTRUDER...
[ENTERTAINM] | YouTube  | [OFFENSIVE]  | 79%    |  338.1ms | Letssssss goooo Canessss...
[SELF-HELP/] | YouTube  | [Normal]     | 68%    |  501.3ms | @HealthyGamerGG how to deal with miss in...
[MUSIC/CHIL] | YouTube  | [Normal]     | 98%    |  572.2ms | :face-blue-wide-eyes::face-blue-wide-eye...
[SELF-HELP/] | YouTube  | [Normal]     | 96%    |  281.7ms | science!...
[GAMING/GAM] | YouTube  | [Normal]     | 91%    |  399.9ms | top left...
[SELF-HELP/] | YouTube  | [Normal]     | 97%    |  400.2ms | I loved the sunshine room...
[ENTERTAINM] | YouTube  | [Normal]     | 93%    | 2275.0ms | :elbowcough::elbowcough::elbowcough::elb...
[MUSIC/CHIL] | YouTube  | [Normal]     | 96%    |  345.2ms | para la residencia después...
[ENTERTAINM] | YouTube  | [Normal]     | 95%    |  333.8ms | HELLO GUYS...
[GAMING/GAM] | YouTube  | [Normal]     | 46%    |  273.9ms | DING DONG DING DONG...
[GAMING/SUR] | YouTube  | [Normal]     | 97%    |  328.8ms | 1 aelective output 2 remaining output...
[GAMING/GAM] | YouTube  | [Normal]     | 95%    |  390.0ms | Looked perfect for Kayaking  not an anom...
[ENTERTAINM] | YouTube  | [Normal]     | 94%    |  360.9ms | Mr beast can I get a shoutout please...
[GAMING/SUR] | YouTube  | [Normal]     | 96%    |  302.9ms | PEANUT IS BASE BIXTCHIN...
[GAMING/SUR] | YouTube  | [Normal]     | 97%    |  422.6ms | Welyn has 18k hrs who knows atp...
[GAMING/GAM] | YouTube  | [Normal]     | 94%    |  545.4ms | i saw someone at the top left of the scr...
[ENTERTAINM] | YouTube  | [Normal]     | 98%    |  627.7ms | :palm_tree::palm_tree::sheaf_of_rice::sh...
[SELF-HELP/] | YouTube  | [Normal]     | 92%    |  436.7ms | yt chat is superior...
[ENTERTAINM] | YouTube  | [Normal]     | 94%    |  261.5ms | hi...
[GAMING/GAM] | YouTube  | [Normal]     | 87%    |  237.3ms | WOOOOOOO...
[SPORTS/FOO] | YouTube  | [Normal]     | 90%    |  228.3ms | ㅋㅋㅋㅋ...
[ENTERTAINM] | YouTube  | [Normal]     | 94%    |  590.1ms | @MrBeast ur the best youtuber i really l...
[ENTERTAINM] | YouTube  | [Normal]     | 90%    |  466.5ms | yooooo @MrBeast...
[GAMING/GAM] | YouTube  | [Normal]     | 95%    |  223.4ms | yooo...
[GAMING/GAM] | YouTube  | [Normal]     | 98%    |  395.5ms | :medal-yellow-first-red:...
[GAMING/GAM] | YouTube  | [Normal]     | 91%    |  233.9ms | yeahhhhhhh...
[SELF-HELP/] | YouTube  | [Normal]     | 96%    |  242.9ms | good movie...
[GAMING/GAM] | YouTube  | [Normal]     | 95%    |  465.6ms | I haven't watched it because of snow :(...
[GAMING/GAM] | YouTube  | [Normal]     | 97%    |  369.6ms | I've seen some real cool fan art...
[GAMING/GAM] | YouTube  | [Normal]     | 95%    |  553.7ms | I love you mark!!!!!!!!!!!!!!!!...
[GAMING/GAM] | YouTube  | [Normal]     | 97%    |  519.4ms | Watched it today… amazing experience...
[SELF-HELP/] | YouTube  | [Normal]     | 97%    |  398.5ms | ignorance is bliss?...
[PSYCHOLOGY] | YouTube  | [Normal]     | 85%    |  744.6ms | Actually what I realized is I really tru...
[ENTERTAINM] | YouTube  | [Normal]     | 77%    |  439.4ms | You are the Best YouTuber...
[ENTERTAINM] | YouTube  | [Normal]     | 95%    |  495.5ms | :loudly_crying_face:...
[GAMING/SUR] | YouTube  | [Normal]     | 97%    |  472.2ms | Escape from Peanut Compound:face-blue-sm...
[ENTERTAINM] | YouTube  | [Normal]     | 95%    |  482.8ms | im your big fan sir...
[GAMING/GAM] | YouTube  | [Normal]     | 94%    |  641.9ms | OMG HES OUTSIDE THE WINDOW AT THE GATE. ...
[GAMING/SUR] | YouTube  | [Normal]     | 96%    |  513.7ms | You would absolutely love Ark Ascended P...
[ENTERTAINM] | YouTube  | [Normal]     | 96%    |  419.3ms | hi ive been subscribed since 300k...
[NEWS/LIVE ] | YouTube  | [Normal]     | 90%    |  285.7ms | BLACK FATIGUE EVEN HIS PARENTS...
[ENTERTAINM] | YouTube  | [Normal]     | 93%    |  347.1ms | :buffering:...
[GAMING/GAM] | YouTube  | [Normal]     | 97%    |  471.0ms | Heart has been moved.... By you...
[ENTERTAINM] | YouTube  | [Normal]     | 95%    |  335.1ms | 67...
[ENTERTAINM] | YouTube  | [Normal]     | 78%    |  331.5ms | you are the best...
[ENTERTAINM] | YouTube  | [Normal]     | 97%    |  445.4ms | Can you sing us your favorite song :smil...
[MUSIC/CHIL] | YouTube  | [Normal]     | 95%    |  375.3ms | sis kya kr rhi...
[GAMING/GAM] | YouTube  | [Normal]     | 93%    |  283.0ms | OH...
[GAMING/GAM] | YouTube  | [Normal]     | 96%    |  324.2ms | door opened in business...
[GAMING/SUR] | YouTube  | [Normal]     | 92%    |  527.5ms | I CAN'T FIND THE MINECRAFT MOD CALLED RU...
[PSYCHOLOGY] | YouTube  | [Normal]     | 93%    |  638.4ms | sometimes I feel like the small triggers...
[GAMING/GAM] | YouTube  | [Normal]     | 95%    |  309.5ms | There are extra donuts no?...
[GAMING/GAM] | YouTube  | [Normal]     | 96%    |  404.8ms | what about the green lights in business ...
[GAMING/GAM] | YouTube  | [OFFENSIVE]  | 95%    |  832.3ms | holy crap I made it to my first stream! ...
[MUSIC/CHIL] | YouTube  | [Normal]     | 98%    | 1035.2ms | Prasa :cat_with_tears_of_joy::rolling_on...
[GAMING/GAM] | YouTube  | [Normal]     | 96%    |  287.7ms | Purse on seat...
[ENTERTAINM] | YouTube  | [Normal]     | 98%    | 2956.3ms | :hand-green-crystal-ball::hand-green-cry...
[GAMING/GAM] | YouTube  | [Normal]     | 92%    |  484.3ms | the lights on the walkway at the gate wh...
[GAMING/SUR] | YouTube  | [Normal]     | 84%    |  392.7ms | Can u guys hear anything??????...
[GAMING/SUR] | YouTube  | [Normal]     | 80%    |  506.0ms | NO SLEEP TILL BUNGLYN!!!!!!!!!!...
[GAMING/SUR] | YouTube  | [Normal]     | 86%    |  425.4ms | from a "6" pack of tacos? weak...
[NEWS/LIVE ] | YouTube  | [Normal]     | 98%    |  414.5ms | Even animals and birds have their own ho...
[MUSIC/CHIL] | YouTube  | [Normal]     | 97%    |  381.7ms | Ayeee :smiling_face_with_sunglasses:...
[GAMING/SUR] | YouTube  | [Normal]     | 97%    |  366.2ms | H20 :red_heart:...
[NEWS/LIVE ] | YouTube  | [Normal]     | 96%    |  649.6ms | and you said IQ:face-green-smiling::body...
[PSYCHOLOGY] | YouTube  | [Normal]     | 82%    |  364.8ms | What even is mental health...
[GAMING/SUR] | YouTube  | [Normal]     | 96%    |  337.0ms | another day in vegas...
[GAMING/SUR] | YouTube  | [Normal]     | 91%    |  275.0ms | w...
[PSYCHOLOGY] | YouTube  | [Normal]     | 96%    |  560.5ms | Ye  true love is hilarious. You can love...
[PSYCHOLOGY] | YouTube  | [Normal]     | 94%    |  448.8ms | !relationship \@Saurora6...
[ENTERTAINM] | YouTube  | [Normal]     | 93%    |  388.7ms | Bro how...
[ENTERTAINM] | YouTube  | [Normal]     | 95%    |  503.4ms | Emm......
[GAMING/GAM] | YouTube  | [Normal]     | 96%    |  372.9ms | HIIIIIII...
[GAMING/GAM] | YouTube  | [Normal]     | 95%    |  394.9ms | obversation...
[LIFESTYLE/] | YouTube  | [Normal]     | 97%    |  610.8ms | ahh sounds good :beaming_face_with_smili...
[GAMING/GAM] | YouTube  | [Normal]     | 95%    |  456.8ms | could you look into the game Casualties ...
[GAMING/GAM] | YouTube  | [Normal]     | 94%    |  331.0ms | so happy for you and the team!...
[GAMING/GAM] | YouTube  | [Normal]     | 93%    |  358.6ms | HI HI...
[ENTERTAINM] | YouTube  | [Normal]     | 94%    |  271.9ms | Rest...
[ENTERTAINM] | YouTube  | [Normal]     | 97%    | 1967.4ms | :smiling_face_with_smiling_eyes::smiling...
[GAMING/GAM] | YouTube  | [Normal]     | 87%    |  762.6ms | How did send help win “money-wise” if it...
[GAMING/GAM] | YouTube  | [Normal]     | 94%    |  494.5ms | I vote fore prusa:rolling_on_the_floor_l...
[ENTERTAINM] | YouTube  | [Normal]     | 95%    |  299.2ms | 1q...
[GAMING/GAM] | YouTube  | [Normal]     | 96%    |  506.5ms | MARK THERES AN ANOMOLY ON THE WINDOW...
[GAMING/SUR] | YouTube  | [Normal]     | 94%    |  300.1ms | Double...
[ENTERTAINM] | YouTube  | [Normal]     | 95%    |  281.1ms | sup jimmy...
[MUSIC/CHIL] | YouTube  | [Normal]     | 98%    |  399.7ms | :musical_notes::musical_note:...
[ENTERTAINM] | YouTube  | [Normal]     | 96%    |  332.5ms | Pls let me compete in a Mr beast challen...
[GAMING/GAM] | YouTube  | [Normal]     | 95%    |  336.9ms | Hi markkk...
[GAMING/SUR] | YouTube  | [Normal]     | 95%    |  277.1ms | HIT...
[MUSIC/CHIL] | YouTube  | [Normal]     | 96%    |  305.7ms | :ice:...
[GAMING/SUR] | YouTube  | [Normal]     | 73%    |  509.5ms | Glad they got the base back after GINGY ...
[ENTERTAINM] | YouTube  | [Normal]     | 98%    |  712.3ms | :hand-purple-blue-peace::hand-purple-blu...
[GAMING/GAM] | YouTube  | [Normal]     | 96%    |  297.6ms | hi mark...
[ENTERTAINM] | YouTube  | [Normal]     | 80%    |  287.1ms | how wild...
[ENTERTAINM] | YouTube  | [Normal]     | 95%    |  331.3ms | very courteous...
[GAMING/GAM] | YouTube  | [Normal]     | 97%    |  436.9ms | Your movie was amazing I love it a lot...
[SELF-HELP/] | YouTube  | [Normal]     | 95%    |  277.6ms | whoa doc  careful...
[GAMING/GAM] | YouTube  | [Normal]     | 96%    |  228.1ms | HI MARK...
[ENTERTAINM] | YouTube  | [Normal]     | 92%    |  398.6ms | no Manisha :loudly_crying_face::loudly_c...
[GAMING/GAM] | YouTube  | [Normal]     | 94%    |  462.1ms | lighthouse seems like it would be most i...
[GAMING/GAM] | YouTube  | [Normal]     | 87%    |  485.4ms | Mark I can't see it:[ I'm sick!...
[GAMING/GAM] | YouTube  | [Normal]     | 96%    |  432.6ms | im back mark my power went out...
[ENTERTAINM] | YouTube  | [Normal]     | 96%    |  647.4ms | السلام عليكم...
[GAMING/SUR] | YouTube  | [Normal]     | 69%    |  455.5ms | H2O HELL YEAH...
[PSYCHOLOGY] | YouTube  | [Normal]     | 97%    |  557.7ms | Gonna use emotional-focused coping....
[MUSIC/CHIL] | YouTube  | [Normal]     | 96%    |  436.2ms | :baseball-white-cap-out:...
[GAMING/GAM] | YouTube  | [Normal]     | 88%    |  416.9ms | do you want our help...
[ENTERTAINM] | YouTube  | [Normal]     | 92%    |  346.1ms | give me some money...
[ENTERTAINM] | YouTube  | [Normal]     | 92%    |  344.2ms | hai...
[GAMING/SUR] | YouTube  | [Normal]     | 96%    |  325.3ms | with 4 cards...
[SELF-HELP/] | YouTube  | [Normal]     | 85%    |  320.2ms | Crabs in a bucket syndrome...
[GAMING/SUR] | YouTube  | [HATE]       | 65%    |  346.5ms | you are a bad gambler...
[GAMING/GAM] | YouTube  | [Normal]     | 97%    |  336.5ms | hiiiii...
[GAMING/GAM] | YouTube  | [Normal]     | 96%    | 1011.6ms | Y'all  if you watch 'The distractible po...
[ENTERTAINM] | YouTube  | [Normal]     | 84%    |  279.4ms | it is kinda crazy...
[ENTERTAINM] | YouTube  | [Normal]     | 91%    |  394.1ms | Love u beast...
[GAMING/GAM] | YouTube  | [Normal]     | 95%    |  733.5ms | hi mark I wanted to tell you that your m...
[GAMING/GAM] | YouTube  | [Normal]     | 96%    |  372.4ms | Was that small table always there?...
[PSYCHOLOGY] | YouTube  | [Normal]     | 92%    |  546.5ms | @andreicionescu pethatic excuse to desol...
[GAMING/GAM] | YouTube  | [HATE]       | 48%    |  405.1ms | Freddy Fazbear behind you...
[MUSIC/CHIL] | YouTube  | [Normal]     | 95%    |  604.2ms | pighal jaane ka khauf hai tumhe......
[GAMING/GAM] | YouTube  | [Normal]     | 95%    |  341.9ms | stair moving basemnt...
[NEWS/LIVE ] | YouTube  | [Normal]     | 77%    |  447.7ms | the tarp is no laughing matter either it...
[GAMING/GAM] | YouTube  | [Normal]     | 94%    |  248.7ms | OUR EYES...
[GAMING/SUR] | YouTube  | [Normal]     | 47%    |  368.4ms | @jgs4819 gooner jfc...
[ENTERTAINM] | YouTube  | [Normal]     | 95%    | 1093.0ms | :police_car_light::police_car_light::pol...
[ENTERTAINM] | YouTube  | [Normal]     | 86%    |  306.2ms | Yo...
[GAMING/GAM] | YouTube  | [Normal]     | 97%    |  328.9ms | MARK THE LANTERN...
[PSYCHOLOGY] | YouTube  | [Normal]     | 96%    |  331.6ms | Self actualization...
[GAMING/SUR] | YouTube  | [Normal]     | 64%    |  376.6ms | you can only have 12...
[ENTERTAINM] | YouTube  | [Normal]     | 98%    |  350.9ms | Ronaldo and Messi...
[GAMING/GAM] | YouTube  | [Normal]     | 96%    |  389.6ms | There was a spinning pillar in the stair...
[GAMING/SUR] | YouTube  | [Normal]     | 96%    |  432.1ms | lol peanut loves the glaze...
[ENTERTAINM] | YouTube  | [Normal]     | 95%    |  812.9ms | let's go 500M guys. let's go 500M guys. ...
[ENTERTAINM] | YouTube  | [Normal]     | 97%    |  452.4ms | :flexed_biceps::flexed_biceps::flexed_bi...
[ENTERTAINM] | YouTube  | [Normal]     | 98%    |  522.1ms | :hand-pink-waving::hand-pink-waving::han...
[GAMING/SUR] | YouTube  | [Normal]     | 97%    |  443.4ms | You're doing amazing work peanut...
[ENTERTAINM] | YouTube  | [Normal]     | 95%    |  420.4ms | xin cahaof...
[GAMING/GAM] | YouTube  | [Normal]     | 70%    |  561.4ms | u should play more among us they've chan...
[ENTERTAINM] | YouTube  | [Normal]     | 95%    |  400.1ms | ай красава...
[GAMING/GAM] | YouTube  | [Normal]     | 93%    |  466.8ms | Yay! Nice job...
[GAMING/GAM] | YouTube  | [Normal]     | 92%    |  323.3ms | MISSING ]...
[GAMING/GAM] | YouTube  | [Normal]     | 94%    |  345.9ms | BASEMENT...
[ENTERTAINM] | YouTube  | [Normal]     | 96%    |  382.8ms | Some of us are in our 40s...
[GAMING/GAM] | YouTube  | [Normal]     | 67%    |  406.7ms | there is a body in the bed...
[GAMING/GAM] | YouTube  | [Normal]     | 96%    |  308.4ms | i got the phone and TV setup...
[GAMING/GAM] | YouTube  | [Normal]     | 94%    |  459.9ms | what's up markiplier how are you ?...
[GAMING/GAM] | YouTube  | [Normal]     | 96%    |  331.8ms | the lantern shadow in intwerior...
[GAMING/GAM] | YouTube  | [Normal]     | 98%    |  416.8ms | the jacket changed colours...
[GAMING/GAM] | YouTube  | [Normal]     | 96%    |  382.6ms | it looks cool bud...
[GAMING/SUR] | YouTube  | [Normal]     | 97%    |  554.2ms | Peanut pulled aggro and ran into the hea...
[MUSIC/CHIL] | YouTube  | [Normal]     | 96%    |  463.0ms | :man_in_steamy_room:...
[GAMING/GAM] | YouTube  | [Normal]     | 87%    |  296.7ms | END OF THE HARBOUR...
[GAMING/GAM] | YouTube  | [Normal]     | 94%    |  336.2ms | mjhmhm...
[ENTERTAINM] | YouTube  | [Normal]     | 94%    |  270.4ms | india india...
[ENTERTAINM] | YouTube  | [Normal]     | 93%    |  302.4ms | india...
[GAMING/GAM] | YouTube  | [Normal]     | 97%    |  522.2ms | I don't think I have ever been in a live...
[GAMING/GAM] | YouTube  | [Normal]     | 92%    |  389.9ms | CABIN WALLS CRACKING...
[GAMING/SUR] | YouTube  | [Normal]     | 94%    |  386.6ms | New into...
[GAMING/SUR] | YouTube  | [Normal]     | 82%    |  339.0ms | His voice is so cracked...
[MUSIC/CHIL] | YouTube  | [Normal]     | 98%    |  382.4ms | good evening :cityscape_at_dusk:...
[GAMING/SUR] | YouTube  | [OFFENSIVE]  | 76%    |  302.9ms | LETTTTTSSSS GOOOOOOO...
[GAMING/SUR] | YouTube  | [Normal]     | 96%    |  418.4ms | peanut thank you for making me laugh alr...
[GAMING/SUR] | YouTube  | [OFFENSIVE]  | 60%    |  371.3ms | :_LetsGo:...
[GAMING/SUR] | YouTube  | [OFFENSIVE]  | 82%    |  459.3ms | He’s a fucking LEGEND!!!!!...
[GAMING/SUR] | YouTube  | [Normal]     | 87%    |  435.7ms | he is a very hilarious youtuber...
[GAMING/SUR] | YouTube  | [Normal]     | 95%    |  378.8ms | Doors open...
[GAMING/SUR] | YouTube  | [Normal]     | 92%    |  296.6ms | Gate...
[MUSIC/CHIL] | YouTube  | [Normal]     | 95%    |  421.9ms | How is your weekend so far @Cata...
[GAMING/SUR] | YouTube  | [Normal]     | 94%    |  306.3ms | On the ground...
[GAMING/SUR] | YouTube  | [Normal]     | 95%    |  332.5ms | what is a die-a-ria?...
[GAMING/SUR] | YouTube  | [Normal]     | 96%    |  361.1ms | lmqo...
[GAMING/SUR] | YouTube  | [Normal]     | 82%    |  468.3ms | LMFAAAAAOOOOOOOOOOOOOOOOOOOOOOOOOOOO...
[GAMING/SUR] | YouTube  | [Normal]     | 95%    |  322.4ms | good push...
[GAMING/SUR] | YouTube  | [Normal]     | 97%    |  235.7ms | HARD WORK WORK...
[GAMING/SUR] | YouTube  | [Normal]     | 96%    |  712.7ms | haa:rolling_on_the_floor_laughing::rolli...
[GAMING/SUR] | YouTube  | [Normal]     | 53%    |  442.7ms | stop gambling and go build the base wtf...
[MUSIC/CHIL] | YouTube  | [Normal]     | 95%    |  792.3ms | :fountain::backhand_index_pointing_left:...
[ENTERTAINM] | YouTube  | [Normal]     | 82%    |  346.1ms | Yas...
[PSYCHOLOGY] | YouTube  | [Normal]     | 91%    |  434.8ms | but what do you mean by explain?...
[ENTERTAINM] | YouTube  | [Normal]     | 93%    |  343.6ms | lolololo...
[PSYCHOLOGY] | YouTube  | [Normal]     | 94%    |  436.1ms | jung takover 21st century...
[GAMING/GAM] | YouTube  | [Normal]     | 96%    |  737.0ms | :_markiYAY::_markiLOVE::_markiYAY::_mark...
[GAMING/GAM] | YouTube  | [OFFENSIVE]  | 78%    |  386.9ms | Hell yeah!!...
[NEWS/LIVE ] | YouTube  | [Normal]     | 96%    |  485.0ms | ...by the wolves :lion:...
[GAMING/GAM] | YouTube  | [Normal]     | 96%    |  306.5ms | YEAAA...
[ENTERTAINM] | YouTube  | [Normal]     | 94%    |  316.5ms | hi...
[PSYCHOLOGY] | YouTube  | [Normal]     | 96%    |  388.3ms | samskaras...
[GAMING/GAM] | YouTube  | [Normal]     | 95%    |  716.1ms | Have you ever played Outer Wilds? seems ...
[GAMING/GAM] | YouTube  | [Normal]     | 95%    |  656.3ms | im currently driving (red light) home fr...
[GAMING/SUR] | YouTube  | [Normal]     | 97%    |  410.1ms | That billboard was :fire:...
[GAMING/GAM] | YouTube  | [Normal]     | 96%    |  359.3ms | lighthouse sounds like a cool one...
[ENTERTAINM] | YouTube  | [Normal]     | 94%    |  344.3ms | 1...
[GAMING/SUR] | YouTube  | [Normal]     | 89%    |  395.5ms | noooooo...
[GAMING/GAM] | YouTube  | [Normal]     | 93%    |  419.6ms | JUST SAW IRON LUNG WEDNESDAY IT WAS AMAZ...
[GAMING/GAM] | YouTube  | [Normal]     | 94%    |  314.4ms | hi...
[SPORTS/FOO] | YouTube  | [Normal]     | 94%    |  319.4ms | Japan will win...
[ENTERTAINM] | YouTube  | [Normal]     | 97%    |  653.7ms | harás un vídeo celebrando tus 500millone...
[GAMING/GAM] | YouTube  | [Normal]     | 92%    |  442.4ms | Lighthouse for iron lung...
[GAMING/GAM] | YouTube  | [Normal]     | 94%    |  489.7ms | partyfoulval take it back...
[ENTERTAINM] | YouTube  | [Normal]     | 92%    |  524.1ms | but you hit 13Million views...
[ENTERTAINM] | YouTube  | [Normal]     | 97%    |  956.7ms | I watch you 5 years please see that plea...
[GAMING/GAM] | YouTube  | [Normal]     | 98%    |  550.7ms | Airplane. :airplane: second tower...
[GAMING/GAM] | YouTube  | [Normal]     | 95%    |  768.9ms | everyone at my local theater on Iron Lun...
[SELF-HELP/] | YouTube  | [Normal]     | 62%    |  505.0ms | They tried once and it hurt them so now ...
[SELF-HELP/] | YouTube  | [Normal]     | 37%    |  440.4ms | It makes them feel like they are not doi...
[GAMING/SUR] | YouTube  | [Normal]     | 98%    |  298.5ms | BLUE BLUE...
[ENTERTAINM] | YouTube  | [Normal]     | 95%    |  330.4ms | give me ps5 from india...
[ENTERTAINM] | YouTube  | [Normal]     | 93%    |  275.3ms | W stream...
[GAMING/GAM] | YouTube  | [Normal]     | 91%    |  450.9ms | lol the title says Obversation Duty that...
[GAMING/GAM] | YouTube  | [Normal]     | 96%    |  276.1ms | save the cheese...
[GAMING/GAM] | YouTube  | [Normal]     | 98%    |  372.5ms | Mark my words... Markiplier...
[GAMING/GAM] | YouTube  | [Normal]     | 96%    |  375.3ms | BEST GAME TO FILM ADAPTATION TO DATE...
[GAMING/GAM] | YouTube  | [Normal]     | 54%    |  355.4ms | OBVERSALLY THE TITLE IS FUCKED UP...
[ENTERTAINM] | YouTube  | [Normal]     | 94%    |  435.7ms | Mr Beast Let you have not 500 million su...
[GAMING/GAM] | YouTube  | [Normal]     | 90%    |  369.5ms | HAHAHAAHHAHAHA...
[GAMING/GAM] | YouTube  | [Normal]     | 97%    |  661.8ms | Omg I just noticed the typo :face_with_t...
[GAMING/GAM] | YouTube  | [Normal]     | 96%    |  347.1ms | When is the next sprunki video mark...
[GAMING/GAM] | YouTube  | [Normal]     | 91%    |  799.3ms | this is the first time i made it to a st...
[PSYCHOLOGY] | YouTube  | [Normal]     | 97%    |  398.2ms | narcissist?...
[ENTERTAINM] | YouTube  | [Normal]     | 94%    |  299.0ms | 5...
[ENTERTAINM] | YouTube  | [Normal]     | 95%    |  288.0ms | 129...
[GAMING/GAM] | YouTube  | [Normal]     | 92%    |  384.5ms | MARK THE STAIRS ARE UNDULATING...
[GAMING/GAM] | YouTube  | [Normal]     | 95%    |  270.1ms | BASEMENT STAIRS MOVING...
[NEWS/LIVE ] | YouTube  | [Normal]     | 94%    |  441.0ms | Don’t cry for me Argentina :musical_note...
[ENTERTAINM] | YouTube  | [Normal]     | 94%    |  286.2ms | hi...
[ENTERTAINM] | YouTube  | [Normal]     | 90%    |  326.0ms | 𝚑𝚘𝚕𝚊...
[MUSIC/CHIL] | YouTube  | [Normal]     | 98%    |  435.9ms | bye:washhands:...
[GAMING/GAM] | YouTube  | [Normal]     | 97%    |  314.1ms | FUSE BOX!!!!...
[NEWS/LIVE ] | YouTube  | [Normal]     | 86%    |  470.0ms | Argentina por favor jogue o melhor futeb...
[GAMING/SUR] | YouTube  | [Normal]     | 94%    |  350.2ms | 12...
[GAMING/GAM] | YouTube  | [Normal]     | 94%    |  367.7ms | The stairwell fence moved...
[GAMING/GAM] | YouTube  | [Normal]     | 96%    |  243.9ms | Cheese!...
[MUSIC/CHIL] | YouTube  | [Normal]     | 96%    |  252.9ms | rey...
[GAMING/SUR] | YouTube  | [Normal]     | 93%    |  272.4ms | go higher...
[GAMING/SUR] | YouTube  | [Normal]     | 93%    |  287.0ms | it doesnt matter...
[ENTERTAINM] | YouTube  | [Normal]     | 86%    |  335.4ms | call Pewdiepie...
[GAMING/SUR] | YouTube  | [Normal]     | 85%    |  260.6ms | lies...
[GAMING/GAM] | YouTube  | [Normal]     | 95%    |  403.9ms | as a librarian I stand behind you lol...
[GAMING/GAM] | YouTube  | [Normal]     | 95%    |  387.5ms | obserdution duty...
[ENTERTAINM] | YouTube  | [Normal]     | 96%    |  400.9ms | I gonna use these videos to study Englis...
[GAMING/GAM] | YouTube  | [Normal]     | 97%    |  514.4ms | Hi mark  loved Iron Lung. Watched it wit...
[ENTERTAINM] | YouTube  | [Normal]     | 96%    |  279.9ms | Hello Jimmy...
[ENTERTAINM] | YouTube  | [Normal]     | 89%    |  396.3ms | Helooooooooo...
[ENTERTAINM] | YouTube  | [Normal]     | 94%    |  361.0ms | WA...
[GAMING/GAM] | YouTube  | [Normal]     | 89%    |  522.2ms | You’re the best YouTuber ever mark...
[GAMING/GAM] | YouTube  | [Normal]     | 77%    |  594.8ms | yessssssssssssssssss...
[ENTERTAINM] | YouTube  | [Normal]     | 83%    |  417.7ms | no dont...
[ENTERTAINM] | YouTube  | [Normal]     | 89%    |  389.6ms | nahhh i just aint playin minecraft...
[GAMING/SUR] | YouTube  | [Normal]     | 96%    |  288.8ms | thank you...
[GAMING/GAM] | YouTube  | [Normal]     | 96%    | 1084.0ms | @markiplier Congrats on the film man!!! ...
[GAMING/SUR] | YouTube  | [Normal]     | 47%    |  510.8ms | PUT ON SOME CLOTHES YOU FREAK LOL...
[MUSIC/CHIL] | YouTube  | [Normal]     | 98%    |  438.7ms | :musical_score::hot_beverage:...
[GAMING/SUR] | YouTube  | [Normal]     | 96%    |  549.9ms | shut the doors this time p:face_with_tea...
[ENTERTAINM] | YouTube  | [Normal]     | 97%    |  419.6ms | awhat are we doing for 500k?...
[GAMING/SUR] | YouTube  | [OFFENSIVE]  | 80%    |  412.5ms | NO LAGGG HERE...
[GAMING/GAM] | YouTube  | [Normal]     | 77%    |  410.2ms | no iron lung for Ukrainian?(((...
[GAMING/GAM] | YouTube  | [OFFENSIVE]  | 87%    |  331.6ms | How the fuck does he keep up with chat?...
[GAMING/SUR] | YouTube  | [Normal]     | 94%    |  460.9ms | lock your external tcs peanut!...
[GAMING/SUR] | YouTube  | [Normal]     | 91%    |  321.3ms | why tf does bro live in whiterun...
[GAMING/GAM] | YouTube  | [Normal]     | 97%    |  345.2ms | Extra fuel cans outside?...
[GAMING/GAM] | YouTube  | [Normal]     | 94%    |  554.8ms | feel like the furnace in the keeper's ho...
[ENTERTAINM] | YouTube  | [Normal]     | 94%    | 1971.6ms | :buffering::buffering::buffering::buffer...
[GAMING/GAM] | YouTube  | [Normal]     | 92%    |  572.2ms | Love you  Mark. Can't wait to see Iron L...
[GAMING/SUR] | YouTube  | [Normal]     | 97%    |  311.9ms | for its content...
[GAMING/SUR] | YouTube  | [Normal]     | 95%    |  416.7ms | Turrets...
[ENTERTAINM] | YouTube  | [Normal]     | 94%    |  325.5ms | 1...
[GAMING/GAM] | YouTube  | [Normal]     | 95%    |  378.3ms | wth was that!!!...
[GAMING/GAM] | YouTube  | [Normal]     | 96%    |  280.6ms | stairwell pillar movement...
[ENTERTAINM] | YouTube  | [Normal]     | 88%    |  238.1ms | @mrbeast...
[ENTERTAINM] | YouTube  | [Normal]     | 96%    | 1866.0ms | :skull_and_crossbones::skull_and_crossbo...
[GAMING/GAM] | YouTube  | [Normal]     | 86%    |  355.9ms | ROPES TOO LONG HANGING...
[SELF-HELP/] | YouTube  | [Normal]     | 81%    |  367.6ms | yah they're valid...
[GAMING/SUR] | YouTube  | [Normal]     | 73%    |  464.5ms | TAKE THE GUN OFF HOTBAR...
[GAMING/GAM] | YouTube  | [Normal]     | 96%    |  394.0ms | Stairwell railing moved...
[MUSIC/CHIL] | YouTube  | [Normal]     | 96%    |  547.5ms | campur gandul mentah men AKEH banyu susu...
[GAMING/GAM] | YouTube  | [Normal]     | 91%    |  373.6ms | THE LEFT MORE IT MOVED UP...
[ENTERTAINM] | YouTube  | [Normal]     | 98%    |  549.9ms | :hand-pink-waving::hand-pink-waving:...
[GAMING/GAM] | YouTube  | [OFFENSIVE]  | 50%    |  206.1ms | WHAT THE HELL...
[GAMING/GAM] | YouTube  | [Normal]     | 97%    |  293.0ms | I eat that for snacks...
[GAMING/GAM] | YouTube  | [Normal]     | 96%    |  225.2ms | fireflies in the stairwell...
[GAMING/GAM] | YouTube  | [Normal]     | 96%    |  426.7ms | forgot for a second that I was watching ...
[GAMING/GAM] | YouTube  | [Normal]     | 95%    |  186.7ms | LIGHT...
[GAMING/GAM] | YouTube  | [Normal]     | 93%    |  277.0ms | cross at the end of the pier...
[GAMING/GAM] | YouTube  | [Normal]     | 94%    |  235.2ms | Hi...
[ENTERTAINM] | YouTube  | [Normal]     | 91%    |  252.0ms | hey...
[GAMING/GAM] | YouTube  | [Normal]     | 94%    |  288.1ms | I tried telling yall…...
[ENTERTAINM] | YouTube  | [Normal]     | 96%    |  196.7ms | Love you...
[MUSIC/CHIL] | YouTube  | [Normal]     | 95%    |  233.2ms | mai yhii huu...
[GAMING/GAM] | YouTube  | [Normal]     | 96%    |  231.1ms | The ropes on the barrels...
[GAMING/GAM] | YouTube  | [Normal]     | 71%    |  186.4ms | silly...
[GAMING/GAM] | YouTube  | [Normal]     | 95%    |  294.3ms | Missing object in front of the map...
[GAMING/GAM] | YouTube  | [Normal]     | 95%    |  196.8ms | :O...
[GAMING/GAM] | YouTube  | [Normal]     | 96%    |  287.2ms | STAIRWELL: left side railing moved  INTE...
[GAMING/SUR] | YouTube  | [Normal]     | 95%    |  232.3ms | No Fost  but I am...
[GAMING/GAM] | YouTube  | [Normal]     | 72%    |  282.7ms | That might have been the guy they send t...
[GAMING/GAM] | YouTube  | [Normal]     | 92%    |  242.1ms | Something weird about light in lantern r...
[ENTERTAINM] | YouTube  | [Normal]     | 97%    |  240.0ms | :face-green-smiling:...
[ENTERTAINM] | YouTube  | [Normal]     | 93%    |  333.8ms | هههههههههه...
[GAMING/GAM] | YouTube  | [Normal]     | 96%    |  224.5ms | give me a kiss mark...
[GAMING/GAM] | YouTube  | [Normal]     | 94%    |  226.9ms | THE BAGS IN THE BASEMENT...
[GAMING/SUR] | YouTube  | [Normal]     | 89%    |  260.6ms | JUST LISTEN TO HIM...
[ENTERTAINM] | YouTube  | [Normal]     | 93%    |  538.8ms | :call_me_hand::call_me_hand::call_me_han...
[GAMING/GAM] | YouTube  | [Normal]     | 97%    |  204.3ms | Lol aot...
[ENTERTAINM] | YouTube  | [Normal]     | 94%    |  185.6ms | hi...
[GAMING/GAM] | YouTube  | [Normal]     | 92%    |  234.9ms | the rail !...
[GAMING/GAM] | YouTube  | [Normal]     | 95%    |  564.2ms | STAIRWELL: left side railing moved  you ...
[ENTERTAINM] | YouTube  | [Normal]     | 98%    |  465.0ms | :hand-pink-waving::hand-pink-waving::han...
[GAMING/GAM] | YouTube  | [Normal]     | 87%    |  198.7ms | WOOOOOO...
[MUSIC/CHIL] | YouTube  | [Normal]     | 96%    |  242.0ms | :slightly_smiling_face:...
[GAMING/GAM] | YouTube  | [Normal]     | 91%    |  235.9ms | W...
[PSYCHOLOGY] | YouTube  | [Normal]     | 95%    |  194.5ms | Exactly !...
[GAMING/GAM] | YouTube  | [Normal]     | 96%    |  297.9ms | Would love to see a BTS documentary...
[GAMING/GAM] | YouTube  | [Normal]     | 95%    |  204.2ms | Rules smules...
[ENTERTAINM] | YouTube  | [Normal]     | 93%    |  203.5ms | HELLO MRBEAST...
[GAMING/GAM] | YouTube  | [Normal]     | 92%    |  184.7ms | ye...
[ENTERTAINM] | YouTube  | [Normal]     | 98%    | 1626.5ms | :face-blue-smiling::face-blue-smiling::f...
[GAMING/GAM] | YouTube  | [Normal]     | 91%    |  186.0ms | Corner...
[PSYCHOLOGY] | YouTube  | [Normal]     | 98%    |  226.3ms | on mets le patate...
[ENTERTAINM] | YouTube  | [Normal]     | 94%    |  185.2ms | hi...
[SELF-HELP/] | YouTube  | [Normal]     | 96%    |  383.2ms | slap on some adhd  double it  pass it on...
[GAMING/GAM] | YouTube  | [Normal]     | 96%    |  195.2ms | oop...
[ENTERTAINM] | YouTube  | [Normal]     | 95%    |  277.9ms | :thinking_face:...
[MUSIC/CHIL] | YouTube  | [Normal]     | 97%    |  327.4ms | SKOLIM & CLEO - Lubimy (Official Video) ...
[GAMING/GAM] | YouTube  | [Normal]     | 91%    |  278.8ms | im hungryyy can we get McDonald's?...
[ENTERTAINM] | YouTube  | [Normal]     | 95%    |  200.9ms | hiii...
[GAMING/GAM] | YouTube  | [Normal]     | 89%    |  227.1ms | BUISNESS PILLOW...
[GAMING/GAM] | YouTube  | [Normal]     | 95%    |  348.1ms | Your movie was absolutely amazing  btw a...
[GAMING/SUR] | YouTube  | [Normal]     | 94%    |  269.6ms | 1box has it...
[ENTERTAINM] | YouTube  | [Normal]     | 95%    |  205.7ms | said hi...
[GAMING/GAM] | YouTube  | [HATE]       | 60%    |  570.4ms | Mark i beg you help a man with buying a ...
[MUSIC/CHIL] | YouTube  | [Normal]     | 74%    |  335.1ms | KEJTI because smart people will think ab...
[GAMING/GAM] | YouTube  | [Normal]     | 96%    |  203.3ms | hi chat  hi Mark...
[GAMING/GAM] | YouTube  | [Normal]     | 79%    |  192.4ms | heavenly toilet...
[VALORANT/G] | Twitch   | [Normal]     | 94%    |  303.1ms | @jeanguo conter strik...
[VALORANT/G] | Twitch   | [Normal]     | 91%    |  359.2ms | @caffeinediff HAH maybe ask for help nex...
[VALORANT/G] | Twitch   | [Normal]     | 96%    |  291.4ms | @mavhawk64 Glaze in his chat then?...
[RELATIONSH] | Twitch   | [Normal]     | 93%    |  195.2ms | Jammies...
[VALORANT/G] | Twitch   | [Normal]     | 95%    |  204.5ms | GG KK...
[RELATIONSH] | Twitch   | [Normal]     | 71%    |  204.6ms | nick will say anal...
[RELATIONSH] | Twitch   | [Normal]     | 40%    |  193.8ms | PEGGERS...
[RELATIONSH] | Twitch   | [Normal]     | 94%    |  195.0ms | o7...
[ENTERTAINM] | Twitch   | [Normal]     | 82%    |  194.2ms | HAH...
[RELATIONSH] | Twitch   | [OFFENSIVE]  | 52%    |  194.1ms | oh shit...
[RELATIONSH] | Twitch   | [Normal]     | 94%    |  222.4ms | Aww...
[RELATIONSH] | Twitch   | [Normal]     | 93%    |  236.1ms | o7 just act confused again...
[RELATIONSH] | Twitch   | [Normal]     | 96%    |  210.8ms | W Dr. Dean...
[RELATIONSH] | Twitch   | [Normal]     | 93%    |  286.8ms | It's a habit problem...
[RELATIONSH] | Twitch   | [Normal]     | 96%    |  289.1ms | I pray to god this is scripted...
[RELATIONSH] | Twitch   | [Normal]     | 94%    |  184.4ms | om...
