Sampling every 2s for 5000s -> F:\hate-speech-pipeline\reports\scaling\20260925-124022_p1_c1_cuda_r1\resource_WIX.csv
Run your load (throughput_bench.py / a live stream) now in another terminal.

[12:40:29] host CPU 25.0% RAM 79.0% | GPU 340MB/12% | kafka=0.68%/537.3MiB / 4.804GiB ; elasticsearch=0.41%/1.504GiB / 4.804
[12:40:34] host CPU 18.4% RAM 82.3% | GPU 340MB/2% | kafka=0.61%/537.3MiB / 4.804GiB ; elasticsearch=0.66%/1.504GiB / 4.804
[12:40:38] host CPU 28.9% RAM 83.9% | GPU 340MB/1% | kafka=1.14%/538.2MiB / 4.804GiB ; elasticsearch=0.50%/1.504GiB / 4.804
[12:40:43] host CPU 16.4% RAM 86.0% | GPU 701MB/1% | kafka=0.90%/537.9MiB / 4.804GiB ; elasticsearch=6.46%/1.505GiB / 4.804
[12:40:48] host CPU 16.8% RAM 86.3% | GPU 714MB/31% | kafka=170.12%/607.2MiB / 4.804GiB ; elasticsearch=7.03%/1.505GiB / 4.8
[12:40:52] host CPU 22.4% RAM 86.3% | GPU 712MB/31% | kafka=0.67%/537.5MiB / 4.804GiB ; elasticsearch=46.71%/1.505GiB / 4.80
[12:40:56] host CPU 16.8% RAM 86.1% | GPU 702MB/30% | kafka=1.10%/537.5MiB / 4.804GiB ; elasticsearch=5.06%/1.505GiB / 4.804
[12:41:00] host CPU 19.1% RAM 86.1% | GPU 701MB/6% | kafka=0.69%/537.4MiB / 4.804GiB ; elasticsearch=14.64%/1.506GiB / 4.80
[12:41:04] host CPU 14.6% RAM 86.3% | GPU 709MB/28% | kafka=0.87%/537.4MiB / 4.804GiB ; elasticsearch=4.88%/1.505GiB / 4.804
[12:41:09] host CPU 17.3% RAM 86.7% | GPU 707MB/27% | kafka=84.02%/569.7MiB / 4.804GiB ; elasticsearch=24.57%/1.506GiB / 4.8
[12:41:13] host CPU 25.0% RAM 87.1% | GPU 706MB/25% | kafka=0.94%/537MiB / 4.804GiB ; elasticsearch=3.27%/1.507GiB / 4.804Gi
[12:41:18] host CPU 18.4% RAM 87.4% | GPU 700MB/16% | kafka=0.79%/536.7MiB / 4.804GiB ; elasticsearch=5.18%/1.508GiB / 4.804
[12:41:23] host CPU 20.4% RAM 88.0% | GPU 692MB/23% | kafka=68.03%/535.6MiB / 4.804GiB ; elasticsearch=2.75%/1.507GiB / 4.80
[12:41:27] host CPU 26.6% RAM 89.3% | GPU 688MB/34% | kafka=0.69%/535.2MiB / 4.804GiB ; elasticsearch=2.85%/1.507GiB / 4.804
[12:41:32] host CPU 17.9% RAM 89.1% | GPU 695MB/20% | kafka=160.70%/595.7MiB / 4.804GiB ; elasticsearch=1.97%/1.507GiB / 4.8
[12:41:35] host CPU 18.0% RAM 88.8% | GPU 697MB/28% | kafka=0.85%/535.1MiB / 4.804GiB ; elasticsearch=3.06%/1.508GiB / 4.804
[12:41:40] host CPU 10.6% RAM 88.8% | GPU 693MB/28% | kafka=0.87%/535.1MiB / 4.804GiB ; elasticsearch=3.59%/1.507GiB / 4.804
[12:41:45] host CPU 21.2% RAM 88.7% | GPU 697MB/25% | kafka=175.41%/615.4MiB / 4.804GiB ; elasticsearch=3.50%/1.507GiB / 4.8
[12:41:50] host CPU 13.0% RAM 89.0% | GPU 698MB/6% | kafka=24.19%/539MiB / 4.804GiB ; elasticsearch=3.14%/1.507GiB / 4.804G
[12:41:54] host CPU 10.9% RAM 89.2% | GPU 693MB/26% | kafka=0.60%/533.1MiB / 4.804GiB ; elasticsearch=3.74%/1.507GiB / 4.804
[12:41:59] host CPU 13.8% RAM 89.1% | GPU 693MB/28% | kafka=161.35%/617MiB / 4.804GiB ; elasticsearch=3.80%/1.509GiB / 4.804
[12:42:04] host CPU 21.6% RAM 89.0% | GPU 697MB/26% | kafka=1.06%/533MiB / 4.804GiB ; elasticsearch=3.26%/1.507GiB / 4.804Gi
[12:42:08] host CPU 41.2% RAM 89.1% | GPU 697MB/26% | kafka=0.95%/533MiB / 4.804GiB ; elasticsearch=20.78%/1.507GiB / 4.804G
[12:42:13] host CPU 16.8% RAM 86.7% | GPU 696MB/14% | kafka=28.50%/533MiB / 4.804GiB ; elasticsearch=4.80%/1.508GiB / 4.804G
[12:42:17] host CPU 17.5% RAM 84.1% | GPU 695MB/31% | kafka=1.04%/533MiB / 4.804GiB ; elasticsearch=3.79%/1.507GiB / 4.804Gi
[12:42:22] host CPU 12.3% RAM 84.1% | GPU 691MB/27% | kafka=16.74%/547.1MiB / 4.804GiB ; elasticsearch=7.03%/1.507GiB / 4.80
[12:42:26] host CPU 24.7% RAM 84.2% | GPU 694MB/32% | kafka=0.95%/533.2MiB / 4.804GiB ; elasticsearch=7.87%/1.508GiB / 4.804
[12:42:30] host CPU 15.1% RAM 84.3% | GPU 695MB/31% | kafka=0.91%/533.3MiB / 4.804GiB ; elasticsearch=23.61%/1.508GiB / 4.80
[12:42:34] host CPU 17.4% RAM 84.5% | GPU 694MB/28% | kafka=0.80%/533.3MiB / 4.804GiB ; elasticsearch=8.03%/1.508GiB / 4.804
[12:42:39] host CPU 18.3% RAM 84.3% | GPU 694MB/29% | kafka=0.67%/533.3MiB / 4.804GiB ; elasticsearch=7.52%/1.508GiB / 4.804
[12:42:43] host CPU 10.8% RAM 82.9% | GPU 694MB/30% | kafka=159.27%/588.9MiB / 4.804GiB ; elasticsearch=3.00%/1.508GiB / 4.8
[12:42:48] host CPU 29.5% RAM 83.1% | GPU 694MB/32% | kafka=1.37%/533.5MiB / 4.804GiB ; elasticsearch=25.55%/1.509GiB / 4.80
[12:42:52] host CPU 15.9% RAM 83.2% | GPU 695MB/29% | kafka=0.67%/533.5MiB / 4.804GiB ; elasticsearch=7.98%/1.509GiB / 4.804
[12:42:56] host CPU 20.1% RAM 83.4% | GPU 690MB/28% | kafka=0.74%/533.2MiB / 4.804GiB ; elasticsearch=2.98%/1.503GiB / 4.804
[12:43:01] host CPU 11.4% RAM 83.4% | GPU 693MB/32% | kafka=0.68%/533.2MiB / 4.804GiB ; elasticsearch=3.11%/1.503GiB / 4.804
[12:43:04] host CPU 14.2% RAM 84.0% | GPU 690MB/30% | kafka=37.50%/561.9MiB / 4.804GiB ; elasticsearch=4.01%/1.503GiB / 4.80
[12:43:09] host CPU 19.6% RAM 83.7% | GPU 692MB/28% | kafka=0.70%/534.1MiB / 4.804GiB ; elasticsearch=2.83%/1.505GiB / 4.804
[12:43:13] host CPU 11.5% RAM 83.6% | GPU 696MB/28% | kafka=0.91%/534.1MiB / 4.804GiB ; elasticsearch=2.86%/1.505GiB / 4.804
[12:43:18] host CPU 18.2% RAM 83.6% | GPU 691MB/34% | kafka=0.80%/534.1MiB / 4.804GiB ; elasticsearch=2.90%/1.505GiB / 4.804
[12:43:22] host CPU 11.4% RAM 83.7% | GPU 692MB/28% | kafka=0.82%/534.1MiB / 4.804GiB ; elasticsearch=3.07%/1.505GiB / 4.804
[12:43:26] host CPU 12.8% RAM 83.6% | GPU 694MB/28% | kafka=75.95%/571.7MiB / 4.804GiB ; elasticsearch=2.75%/1.505GiB / 4.80
[12:43:31] host CPU 18.5% RAM 83.8% | GPU 696MB/33% | kafka=0.82%/533.8MiB / 4.804GiB ; elasticsearch=2.86%/1.51GiB / 4.804G
[12:43:34] host CPU 11.9% RAM 83.4% | GPU 690MB/28% | kafka=0.83%/533.8MiB / 4.804GiB ; elasticsearch=4.21%/1.51GiB / 4.804G
[12:43:39] host CPU 17.5% RAM 83.3% | GPU 690MB/29% | kafka=1.02%/533.8MiB / 4.804GiB ; elasticsearch=2.73%/1.504GiB / 4.804
[12:43:43] host CPU 17.4% RAM 83.6% | GPU 695MB/30% | kafka=0.83%/533.8MiB / 4.804GiB ; elasticsearch=3.58%/1.504GiB / 4.804
[12:43:48] host CPU 15.9% RAM 83.5% | GPU 694MB/31% | kafka=0.71%/533.8MiB / 4.804GiB ; elasticsearch=7.57%/1.504GiB / 4.804
[12:43:52] host CPU 20.1% RAM 83.7% | GPU 700MB/28% | kafka=0.74%/533.8MiB / 4.804GiB ; elasticsearch=7.50%/1.504GiB / 4.804
[12:43:56] host CPU 14.6% RAM 83.8% | GPU 692MB/27% | kafka=0.84%/533.8MiB / 4.804GiB ; elasticsearch=2.91%/1.504GiB / 4.804
[12:44:01] host CPU 15.6% RAM 83.9% | GPU 697MB/32% | kafka=0.74%/533.5MiB / 4.804GiB ; elasticsearch=37.45%/1.509GiB / 4.80
[12:44:04] host CPU 16.3% RAM 83.9% | GPU 692MB/29% | kafka=0.78%/533.5MiB / 4.804GiB ; elasticsearch=2.75%/1.51GiB / 4.804G
[12:44:09] host CPU 13.6% RAM 83.8% | GPU 694MB/29% | kafka=26.82%/554.4MiB / 4.804GiB ; elasticsearch=44.31%/1.506GiB / 4.8
[12:44:13] host CPU 18.6% RAM 84.0% | GPU 698MB/28% | kafka=0.96%/533.5MiB / 4.804GiB ; elasticsearch=2.95%/1.506GiB / 4.804
[12:44:18] host CPU 15.5% RAM 83.9% | GPU 691MB/28% | kafka=0.78%/533.5MiB / 4.804GiB ; elasticsearch=3.28%/1.506GiB / 4.804
[12:44:23] host CPU 19.8% RAM 83.9% | GPU 690MB/30% | kafka=49.81%/533.5MiB / 4.804GiB ; elasticsearch=3.19%/1.507GiB / 4.80
[12:44:26] host CPU 35.3% RAM 85.0% | GPU 702MB/6% | kafka=0.81%/533.5MiB / 4.804GiB ; elasticsearch=3.68%/1.505GiB / 4.804
[12:44:31] host CPU 22.1% RAM 85.2% | GPU 699MB/35% | kafka=0.86%/533.5MiB / 4.804GiB ; elasticsearch=7.01%/1.505GiB / 4.804
[12:44:34] host CPU 44.9% RAM 72.9% | GPU 638MB/26% | kafka=0.94%/533.4MiB / 4.804GiB ; elasticsearch=2.65%/1.505GiB / 4.804
[12:44:39] host CPU 34.4% RAM 72.8% | GPU 626MB/28% | kafka=1.77%/533.7MiB / 4.804GiB ; elasticsearch=4.02%/1.506GiB / 4.804
[12:44:44] host CPU 41.0% RAM 70.6% | GPU 636MB/28% | kafka=150.97%/612.4MiB / 4.804GiB ; elasticsearch=9.65%/1.506GiB / 4.8
[12:44:48] host CPU 31.6% RAM 68.4% | GPU 542MB/32% | kafka=0.83%/533.5MiB / 4.804GiB ; elasticsearch=3.47%/1.506GiB / 4.804
[12:44:53] host CPU 17.4% RAM 68.1% | GPU 535MB/32% | kafka=0.86%/533.6MiB / 4.804GiB ; elasticsearch=3.61%/1.506GiB / 4.804
[12:44:56] host CPU 23.4% RAM 68.2% | GPU 538MB/31% | kafka=0.82%/533.5MiB / 4.804GiB ; elasticsearch=5.05%/1.506GiB / 4.804
[12:45:01] host CPU 16.8% RAM 68.3% | GPU 537MB/29% | kafka=0.86%/533.5MiB / 4.804GiB ; elasticsearch=3.26%/1.506GiB / 4.804
[12:45:04] host CPU 15.4% RAM 68.4% | GPU 536MB/30% | kafka=121.72%/585.4MiB / 4.804GiB ; elasticsearch=4.77%/1.506GiB / 4.8
[12:45:09] host CPU 24.0% RAM 68.4% | GPU 536MB/30% | kafka=0.66%/534.4MiB / 4.804GiB ; elasticsearch=4.36%/1.506GiB / 4.804
[12:45:13] host CPU 11.6% RAM 68.4% | GPU 531MB/28% | kafka=0.78%/534.4MiB / 4.804GiB ; elasticsearch=10.35%/1.506GiB / 4.80
[12:45:18] host CPU 23.4% RAM 68.4% | GPU 533MB/30% | kafka=1.30%/534.1MiB / 4.804GiB ; elasticsearch=3.16%/1.506GiB / 4.804
[12:45:22] host CPU 12.9% RAM 68.4% | GPU 534MB/30% | kafka=0.72%/534.1MiB / 4.804GiB ; elasticsearch=5.47%/1.506GiB / 4.804
[12:45:26] host CPU 20.6% RAM 68.4% | GPU 534MB/31% | kafka=130.02%/586.6MiB / 4.804GiB ; elasticsearch=3.81%/1.508GiB / 4.8
[12:45:31] host CPU 19.2% RAM 68.5% | GPU 533MB/29% | kafka=0.80%/534.1MiB / 4.804GiB ; elasticsearch=3.22%/1.507GiB / 4.804
[12:45:35] host CPU 13.6% RAM 68.3% | GPU 527MB/31% | kafka=1.07%/534.1MiB / 4.804GiB ; elasticsearch=4.23%/1.507GiB / 4.804
[12:45:39] host CPU 19.9% RAM 68.2% | GPU 529MB/30% | kafka=0.72%/534.2MiB / 4.804GiB ; elasticsearch=5.16%/1.508GiB / 4.804
[12:45:44] host CPU 15.2% RAM 68.4% | GPU 529MB/29% | kafka=0.63%/534.2MiB / 4.804GiB ; elasticsearch=3.77%/1.508GiB / 4.804
[12:45:48] host CPU 17.6% RAM 68.4% | GPU 529MB/31% | kafka=11.42%/545.4MiB / 4.804GiB ; elasticsearch=2.44%/1.508GiB / 4.80
[12:45:53] host CPU 22.6% RAM 68.4% | GPU 530MB/31% | kafka=0.64%/534.2MiB / 4.804GiB ; elasticsearch=4.38%/1.508GiB / 4.804
[12:45:56] host CPU 12.8% RAM 68.4% | GPU 530MB/29% | kafka=0.77%/534.5MiB / 4.804GiB ; elasticsearch=3.81%/1.508GiB / 4.804
[12:46:01] host CPU 18.4% RAM 68.4% | GPU 536MB/34% | kafka=0.65%/534.2MiB / 4.804GiB ; elasticsearch=4.08%/1.508GiB / 4.804
[12:46:05] host CPU 15.7% RAM 68.6% | GPU 532MB/30% | kafka=0.85%/534.2MiB / 4.804GiB ; elasticsearch=3.13%/1.508GiB / 4.804
[12:46:09] host CPU 15.5% RAM 68.4% | GPU 530MB/30% | kafka=0.69%/534.2MiB / 4.804GiB ; elasticsearch=4.35%/1.508GiB / 4.804
[12:46:14] host CPU 17.9% RAM 68.4% | GPU 531MB/27% | kafka=0.73%/534.3MiB / 4.804GiB ; elasticsearch=3.21%/1.508GiB / 4.804
[12:46:18] host CPU 16.8% RAM 68.5% | GPU 534MB/32% | kafka=0.89%/534.3MiB / 4.804GiB ; elasticsearch=3.32%/1.509GiB / 4.804
[12:46:22] host CPU 17.5% RAM 68.6% | GPU 534MB/31% | kafka=1.48%/534.1MiB / 4.804GiB ; elasticsearch=3.51%/1.509GiB / 4.804
[12:46:26] host CPU 15.7% RAM 68.5% | GPU 529MB/28% | kafka=0.60%/534.1MiB / 4.804GiB ; elasticsearch=35.44%/1.51GiB / 4.804
[12:46:31] host CPU 15.1% RAM 68.5% | GPU 531MB/30% | kafka=122.45%/585MiB / 4.804GiB ; elasticsearch=3.03%/1.51GiB / 4.804G
[12:46:35] host CPU 20.6% RAM 68.5% | GPU 528MB/30% | kafka=0.87%/534.2MiB / 4.804GiB ; elasticsearch=28.93%/1.511GiB / 4.80
[12:46:39] host CPU 14.6% RAM 68.4% | GPU 528MB/29% | kafka=0.60%/534.2MiB / 4.804GiB ; elasticsearch=2.95%/1.511GiB / 4.804
[12:46:44] host CPU 16.5% RAM 68.4% | GPU 530MB/29% | kafka=54.58%/545.5MiB / 4.804GiB ; elasticsearch=4.03%/1.511GiB / 4.80
[12:46:48] host CPU 18.7% RAM 68.5% | GPU 529MB/31% | kafka=0.81%/540.2MiB / 4.804GiB ; elasticsearch=4.60%/1.511GiB / 4.804
[12:46:53] host CPU 15.9% RAM 68.4% | GPU 532MB/32% | kafka=4.07%/543.4MiB / 4.804GiB ; elasticsearch=2.95%/1.511GiB / 4.804
[12:46:56] host CPU 20.7% RAM 68.4% | GPU 528MB/28% | kafka=0.61%/540.4MiB / 4.804GiB ; elasticsearch=3.17%/1.511GiB / 4.804
[12:47:01] host CPU 13.3% RAM 68.5% | GPU 530MB/28% | kafka=0.66%/534.5MiB / 4.804GiB ; elasticsearch=3.15%/1.511GiB / 4.804
[12:47:05] host CPU 18.2% RAM 68.5% | GPU 530MB/29% | kafka=12.54%/534.5MiB / 4.804GiB ; elasticsearch=4.61%/1.511GiB / 4.80
[12:47:09] host CPU 16.1% RAM 68.5% | GPU 530MB/30% | kafka=0.92%/535.4MiB / 4.804GiB ; elasticsearch=21.26%/1.512GiB / 4.80
[12:47:14] host CPU 12.7% RAM 68.5% | GPU 531MB/28% | kafka=0.68%/535.4MiB / 4.804GiB ; elasticsearch=3.56%/1.511GiB / 4.804
[12:47:18] host CPU 22.0% RAM 68.3% | GPU 535MB/32% | kafka=0.87%/535.4MiB / 4.804GiB ; elasticsearch=3.32%/1.511GiB / 4.804
[12:47:23] host CPU 12.6% RAM 68.3% | GPU 534MB/29% | kafka=0.62%/535.4MiB / 4.804GiB ; elasticsearch=4.03%/1.511GiB / 4.804
[12:47:26] host CPU 19.2% RAM 68.3% | GPU 530MB/29% | kafka=1.27%/535.5MiB / 4.804GiB ; elasticsearch=2.61%/1.511GiB / 4.804
[12:47:31] host CPU 14.5% RAM 68.3% | GPU 530MB/28% | kafka=0.83%/535.5MiB / 4.804GiB ; elasticsearch=2.57%/1.512GiB / 4.804
[12:47:35] host CPU 12.1% RAM 68.1% | GPU 527MB/27% | kafka=0.96%/535.5MiB / 4.804GiB ; elasticsearch=2.49%/1.512GiB / 4.804
[12:47:39] host CPU 21.9% RAM 68.4% | GPU 532MB/29% | kafka=0.96%/535.1MiB / 4.804GiB ; elasticsearch=20.76%/1.511GiB / 4.80
[12:47:44] host CPU 14.4% RAM 68.4% | GPU 531MB/31% | kafka=0.76%/535.1MiB / 4.804GiB ; elasticsearch=2.79%/1.512GiB / 4.804
[12:47:48] host CPU 19.0% RAM 68.4% | GPU 534MB/32% | kafka=115.07%/612.8MiB / 4.804GiB ; elasticsearch=9.85%/1.512GiB / 4.8
[12:47:53] host CPU 17.9% RAM 68.5% | GPU 529MB/30% | kafka=0.83%/535.1MiB / 4.804GiB ; elasticsearch=4.19%/1.511GiB / 4.804
[12:47:56] host CPU 17.1% RAM 68.4% | GPU 532MB/30% | kafka=0.73%/535.1MiB / 4.804GiB ; elasticsearch=2.68%/1.511GiB / 4.804
[12:48:01] host CPU 21.0% RAM 68.4% | GPU 536MB/31% | kafka=0.99%/535.2MiB / 4.804GiB ; elasticsearch=4.32%/1.512GiB / 4.804
[12:48:05] host CPU 14.0% RAM 68.1% | GPU 536MB/30% | kafka=0.70%/535.2MiB / 4.804GiB ; elasticsearch=4.89%/1.512GiB / 4.804
[12:48:09] host CPU 13.4% RAM 67.9% | GPU 534MB/28% | kafka=29.97%/535.2MiB / 4.804GiB ; elasticsearch=2.28%/1.511GiB / 4.80
[12:48:14] host CPU 18.8% RAM 68.4% | GPU 529MB/31% | kafka=0.87%/535.2MiB / 4.804GiB ; elasticsearch=3.26%/1.512GiB / 4.804
[12:48:18] host CPU 13.7% RAM 68.4% | GPU 531MB/35% | kafka=0.59%/535.2MiB / 4.804GiB ; elasticsearch=2.59%/1.511GiB / 4.804
[12:48:23] host CPU 17.0% RAM 68.4% | GPU 530MB/28% | kafka=0.90%/535.2MiB / 4.804GiB ; elasticsearch=2.61%/1.512GiB / 4.804
[12:48:26] host CPU 18.1% RAM 68.4% | GPU 533MB/29% | kafka=0.66%/535.2MiB / 4.804GiB ; elasticsearch=2.74%/1.511GiB / 4.804
[12:48:31] host CPU 14.6% RAM 68.4% | GPU 532MB/30% | kafka=167.69%/615MiB / 4.804GiB ; elasticsearch=2.71%/1.511GiB / 4.804
[12:48:35] host CPU 19.6% RAM 68.5% | GPU 531MB/28% | kafka=0.90%/535.2MiB / 4.804GiB ; elasticsearch=2.76%/1.511GiB / 4.804
[12:48:39] host CPU 14.4% RAM 68.4% | GPU 530MB/29% | kafka=0.62%/535.2MiB / 4.804GiB ; elasticsearch=3.01%/1.511GiB / 4.804
[12:48:44] host CPU 18.4% RAM 68.5% | GPU 529MB/32% | kafka=0.74%/535.2MiB / 4.804GiB ; elasticsearch=2.75%/1.511GiB / 4.804
[12:48:48] host CPU 15.0% RAM 68.5% | GPU 531MB/32% | kafka=2.13%/535.2MiB / 4.804GiB ; elasticsearch=2.68%/1.511GiB / 4.804
[12:48:53] host CPU 11.4% RAM 68.5% | GPU 531MB/28% | kafka=1.39%/535.2MiB / 4.804GiB ; elasticsearch=2.38%/1.512GiB / 4.804
[12:48:56] host CPU 23.4% RAM 68.6% | GPU 533MB/30% | kafka=1.09%/535.3MiB / 4.804GiB ; elasticsearch=4.09%/1.512GiB / 4.804
[12:49:01] host CPU 13.1% RAM 68.6% | GPU 532MB/30% | kafka=0.62%/535.3MiB / 4.804GiB ; elasticsearch=2.72%/1.511GiB / 4.804
[12:49:05] host CPU 20.4% RAM 68.8% | GPU 528MB/29% | kafka=0.71%/535.3MiB / 4.804GiB ; elasticsearch=2.72%/1.512GiB / 4.804
[12:49:09] host CPU 14.3% RAM 68.5% | GPU 530MB/30% | kafka=2.04%/535.4MiB / 4.804GiB ; elasticsearch=3.19%/1.512GiB / 4.804
[12:49:14] host CPU 11.0% RAM 68.6% | GPU 530MB/31% | kafka=57.84%/536.2MiB / 4.804GiB ; elasticsearch=2.39%/1.512GiB / 4.80
[12:49:18] host CPU 19.9% RAM 68.6% | GPU 535MB/31% | kafka=0.86%/536.2MiB / 4.804GiB ; elasticsearch=2.50%/1.512GiB / 4.804
[12:49:23] host CPU 13.2% RAM 68.6% | GPU 536MB/28% | kafka=0.65%/536.2MiB / 4.804GiB ; elasticsearch=2.53%/1.512GiB / 4.804
[12:49:26] host CPU 38.0% RAM 69.8% | GPU 541MB/8% | kafka=0.64%/536.3MiB / 4.804GiB ; elasticsearch=2.91%/1.512GiB / 4.804
[12:49:31] host CPU 11.7% RAM 69.8% | GPU 539MB/31% | kafka=0.60%/536.3MiB / 4.804GiB ; elasticsearch=2.56%/1.512GiB / 4.804
[12:49:35] host CPU 13.5% RAM 69.5% | GPU 533MB/29% | kafka=176.22%/608.1MiB / 4.804GiB ; elasticsearch=2.37%/1.512GiB / 4.8
[12:49:39] host CPU 19.9% RAM 69.8% | GPU 540MB/33% | kafka=1.14%/536.3MiB / 4.804GiB ; elasticsearch=2.58%/1.512GiB / 4.804
[12:49:44] host CPU 10.1% RAM 69.8% | GPU 536MB/28% | kafka=1.08%/536.3MiB / 4.804GiB ; elasticsearch=4.25%/1.512GiB / 4.804
[12:49:48] host CPU 19.8% RAM 69.8% | GPU 538MB/32% | kafka=1.03%/536.3MiB / 4.804GiB ; elasticsearch=2.41%/1.512GiB / 4.804
[12:49:53] host CPU 12.5% RAM 69.8% | GPU 540MB/28% | kafka=0.69%/536.3MiB / 4.804GiB ; elasticsearch=2.64%/1.512GiB / 4.804
[12:49:56] host CPU 19.7% RAM 69.8% | GPU 537MB/29% | kafka=165.76%/611.5MiB / 4.804GiB ; elasticsearch=28.42%/1.512GiB / 4.
[12:50:01] host CPU 20.3% RAM 69.8% | GPU 536MB/28% | kafka=0.64%/536.3MiB / 4.804GiB ; elasticsearch=6.65%/1.512GiB / 4.804
[12:50:05] host CPU 13.2% RAM 69.6% | GPU 534MB/31% | kafka=0.63%/536.3MiB / 4.804GiB ; elasticsearch=2.69%/1.512GiB / 4.804
[12:50:09] host CPU 19.9% RAM 69.7% | GPU 540MB/28% | kafka=0.93%/536.3MiB / 4.804GiB ; elasticsearch=2.61%/1.512GiB / 4.804
[12:50:14] host CPU 12.0% RAM 69.7% | GPU 538MB/28% | kafka=0.85%/536.3MiB / 4.804GiB ; elasticsearch=2.34%/1.512GiB / 4.804
[12:50:18] host CPU 16.1% RAM 70.0% | GPU 538MB/30% | kafka=139.62%/616.5MiB / 4.804GiB ; elasticsearch=2.41%/1.512GiB / 4.8
[12:50:23] host CPU 24.6% RAM 70.2% | GPU 540MB/30% | kafka=0.63%/536.3MiB / 4.804GiB ; elasticsearch=2.36%/1.512GiB / 4.804
[12:50:26] host CPU 24.0% RAM 70.2% | GPU 537MB/29% | kafka=0.71%/536.3MiB / 4.804GiB ; elasticsearch=2.64%/1.512GiB / 4.804
[12:50:31] host CPU 20.7% RAM 70.2% | GPU 538MB/29% | kafka=1.63%/536.2MiB / 4.804GiB ; elasticsearch=3.36%/1.512GiB / 4.804
[12:50:35] host CPU 11.9% RAM 69.8% | GPU 534MB/32% | kafka=0.93%/536MiB / 4.804GiB ; elasticsearch=2.61%/1.512GiB / 4.804Gi
[12:50:39] host CPU 13.0% RAM 69.6% | GPU 537MB/28% | kafka=170.12%/603.4MiB / 4.804GiB ; elasticsearch=2.08%/1.512GiB / 4.8
[12:50:44] host CPU 17.2% RAM 70.0% | GPU 537MB/28% | kafka=0.86%/536MiB / 4.804GiB ; elasticsearch=2.65%/1.512GiB / 4.804Gi
[12:50:48] host CPU 14.0% RAM 70.0% | GPU 534MB/33% | kafka=0.98%/536MiB / 4.804GiB ; elasticsearch=3.03%/1.513GiB / 4.804Gi
[12:50:53] host CPU 18.8% RAM 70.1% | GPU 541MB/33% | kafka=0.88%/536MiB / 4.804GiB ; elasticsearch=14.38%/1.512GiB / 4.804G
[12:50:56] host CPU 16.8% RAM 70.0% | GPU 539MB/30% | kafka=0.62%/536MiB / 4.804GiB ; elasticsearch=3.00%/1.512GiB / 4.804Gi
[12:51:01] host CPU 15.7% RAM 70.1% | GPU 538MB/31% | kafka=182.60%/617.6MiB / 4.804GiB ; elasticsearch=2.90%/1.512GiB / 4.8
[12:51:05] host CPU 19.8% RAM 70.4% | GPU 533MB/31% | kafka=0.69%/536.1MiB / 4.804GiB ; elasticsearch=2.86%/1.512GiB / 4.804
[12:51:09] host CPU 12.9% RAM 70.1% | GPU 536MB/31% | kafka=0.95%/536.2MiB / 4.804GiB ; elasticsearch=2.54%/1.512GiB / 4.804
[12:51:14] host CPU 16.6% RAM 70.2% | GPU 536MB/29% | kafka=0.75%/536.2MiB / 4.804GiB ; elasticsearch=2.95%/1.512GiB / 4.804
[12:51:18] host CPU 14.7% RAM 70.2% | GPU 540MB/30% | kafka=1.02%/537MiB / 4.804GiB ; elasticsearch=3.68%/1.512GiB / 4.804Gi
[12:51:23] host CPU 10.8% RAM 70.2% | GPU 538MB/28% | kafka=153.75%/610.7MiB / 4.804GiB ; elasticsearch=2.17%/1.512GiB / 4.8
[12:51:26] host CPU 25.4% RAM 70.3% | GPU 535MB/32% | kafka=0.56%/537MiB / 4.804GiB ; elasticsearch=3.06%/1.512GiB / 4.804Gi
[12:51:31] host CPU 12.8% RAM 70.4% | GPU 537MB/33% | kafka=0.85%/537MiB / 4.804GiB ; elasticsearch=2.71%/1.512GiB / 4.804Gi
[12:51:35] host CPU 20.0% RAM 70.4% | GPU 536MB/33% | kafka=1.04%/537MiB / 4.804GiB ; elasticsearch=3.08%/1.512GiB / 4.804Gi
[12:51:39] host CPU 13.6% RAM 70.3% | GPU 538MB/30% | kafka=0.83%/537.3MiB / 4.804GiB ; elasticsearch=3.00%/1.512GiB / 4.804
[12:51:44] host CPU 10.9% RAM 70.3% | GPU 540MB/29% | kafka=142.54%/593.6MiB / 4.804GiB ; elasticsearch=4.40%/1.512GiB / 4.8
[12:51:48] host CPU 22.0% RAM 70.4% | GPU 537MB/31% | kafka=0.62%/536.4MiB / 4.804GiB ; elasticsearch=2.53%/1.512GiB / 4.804
[12:51:53] host CPU 10.5% RAM 70.4% | GPU 537MB/30% | kafka=0.91%/536.4MiB / 4.804GiB ; elasticsearch=6.73%/1.512GiB / 4.804
[12:51:57] host CPU 21.9% RAM 70.4% | GPU 536MB/32% | kafka=0.54%/536.4MiB / 4.804GiB ; elasticsearch=2.70%/1.512GiB / 4.804
[12:52:01] host CPU 15.8% RAM 70.4% | GPU 537MB/32% | kafka=1.29%/536.6MiB / 4.804GiB ; elasticsearch=2.52%/1.513GiB / 4.804
[12:52:05] host CPU 13.5% RAM 70.3% | GPU 536MB/31% | kafka=28.67%/559.2MiB / 4.804GiB ; elasticsearch=2.35%/1.512GiB / 4.80
[12:52:09] host CPU 21.7% RAM 70.3% | GPU 541MB/27% | kafka=0.78%/536.4MiB / 4.804GiB ; elasticsearch=2.56%/1.512GiB / 4.804
[12:52:14] host CPU 11.7% RAM 70.3% | GPU 540MB/31% | kafka=1.10%/536.4MiB / 4.804GiB ; elasticsearch=3.05%/1.512GiB / 4.804
[12:52:18] host CPU 34.6% RAM 71.3% | GPU 540MB/31% | kafka=24.96%/536.4MiB / 4.804GiB ; elasticsearch=2.48%/1.512GiB / 4.80
[12:52:23] host CPU 12.0% RAM 71.3% | GPU 538MB/32% | kafka=0.83%/536.4MiB / 4.804GiB ; elasticsearch=2.60%/1.512GiB / 4.804
[12:52:27] host CPU 14.3% RAM 71.1% | GPU 536MB/32% | kafka=60.60%/570.8MiB / 4.804GiB ; elasticsearch=2.65%/1.512GiB / 4.80
[12:52:31] host CPU 19.8% RAM 71.2% | GPU 538MB/29% | kafka=0.67%/536.4MiB / 4.804GiB ; elasticsearch=4.74%/1.512GiB / 4.804
[12:52:35] host CPU 13.5% RAM 71.0% | GPU 538MB/28% | kafka=0.88%/536.5MiB / 4.804GiB ; elasticsearch=4.59%/1.512GiB / 4.804
[12:52:39] host CPU 18.2% RAM 70.8% | GPU 540MB/31% | kafka=88.55%/536.5MiB / 4.804GiB ; elasticsearch=2.51%/1.512GiB / 4.80
[12:52:44] host CPU 15.6% RAM 71.0% | GPU 539MB/30% | kafka=0.88%/536.5MiB / 4.804GiB ; elasticsearch=3.10%/1.513GiB / 4.804
[12:52:48] host CPU 13.9% RAM 70.9% | GPU 535MB/33% | kafka=0.56%/536.5MiB / 4.804GiB ; elasticsearch=2.99%/1.513GiB / 4.804
[12:52:53] host CPU 16.5% RAM 70.9% | GPU 536MB/27% | kafka=0.81%/536.5MiB / 4.804GiB ; elasticsearch=3.60%/1.512GiB / 4.804
[12:52:57] host CPU 16.5% RAM 70.9% | GPU 538MB/32% | kafka=0.69%/536.7MiB / 4.804GiB ; elasticsearch=2.58%/1.512GiB / 4.804
