Sampling every 2s for 5000s -> F:\hate-speech-pipeline\reports\scaling\20260923-224245_p1_c1_r1\resource_WIX.csv
Run your load (throughput_bench.py / a live stream) now in another terminal.

[22:42:52] host CPU 12.5% RAM 90.7% | GPU 168MB/2% | kafka=0.69%/475MiB / 4.804GiB ; elasticsearch=0.58%/1.494GiB / 4.804Gi
[22:42:56] host CPU 24.1% RAM 93.9% | GPU 172MB/2% | kafka=0.75%/474.7MiB / 4.804GiB ; elasticsearch=0.65%/1.494GiB / 4.804
[22:43:01] host CPU 21.1% RAM 95.0% | GPU 162MB/2% | kafka=1.41%/475MiB / 4.804GiB ; elasticsearch=0.74%/1.494GiB / 4.804Gi
[22:43:05] host CPU 6.3% RAM 96.3% | GPU 164MB/1% | kafka=73.56%/475.1MiB / 4.804GiB ; elasticsearch=8.33%/1.495GiB / 4.80
[22:43:10] host CPU 22.0% RAM 96.4% | GPU 161MB/1% | kafka=0.87%/475.1MiB / 4.804GiB ; elasticsearch=8.26%/1.496GiB / 4.804
[22:43:14] host CPU 10.9% RAM 96.4% | GPU 159MB/3% | kafka=1.02%/475.1MiB / 4.804GiB ; elasticsearch=38.45%/1.502GiB / 4.80
[22:43:19] host CPU 21.8% RAM 96.8% | GPU 160MB/5% | kafka=0.89%/475.1MiB / 4.804GiB ; elasticsearch=13.09%/1.495GiB / 4.80
[22:43:23] host CPU 12.1% RAM 96.4% | GPU 159MB/5% | kafka=0.88%/475.1MiB / 4.804GiB ; elasticsearch=8.27%/1.496GiB / 4.804
[22:43:27] host CPU 19.1% RAM 96.5% | GPU 162MB/5% | kafka=93.89%/475.1MiB / 4.804GiB ; elasticsearch=14.21%/1.496GiB / 4.8
[22:43:31] host CPU 18.5% RAM 96.4% | GPU 162MB/1% | kafka=0.89%/475.1MiB / 4.804GiB ; elasticsearch=4.79%/1.496GiB / 4.804
[22:43:35] host CPU 13.4% RAM 96.9% | GPU 151MB/2% | kafka=1.19%/475.1MiB / 4.804GiB ; elasticsearch=5.13%/1.497GiB / 4.804
[22:43:40] host CPU 19.5% RAM 97.1% | GPU 162MB/1% | kafka=0.81%/475.1MiB / 4.804GiB ; elasticsearch=8.23%/1.497GiB / 4.804
[22:43:44] host CPU 10.9% RAM 96.8% | GPU 151MB/3% | kafka=0.66%/475.1MiB / 4.804GiB ; elasticsearch=4.62%/1.497GiB / 4.804
[22:43:49] host CPU 13.4% RAM 96.9% | GPU 162MB/6% | kafka=144.10%/531.6MiB / 4.804GiB ; elasticsearch=7.24%/1.498GiB / 4.8
[22:43:53] host CPU 20.6% RAM 97.1% | GPU 152MB/5% | kafka=0.79%/476.2MiB / 4.804GiB ; elasticsearch=5.92%/1.498GiB / 4.804
[22:43:57] host CPU 16.5% RAM 96.8% | GPU 155MB/6% | kafka=0.67%/475.9MiB / 4.804GiB ; elasticsearch=6.10%/1.498GiB / 4.804
[22:44:01] host CPU 21.9% RAM 97.0% | GPU 155MB/2% | kafka=0.73%/475.7MiB / 4.804GiB ; elasticsearch=9.35%/1.513GiB / 4.804
[22:44:05] host CPU 14.1% RAM 97.0% | GPU 151MB/2% | kafka=0.96%/475.7MiB / 4.804GiB ; elasticsearch=5.56%/1.513GiB / 4.804
[22:44:10] host CPU 13.2% RAM 96.9% | GPU 162MB/2% | kafka=176.21%/544.1MiB / 4.804GiB ; elasticsearch=3.32%/1.498GiB / 4.8
[22:44:14] host CPU 16.5% RAM 97.1% | GPU 154MB/2% | kafka=0.76%/476.7MiB / 4.804GiB ; elasticsearch=8.36%/1.498GiB / 4.804
[22:44:19] host CPU 13.3% RAM 96.9% | GPU 161MB/5% | kafka=0.75%/476.7MiB / 4.804GiB ; elasticsearch=4.30%/1.498GiB / 4.804
[22:44:23] host CPU 17.4% RAM 97.0% | GPU 150MB/6% | kafka=0.88%/476.7MiB / 4.804GiB ; elasticsearch=7.83%/1.498GiB / 4.804
[22:44:27] host CPU 13.6% RAM 96.8% | GPU 154MB/6% | kafka=0.80%/476.7MiB / 4.804GiB ; elasticsearch=3.40%/1.498GiB / 4.804
[22:44:31] host CPU 18.8% RAM 97.1% | GPU 154MB/2% | kafka=168.61%/550.9MiB / 4.804GiB ; elasticsearch=3.71%/1.498GiB / 4.8
[22:44:35] host CPU 18.3% RAM 97.5% | GPU 149MB/2% | kafka=1.17%/476.9MiB / 4.804GiB ; elasticsearch=5.18%/1.498GiB / 4.804
[22:44:40] host CPU 12.0% RAM 97.2% | GPU 157MB/2% | kafka=0.73%/476.7MiB / 4.804GiB ; elasticsearch=6.78%/1.498GiB / 4.804
[22:44:44] host CPU 18.2% RAM 97.4% | GPU 148MB/1% | kafka=0.91%/476.7MiB / 4.804GiB ; elasticsearch=3.60%/1.498GiB / 4.804
[22:44:49] host CPU 13.1% RAM 97.4% | GPU 160MB/4% | kafka=1.73%/476.7MiB / 4.804GiB ; elasticsearch=4.42%/1.499GiB / 4.804
[22:44:53] host CPU 15.4% RAM 97.2% | GPU 150MB/7% | kafka=96.89%/517.1MiB / 4.804GiB ; elasticsearch=33.72%/1.504GiB / 4.8
[22:44:57] host CPU 20.7% RAM 97.4% | GPU 153MB/7% | kafka=0.67%/477.2MiB / 4.804GiB ; elasticsearch=3.86%/1.504GiB / 4.804
[22:45:01] host CPU 10.5% RAM 97.3% | GPU 153MB/2% | kafka=0.77%/477.2MiB / 4.804GiB ; elasticsearch=10.22%/1.505GiB / 4.80
[22:45:05] host CPU 20.1% RAM 97.7% | GPU 148MB/2% | kafka=1.05%/476.9MiB / 4.804GiB ; elasticsearch=4.52%/1.504GiB / 4.804
[22:45:10] host CPU 14.4% RAM 97.4% | GPU 157MB/2% | kafka=0.90%/476.9MiB / 4.804GiB ; elasticsearch=3.22%/1.509GiB / 4.804
[22:45:14] host CPU 11.8% RAM 97.3% | GPU 149MB/5% | kafka=0.91%/477.1MiB / 4.804GiB ; elasticsearch=5.43%/1.503GiB / 4.804
[22:45:19] host CPU 23.2% RAM 97.5% | GPU 159MB/8% | kafka=1.00%/477.4MiB / 4.804GiB ; elasticsearch=13.79%/1.509GiB / 4.80
[22:45:23] host CPU 11.2% RAM 97.4% | GPU 149MB/3% | kafka=1.19%/477.6MiB / 4.804GiB ; elasticsearch=3.74%/1.509GiB / 4.804
[22:45:27] host CPU 19.7% RAM 97.4% | GPU 154MB/3% | kafka=0.89%/477.4MiB / 4.804GiB ; elasticsearch=3.65%/1.509GiB / 4.804
[22:45:31] host CPU 13.5% RAM 97.4% | GPU 154MB/2% | kafka=0.97%/477.4MiB / 4.804GiB ; elasticsearch=4.45%/1.509GiB / 4.804
[22:45:35] host CPU 18.6% RAM 97.5% | GPU 149MB/1% | kafka=6.90%/486.9MiB / 4.804GiB ; elasticsearch=3.40%/1.509GiB / 4.804
[22:45:40] host CPU 21.3% RAM 97.6% | GPU 157MB/2% | kafka=0.90%/477.4MiB / 4.804GiB ; elasticsearch=3.15%/1.509GiB / 4.804
[22:45:44] host CPU 11.9% RAM 97.1% | GPU 149MB/5% | kafka=1.29%/477.4MiB / 4.804GiB ; elasticsearch=6.76%/1.508GiB / 4.804
[22:45:49] host CPU 19.2% RAM 97.4% | GPU 163MB/8% | kafka=82.91%/477.4MiB / 4.804GiB ; elasticsearch=52.53%/1.509GiB / 4.8
[22:45:53] host CPU 16.8% RAM 97.0% | GPU 153MB/2% | kafka=0.63%/477.4MiB / 4.804GiB ; elasticsearch=9.77%/1.509GiB / 4.804
[22:45:57] host CPU 14.2% RAM 97.1% | GPU 161MB/2% | kafka=2.45%/479.4MiB / 4.804GiB ; elasticsearch=5.82%/1.508GiB / 4.804
[22:46:02] host CPU 21.3% RAM 97.5% | GPU 161MB/2% | kafka=0.63%/477.6MiB / 4.804GiB ; elasticsearch=3.89%/1.509GiB / 4.804
[22:46:05] host CPU 13.2% RAM 97.3% | GPU 151MB/2% | kafka=0.90%/477.6MiB / 4.804GiB ; elasticsearch=5.05%/1.508GiB / 4.804
[22:46:10] host CPU 12.7% RAM 97.1% | GPU 159MB/1% | kafka=25.05%/477.6MiB / 4.804GiB ; elasticsearch=4.28%/1.509GiB / 4.80
[22:46:14] host CPU 16.6% RAM 97.1% | GPU 149MB/6% | kafka=0.89%/477.6MiB / 4.804GiB ; elasticsearch=3.70%/1.508GiB / 4.804
[22:46:19] host CPU 12.6% RAM 97.2% | GPU 153MB/8% | kafka=0.91%/477.6MiB / 4.804GiB ; elasticsearch=9.01%/1.509GiB / 4.804
[22:46:23] host CPU 17.2% RAM 97.4% | GPU 154MB/2% | kafka=0.76%/477.7MiB / 4.804GiB ; elasticsearch=3.13%/1.509GiB / 4.804
[22:46:27] host CPU 13.3% RAM 97.1% | GPU 152MB/2% | kafka=0.89%/477.7MiB / 4.804GiB ; elasticsearch=21.15%/1.509GiB / 4.80
[22:46:32] host CPU 12.6% RAM 97.1% | GPU 156MB/2% | kafka=21.47%/477.7MiB / 4.804GiB ; elasticsearch=5.62%/1.509GiB / 4.80
[22:46:35] host CPU 19.9% RAM 97.2% | GPU 152MB/2% | kafka=1.00%/477.7MiB / 4.804GiB ; elasticsearch=9.97%/1.516GiB / 4.804
[22:46:40] host CPU 13.1% RAM 97.0% | GPU 160MB/2% | kafka=0.94%/477.7MiB / 4.804GiB ; elasticsearch=6.02%/1.509GiB / 4.804
[22:46:44] host CPU 24.1% RAM 97.7% | GPU 156MB/5% | kafka=0.96%/477.7MiB / 4.804GiB ; elasticsearch=38.61%/1.51GiB / 4.804
[22:46:49] host CPU 15.6% RAM 96.8% | GPU 157MB/8% | kafka=0.79%/477.7MiB / 4.804GiB ; elasticsearch=8.59%/1.51GiB / 4.804G
[22:46:53] host CPU 10.3% RAM 96.8% | GPU 155MB/3% | kafka=59.65%/477.7MiB / 4.804GiB ; elasticsearch=13.30%/1.51GiB / 4.80
[22:46:57] host CPU 26.1% RAM 96.8% | GPU 165MB/3% | kafka=0.77%/477.7MiB / 4.804GiB ; elasticsearch=18.86%/1.512GiB / 4.80
[22:47:02] host CPU 11.1% RAM 96.8% | GPU 156MB/2% | kafka=0.75%/477.7MiB / 4.804GiB ; elasticsearch=3.92%/1.512GiB / 4.804
[22:47:05] host CPU 18.8% RAM 97.2% | GPU 154MB/2% | kafka=0.87%/477.8MiB / 4.804GiB ; elasticsearch=4.17%/1.512GiB / 4.804
[22:47:10] host CPU 14.9% RAM 96.8% | GPU 162MB/2% | kafka=1.08%/477.8MiB / 4.804GiB ; elasticsearch=3.28%/1.512GiB / 4.804
[22:47:14] host CPU 11.1% RAM 96.8% | GPU 152MB/5% | kafka=170.86%/556.4MiB / 4.804GiB ; elasticsearch=4.19%/1.512GiB / 4.8
[22:47:19] host CPU 19.9% RAM 97.1% | GPU 155MB/7% | kafka=0.86%/477.8MiB / 4.804GiB ; elasticsearch=3.32%/1.512GiB / 4.804
[22:47:23] host CPU 10.6% RAM 96.9% | GPU 154MB/3% | kafka=0.76%/478MiB / 4.804GiB ; elasticsearch=4.92%/1.512GiB / 4.804Gi
[22:47:27] host CPU 20.1% RAM 97.0% | GPU 160MB/3% | kafka=0.87%/477.8MiB / 4.804GiB ; elasticsearch=4.52%/1.512GiB / 4.804
[22:47:32] host CPU 10.0% RAM 96.8% | GPU 154MB/1% | kafka=0.99%/477.8MiB / 4.804GiB ; elasticsearch=3.94%/1.512GiB / 4.804
[22:47:35] host CPU 13.5% RAM 97.0% | GPU 152MB/1% | kafka=101.78%/522.2MiB / 4.804GiB ; elasticsearch=5.68%/1.512GiB / 4.8
[22:47:40] host CPU 19.7% RAM 97.0% | GPU 153MB/2% | kafka=0.89%/477.8MiB / 4.804GiB ; elasticsearch=46.91%/1.517GiB / 4.80
[22:47:44] host CPU 11.1% RAM 96.5% | GPU 157MB/5% | kafka=0.88%/478MiB / 4.804GiB ; elasticsearch=5.44%/1.511GiB / 4.804Gi
[22:47:49] host CPU 19.2% RAM 96.8% | GPU 164MB/7% | kafka=0.93%/478MiB / 4.804GiB ; elasticsearch=6.30%/1.51GiB / 4.804GiB
[22:47:53] host CPU 11.2% RAM 96.6% | GPU 159MB/3% | kafka=0.72%/478MiB / 4.804GiB ; elasticsearch=4.62%/1.511GiB / 4.804Gi
[22:47:57] host CPU 18.5% RAM 96.8% | GPU 158MB/3% | kafka=94.27%/519.4MiB / 4.804GiB ; elasticsearch=3.16%/1.51GiB / 4.804
[22:48:02] host CPU 19.2% RAM 97.2% | GPU 152MB/2% | kafka=1.04%/478MiB / 4.804GiB ; elasticsearch=9.02%/1.511GiB / 4.804Gi
[22:48:05] host CPU 11.7% RAM 97.0% | GPU 154MB/2% | kafka=0.77%/478.8MiB / 4.804GiB ; elasticsearch=2.97%/1.51GiB / 4.804G
[22:48:10] host CPU 16.0% RAM 97.0% | GPU 154MB/1% | kafka=96.11%/479MiB / 4.804GiB ; elasticsearch=2.52%/1.511GiB / 4.804G
[22:48:14] host CPU 14.4% RAM 96.8% | GPU 154MB/6% | kafka=2.31%/478.9MiB / 4.804GiB ; elasticsearch=4.61%/1.511GiB / 4.804
[22:48:19] host CPU 15.1% RAM 96.9% | GPU 154MB/8% | kafka=125.96%/530.1MiB / 4.804GiB ; elasticsearch=2.37%/1.51GiB / 4.80
[22:48:23] host CPU 17.0% RAM 97.1% | GPU 148MB/2% | kafka=3.32%/479MiB / 4.804GiB ; elasticsearch=3.26%/1.51GiB / 4.804GiB
[22:48:27] host CPU 12.4% RAM 96.8% | GPU 163MB/2% | kafka=1.01%/479MiB / 4.804GiB ; elasticsearch=3.47%/1.51GiB / 4.804GiB
[22:48:32] host CPU 16.8% RAM 96.7% | GPU 155MB/2% | kafka=89.01%/479MiB / 4.804GiB ; elasticsearch=4.49%/1.511GiB / 4.804G
[22:48:35] host CPU 15.5% RAM 97.0% | GPU 151MB/2% | kafka=0.89%/479MiB / 4.804GiB ; elasticsearch=14.15%/1.511GiB / 4.804G
[22:48:40] host CPU 14.6% RAM 96.9% | GPU 160MB/5% | kafka=0.90%/479MiB / 4.804GiB ; elasticsearch=2.73%/1.511GiB / 4.804Gi
[22:48:44] host CPU 16.7% RAM 97.2% | GPU 154MB/2% | kafka=0.76%/479MiB / 4.804GiB ; elasticsearch=3.94%/1.511GiB / 4.804Gi
[22:48:49] host CPU 13.9% RAM 96.9% | GPU 156MB/4% | kafka=0.93%/479MiB / 4.804GiB ; elasticsearch=3.31%/1.511GiB / 4.804Gi
[22:48:53] host CPU 15.5% RAM 97.0% | GPU 148MB/3% | kafka=0.76%/479MiB / 4.804GiB ; elasticsearch=4.02%/1.511GiB / 4.804Gi
[22:48:57] host CPU 18.3% RAM 96.9% | GPU 161MB/3% | kafka=1.77%/479MiB / 4.804GiB ; elasticsearch=2.90%/1.511GiB / 4.804Gi
[22:49:02] host CPU 14.6% RAM 97.3% | GPU 155MB/2% | kafka=25.25%/498.6MiB / 4.804GiB ; elasticsearch=2.92%/1.51GiB / 4.804
[22:49:06] host CPU 19.6% RAM 97.4% | GPU 154MB/1% | kafka=0.79%/477.8MiB / 4.804GiB ; elasticsearch=3.29%/1.51GiB / 4.804G
[22:49:10] host CPU 12.0% RAM 97.4% | GPU 156MB/6% | kafka=0.79%/477.8MiB / 4.804GiB ; elasticsearch=2.57%/1.51GiB / 4.804G
[22:49:15] host CPU 8.9% RAM 97.3% | GPU 152MB/1% | kafka=172.55%/540.8MiB / 4.804GiB ; elasticsearch=3.23%/1.51GiB / 4.80
[22:49:19] host CPU 20.1% RAM 97.4% | GPU 148MB/3% | kafka=0.76%/477.8MiB / 4.804GiB ; elasticsearch=6.39%/1.51GiB / 4.804G
[22:49:23] host CPU 13.6% RAM 97.7% | GPU 149MB/3% | kafka=0.86%/478.1MiB / 4.804GiB ; elasticsearch=3.03%/1.51GiB / 4.804G
[22:49:27] host CPU 20.4% RAM 97.3% | GPU 160MB/5% | kafka=1.32%/477.8MiB / 4.804GiB ; elasticsearch=4.85%/1.51GiB / 4.804G
[22:49:32] host CPU 10.9% RAM 97.3% | GPU 152MB/1% | kafka=1.61%/478.1MiB / 4.804GiB ; elasticsearch=3.19%/1.51GiB / 4.804G
[22:49:36] host CPU 12.2% RAM 97.5% | GPU 154MB/1% | kafka=166.02%/552.7MiB / 4.804GiB ; elasticsearch=2.63%/1.51GiB / 4.80
[22:49:40] host CPU 22.4% RAM 97.4% | GPU 154MB/7% | kafka=0.95%/477.9MiB / 4.804GiB ; elasticsearch=3.96%/1.511GiB / 4.804
[22:49:45] host CPU 10.5% RAM 97.4% | GPU 154MB/1% | kafka=0.68%/477.9MiB / 4.804GiB ; elasticsearch=3.09%/1.51GiB / 4.804G
[22:49:49] host CPU 21.1% RAM 97.7% | GPU 152MB/3% | kafka=0.80%/477.9MiB / 4.804GiB ; elasticsearch=3.79%/1.511GiB / 4.804
[22:49:54] host CPU 10.0% RAM 97.4% | GPU 150MB/2% | kafka=0.82%/477.9MiB / 4.804GiB ; elasticsearch=3.79%/1.511GiB / 4.804
[22:49:57] host CPU 13.3% RAM 97.4% | GPU 161MB/4% | kafka=188.13%/546.7MiB / 4.804GiB ; elasticsearch=15.14%/1.51GiB / 4.8
[22:50:02] host CPU 23.1% RAM 97.5% | GPU 152MB/2% | kafka=0.82%/477.9MiB / 4.804GiB ; elasticsearch=4.70%/1.51GiB / 4.804G
[22:50:06] host CPU 13.1% RAM 97.6% | GPU 152MB/2% | kafka=0.76%/477.9MiB / 4.804GiB ; elasticsearch=3.19%/1.511GiB / 4.804
[22:50:10] host CPU 17.8% RAM 97.7% | GPU 156MB/5% | kafka=16.00%/477.9MiB / 4.804GiB ; elasticsearch=2.88%/1.51GiB / 4.804
[22:50:15] host CPU 11.6% RAM 97.3% | GPU 151MB/2% | kafka=0.88%/478.1MiB / 4.804GiB ; elasticsearch=3.65%/1.511GiB / 4.804
[22:50:19] host CPU 14.6% RAM 97.4% | GPU 150MB/3% | kafka=163.79%/553.9MiB / 4.804GiB ; elasticsearch=3.37%/1.511GiB / 4.8
[22:50:24] host CPU 16.5% RAM 97.3% | GPU 146MB/3% | kafka=0.84%/478.1MiB / 4.804GiB ; elasticsearch=9.72%/1.511GiB / 4.804
[22:50:27] host CPU 14.6% RAM 97.3% | GPU 161MB/4% | kafka=0.81%/478.1MiB / 4.804GiB ; elasticsearch=2.77%/1.511GiB / 4.804
[22:50:32] host CPU 17.2% RAM 97.6% | GPU 155MB/2% | kafka=2.08%/477.9MiB / 4.804GiB ; elasticsearch=11.18%/1.511GiB / 4.80
[22:50:36] host CPU 13.3% RAM 97.6% | GPU 152MB/2% | kafka=0.92%/478.7MiB / 4.804GiB ; elasticsearch=8.62%/1.511GiB / 4.804
[22:50:40] host CPU 14.5% RAM 97.4% | GPU 152MB/5% | kafka=117.26%/526.1MiB / 4.804GiB ; elasticsearch=2.95%/1.512GiB / 4.8
[22:50:45] host CPU 16.7% RAM 97.4% | GPU 148MB/2% | kafka=0.94%/478.8MiB / 4.804GiB ; elasticsearch=2.91%/1.511GiB / 4.804
[22:50:49] host CPU 14.4% RAM 97.5% | GPU 150MB/3% | kafka=1.09%/478.8MiB / 4.804GiB ; elasticsearch=2.83%/1.512GiB / 4.804
[22:50:54] host CPU 17.7% RAM 97.7% | GPU 152MB/3% | kafka=0.83%/478.8MiB / 4.804GiB ; elasticsearch=2.92%/1.512GiB / 4.804
[22:50:57] host CPU 13.1% RAM 97.2% | GPU 160MB/5% | kafka=0.76%/478.8MiB / 4.804GiB ; elasticsearch=2.59%/1.511GiB / 4.804
[22:51:02] host CPU 14.7% RAM 97.3% | GPU 152MB/1% | kafka=110.08%/524.2MiB / 4.804GiB ; elasticsearch=3.23%/1.511GiB / 4.8
[22:51:06] host CPU 19.0% RAM 97.8% | GPU 152MB/1% | kafka=0.74%/478.8MiB / 4.804GiB ; elasticsearch=2.61%/1.511GiB / 4.804
[22:51:10] host CPU 12.3% RAM 97.4% | GPU 154MB/7% | kafka=0.76%/478.8MiB / 4.804GiB ; elasticsearch=2.79%/1.511GiB / 4.804
[22:51:15] host CPU 14.3% RAM 97.5% | GPU 149MB/1% | kafka=0.77%/478.8MiB / 4.804GiB ; elasticsearch=2.06%/1.511GiB / 4.804
[22:51:19] host CPU 15.3% RAM 97.4% | GPU 152MB/2% | kafka=0.85%/478.8MiB / 4.804GiB ; elasticsearch=4.19%/1.511GiB / 4.804
[22:51:24] host CPU 12.8% RAM 97.3% | GPU 147MB/3% | kafka=148.66%/540.6MiB / 4.804GiB ; elasticsearch=8.76%/1.516GiB / 4.8
[22:51:27] host CPU 21.2% RAM 97.7% | GPU 163MB/2% | kafka=0.85%/478.8MiB / 4.804GiB ; elasticsearch=4.52%/1.517GiB / 4.804
[22:51:32] host CPU 9.2% RAM 97.2% | GPU 156MB/5% | kafka=0.94%/478.8MiB / 4.804GiB ; elasticsearch=3.17%/1.517GiB / 4.804
[22:51:36] host CPU 17.3% RAM 97.5% | GPU 151MB/5% | kafka=56.49%/478.8MiB / 4.804GiB ; elasticsearch=2.51%/1.517GiB / 4.80
[22:51:40] host CPU 17.6% RAM 97.5% | GPU 150MB/2% | kafka=0.89%/478.8MiB / 4.804GiB ; elasticsearch=2.61%/1.517GiB / 4.804
[22:51:45] host CPU 11.2% RAM 97.5% | GPU 146MB/2% | kafka=0.73%/478.8MiB / 4.804GiB ; elasticsearch=2.58%/1.517GiB / 4.804
[22:51:49] host CPU 22.0% RAM 97.8% | GPU 152MB/4% | kafka=0.88%/478.8MiB / 4.804GiB ; elasticsearch=12.79%/1.517GiB / 4.80
[22:51:54] host CPU 10.9% RAM 97.3% | GPU 146MB/2% | kafka=0.64%/478.8MiB / 4.804GiB ; elasticsearch=6.61%/1.517GiB / 4.804
[22:51:57] host CPU 17.4% RAM 97.3% | GPU 160MB/1% | kafka=66.85%/478.9MiB / 4.804GiB ; elasticsearch=2.76%/1.517GiB / 4.80
[22:52:02] host CPU 20.6% RAM 97.3% | GPU 154MB/6% | kafka=0.94%/478.9MiB / 4.804GiB ; elasticsearch=2.78%/1.525GiB / 4.804
[22:52:06] host CPU 12.7% RAM 97.5% | GPU 152MB/6% | kafka=0.84%/478.9MiB / 4.804GiB ; elasticsearch=2.79%/1.518GiB / 4.804
[22:52:10] host CPU 19.5% RAM 97.5% | GPU 148MB/3% | kafka=0.84%/478.9MiB / 4.804GiB ; elasticsearch=19.17%/1.518GiB / 4.80
[22:52:15] host CPU 10.7% RAM 97.2% | GPU 148MB/2% | kafka=0.76%/478.9MiB / 4.804GiB ; elasticsearch=2.85%/1.518GiB / 4.804
[22:52:19] host CPU 14.3% RAM 97.2% | GPU 148MB/5% | kafka=177.52%/546.5MiB / 4.804GiB ; elasticsearch=2.46%/1.518GiB / 4.8
[22:52:24] host CPU 17.7% RAM 97.3% | GPU 148MB/3% | kafka=0.77%/478.9MiB / 4.804GiB ; elasticsearch=4.83%/1.518GiB / 4.804
[22:52:27] host CPU 13.7% RAM 97.2% | GPU 162MB/1% | kafka=1.09%/478.9MiB / 4.804GiB ; elasticsearch=2.95%/1.518GiB / 4.804
[22:52:32] host CPU 17.2% RAM 97.5% | GPU 155MB/5% | kafka=0.85%/479MiB / 4.804GiB ; elasticsearch=2.53%/1.518GiB / 4.804Gi
[22:52:36] host CPU 12.9% RAM 97.4% | GPU 152MB/5% | kafka=0.83%/479MiB / 4.804GiB ; elasticsearch=2.67%/1.518GiB / 4.804Gi
[22:52:40] host CPU 12.9% RAM 97.2% | GPU 148MB/2% | kafka=107.73%/552.9MiB / 4.804GiB ; elasticsearch=2.35%/1.518GiB / 4.8
[22:52:45] host CPU 16.1% RAM 97.4% | GPU 146MB/1% | kafka=0.91%/479.2MiB / 4.804GiB ; elasticsearch=2.55%/1.518GiB / 4.804
[22:52:49] host CPU 12.1% RAM 97.4% | GPU 152MB/6% | kafka=1.11%/479.2MiB / 4.804GiB ; elasticsearch=2.56%/1.518GiB / 4.804
[22:52:54] host CPU 20.0% RAM 97.6% | GPU 147MB/3% | kafka=0.91%/479.2MiB / 4.804GiB ; elasticsearch=3.14%/1.518GiB / 4.804
[22:52:57] host CPU 14.4% RAM 97.4% | GPU 160MB/2% | kafka=0.78%/479.5MiB / 4.804GiB ; elasticsearch=2.64%/1.518GiB / 4.804
[22:53:02] host CPU 12.9% RAM 97.3% | GPU 152MB/5% | kafka=126.00%/534.3MiB / 4.804GiB ; elasticsearch=2.26%/1.518GiB / 4.8
[22:53:06] host CPU 20.3% RAM 97.8% | GPU 152MB/5% | kafka=0.82%/480MiB / 4.804GiB ; elasticsearch=3.08%/1.518GiB / 4.804Gi
[22:53:10] host CPU 12.7% RAM 97.5% | GPU 149MB/2% | kafka=0.72%/480MiB / 4.804GiB ; elasticsearch=2.53%/1.518GiB / 4.804Gi
[22:53:15] host CPU 17.4% RAM 97.7% | GPU 146MB/2% | kafka=1.01%/480.1MiB / 4.804GiB ; elasticsearch=2.11%/1.518GiB / 4.804
[22:53:19] host CPU 13.8% RAM 97.4% | GPU 150MB/3% | kafka=0.90%/480.1MiB / 4.804GiB ; elasticsearch=2.63%/1.518GiB / 4.804
[22:53:24] host CPU 11.1% RAM 97.5% | GPU 147MB/2% | kafka=69.44%/480MiB / 4.804GiB ; elasticsearch=2.42%/1.518GiB / 4.804G
[22:53:27] host CPU 19.7% RAM 97.4% | GPU 163MB/1% | kafka=0.87%/480MiB / 4.804GiB ; elasticsearch=2.63%/1.518GiB / 4.804Gi
[22:53:32] host CPU 11.4% RAM 97.4% | GPU 156MB/6% | kafka=1.13%/480MiB / 4.804GiB ; elasticsearch=2.85%/1.518GiB / 4.804Gi
[22:53:36] host CPU 18.2% RAM 97.8% | GPU 151MB/6% | kafka=0.86%/480MiB / 4.804GiB ; elasticsearch=3.34%/1.518GiB / 4.804Gi
[22:53:40] host CPU 12.5% RAM 97.4% | GPU 150MB/2% | kafka=0.66%/480MiB / 4.804GiB ; elasticsearch=2.65%/1.518GiB / 4.804Gi
[22:53:45] host CPU 10.9% RAM 97.3% | GPU 147MB/2% | kafka=33.25%/505.4MiB / 4.804GiB ; elasticsearch=2.02%/1.518GiB / 4.80
[22:53:49] host CPU 20.0% RAM 97.5% | GPU 148MB/5% | kafka=0.96%/480.1MiB / 4.804GiB ; elasticsearch=3.03%/1.518GiB / 4.804
[22:53:54] host CPU 10.4% RAM 97.3% | GPU 147MB/3% | kafka=0.92%/480.1MiB / 4.804GiB ; elasticsearch=2.71%/1.518GiB / 4.804
[22:53:57] host CPU 20.6% RAM 97.4% | GPU 162MB/5% | kafka=0.70%/480.1MiB / 4.804GiB ; elasticsearch=2.72%/1.518GiB / 4.804
[22:54:02] host CPU 10.9% RAM 97.0% | GPU 156MB/2% | kafka=0.63%/480.1MiB / 4.804GiB ; elasticsearch=2.37%/1.518GiB / 4.804
[22:54:06] host CPU 14.4% RAM 97.3% | GPU 147MB/2% | kafka=90.74%/519.7MiB / 4.804GiB ; elasticsearch=3.99%/1.518GiB / 4.80
[22:54:10] host CPU 21.0% RAM 97.5% | GPU 152MB/1% | kafka=0.86%/480.2MiB / 4.804GiB ; elasticsearch=3.09%/1.518GiB / 4.804
[22:54:15] host CPU 10.5% RAM 97.1% | GPU 147MB/1% | kafka=0.92%/480.2MiB / 4.804GiB ; elasticsearch=5.69%/1.518GiB / 4.804
[22:54:19] host CPU 19.2% RAM 97.4% | GPU 149MB/4% | kafka=1.92%/480.3MiB / 4.804GiB ; elasticsearch=2.76%/1.519GiB / 4.804
[22:54:24] host CPU 10.6% RAM 97.1% | GPU 146MB/2% | kafka=0.88%/480.2MiB / 4.804GiB ; elasticsearch=4.09%/1.519GiB / 4.804
[22:54:28] host CPU 13.6% RAM 97.1% | GPU 160MB/6% | kafka=94.96%/521.9MiB / 4.804GiB ; elasticsearch=2.65%/1.519GiB / 4.80
[22:54:32] host CPU 22.0% RAM 97.1% | GPU 154MB/1% | kafka=0.86%/480.3MiB / 4.804GiB ; elasticsearch=2.97%/1.519GiB / 4.804
[22:54:36] host CPU 13.6% RAM 97.4% | GPU 146MB/1% | kafka=0.93%/480.3MiB / 4.804GiB ; elasticsearch=3.16%/1.519GiB / 4.804
[22:54:40] host CPU 14.2% RAM 97.3% | GPU 149MB/2% | kafka=1.87%/480.1MiB / 4.804GiB ; elasticsearch=4.17%/1.519GiB / 4.804
[22:54:45] host CPU 14.2% RAM 97.3% | GPU 147MB/2% | kafka=0.77%/480.1MiB / 4.804GiB ; elasticsearch=3.06%/1.519GiB / 4.804
[22:54:49] host CPU 11.9% RAM 97.3% | GPU 150MB/4% | kafka=0.73%/480.1MiB / 4.804GiB ; elasticsearch=2.38%/1.519GiB / 4.804
[22:54:54] host CPU 15.9% RAM 97.5% | GPU 146MB/2% | kafka=0.96%/480.1MiB / 4.804GiB ; elasticsearch=2.52%/1.519GiB / 4.804
[22:54:58] host CPU 13.4% RAM 97.2% | GPU 158MB/6% | kafka=0.73%/480.1MiB / 4.804GiB ; elasticsearch=2.46%/1.519GiB / 4.804
[22:55:02] host CPU 15.2% RAM 97.3% | GPU 152MB/2% | kafka=0.68%/480.2MiB / 4.804GiB ; elasticsearch=2.37%/1.519GiB / 4.804
[22:55:06] host CPU 20.8% RAM 97.5% | GPU 146MB/2% | kafka=0.81%/480.2MiB / 4.804GiB ; elasticsearch=2.41%/1.519GiB / 4.804
[22:55:10] host CPU 12.8% RAM 97.4% | GPU 148MB/1% | kafka=0.92%/480.3MiB / 4.804GiB ; elasticsearch=4.70%/1.519GiB / 4.804
[22:55:15] host CPU 17.4% RAM 97.5% | GPU 146MB/1% | kafka=0.93%/480.4MiB / 4.804GiB ; elasticsearch=2.53%/1.519GiB / 4.804
[22:55:19] host CPU 14.1% RAM 97.5% | GPU 148MB/4% | kafka=0.83%/480.4MiB / 4.804GiB ; elasticsearch=2.69%/1.519GiB / 4.804
[22:55:24] host CPU 13.0% RAM 97.5% | GPU 146MB/2% | kafka=0.76%/480.5MiB / 4.804GiB ; elasticsearch=2.22%/1.519GiB / 4.804
[22:55:28] host CPU 17.1% RAM 97.5% | GPU 163MB/6% | kafka=1.37%/481.2MiB / 4.804GiB ; elasticsearch=2.24%/1.519GiB / 4.804
[22:55:32] host CPU 11.6% RAM 97.3% | GPU 150MB/2% | kafka=0.99%/481.2MiB / 4.804GiB ; elasticsearch=2.54%/1.519GiB / 4.804
[22:55:36] host CPU 18.3% RAM 97.7% | GPU 147MB/2% | kafka=0.85%/481.2MiB / 4.804GiB ; elasticsearch=2.49%/1.519GiB / 4.804
[22:55:40] host CPU 13.2% RAM 97.3% | GPU 152MB/2% | kafka=1.05%/481.2MiB / 4.804GiB ; elasticsearch=24.02%/1.519GiB / 4.80
[22:55:45] host CPU 11.1% RAM 97.3% | GPU 146MB/2% | kafka=160.79%/558.9MiB / 4.804GiB ; elasticsearch=2.57%/1.519GiB / 4.8
[22:55:49] host CPU 18.8% RAM 97.1% | GPU 148MB/4% | kafka=1.10%/481.2MiB / 4.804GiB ; elasticsearch=2.40%/1.519GiB / 4.804
[22:55:54] host CPU 10.8% RAM 97.2% | GPU 146MB/1% | kafka=0.84%/481.2MiB / 4.804GiB ; elasticsearch=2.56%/1.519GiB / 4.804
[22:55:58] host CPU 21.0% RAM 97.4% | GPU 158MB/7% | kafka=0.68%/481.3MiB / 4.804GiB ; elasticsearch=4.31%/1.519GiB / 4.804
[22:56:02] host CPU 11.2% RAM 97.2% | GPU 148MB/2% | kafka=0.81%/481.3MiB / 4.804GiB ; elasticsearch=2.57%/1.519GiB / 4.804
[22:56:06] host CPU 16.5% RAM 97.4% | GPU 146MB/1% | kafka=124.80%/564.4MiB / 4.804GiB ; elasticsearch=4.83%/1.518GiB / 4.8
[22:56:10] host CPU 19.9% RAM 97.3% | GPU 150MB/2% | kafka=1.37%/480.5MiB / 4.804GiB ; elasticsearch=2.44%/1.518GiB / 4.804
[22:56:15] host CPU 10.0% RAM 97.3% | GPU 146MB/2% | kafka=0.73%/480.5MiB / 4.804GiB ; elasticsearch=2.53%/1.518GiB / 4.804
[22:56:19] host CPU 21.2% RAM 97.4% | GPU 150MB/6% | kafka=0.85%/480.5MiB / 4.804GiB ; elasticsearch=2.22%/1.519GiB / 4.804
[22:56:24] host CPU 10.8% RAM 97.4% | GPU 159MB/5% | kafka=0.70%/480.5MiB / 4.804GiB ; elasticsearch=2.55%/1.519GiB / 4.804
[22:56:28] host CPU 14.4% RAM 97.3% | GPU 158MB/3% | kafka=128.65%/556.9MiB / 4.804GiB ; elasticsearch=1.95%/1.518GiB / 4.8
[22:56:32] host CPU 18.9% RAM 97.3% | GPU 148MB/2% | kafka=0.91%/480.5MiB / 4.804GiB ; elasticsearch=2.12%/1.519GiB / 4.804
[22:56:36] host CPU 12.8% RAM 97.4% | GPU 146MB/2% | kafka=0.90%/480.5MiB / 4.804GiB ; elasticsearch=3.04%/1.518GiB / 4.804
[22:56:40] host CPU 19.0% RAM 97.4% | GPU 148MB/1% | kafka=1.10%/480.5MiB / 4.804GiB ; elasticsearch=2.42%/1.519GiB / 4.804
[22:56:45] host CPU 10.4% RAM 97.4% | GPU 146MB/1% | kafka=0.93%/480.5MiB / 4.804GiB ; elasticsearch=4.23%/1.518GiB / 4.804
[22:56:49] host CPU 13.4% RAM 97.3% | GPU 149MB/9% | kafka=66.72%/480.6MiB / 4.804GiB ; elasticsearch=2.09%/1.518GiB / 4.80
[22:56:54] host CPU 16.1% RAM 97.5% | GPU 158MB/5% | kafka=1.22%/480.6MiB / 4.804GiB ; elasticsearch=4.23%/1.519GiB / 4.804
[22:56:58] host CPU 12.3% RAM 97.3% | GPU 162MB/3% | kafka=0.74%/480.6MiB / 4.804GiB ; elasticsearch=2.42%/1.519GiB / 4.804
[22:57:02] host CPU 18.4% RAM 97.5% | GPU 152MB/2% | kafka=0.67%/480.5MiB / 4.804GiB ; elasticsearch=2.63%/1.519GiB / 4.804
[22:57:06] host CPU 14.1% RAM 97.7% | GPU 146MB/2% | kafka=0.76%/480.5MiB / 4.804GiB ; elasticsearch=2.72%/1.518GiB / 4.804
[22:57:10] host CPU 14.2% RAM 97.5% | GPU 148MB/2% | kafka=166.78%/559.8MiB / 4.804GiB ; elasticsearch=1.91%/1.519GiB / 4.8
[22:57:15] host CPU 15.9% RAM 97.5% | GPU 148MB/2% | kafka=1.89%/480.5MiB / 4.804GiB ; elasticsearch=5.57%/1.519GiB / 4.804
