Sampling every 2s for 5000s -> F:\hate-speech-pipeline\reports\scaling\20260925-125301_p1_c1_cuda_r2\resource_WIX.csv
Run your load (throughput_bench.py / a live stream) now in another terminal.

[12:53:09] host CPU 0.0% RAM 63.2% | GPU 173MB/10% | kafka=0.85%/537.7MiB / 4.804GiB ; elasticsearch=1.39%/1.512GiB / 4.804
[12:53:13] host CPU 24.3% RAM 67.2% | GPU 172MB/0% | kafka=0.50%/537.7MiB / 4.804GiB ; elasticsearch=0.34%/1.512GiB / 4.804
[12:53:18] host CPU 21.6% RAM 68.5% | GPU 177MB/1% | kafka=2.17%/538MiB / 4.804GiB ; elasticsearch=1.74%/1.513GiB / 4.804Gi
[12:53:22] host CPU 12.5% RAM 70.5% | GPU 537MB/0% | kafka=1.83%/537.8MiB / 4.804GiB ; elasticsearch=19.03%/1.513GiB / 4.80
[12:53:26] host CPU 21.9% RAM 71.4% | GPU 536MB/33% | kafka=0.71%/537.8MiB / 4.804GiB ; elasticsearch=7.56%/1.513GiB / 4.804
[12:53:31] host CPU 13.3% RAM 71.4% | GPU 536MB/30% | kafka=0.73%/537.8MiB / 4.804GiB ; elasticsearch=12.72%/1.513GiB / 4.80
[12:53:35] host CPU 18.0% RAM 71.6% | GPU 535MB/30% | kafka=0.92%/537.8MiB / 4.804GiB ; elasticsearch=5.54%/1.514GiB / 4.804
[12:53:39] host CPU 13.6% RAM 71.3% | GPU 540MB/32% | kafka=0.71%/537.8MiB / 4.804GiB ; elasticsearch=7.49%/1.514GiB / 4.804
[12:53:44] host CPU 12.6% RAM 71.3% | GPU 536MB/29% | kafka=162.85%/613.6MiB / 4.804GiB ; elasticsearch=5.62%/1.514GiB / 4.8
[12:53:48] host CPU 20.7% RAM 71.4% | GPU 536MB/29% | kafka=0.97%/537.8MiB / 4.804GiB ; elasticsearch=3.63%/1.514GiB / 4.804
[12:53:53] host CPU 12.0% RAM 71.3% | GPU 540MB/28% | kafka=56.07%/567.2MiB / 4.804GiB ; elasticsearch=2.70%/1.514GiB / 4.80
[12:53:57] host CPU 22.8% RAM 71.0% | GPU 537MB/29% | kafka=1.08%/537.8MiB / 4.804GiB ; elasticsearch=2.48%/1.514GiB / 4.804
[12:54:01] host CPU 16.7% RAM 71.0% | GPU 537MB/28% | kafka=0.59%/537.8MiB / 4.804GiB ; elasticsearch=2.55%/1.514GiB / 4.804
[12:54:05] host CPU 14.8% RAM 71.0% | GPU 535MB/29% | kafka=119.63%/611.6MiB / 4.804GiB ; elasticsearch=2.51%/1.514GiB / 4.8
[12:54:09] host CPU 20.2% RAM 71.1% | GPU 537MB/34% | kafka=0.92%/537.8MiB / 4.804GiB ; elasticsearch=3.06%/1.515GiB / 4.804
[12:54:14] host CPU 9.9% RAM 71.1% | GPU 537MB/29% | kafka=0.65%/537.8MiB / 4.804GiB ; elasticsearch=2.76%/1.514GiB / 4.804
[12:54:18] host CPU 20.1% RAM 71.2% | GPU 537MB/30% | kafka=0.70%/537.8MiB / 4.804GiB ; elasticsearch=2.81%/1.514GiB / 4.804
[12:54:23] host CPU 11.0% RAM 71.2% | GPU 537MB/31% | kafka=0.61%/537.8MiB / 4.804GiB ; elasticsearch=2.78%/1.514GiB / 4.804
[12:54:27] host CPU 15.8% RAM 71.1% | GPU 536MB/29% | kafka=123.87%/614.5MiB / 4.804GiB ; elasticsearch=2.45%/1.514GiB / 4.8
[12:54:31] host CPU 23.6% RAM 71.2% | GPU 537MB/29% | kafka=1.11%/537.8MiB / 4.804GiB ; elasticsearch=4.59%/1.514GiB / 4.804
[12:54:35] host CPU 14.0% RAM 70.9% | GPU 534MB/32% | kafka=0.92%/537.8MiB / 4.804GiB ; elasticsearch=2.58%/1.514GiB / 4.804
[12:54:39] host CPU 20.1% RAM 71.1% | GPU 536MB/33% | kafka=0.88%/537.8MiB / 4.804GiB ; elasticsearch=3.04%/1.514GiB / 4.804
[12:54:44] host CPU 13.6% RAM 71.1% | GPU 536MB/28% | kafka=0.89%/537.8MiB / 4.804GiB ; elasticsearch=2.67%/1.514GiB / 4.804
[12:54:48] host CPU 15.1% RAM 71.2% | GPU 534MB/31% | kafka=145.32%/593.9MiB / 4.804GiB ; elasticsearch=2.49%/1.514GiB / 4.8
[12:54:53] host CPU 16.9% RAM 71.2% | GPU 536MB/30% | kafka=0.85%/537.8MiB / 4.804GiB ; elasticsearch=2.61%/1.514GiB / 4.804
[12:54:57] host CPU 12.1% RAM 71.2% | GPU 538MB/29% | kafka=0.64%/537.8MiB / 4.804GiB ; elasticsearch=2.73%/1.514GiB / 4.804
[12:55:01] host CPU 20.4% RAM 71.3% | GPU 540MB/28% | kafka=0.53%/537.8MiB / 4.804GiB ; elasticsearch=2.58%/1.514GiB / 4.804
[12:55:05] host CPU 17.8% RAM 71.1% | GPU 533MB/32% | kafka=0.61%/537.8MiB / 4.804GiB ; elasticsearch=3.12%/1.514GiB / 4.804
[12:55:09] host CPU 12.8% RAM 70.9% | GPU 536MB/31% | kafka=57.45%/570.2MiB / 4.804GiB ; elasticsearch=2.19%/1.514GiB / 4.80
[12:55:14] host CPU 16.8% RAM 71.3% | GPU 536MB/30% | kafka=0.66%/538MiB / 4.804GiB ; elasticsearch=2.74%/1.515GiB / 4.804Gi
[12:55:18] host CPU 15.1% RAM 71.2% | GPU 538MB/31% | kafka=0.76%/538.2MiB / 4.804GiB ; elasticsearch=2.57%/1.515GiB / 4.804
[12:55:23] host CPU 16.1% RAM 71.2% | GPU 538MB/29% | kafka=0.74%/538MiB / 4.804GiB ; elasticsearch=2.62%/1.515GiB / 4.804Gi
[12:55:27] host CPU 14.0% RAM 71.2% | GPU 538MB/29% | kafka=0.68%/538.9MiB / 4.804GiB ; elasticsearch=4.30%/1.515GiB / 4.804
[12:55:31] host CPU 10.7% RAM 71.2% | GPU 538MB/30% | kafka=99.76%/582.6MiB / 4.804GiB ; elasticsearch=2.33%/1.515GiB / 4.80
[12:55:35] host CPU 17.7% RAM 71.3% | GPU 533MB/32% | kafka=0.86%/538.9MiB / 4.804GiB ; elasticsearch=3.13%/1.514GiB / 4.804
[12:55:39] host CPU 11.7% RAM 71.1% | GPU 537MB/29% | kafka=0.62%/538.9MiB / 4.804GiB ; elasticsearch=2.78%/1.515GiB / 4.804
[12:55:44] host CPU 17.8% RAM 71.2% | GPU 537MB/28% | kafka=0.96%/538.9MiB / 4.804GiB ; elasticsearch=2.71%/1.514GiB / 4.804
[12:55:48] host CPU 15.3% RAM 71.2% | GPU 536MB/30% | kafka=0.66%/538.9MiB / 4.804GiB ; elasticsearch=2.58%/1.515GiB / 4.804
[12:55:53] host CPU 12.9% RAM 71.2% | GPU 536MB/28% | kafka=50.93%/538.9MiB / 4.804GiB ; elasticsearch=2.17%/1.514GiB / 4.80
[12:55:57] host CPU 20.6% RAM 71.2% | GPU 534MB/28% | kafka=0.76%/539.2MiB / 4.804GiB ; elasticsearch=2.58%/1.514GiB / 4.804
[12:56:01] host CPU 12.2% RAM 71.2% | GPU 537MB/30% | kafka=0.75%/538.9MiB / 4.804GiB ; elasticsearch=2.87%/1.515GiB / 4.804
[12:56:05] host CPU 23.7% RAM 71.4% | GPU 538MB/32% | kafka=0.67%/539MiB / 4.804GiB ; elasticsearch=2.52%/1.515GiB / 4.804Gi
[12:56:10] host CPU 12.5% RAM 71.2% | GPU 537MB/30% | kafka=0.79%/539MiB / 4.804GiB ; elasticsearch=2.54%/1.515GiB / 4.804Gi
[12:56:14] host CPU 11.5% RAM 71.2% | GPU 539MB/28% | kafka=149.91%/616.7MiB / 4.804GiB ; elasticsearch=2.23%/1.515GiB / 4.8
[12:56:19] host CPU 21.6% RAM 71.1% | GPU 538MB/29% | kafka=0.72%/539MiB / 4.804GiB ; elasticsearch=2.65%/1.514GiB / 4.804Gi
[12:56:23] host CPU 11.7% RAM 71.0% | GPU 540MB/28% | kafka=0.71%/539MiB / 4.804GiB ; elasticsearch=2.58%/1.514GiB / 4.804Gi
[12:56:27] host CPU 23.5% RAM 71.4% | GPU 535MB/31% | kafka=0.61%/539MiB / 4.804GiB ; elasticsearch=2.53%/1.515GiB / 4.804Gi
[12:56:31] host CPU 17.3% RAM 71.2% | GPU 537MB/28% | kafka=0.57%/539MiB / 4.804GiB ; elasticsearch=4.86%/1.515GiB / 4.804Gi
[12:56:35] host CPU 14.6% RAM 71.0% | GPU 537MB/31% | kafka=141.70%/595.8MiB / 4.804GiB ; elasticsearch=2.31%/1.515GiB / 4.8
[12:56:40] host CPU 21.2% RAM 71.1% | GPU 536MB/30% | kafka=0.91%/539MiB / 4.804GiB ; elasticsearch=2.58%/1.515GiB / 4.804Gi
[12:56:44] host CPU 10.8% RAM 71.1% | GPU 536MB/29% | kafka=0.88%/539MiB / 4.804GiB ; elasticsearch=2.74%/1.515GiB / 4.804Gi
[12:56:49] host CPU 22.4% RAM 71.2% | GPU 534MB/32% | kafka=1.04%/539.1MiB / 4.804GiB ; elasticsearch=2.67%/1.515GiB / 4.804
[12:56:53] host CPU 10.4% RAM 71.2% | GPU 536MB/32% | kafka=0.68%/539.1MiB / 4.804GiB ; elasticsearch=2.55%/1.515GiB / 4.804
[12:56:57] host CPU 13.5% RAM 71.2% | GPU 534MB/29% | kafka=164.91%/602.5MiB / 4.804GiB ; elasticsearch=2.57%/1.515GiB / 4.8
[12:57:01] host CPU 20.1% RAM 71.2% | GPU 537MB/32% | kafka=0.62%/539.1MiB / 4.804GiB ; elasticsearch=2.47%/1.515GiB / 4.804
[12:57:05] host CPU 18.4% RAM 71.1% | GPU 536MB/33% | kafka=0.69%/539.1MiB / 4.804GiB ; elasticsearch=2.71%/1.515GiB / 4.804
[12:57:10] host CPU 18.7% RAM 71.2% | GPU 537MB/31% | kafka=1.56%/538.4MiB / 4.804GiB ; elasticsearch=2.52%/1.515GiB / 4.804
[12:57:14] host CPU 12.0% RAM 71.3% | GPU 536MB/28% | kafka=0.66%/538.6MiB / 4.804GiB ; elasticsearch=2.83%/1.515GiB / 4.804
[12:57:19] host CPU 15.5% RAM 71.4% | GPU 536MB/30% | kafka=61.30%/573MiB / 4.804GiB ; elasticsearch=2.32%/1.515GiB / 4.804G
[12:57:23] host CPU 16.6% RAM 71.4% | GPU 536MB/27% | kafka=0.72%/538.7MiB / 4.804GiB ; elasticsearch=2.58%/1.515GiB / 4.804
[12:57:27] host CPU 18.3% RAM 71.5% | GPU 536MB/29% | kafka=1.22%/539.5MiB / 4.804GiB ; elasticsearch=2.66%/1.515GiB / 4.804
[12:57:31] host CPU 21.0% RAM 71.4% | GPU 536MB/33% | kafka=0.59%/539.5MiB / 4.804GiB ; elasticsearch=2.88%/1.515GiB / 4.804
[12:57:35] host CPU 16.8% RAM 71.2% | GPU 535MB/32% | kafka=0.91%/539.5MiB / 4.804GiB ; elasticsearch=2.73%/1.515GiB / 4.804
[12:57:40] host CPU 14.0% RAM 71.0% | GPU 536MB/30% | kafka=133.86%/596.6MiB / 4.804GiB ; elasticsearch=3.53%/1.515GiB / 4.8
[12:57:44] host CPU 18.0% RAM 71.3% | GPU 537MB/29% | kafka=0.62%/539.6MiB / 4.804GiB ; elasticsearch=2.35%/1.515GiB / 4.804
[12:57:49] host CPU 13.3% RAM 71.4% | GPU 540MB/31% | kafka=0.96%/539.6MiB / 4.804GiB ; elasticsearch=2.54%/1.515GiB / 4.804
[12:57:53] host CPU 15.6% RAM 71.4% | GPU 540MB/28% | kafka=0.60%/538.9MiB / 4.804GiB ; elasticsearch=3.10%/1.515GiB / 4.804
[12:57:57] host CPU 16.0% RAM 71.3% | GPU 536MB/29% | kafka=0.67%/538.9MiB / 4.804GiB ; elasticsearch=2.61%/1.515GiB / 4.804
[12:58:01] host CPU 12.9% RAM 71.3% | GPU 536MB/32% | kafka=2.88%/541MiB / 4.804GiB ; elasticsearch=2.98%/1.515GiB / 4.804Gi
[12:58:05] host CPU 21.6% RAM 71.5% | GPU 535MB/33% | kafka=0.74%/538.9MiB / 4.804GiB ; elasticsearch=2.95%/1.515GiB / 4.804
[12:58:10] host CPU 13.6% RAM 71.3% | GPU 536MB/28% | kafka=0.77%/538.9MiB / 4.804GiB ; elasticsearch=2.94%/1.515GiB / 4.804
[12:58:14] host CPU 17.3% RAM 71.3% | GPU 538MB/28% | kafka=0.71%/538.9MiB / 4.804GiB ; elasticsearch=2.48%/1.515GiB / 4.804
[12:58:19] host CPU 15.3% RAM 71.4% | GPU 538MB/29% | kafka=0.73%/538.9MiB / 4.804GiB ; elasticsearch=2.52%/1.515GiB / 4.804
[12:58:23] host CPU 11.8% RAM 71.4% | GPU 540MB/32% | kafka=67.73%/573.7MiB / 4.804GiB ; elasticsearch=4.04%/1.515GiB / 4.80
[12:58:27] host CPU 18.8% RAM 71.4% | GPU 534MB/27% | kafka=0.77%/539MiB / 4.804GiB ; elasticsearch=2.64%/1.515GiB / 4.804Gi
[12:58:31] host CPU 12.3% RAM 71.4% | GPU 537MB/31% | kafka=0.62%/538.9MiB / 4.804GiB ; elasticsearch=2.61%/1.515GiB / 4.804
[12:58:35] host CPU 18.8% RAM 71.6% | GPU 536MB/29% | kafka=0.83%/539MiB / 4.804GiB ; elasticsearch=3.06%/1.515GiB / 4.804Gi
[12:58:40] host CPU 13.0% RAM 71.4% | GPU 539MB/29% | kafka=0.93%/539MiB / 4.804GiB ; elasticsearch=2.37%/1.515GiB / 4.804Gi
[12:58:44] host CPU 12.6% RAM 71.3% | GPU 536MB/28% | kafka=145.51%/595.7MiB / 4.804GiB ; elasticsearch=3.05%/1.515GiB / 4.8
[12:58:49] host CPU 20.6% RAM 71.4% | GPU 538MB/30% | kafka=0.61%/539MiB / 4.804GiB ; elasticsearch=3.06%/1.515GiB / 4.804Gi
[12:58:53] host CPU 11.8% RAM 71.4% | GPU 538MB/28% | kafka=0.60%/539MiB / 4.804GiB ; elasticsearch=2.74%/1.515GiB / 4.804Gi
[12:58:57] host CPU 18.5% RAM 71.4% | GPU 538MB/30% | kafka=0.68%/539.2MiB / 4.804GiB ; elasticsearch=3.00%/1.515GiB / 4.804
[12:59:01] host CPU 12.0% RAM 71.4% | GPU 540MB/30% | kafka=0.62%/539MiB / 4.804GiB ; elasticsearch=2.88%/1.515GiB / 4.804Gi
[12:59:05] host CPU 12.4% RAM 71.4% | GPU 539MB/30% | kafka=64.21%/571.7MiB / 4.804GiB ; elasticsearch=2.41%/1.515GiB / 4.80
[12:59:10] host CPU 25.7% RAM 71.4% | GPU 539MB/28% | kafka=2.79%/539MiB / 4.804GiB ; elasticsearch=4.41%/1.515GiB / 4.804Gi
[12:59:14] host CPU 12.5% RAM 71.4% | GPU 540MB/28% | kafka=0.66%/539MiB / 4.804GiB ; elasticsearch=3.24%/1.515GiB / 4.804Gi
[12:59:19] host CPU 18.6% RAM 71.5% | GPU 541MB/31% | kafka=20.34%/539.2MiB / 4.804GiB ; elasticsearch=4.30%/1.515GiB / 4.80
[12:59:23] host CPU 13.8% RAM 71.5% | GPU 539MB/29% | kafka=0.58%/539.1MiB / 4.804GiB ; elasticsearch=2.51%/1.515GiB / 4.804
[12:59:27] host CPU 13.5% RAM 71.4% | GPU 539MB/29% | kafka=67.22%/575.4MiB / 4.804GiB ; elasticsearch=2.99%/1.515GiB / 4.80
[12:59:31] host CPU 18.9% RAM 71.5% | GPU 539MB/31% | kafka=1.09%/540MiB / 4.804GiB ; elasticsearch=2.46%/1.515GiB / 4.804Gi
[12:59:35] host CPU 13.1% RAM 71.5% | GPU 539MB/29% | kafka=0.85%/540MiB / 4.804GiB ; elasticsearch=2.59%/1.515GiB / 4.804Gi
[12:59:40] host CPU 15.2% RAM 71.4% | GPU 537MB/31% | kafka=0.95%/540MiB / 4.804GiB ; elasticsearch=2.44%/1.515GiB / 4.804Gi
[12:59:44] host CPU 14.3% RAM 71.5% | GPU 536MB/29% | kafka=0.84%/540MiB / 4.804GiB ; elasticsearch=3.50%/1.515GiB / 4.804Gi
[12:59:49] host CPU 16.2% RAM 71.4% | GPU 534MB/29% | kafka=0.60%/540MiB / 4.804GiB ; elasticsearch=2.67%/1.515GiB / 4.804Gi
[12:59:53] host CPU 16.4% RAM 71.4% | GPU 536MB/30% | kafka=1.54%/540MiB / 4.804GiB ; elasticsearch=3.55%/1.515GiB / 4.804Gi
[12:59:57] host CPU 15.7% RAM 71.4% | GPU 537MB/30% | kafka=0.59%/540MiB / 4.804GiB ; elasticsearch=3.22%/1.515GiB / 4.804Gi
[13:00:01] host CPU 15.9% RAM 71.4% | GPU 537MB/29% | kafka=49.57%/540.3MiB / 4.804GiB ; elasticsearch=3.51%/1.515GiB / 4.80
[13:00:05] host CPU 19.0% RAM 73.0% | GPU 536MB/31% | kafka=0.71%/540MiB / 4.804GiB ; elasticsearch=5.03%/1.515GiB / 4.804Gi
[13:00:10] host CPU 19.9% RAM 72.2% | GPU 537MB/27% | kafka=40.86%/568.2MiB / 4.804GiB ; elasticsearch=2.66%/1.515GiB / 4.80
[13:00:14] host CPU 17.4% RAM 72.0% | GPU 537MB/32% | kafka=0.88%/540MiB / 4.804GiB ; elasticsearch=4.45%/1.515GiB / 4.804Gi
[13:00:19] host CPU 16.6% RAM 72.0% | GPU 538MB/30% | kafka=0.83%/540MiB / 4.804GiB ; elasticsearch=2.65%/1.515GiB / 4.804Gi
[13:00:23] host CPU 16.2% RAM 72.0% | GPU 540MB/32% | kafka=0.61%/540MiB / 4.804GiB ; elasticsearch=2.55%/1.515GiB / 4.804Gi
[13:00:27] host CPU 18.1% RAM 72.2% | GPU 538MB/30% | kafka=0.77%/540MiB / 4.804GiB ; elasticsearch=9.75%/1.515GiB / 4.804Gi
[13:00:31] host CPU 12.3% RAM 72.2% | GPU 539MB/30% | kafka=0.78%/540MiB / 4.804GiB ; elasticsearch=2.41%/1.515GiB / 4.804Gi
[13:00:35] host CPU 19.8% RAM 72.3% | GPU 536MB/30% | kafka=0.72%/540MiB / 4.804GiB ; elasticsearch=3.03%/1.515GiB / 4.804Gi
[13:00:40] host CPU 11.7% RAM 72.2% | GPU 536MB/29% | kafka=0.89%/540MiB / 4.804GiB ; elasticsearch=2.84%/1.515GiB / 4.804Gi
[13:00:44] host CPU 16.6% RAM 72.1% | GPU 537MB/29% | kafka=1.01%/540MiB / 4.804GiB ; elasticsearch=11.54%/1.515GiB / 4.804G
[13:00:49] host CPU 17.4% RAM 72.2% | GPU 537MB/32% | kafka=1.07%/540.8MiB / 4.804GiB ; elasticsearch=2.63%/1.516GiB / 4.804
[13:00:53] host CPU 12.9% RAM 72.2% | GPU 539MB/31% | kafka=0.75%/540.8MiB / 4.804GiB ; elasticsearch=1.97%/1.515GiB / 4.804
[13:00:57] host CPU 19.5% RAM 72.3% | GPU 537MB/30% | kafka=0.68%/540.8MiB / 4.804GiB ; elasticsearch=2.51%/1.516GiB / 4.804
[13:01:01] host CPU 9.7% RAM 72.3% | GPU 536MB/30% | kafka=0.77%/540.8MiB / 4.804GiB ; elasticsearch=4.13%/1.515GiB / 4.804
[13:01:05] host CPU 17.4% RAM 72.3% | GPU 536MB/31% | kafka=13.30%/540.8MiB / 4.804GiB ; elasticsearch=3.14%/1.515GiB / 4.80
[13:01:10] host CPU 19.5% RAM 72.1% | GPU 536MB/29% | kafka=0.73%/540.8MiB / 4.804GiB ; elasticsearch=3.78%/1.515GiB / 4.804
[13:01:14] host CPU 13.0% RAM 71.8% | GPU 522MB/29% | kafka=1.22%/540.8MiB / 4.804GiB ; elasticsearch=2.47%/1.515GiB / 4.804
[13:01:19] host CPU 21.4% RAM 71.9% | GPU 523MB/34% | kafka=0.74%/540.8MiB / 4.804GiB ; elasticsearch=2.64%/1.515GiB / 4.804
[13:01:23] host CPU 10.5% RAM 71.8% | GPU 523MB/31% | kafka=0.84%/541MiB / 4.804GiB ; elasticsearch=2.58%/1.515GiB / 4.804Gi
[13:01:27] host CPU 18.4% RAM 71.8% | GPU 521MB/29% | kafka=1.47%/541.2MiB / 4.804GiB ; elasticsearch=2.75%/1.515GiB / 4.804
[13:01:31] host CPU 13.7% RAM 71.9% | GPU 522MB/28% | kafka=0.90%/541MiB / 4.804GiB ; elasticsearch=2.62%/1.515GiB / 4.804Gi
[13:01:35] host CPU 12.5% RAM 71.9% | GPU 522MB/29% | kafka=0.72%/541MiB / 4.804GiB ; elasticsearch=3.35%/1.515GiB / 4.804Gi
[13:01:40] host CPU 21.9% RAM 71.9% | GPU 520MB/30% | kafka=0.83%/541.8MiB / 4.804GiB ; elasticsearch=30.12%/1.518GiB / 4.80
[13:01:44] host CPU 12.9% RAM 71.8% | GPU 522MB/30% | kafka=0.95%/541.8MiB / 4.804GiB ; elasticsearch=2.51%/1.518GiB / 4.804
[13:01:49] host CPU 16.5% RAM 71.9% | GPU 523MB/31% | kafka=1.47%/541.8MiB / 4.804GiB ; elasticsearch=2.53%/1.519GiB / 4.804
[13:01:53] host CPU 15.2% RAM 72.0% | GPU 525MB/30% | kafka=0.65%/541.9MiB / 4.804GiB ; elasticsearch=2.46%/1.518GiB / 4.804
[13:01:57] host CPU 13.1% RAM 71.9% | GPU 522MB/31% | kafka=0.67%/541.8MiB / 4.804GiB ; elasticsearch=4.18%/1.518GiB / 4.804
[13:02:01] host CPU 19.2% RAM 71.9% | GPU 522MB/30% | kafka=0.55%/541.9MiB / 4.804GiB ; elasticsearch=2.92%/1.518GiB / 4.804
[13:02:05] host CPU 13.8% RAM 72.1% | GPU 519MB/28% | kafka=0.60%/541.9MiB / 4.804GiB ; elasticsearch=2.57%/1.518GiB / 4.804
[13:02:10] host CPU 13.6% RAM 71.9% | GPU 522MB/29% | kafka=176.87%/611.6MiB / 4.804GiB ; elasticsearch=2.35%/1.518GiB / 4.8
[13:02:14] host CPU 23.0% RAM 72.0% | GPU 521MB/25% | kafka=0.71%/541.9MiB / 4.804GiB ; elasticsearch=2.37%/1.518GiB / 4.804
[13:02:19] host CPU 15.0% RAM 72.0% | GPU 525MB/32% | kafka=28.56%/565.9MiB / 4.804GiB ; elasticsearch=2.59%/1.518GiB / 4.80
[13:02:23] host CPU 16.0% RAM 72.0% | GPU 525MB/32% | kafka=0.64%/541.9MiB / 4.804GiB ; elasticsearch=3.03%/1.518GiB / 4.804
[13:02:27] host CPU 12.0% RAM 72.0% | GPU 521MB/27% | kafka=0.79%/542.1MiB / 4.804GiB ; elasticsearch=2.41%/1.518GiB / 4.804
[13:02:32] host CPU 12.2% RAM 72.0% | GPU 522MB/26% | kafka=144.60%/615.6MiB / 4.804GiB ; elasticsearch=2.66%/1.518GiB / 4.8
[13:02:35] host CPU 16.6% RAM 72.2% | GPU 520MB/29% | kafka=0.59%/541.9MiB / 4.804GiB ; elasticsearch=11.42%/1.518GiB / 4.80
[13:02:40] host CPU 12.2% RAM 72.0% | GPU 524MB/27% | kafka=0.77%/541.9MiB / 4.804GiB ; elasticsearch=2.61%/1.518GiB / 4.804
[13:02:44] host CPU 16.5% RAM 72.1% | GPU 524MB/31% | kafka=0.70%/541.9MiB / 4.804GiB ; elasticsearch=2.66%/1.518GiB / 4.804
[13:02:49] host CPU 15.3% RAM 72.0% | GPU 522MB/32% | kafka=0.85%/541.9MiB / 4.804GiB ; elasticsearch=2.28%/1.518GiB / 4.804
[13:02:53] host CPU 13.2% RAM 72.0% | GPU 522MB/28% | kafka=0.88%/541.9MiB / 4.804GiB ; elasticsearch=4.73%/1.518GiB / 4.804
[13:02:57] host CPU 15.7% RAM 72.0% | GPU 523MB/29% | kafka=0.58%/541.9MiB / 4.804GiB ; elasticsearch=2.86%/1.518GiB / 4.804
[13:03:02] host CPU 11.9% RAM 72.1% | GPU 524MB/30% | kafka=0.63%/541.9MiB / 4.804GiB ; elasticsearch=4.24%/1.518GiB / 4.804
[13:03:05] host CPU 19.3% RAM 72.3% | GPU 520MB/30% | kafka=0.72%/541.9MiB / 4.804GiB ; elasticsearch=2.56%/1.518GiB / 4.804
[13:03:10] host CPU 12.8% RAM 72.1% | GPU 522MB/30% | kafka=0.59%/541.9MiB / 4.804GiB ; elasticsearch=2.47%/1.518GiB / 4.804
[13:03:14] host CPU 16.5% RAM 72.1% | GPU 534MB/40% | kafka=24.00%/541.9MiB / 4.804GiB ; elasticsearch=2.67%/1.518GiB / 4.80
[13:03:19] host CPU 21.7% RAM 72.1% | GPU 532MB/35% | kafka=0.61%/541.9MiB / 4.804GiB ; elasticsearch=3.25%/1.518GiB / 4.804
[13:03:23] host CPU 11.9% RAM 72.1% | GPU 531MB/28% | kafka=40.36%/570.6MiB / 4.804GiB ; elasticsearch=3.47%/1.518GiB / 4.80
[13:03:27] host CPU 24.8% RAM 72.3% | GPU 523MB/29% | kafka=0.73%/541.4MiB / 4.804GiB ; elasticsearch=2.56%/1.519GiB / 4.804
[13:03:32] host CPU 12.3% RAM 72.4% | GPU 523MB/30% | kafka=0.71%/541.3MiB / 4.804GiB ; elasticsearch=2.53%/1.519GiB / 4.804
[13:03:35] host CPU 13.1% RAM 72.0% | GPU 521MB/29% | kafka=157.76%/616.8MiB / 4.804GiB ; elasticsearch=2.05%/1.518GiB / 4.8
[13:03:40] host CPU 20.1% RAM 72.2% | GPU 524MB/31% | kafka=0.75%/542.2MiB / 4.804GiB ; elasticsearch=4.98%/1.518GiB / 4.804
[13:03:44] host CPU 10.9% RAM 72.1% | GPU 521MB/30% | kafka=0.85%/542.2MiB / 4.804GiB ; elasticsearch=2.51%/1.519GiB / 4.804
[13:03:49] host CPU 18.5% RAM 72.4% | GPU 523MB/32% | kafka=0.88%/542.2MiB / 4.804GiB ; elasticsearch=5.10%/1.518GiB / 4.804
[13:03:53] host CPU 10.1% RAM 72.3% | GPU 523MB/28% | kafka=0.73%/542.2MiB / 4.804GiB ; elasticsearch=2.83%/1.519GiB / 4.804
[13:03:57] host CPU 13.3% RAM 72.3% | GPU 520MB/30% | kafka=142.13%/615.9MiB / 4.804GiB ; elasticsearch=3.67%/1.518GiB / 4.8
[13:04:02] host CPU 18.6% RAM 72.4% | GPU 523MB/30% | kafka=0.97%/542.2MiB / 4.804GiB ; elasticsearch=2.50%/1.519GiB / 4.804
[13:04:05] host CPU 14.0% RAM 72.1% | GPU 521MB/30% | kafka=0.60%/542.2MiB / 4.804GiB ; elasticsearch=2.62%/1.518GiB / 4.804
[13:04:10] host CPU 19.3% RAM 72.2% | GPU 524MB/31% | kafka=0.76%/542.2MiB / 4.804GiB ; elasticsearch=2.77%/1.518GiB / 4.804
[13:04:14] host CPU 14.8% RAM 72.2% | GPU 522MB/33% | kafka=0.59%/542.2MiB / 4.804GiB ; elasticsearch=2.69%/1.518GiB / 4.804
[13:04:19] host CPU 14.7% RAM 72.1% | GPU 524MB/32% | kafka=131.54%/595.3MiB / 4.804GiB ; elasticsearch=2.20%/1.518GiB / 4.8
[13:04:23] host CPU 16.4% RAM 72.2% | GPU 524MB/29% | kafka=0.93%/542.2MiB / 4.804GiB ; elasticsearch=3.08%/1.518GiB / 4.804
[13:04:27] host CPU 13.1% RAM 72.2% | GPU 523MB/31% | kafka=0.71%/542.2MiB / 4.804GiB ; elasticsearch=2.51%/1.518GiB / 4.804
[13:04:32] host CPU 16.8% RAM 72.3% | GPU 524MB/30% | kafka=0.91%/542.2MiB / 4.804GiB ; elasticsearch=2.38%/1.518GiB / 4.804
[13:04:35] host CPU 13.5% RAM 71.9% | GPU 520MB/30% | kafka=0.54%/542.2MiB / 4.804GiB ; elasticsearch=2.60%/1.518GiB / 4.804
[13:04:40] host CPU 12.0% RAM 71.8% | GPU 527MB/29% | kafka=49.17%/573.5MiB / 4.804GiB ; elasticsearch=2.10%/1.519GiB / 4.80
[13:04:44] host CPU 15.7% RAM 72.2% | GPU 526MB/29% | kafka=0.67%/542.2MiB / 4.804GiB ; elasticsearch=3.90%/1.518GiB / 4.804
[13:04:49] host CPU 15.9% RAM 72.1% | GPU 520MB/30% | kafka=0.61%/542.2MiB / 4.804GiB ; elasticsearch=3.15%/1.519GiB / 4.804
[13:04:53] host CPU 16.2% RAM 72.2% | GPU 520MB/27% | kafka=0.71%/542.2MiB / 4.804GiB ; elasticsearch=3.83%/1.519GiB / 4.804
[13:04:57] host CPU 13.8% RAM 72.2% | GPU 522MB/28% | kafka=0.57%/542.2MiB / 4.804GiB ; elasticsearch=2.51%/1.518GiB / 4.804
[13:05:02] host CPU 13.0% RAM 72.2% | GPU 522MB/30% | kafka=95.79%/542.2MiB / 4.804GiB ; elasticsearch=2.28%/1.518GiB / 4.80
[13:05:05] host CPU 18.9% RAM 72.4% | GPU 520MB/32% | kafka=0.64%/542.2MiB / 4.804GiB ; elasticsearch=5.64%/1.518GiB / 4.804
[13:05:10] host CPU 14.0% RAM 72.2% | GPU 523MB/28% | kafka=0.68%/542.2MiB / 4.804GiB ; elasticsearch=2.74%/1.518GiB / 4.804
[13:05:14] host CPU 22.8% RAM 72.2% | GPU 523MB/26% | kafka=0.56%/542.2MiB / 4.804GiB ; elasticsearch=2.78%/1.519GiB / 4.804
[13:05:19] host CPU 13.3% RAM 72.3% | GPU 526MB/29% | kafka=0.58%/542.2MiB / 4.804GiB ; elasticsearch=2.44%/1.519GiB / 4.804
