Sampling every 2s for 5000s -> F:\hate-speech-pipeline\reports\scaling\20260926-185706_p4_c4_cuda_r3\resource_WIX.csv
Run your load (throughput_bench.py / a live stream) now in another terminal.

[18:57:09] host CPU 0.0% RAM 68.2% | GPU 201MB/12% | kafka=122.51%/950.9MiB / 4.804GiB ; elasticsearch=0.69%/1.533GiB / 4.8
[18:57:13] host CPU 65.6% RAM 77.2% | GPU 199MB/2% | kafka=1.29%/870.1MiB / 4.804GiB ; elasticsearch=3.24%/1.533GiB / 4.804
[18:57:17] host CPU 55.7% RAM 78.8% | GPU 201MB/1% | kafka=0.94%/870.1MiB / 4.804GiB ; elasticsearch=0.50%/1.533GiB / 4.804
[18:57:21] host CPU 62.7% RAM 82.8% | GPU 204MB/1% | kafka=66.15%/870.1MiB / 4.804GiB ; elasticsearch=1.39%/1.533GiB / 4.80
[18:57:26] host CPU 29.1% RAM 86.3% | GPU 1577MB/1% | kafka=1.06%/870.2MiB / 4.804GiB ; elasticsearch=0.70%/1.533GiB / 4.804
[18:57:29] host CPU 20.8% RAM 92.0% | GPU 1650MB/28% | kafka=5.24%/870.3MiB / 4.804GiB ; elasticsearch=6.87%/1.533GiB / 4.804
[18:57:34] host CPU 25.6% RAM 92.4% | GPU 1654MB/22% | kafka=2.49%/869.5MiB / 4.804GiB ; elasticsearch=4.36%/1.533GiB / 4.804
[18:57:38] host CPU 13.8% RAM 92.5% | GPU 1654MB/7% | kafka=2.14%/869.3MiB / 4.804GiB ; elasticsearch=3.81%/1.533GiB / 4.804
[18:57:42] host CPU 14.0% RAM 92.6% | GPU 1650MB/14% | kafka=148.82%/924.2MiB / 4.804GiB ; elasticsearch=4.39%/1.533GiB / 4.8
[18:57:47] host CPU 24.2% RAM 92.7% | GPU 1658MB/37% | kafka=2.62%/869.4MiB / 4.804GiB ; elasticsearch=4.10%/1.533GiB / 4.804
[18:57:51] host CPU 14.9% RAM 92.6% | GPU 1658MB/38% | kafka=2.41%/869.5MiB / 4.804GiB ; elasticsearch=4.20%/1.533GiB / 4.804
[18:57:56] host CPU 21.6% RAM 92.5% | GPU 1658MB/14% | kafka=2.40%/869.5MiB / 4.804GiB ; elasticsearch=3.70%/1.533GiB / 4.804
[18:57:59] host CPU 14.7% RAM 92.4% | GPU 1658MB/28% | kafka=2.42%/869.6MiB / 4.804GiB ; elasticsearch=5.18%/1.533GiB / 4.804
[18:58:03] host CPU 15.0% RAM 92.4% | GPU 1653MB/31% | kafka=13.72%/881.3MiB / 4.804GiB ; elasticsearch=4.26%/1.533GiB / 4.80
[18:58:07] host CPU 22.9% RAM 92.4% | GPU 1655MB/21% | kafka=2.53%/869.7MiB / 4.804GiB ; elasticsearch=2.97%/1.533GiB / 4.804
[18:58:11] host CPU 20.6% RAM 92.6% | GPU 1656MB/36% | kafka=2.42%/869.7MiB / 4.804GiB ; elasticsearch=3.12%/1.533GiB / 4.804
[18:58:16] host CPU 13.3% RAM 92.6% | GPU 1655MB/20% | kafka=32.18%/870MiB / 4.804GiB ; elasticsearch=3.09%/1.533GiB / 4.804G
[18:58:19] host CPU 20.9% RAM 92.7% | GPU 1656MB/10% | kafka=2.39%/870.3MiB / 4.804GiB ; elasticsearch=3.08%/1.533GiB / 4.804
[18:58:24] host CPU 15.4% RAM 92.7% | GPU 1658MB/26% | kafka=2.72%/869.9MiB / 4.804GiB ; elasticsearch=8.44%/1.533GiB / 4.804
[18:58:28] host CPU 20.0% RAM 92.7% | GPU 1660MB/26% | kafka=2.98%/869.9MiB / 4.804GiB ; elasticsearch=3.45%/1.533GiB / 4.804
[18:58:32] host CPU 12.3% RAM 92.8% | GPU 1654MB/35% | kafka=2.34%/870.2MiB / 4.804GiB ; elasticsearch=3.00%/1.533GiB / 4.804
[18:58:37] host CPU 15.4% RAM 92.7% | GPU 1660MB/12% | kafka=81.56%/908.9MiB / 4.804GiB ; elasticsearch=3.09%/1.533GiB / 4.80
[18:58:41] host CPU 19.6% RAM 92.7% | GPU 1660MB/38% | kafka=2.09%/871.1MiB / 4.804GiB ; elasticsearch=4.11%/1.533GiB / 4.804
[18:58:46] host CPU 14.8% RAM 92.7% | GPU 1660MB/19% | kafka=2.14%/871.1MiB / 4.804GiB ; elasticsearch=5.40%/1.533GiB / 4.804
[18:58:49] host CPU 23.0% RAM 92.6% | GPU 1657MB/29% | kafka=2.25%/871.2MiB / 4.804GiB ; elasticsearch=3.35%/1.533GiB / 4.804
[18:58:53] host CPU 15.2% RAM 92.7% | GPU 1657MB/20% | kafka=2.38%/871.2MiB / 4.804GiB ; elasticsearch=3.42%/1.533GiB / 4.804
[18:58:57] host CPU 13.8% RAM 92.7% | GPU 1660MB/22% | kafka=138.88%/931.8MiB / 4.804GiB ; elasticsearch=3.80%/1.533GiB / 4.8
[18:59:01] host CPU 20.6% RAM 92.8% | GPU 1660MB/27% | kafka=2.55%/870.8MiB / 4.804GiB ; elasticsearch=3.47%/1.532GiB / 4.804
[18:59:06] host CPU 13.9% RAM 92.7% | GPU 1657MB/34% | kafka=2.23%/870.8MiB / 4.804GiB ; elasticsearch=5.24%/1.533GiB / 4.804
[18:59:09] host CPU 18.5% RAM 92.7% | GPU 1658MB/23% | kafka=56.59%/870.9MiB / 4.804GiB ; elasticsearch=2.83%/1.532GiB / 4.80
[18:59:14] host CPU 17.9% RAM 92.8% | GPU 1659MB/12% | kafka=2.41%/871.2MiB / 4.804GiB ; elasticsearch=2.94%/1.532GiB / 4.804
[18:59:18] host CPU 12.3% RAM 92.8% | GPU 1660MB/8% | kafka=2.86%/871MiB / 4.804GiB ; elasticsearch=3.88%/1.533GiB / 4.804Gi
[18:59:22] host CPU 20.1% RAM 92.8% | GPU 1655MB/40% | kafka=2.57%/871.3MiB / 4.804GiB ; elasticsearch=5.32%/1.533GiB / 4.804
[18:59:27] host CPU 16.8% RAM 92.8% | GPU 1659MB/13% | kafka=2.27%/871.1MiB / 4.804GiB ; elasticsearch=3.36%/1.533GiB / 4.804
[18:59:31] host CPU 13.1% RAM 92.5% | GPU 1659MB/15% | kafka=174.15%/937.7MiB / 4.804GiB ; elasticsearch=2.87%/1.533GiB / 4.8
[18:59:36] host CPU 18.9% RAM 92.7% | GPU 1659MB/22% | kafka=2.31%/871.2MiB / 4.804GiB ; elasticsearch=3.10%/1.533GiB / 4.804
[18:59:39] host CPU 13.6% RAM 92.7% | GPU 1659MB/8% | kafka=2.34%/871.3MiB / 4.804GiB ; elasticsearch=3.29%/1.532GiB / 4.804
[18:59:43] host CPU 21.8% RAM 92.7% | GPU 1658MB/7% | kafka=2.93%/871.5MiB / 4.804GiB ; elasticsearch=3.24%/1.532GiB / 4.804
[18:59:48] host CPU 15.0% RAM 92.8% | GPU 1659MB/25% | kafka=2.23%/871.1MiB / 4.804GiB ; elasticsearch=3.31%/1.532GiB / 4.804
[18:59:51] host CPU 16.1% RAM 92.8% | GPU 1659MB/8% | kafka=84.70%/910.3MiB / 4.804GiB ; elasticsearch=3.27%/1.532GiB / 4.80
[18:59:56] host CPU 27.9% RAM 92.8% | GPU 1661MB/51% | kafka=2.67%/871.2MiB / 4.804GiB ; elasticsearch=3.54%/1.532GiB / 4.804
[18:59:59] host CPU 12.5% RAM 92.5% | GPU 1661MB/8% | kafka=2.58%/871.5MiB / 4.804GiB ; elasticsearch=4.70%/1.532GiB / 4.804
[19:00:04] host CPU 22.3% RAM 93.6% | GPU 1658MB/12% | kafka=153.04%/946.8MiB / 4.804GiB ; elasticsearch=3.04%/1.532GiB / 4.8
[19:00:08] host CPU 20.1% RAM 93.6% | GPU 1659MB/41% | kafka=2.92%/871.5MiB / 4.804GiB ; elasticsearch=3.27%/1.532GiB / 4.804
[19:00:12] host CPU 15.3% RAM 93.0% | GPU 1655MB/46% | kafka=2.21%/871.8MiB / 4.804GiB ; elasticsearch=3.36%/1.532GiB / 4.804
[19:00:17] host CPU 23.5% RAM 93.0% | GPU 1663MB/21% | kafka=2.52%/871.5MiB / 4.804GiB ; elasticsearch=3.86%/1.533GiB / 4.804
[19:00:21] host CPU 12.4% RAM 92.9% | GPU 1663MB/25% | kafka=2.32%/871.6MiB / 4.804GiB ; elasticsearch=3.40%/1.532GiB / 4.804
[19:00:26] host CPU 17.9% RAM 93.0% | GPU 1661MB/22% | kafka=127.29%/948.9MiB / 4.804GiB ; elasticsearch=3.00%/1.532GiB / 4.8
[19:00:29] host CPU 20.8% RAM 92.9% | GPU 1661MB/43% | kafka=2.46%/871.7MiB / 4.804GiB ; elasticsearch=3.27%/1.532GiB / 4.804
[19:00:33] host CPU 13.4% RAM 92.8% | GPU 1656MB/21% | kafka=2.46%/872MiB / 4.804GiB ; elasticsearch=3.37%/1.532GiB / 4.804Gi
[19:00:38] host CPU 23.2% RAM 93.0% | GPU 1659MB/32% | kafka=2.16%/872.3MiB / 4.804GiB ; elasticsearch=4.80%/1.532GiB / 4.804
[19:00:41] host CPU 11.9% RAM 93.0% | GPU 1659MB/16% | kafka=2.50%/871.9MiB / 4.804GiB ; elasticsearch=3.34%/1.533GiB / 4.804
[19:00:46] host CPU 16.4% RAM 93.0% | GPU 1659MB/39% | kafka=165.42%/932.6MiB / 4.804GiB ; elasticsearch=3.58%/1.533GiB / 4.8
[19:00:49] host CPU 17.6% RAM 92.8% | GPU 1659MB/14% | kafka=2.39%/872MiB / 4.804GiB ; elasticsearch=3.53%/1.532GiB / 4.804Gi
[19:00:54] host CPU 18.6% RAM 93.0% | GPU 1661MB/34% | kafka=2.51%/872.2MiB / 4.804GiB ; elasticsearch=3.58%/1.533GiB / 4.804
[19:00:58] host CPU 18.1% RAM 92.8% | GPU 1661MB/9% | kafka=2.59%/872.1MiB / 4.804GiB ; elasticsearch=3.29%/1.532GiB / 4.804
[19:01:02] host CPU 17.3% RAM 92.5% | GPU 1655MB/41% | kafka=7.37%/872.4MiB / 4.804GiB ; elasticsearch=2.99%/1.532GiB / 4.804
[19:01:07] host CPU 15.8% RAM 92.2% | GPU 1659MB/10% | kafka=43.29%/900.4MiB / 4.804GiB ; elasticsearch=3.22%/1.532GiB / 4.80
[19:01:11] host CPU 20.3% RAM 92.9% | GPU 1660MB/41% | kafka=2.58%/872.5MiB / 4.804GiB ; elasticsearch=6.40%/1.533GiB / 4.804
[19:01:16] host CPU 18.9% RAM 93.0% | GPU 1660MB/46% | kafka=2.36%/872.3MiB / 4.804GiB ; elasticsearch=3.83%/1.533GiB / 4.804
[19:01:19] host CPU 19.1% RAM 92.9% | GPU 1660MB/8% | kafka=3.36%/872.6MiB / 4.804GiB ; elasticsearch=2.98%/1.533GiB / 4.804
[19:01:23] host CPU 14.8% RAM 92.9% | GPU 1657MB/8% | kafka=2.47%/872.4MiB / 4.804GiB ; elasticsearch=4.66%/1.533GiB / 4.804
[19:01:28] host CPU 16.3% RAM 92.5% | GPU 1660MB/42% | kafka=2.52%/872.7MiB / 4.804GiB ; elasticsearch=3.17%/1.533GiB / 4.804
[19:01:31] host CPU 21.7% RAM 93.0% | GPU 1660MB/21% | kafka=2.63%/872.8MiB / 4.804GiB ; elasticsearch=3.41%/1.532GiB / 4.804
[19:01:36] host CPU 13.3% RAM 93.0% | GPU 1657MB/41% | kafka=2.37%/872.8MiB / 4.804GiB ; elasticsearch=3.04%/1.532GiB / 4.804
[19:01:40] host CPU 15.3% RAM 92.9% | GPU 1658MB/46% | kafka=129.87%/924.1MiB / 4.804GiB ; elasticsearch=3.47%/1.532GiB / 4.8
[19:01:44] host CPU 22.4% RAM 93.1% | GPU 1659MB/45% | kafka=2.56%/872.9MiB / 4.804GiB ; elasticsearch=3.58%/1.532GiB / 4.804
[19:01:48] host CPU 12.1% RAM 93.0% | GPU 1660MB/8% | kafka=2.48%/873MiB / 4.804GiB ; elasticsearch=3.16%/1.533GiB / 4.804Gi
[19:01:52] host CPU 20.6% RAM 93.1% | GPU 1654MB/40% | kafka=2.66%/873.1MiB / 4.804GiB ; elasticsearch=2.86%/1.533GiB / 4.804
[19:01:57] host CPU 19.2% RAM 93.1% | GPU 1657MB/16% | kafka=2.46%/873.4MiB / 4.804GiB ; elasticsearch=4.01%/1.532GiB / 4.804
[19:02:01] host CPU 12.9% RAM 92.8% | GPU 1658MB/20% | kafka=157.37%/936.3MiB / 4.804GiB ; elasticsearch=2.86%/1.532GiB / 4.8
[19:02:06] host CPU 22.2% RAM 92.9% | GPU 1660MB/37% | kafka=2.27%/873.5MiB / 4.804GiB ; elasticsearch=8.76%/1.532GiB / 4.804
[19:02:09] host CPU 14.4% RAM 92.9% | GPU 1662MB/13% | kafka=2.51%/873.3MiB / 4.804GiB ; elasticsearch=4.91%/1.532GiB / 4.804
[19:02:13] host CPU 19.9% RAM 93.0% | GPU 1656MB/38% | kafka=59.98%/873.3MiB / 4.804GiB ; elasticsearch=2.78%/1.532GiB / 4.80
[19:02:18] host CPU 18.8% RAM 93.1% | GPU 1659MB/20% | kafka=2.28%/873.4MiB / 4.804GiB ; elasticsearch=3.33%/1.533GiB / 4.804
[19:02:21] host CPU 14.5% RAM 93.1% | GPU 1659MB/25% | kafka=2.18%/873.4MiB / 4.804GiB ; elasticsearch=3.35%/1.532GiB / 4.804
[19:02:26] host CPU 26.3% RAM 93.1% | GPU 1659MB/8% | kafka=2.29%/873.5MiB / 4.804GiB ; elasticsearch=3.06%/1.532GiB / 4.804
[19:02:30] host CPU 10.0% RAM 92.7% | GPU 1659MB/26% | kafka=2.21%/873.5MiB / 4.804GiB ; elasticsearch=3.17%/1.532GiB / 4.804
[19:02:34] host CPU 13.5% RAM 92.8% | GPU 1658MB/21% | kafka=173.23%/948.2MiB / 4.804GiB ; elasticsearch=3.31%/1.532GiB / 4.8
[19:02:38] host CPU 19.3% RAM 93.0% | GPU 1659MB/8% | kafka=2.26%/873.6MiB / 4.804GiB ; elasticsearch=2.72%/1.532GiB / 4.804
[19:02:42] host CPU 15.4% RAM 93.2% | GPU 1655MB/17% | kafka=2.43%/873.9MiB / 4.804GiB ; elasticsearch=3.43%/1.532GiB / 4.804
[19:02:47] host CPU 24.0% RAM 93.1% | GPU 1661MB/10% | kafka=3.27%/874.2MiB / 4.804GiB ; elasticsearch=4.77%/1.533GiB / 4.804
[19:02:51] host CPU 11.1% RAM 92.6% | GPU 1661MB/8% | kafka=2.44%/874MiB / 4.804GiB ; elasticsearch=3.24%/1.533GiB / 4.804Gi
[19:02:56] host CPU 18.1% RAM 92.6% | GPU 1661MB/38% | kafka=83.60%/911.6MiB / 4.804GiB ; elasticsearch=4.56%/1.533GiB / 4.80
[19:03:00] host CPU 24.2% RAM 93.0% | GPU 1661MB/45% | kafka=2.48%/874.9MiB / 4.804GiB ; elasticsearch=3.53%/1.533GiB / 4.804
[19:03:03] host CPU 13.1% RAM 93.0% | GPU 1655MB/39% | kafka=2.29%/875.4MiB / 4.804GiB ; elasticsearch=3.46%/1.533GiB / 4.804
[19:03:08] host CPU 17.2% RAM 93.0% | GPU 1658MB/9% | kafka=2.47%/875MiB / 4.804GiB ; elasticsearch=3.72%/1.533GiB / 4.804Gi
[19:03:11] host CPU 16.9% RAM 92.4% | GPU 1658MB/11% | kafka=2.16%/875.3MiB / 4.804GiB ; elasticsearch=3.20%/1.533GiB / 4.804
[19:03:16] host CPU 15.4% RAM 92.5% | GPU 1657MB/36% | kafka=2.28%/875.1MiB / 4.804GiB ; elasticsearch=3.09%/1.533GiB / 4.804
[19:03:20] host CPU 20.5% RAM 92.7% | GPU 1658MB/26% | kafka=2.42%/875.4MiB / 4.804GiB ; elasticsearch=2.75%/1.533GiB / 4.804
[19:03:24] host CPU 16.8% RAM 92.7% | GPU 1657MB/7% | kafka=2.35%/875.4MiB / 4.804GiB ; elasticsearch=4.53%/1.533GiB / 4.804
[19:03:28] host CPU 13.9% RAM 92.7% | GPU 1657MB/19% | kafka=82.58%/875.2MiB / 4.804GiB ; elasticsearch=2.94%/1.533GiB / 4.80
[19:03:32] host CPU 20.4% RAM 92.8% | GPU 1654MB/9% | kafka=2.52%/875.6MiB / 4.804GiB ; elasticsearch=3.41%/1.533GiB / 4.804
[19:03:37] host CPU 16.7% RAM 92.8% | GPU 1657MB/39% | kafka=2.34%/875.3MiB / 4.804GiB ; elasticsearch=3.13%/1.533GiB / 4.804
[19:03:41] host CPU 18.4% RAM 92.8% | GPU 1658MB/9% | kafka=2.24%/875.4MiB / 4.804GiB ; elasticsearch=3.25%/1.533GiB / 4.804
[19:03:46] host CPU 14.3% RAM 92.8% | GPU 1657MB/7% | kafka=2.32%/875.7MiB / 4.804GiB ; elasticsearch=3.21%/1.533GiB / 4.804
[19:03:50] host CPU 13.5% RAM 92.7% | GPU 1658MB/22% | kafka=185.64%/959.9MiB / 4.804GiB ; elasticsearch=2.86%/1.532GiB / 4.8
[19:03:53] host CPU 22.6% RAM 92.7% | GPU 1657MB/7% | kafka=2.11%/873.4MiB / 4.804GiB ; elasticsearch=2.37%/1.532GiB / 4.804
[19:03:58] host CPU 17.7% RAM 92.8% | GPU 1658MB/15% | kafka=2.36%/873.7MiB / 4.804GiB ; elasticsearch=3.20%/1.532GiB / 4.804
[19:04:01] host CPU 18.5% RAM 92.8% | GPU 1658MB/20% | kafka=3.34%/873.5MiB / 4.804GiB ; elasticsearch=4.99%/1.532GiB / 4.804
[19:04:06] host CPU 16.0% RAM 92.7% | GPU 1657MB/31% | kafka=2.48%/873.6MiB / 4.804GiB ; elasticsearch=3.09%/1.532GiB / 4.804
[19:04:10] host CPU 11.4% RAM 92.7% | GPU 1658MB/25% | kafka=2.58%/873.6MiB / 4.804GiB ; elasticsearch=3.11%/1.532GiB / 4.804
[19:04:14] host CPU 21.8% RAM 92.8% | GPU 1657MB/26% | kafka=2.51%/873.7MiB / 4.804GiB ; elasticsearch=3.12%/1.532GiB / 4.804
[19:04:19] host CPU 12.8% RAM 92.8% | GPU 1657MB/6% | kafka=2.41%/873.8MiB / 4.804GiB ; elasticsearch=3.46%/1.532GiB / 4.804
[19:04:22] host CPU 14.4% RAM 92.8% | GPU 1654MB/7% | kafka=87.51%/873.8MiB / 4.804GiB ; elasticsearch=2.82%/1.532GiB / 4.80
[19:04:27] host CPU 24.2% RAM 92.8% | GPU 1657MB/45% | kafka=2.26%/874.1MiB / 4.804GiB ; elasticsearch=3.45%/1.532GiB / 4.804
[19:04:31] host CPU 11.2% RAM 92.6% | GPU 1658MB/29% | kafka=2.52%/873.9MiB / 4.804GiB ; elasticsearch=3.26%/1.532GiB / 4.804
[19:04:36] host CPU 21.8% RAM 92.8% | GPU 1660MB/7% | kafka=2.25%/874MiB / 4.804GiB ; elasticsearch=3.07%/1.532GiB / 4.804Gi
[19:04:40] host CPU 14.2% RAM 92.7% | GPU 1660MB/38% | kafka=2.29%/874MiB / 4.804GiB ; elasticsearch=2.56%/1.532GiB / 4.804Gi
[19:04:43] host CPU 15.9% RAM 92.8% | GPU 1655MB/15% | kafka=160.15%/935MiB / 4.804GiB ; elasticsearch=2.84%/1.532GiB / 4.804
[19:04:48] host CPU 21.0% RAM 92.8% | GPU 1657MB/20% | kafka=2.14%/874.1MiB / 4.804GiB ; elasticsearch=4.83%/1.532GiB / 4.804
[19:04:51] host CPU 13.0% RAM 92.9% | GPU 1658MB/22% | kafka=2.40%/874.1MiB / 4.804GiB ; elasticsearch=13.44%/1.532GiB / 4.80
[19:04:56] host CPU 22.9% RAM 92.9% | GPU 1660MB/25% | kafka=36.93%/874.2MiB / 4.804GiB ; elasticsearch=3.01%/1.532GiB / 4.80
[19:05:00] host CPU 18.2% RAM 92.7% | GPU 1660MB/23% | kafka=2.51%/874.2MiB / 4.804GiB ; elasticsearch=3.29%/1.532GiB / 4.804
[19:05:04] host CPU 15.3% RAM 92.7% | GPU 1657MB/36% | kafka=44.67%/903.9MiB / 4.804GiB ; elasticsearch=3.44%/1.532GiB / 4.80
[19:05:09] host CPU 20.4% RAM 92.8% | GPU 1657MB/29% | kafka=2.53%/874.3MiB / 4.804GiB ; elasticsearch=3.50%/1.532GiB / 4.804
[19:05:12] host CPU 13.1% RAM 92.9% | GPU 1657MB/28% | kafka=2.47%/874.4MiB / 4.804GiB ; elasticsearch=3.29%/1.532GiB / 4.804
[19:05:17] host CPU 18.4% RAM 92.8% | GPU 1660MB/8% | kafka=3.06%/874.4MiB / 4.804GiB ; elasticsearch=3.46%/1.532GiB / 4.804
[19:05:21] host CPU 19.1% RAM 92.8% | GPU 1660MB/7% | kafka=2.19%/874.5MiB / 4.804GiB ; elasticsearch=3.09%/1.532GiB / 4.804
[19:05:26] host CPU 13.4% RAM 92.8% | GPU 1657MB/51% | kafka=2.65%/874.8MiB / 4.804GiB ; elasticsearch=3.49%/1.532GiB / 4.804
[19:05:30] host CPU 19.2% RAM 92.8% | GPU 1658MB/41% | kafka=2.64%/874.6MiB / 4.804GiB ; elasticsearch=3.25%/1.532GiB / 4.804
[19:05:33] host CPU 15.8% RAM 92.7% | GPU 1655MB/24% | kafka=2.37%/874.6MiB / 4.804GiB ; elasticsearch=3.33%/1.532GiB / 4.804
[19:05:38] host CPU 15.2% RAM 92.8% | GPU 1657MB/29% | kafka=78.74%/874.1MiB / 4.804GiB ; elasticsearch=2.99%/1.532GiB / 4.80
[19:05:42] host CPU 19.6% RAM 92.9% | GPU 1658MB/20% | kafka=7.88%/875.4MiB / 4.804GiB ; elasticsearch=3.20%/1.532GiB / 4.804
[19:05:46] host CPU 17.0% RAM 92.9% | GPU 1660MB/10% | kafka=2.33%/875.2MiB / 4.804GiB ; elasticsearch=3.21%/1.532GiB / 4.804
[19:05:50] host CPU 20.6% RAM 93.0% | GPU 1660MB/10% | kafka=2.68%/875.5MiB / 4.804GiB ; elasticsearch=3.56%/1.532GiB / 4.804
[19:05:54] host CPU 14.4% RAM 93.0% | GPU 1657MB/40% | kafka=2.35%/875.3MiB / 4.804GiB ; elasticsearch=3.47%/1.532GiB / 4.804
[19:05:59] host CPU 13.9% RAM 92.8% | GPU 1657MB/35% | kafka=168.74%/940.2MiB / 4.804GiB ; elasticsearch=2.72%/1.532GiB / 4.8
[19:06:02] host CPU 21.1% RAM 93.0% | GPU 1657MB/51% | kafka=2.16%/875.4MiB / 4.804GiB ; elasticsearch=3.22%/1.532GiB / 4.804
[19:06:07] host CPU 15.4% RAM 92.8% | GPU 1660MB/40% | kafka=2.41%/875.4MiB / 4.804GiB ; elasticsearch=2.93%/1.532GiB / 4.804
[19:06:11] host CPU 16.3% RAM 92.9% | GPU 1660MB/36% | kafka=2.24%/875.5MiB / 4.804GiB ; elasticsearch=3.47%/1.532GiB / 4.804
[19:06:16] host CPU 17.2% RAM 92.9% | GPU 1660MB/34% | kafka=2.27%/875.5MiB / 4.804GiB ; elasticsearch=3.15%/1.532GiB / 4.804
[19:06:20] host CPU 14.4% RAM 92.8% | GPU 1660MB/41% | kafka=84.94%/913MiB / 4.804GiB ; elasticsearch=3.12%/1.532GiB / 4.804G
[19:06:23] host CPU 24.3% RAM 92.9% | GPU 1659MB/7% | kafka=2.45%/875.6MiB / 4.804GiB ; elasticsearch=3.12%/1.532GiB / 4.804
[19:06:28] host CPU 15.4% RAM 93.0% | GPU 1660MB/8% | kafka=2.34%/875.7MiB / 4.804GiB ; elasticsearch=3.25%/1.532GiB / 4.804
[19:06:32] host CPU 16.9% RAM 92.8% | GPU 1660MB/37% | kafka=111.21%/949.9MiB / 4.804GiB ; elasticsearch=3.37%/1.532GiB / 4.8
[19:06:36] host CPU 20.4% RAM 92.9% | GPU 1660MB/7% | kafka=2.48%/875.8MiB / 4.804GiB ; elasticsearch=3.34%/1.532GiB / 4.804
[19:06:40] host CPU 12.7% RAM 92.9% | GPU 1660MB/42% | kafka=3.02%/876.1MiB / 4.804GiB ; elasticsearch=3.67%/1.532GiB / 4.804
[19:06:44] host CPU 22.5% RAM 91.7% | GPU 1658MB/20% | kafka=1.68%/876.1MiB / 4.804GiB ; elasticsearch=0.55%/1.532GiB / 4.804
