Sampling every 2s for 5000s -> F:\hate-speech-pipeline\reports\scaling\20260924-000332_p4_c4_r3\resource_WIX.csv
Run your load (throughput_bench.py / a live stream) now in another terminal.

[00:03:38] host CPU 100.0% RAM 77.8% | GPU 167MB/15% | kafka=1.11%/514.1MiB / 4.804GiB ; elasticsearch=3.24%/1.55GiB / 4.804G
[00:03:43] host CPU 65.7% RAM 86.6% | GPU 157MB/1% | kafka=168.81%/588.1MiB / 4.804GiB ; elasticsearch=0.68%/1.55GiB / 4.80
[00:03:48] host CPU 77.3% RAM 88.7% | GPU 158MB/2% | kafka=1.31%/514.1MiB / 4.804GiB ; elasticsearch=4.13%/1.55GiB / 4.804G
[00:03:52] host CPU 56.3% RAM 92.1% | GPU 161MB/4% | kafka=1.01%/514.1MiB / 4.804GiB ; elasticsearch=0.59%/1.55GiB / 4.804G
[00:03:57] host CPU 8.9% RAM 92.2% | GPU 152MB/2% | kafka=1.37%/514.1MiB / 4.804GiB ; elasticsearch=24.70%/1.55GiB / 4.804
[00:04:00] host CPU 35.2% RAM 93.9% | GPU 159MB/2% | kafka=1.10%/514.1MiB / 4.804GiB ; elasticsearch=11.77%/1.551GiB / 4.80
[00:04:05] host CPU 41.1% RAM 94.0% | GPU 159MB/1% | kafka=141.13%/584.3MiB / 4.804GiB ; elasticsearch=9.67%/1.551GiB / 4.8
[00:04:09] host CPU 52.4% RAM 94.1% | GPU 155MB/1% | kafka=1.13%/514.2MiB / 4.804GiB ; elasticsearch=10.68%/1.551GiB / 4.80
[00:04:14] host CPU 39.3% RAM 93.9% | GPU 160MB/3% | kafka=1.42%/514.2MiB / 4.804GiB ; elasticsearch=11.24%/1.551GiB / 4.80
[00:04:18] host CPU 51.0% RAM 94.0% | GPU 156MB/3% | kafka=69.58%/514.2MiB / 4.804GiB ; elasticsearch=17.57%/1.551GiB / 4.8
[00:04:23] host CPU 46.7% RAM 94.0% | GPU 161MB/2% | kafka=1.34%/514.2MiB / 4.804GiB ; elasticsearch=11.17%/1.551GiB / 4.80
[00:04:28] host CPU 39.4% RAM 94.0% | GPU 156MB/2% | kafka=175.96%/553.3MiB / 4.804GiB ; elasticsearch=8.18%/1.551GiB / 4.8
[00:04:32] host CPU 53.8% RAM 94.0% | GPU 163MB/3% | kafka=1.22%/514.2MiB / 4.804GiB ; elasticsearch=8.38%/1.551GiB / 4.804
[00:04:37] host CPU 39.6% RAM 94.0% | GPU 154MB/2% | kafka=0.91%/514.2MiB / 4.804GiB ; elasticsearch=8.23%/1.551GiB / 4.804
[00:04:41] host CPU 43.0% RAM 93.7% | GPU 156MB/3% | kafka=175.92%/572.8MiB / 4.804GiB ; elasticsearch=8.00%/1.551GiB / 4.8
[00:04:46] host CPU 56.0% RAM 94.0% | GPU 153MB/2% | kafka=1.19%/514.2MiB / 4.804GiB ; elasticsearch=8.46%/1.551GiB / 4.804
[00:04:50] host CPU 46.0% RAM 94.3% | GPU 154MB/2% | kafka=2.27%/514.2MiB / 4.804GiB ; elasticsearch=8.15%/1.551GiB / 4.804
[00:04:55] host CPU 58.2% RAM 94.2% | GPU 158MB/5% | kafka=68.06%/514.2MiB / 4.804GiB ; elasticsearch=8.34%/1.551GiB / 4.80
[00:04:59] host CPU 45.1% RAM 94.3% | GPU 156MB/6% | kafka=1.23%/514.2MiB / 4.804GiB ; elasticsearch=9.00%/1.551GiB / 4.804
[00:05:04] host CPU 39.5% RAM 94.3% | GPU 160MB/2% | kafka=159.28%/551.3MiB / 4.804GiB ; elasticsearch=6.80%/1.551GiB / 4.8
[00:05:08] host CPU 63.3% RAM 94.1% | GPU 155MB/3% | kafka=1.01%/514.2MiB / 4.804GiB ; elasticsearch=9.31%/1.551GiB / 4.804
[00:05:13] host CPU 41.5% RAM 94.0% | GPU 161MB/1% | kafka=1.22%/514.2MiB / 4.804GiB ; elasticsearch=7.69%/1.552GiB / 4.804
[00:05:18] host CPU 46.5% RAM 94.0% | GPU 155MB/2% | kafka=181.27%/577MiB / 4.804GiB ; elasticsearch=8.25%/1.551GiB / 4.804
[00:05:22] host CPU 54.1% RAM 94.1% | GPU 162MB/3% | kafka=1.00%/512.4MiB / 4.804GiB ; elasticsearch=8.64%/1.551GiB / 4.804
[00:05:27] host CPU 38.9% RAM 94.2% | GPU 156MB/2% | kafka=1.36%/512.4MiB / 4.804GiB ; elasticsearch=7.96%/1.551GiB / 4.804
[00:05:31] host CPU 52.6% RAM 94.0% | GPU 158MB/2% | kafka=57.53%/512.4MiB / 4.804GiB ; elasticsearch=8.17%/1.551GiB / 4.80
[00:05:36] host CPU 40.7% RAM 94.1% | GPU 154MB/5% | kafka=1.02%/512.4MiB / 4.804GiB ; elasticsearch=8.31%/1.551GiB / 4.804
[00:05:40] host CPU 39.7% RAM 94.2% | GPU 155MB/5% | kafka=119.76%/544.6MiB / 4.804GiB ; elasticsearch=9.43%/1.551GiB / 4.8
[00:05:45] host CPU 56.7% RAM 94.2% | GPU 161MB/2% | kafka=0.81%/512.4MiB / 4.804GiB ; elasticsearch=8.29%/1.551GiB / 4.804
[00:05:49] host CPU 43.7% RAM 94.0% | GPU 152MB/1% | kafka=1.08%/512.4MiB / 4.804GiB ; elasticsearch=7.53%/1.551GiB / 4.804
[00:05:54] host CPU 43.6% RAM 94.2% | GPU 157MB/3% | kafka=181.41%/563.2MiB / 4.804GiB ; elasticsearch=9.92%/1.551GiB / 4.8
[00:05:59] host CPU 50.5% RAM 94.1% | GPU 155MB/2% | kafka=1.02%/512.4MiB / 4.804GiB ; elasticsearch=8.93%/1.551GiB / 4.804
[00:06:02] host CPU 41.3% RAM 94.2% | GPU 162MB/1% | kafka=1.18%/512.4MiB / 4.804GiB ; elasticsearch=7.94%/1.551GiB / 4.804
[00:06:07] host CPU 48.7% RAM 94.2% | GPU 155MB/6% | kafka=2.21%/512.4MiB / 4.804GiB ; elasticsearch=8.25%/1.551GiB / 4.804
[00:06:11] host CPU 48.3% RAM 94.1% | GPU 154MB/6% | kafka=1.37%/512.4MiB / 4.804GiB ; elasticsearch=7.36%/1.551GiB / 4.804
[00:06:15] host CPU 37.3% RAM 94.1% | GPU 154MB/1% | kafka=1.36%/512.4MiB / 4.804GiB ; elasticsearch=8.82%/1.551GiB / 4.804
[00:06:19] host CPU 50.2% RAM 94.3% | GPU 154MB/1% | kafka=1.10%/512.4MiB / 4.804GiB ; elasticsearch=8.90%/1.551GiB / 4.804
[00:06:24] host CPU 39.8% RAM 94.1% | GPU 160MB/2% | kafka=1.03%/512.4MiB / 4.804GiB ; elasticsearch=7.96%/1.551GiB / 4.804
[00:06:29] host CPU 39.6% RAM 94.0% | GPU 157MB/2% | kafka=17.34%/523.4MiB / 4.804GiB ; elasticsearch=8.83%/1.551GiB / 4.80
[00:06:33] host CPU 54.7% RAM 94.1% | GPU 161MB/3% | kafka=1.09%/512.4MiB / 4.804GiB ; elasticsearch=10.57%/1.551GiB / 4.80
[00:06:38] host CPU 40.7% RAM 94.1% | GPU 154MB/3% | kafka=1.10%/512.4MiB / 4.804GiB ; elasticsearch=9.28%/1.551GiB / 4.804
[00:06:42] host CPU 44.1% RAM 94.1% | GPU 155MB/4% | kafka=183.58%/578.3MiB / 4.804GiB ; elasticsearch=43.83%/1.552GiB / 4.
[00:06:47] host CPU 50.5% RAM 94.1% | GPU 153MB/2% | kafka=1.16%/513MiB / 4.804GiB ; elasticsearch=8.96%/1.551GiB / 4.804Gi
[00:06:51] host CPU 44.6% RAM 94.1% | GPU 154MB/2% | kafka=1.41%/513MiB / 4.804GiB ; elasticsearch=8.83%/1.551GiB / 4.804Gi
[00:06:55] host CPU 53.8% RAM 94.2% | GPU 161MB/2% | kafka=1.31%/513.1MiB / 4.804GiB ; elasticsearch=8.71%/1.551GiB / 4.804
[00:06:59] host CPU 42.2% RAM 94.4% | GPU 157MB/2% | kafka=1.25%/513.1MiB / 4.804GiB ; elasticsearch=8.58%/1.551GiB / 4.804
[00:07:04] host CPU 39.8% RAM 94.2% | GPU 163MB/3% | kafka=95.99%/545.4MiB / 4.804GiB ; elasticsearch=8.29%/1.551GiB / 4.80
[00:07:09] host CPU 54.0% RAM 94.2% | GPU 152MB/6% | kafka=0.96%/513.1MiB / 4.804GiB ; elasticsearch=8.18%/1.552GiB / 4.804
[00:07:13] host CPU 41.0% RAM 94.3% | GPU 154MB/5% | kafka=1.12%/514.8MiB / 4.804GiB ; elasticsearch=8.78%/1.551GiB / 4.804
[00:07:18] host CPU 41.2% RAM 94.3% | GPU 155MB/2% | kafka=189.58%/575.6MiB / 4.804GiB ; elasticsearch=10.56%/1.551GiB / 4.
[00:07:22] host CPU 52.2% RAM 94.3% | GPU 161MB/3% | kafka=1.10%/514.8MiB / 4.804GiB ; elasticsearch=8.91%/1.552GiB / 4.804
[00:07:27] host CPU 38.3% RAM 94.3% | GPU 154MB/2% | kafka=0.92%/514.8MiB / 4.804GiB ; elasticsearch=8.32%/1.552GiB / 4.804
[00:07:32] host CPU 54.0% RAM 94.1% | GPU 153MB/2% | kafka=1.25%/514.8MiB / 4.804GiB ; elasticsearch=9.31%/1.551GiB / 4.804
[00:07:36] host CPU 43.4% RAM 93.7% | GPU 152MB/2% | kafka=1.28%/514.8MiB / 4.804GiB ; elasticsearch=8.20%/1.551GiB / 4.804
[00:07:40] host CPU 38.8% RAM 94.1% | GPU 152MB/2% | kafka=152.94%/550.8MiB / 4.804GiB ; elasticsearch=8.94%/1.551GiB / 4.8
[00:07:45] host CPU 58.0% RAM 94.1% | GPU 155MB/2% | kafka=1.17%/514.8MiB / 4.804GiB ; elasticsearch=8.40%/1.552GiB / 4.804
[00:07:49] host CPU 38.4% RAM 94.1% | GPU 154MB/5% | kafka=0.97%/514.8MiB / 4.804GiB ; elasticsearch=7.82%/1.552GiB / 4.804
[00:07:54] host CPU 51.5% RAM 94.2% | GPU 157MB/4% | kafka=195.82%/563MiB / 4.804GiB ; elasticsearch=7.82%/1.551GiB / 4.804
[00:07:59] host CPU 55.1% RAM 94.2% | GPU 152MB/2% | kafka=1.07%/514.8MiB / 4.804GiB ; elasticsearch=10.24%/1.551GiB / 4.80
[00:08:03] host CPU 42.6% RAM 94.1% | GPU 156MB/3% | kafka=1.41%/514.8MiB / 4.804GiB ; elasticsearch=8.09%/1.551GiB / 4.804
[00:08:08] host CPU 52.4% RAM 94.2% | GPU 156MB/3% | kafka=34.27%/514.9MiB / 4.804GiB ; elasticsearch=44.21%/1.552GiB / 4.8
[00:08:12] host CPU 47.9% RAM 94.1% | GPU 160MB/3% | kafka=1.44%/514.9MiB / 4.804GiB ; elasticsearch=9.33%/1.552GiB / 4.804
[00:08:17] host CPU 40.6% RAM 94.1% | GPU 154MB/2% | kafka=178.77%/566.1MiB / 4.804GiB ; elasticsearch=8.16%/1.551GiB / 4.8
[00:08:21] host CPU 55.7% RAM 94.2% | GPU 161MB/2% | kafka=1.23%/514.9MiB / 4.804GiB ; elasticsearch=8.54%/1.551GiB / 4.804
[00:08:25] host CPU 38.1% RAM 94.2% | GPU 161MB/5% | kafka=1.42%/514.9MiB / 4.804GiB ; elasticsearch=5.77%/1.552GiB / 4.804
[00:08:29] host CPU 30.2% RAM 94.5% | GPU 151MB/2% | kafka=168.13%/581.4MiB / 4.804GiB ; elasticsearch=6.16%/1.551GiB / 4.8
[00:08:34] host CPU 39.8% RAM 94.2% | GPU 154MB/2% | kafka=1.85%/515MiB / 4.804GiB ; elasticsearch=17.87%/1.552GiB / 4.804G
