Sampling every 2s for 5000s -> F:\hate-speech-pipeline\reports\scaling\20260923-234455_p2_c2_r3\resource_WIX.csv
Run your load (throughput_bench.py / a live stream) now in another terminal.

[23:45:01] host CPU 0.0% RAM 86.3% | GPU 150MB/2% | kafka=0.75%/505.5MiB / 4.804GiB ; elasticsearch=0.77%/1.538GiB / 4.804
[23:45:07] host CPU 53.5% RAM 95.6% | GPU 151MB/0% | kafka=1.25%/505.5MiB / 4.804GiB ; elasticsearch=0.66%/1.538GiB / 4.804
[23:45:12] host CPU 90.5% RAM 98.9% | GPU 146MB/0% | kafka=4.79%/505.5MiB / 4.804GiB ; elasticsearch=0.96%/1.538GiB / 4.804
[23:45:17] host CPU 99.5% RAM 99.3% | GPU 129MB/0% | kafka=1.09%/505.5MiB / 4.804GiB ; elasticsearch=0.73%/1.538GiB / 4.804
[23:45:22] host CPU 64.0% RAM 96.0% | GPU 129MB/0% | kafka=144.19%/577.5MiB / 4.804GiB ; elasticsearch=2.03%/1.538GiB / 4.8
[23:45:26] host CPU 34.7% RAM 96.1% | GPU 129MB/0% | kafka=1.03%/505.5MiB / 4.804GiB ; elasticsearch=0.44%/1.538GiB / 4.804
[23:45:30] host CPU 15.3% RAM 97.1% | GPU 129MB/0% | kafka=0.73%/505.6MiB / 4.804GiB ; elasticsearch=8.24%/1.539GiB / 4.804
[23:45:34] host CPU 29.4% RAM 97.0% | GPU 129MB/0% | kafka=38.06%/505.6MiB / 4.804GiB ; elasticsearch=6.25%/1.539GiB / 4.80
[23:45:38] host CPU 30.1% RAM 96.9% | GPU 129MB/0% | kafka=0.77%/505.6MiB / 4.804GiB ; elasticsearch=6.47%/1.539GiB / 4.804
[23:45:43] host CPU 21.1% RAM 96.7% | GPU 129MB/0% | kafka=79.36%/540.1MiB / 4.804GiB ; elasticsearch=23.82%/1.539GiB / 4.8
[23:45:47] host CPU 29.8% RAM 96.2% | GPU 129MB/0% | kafka=0.96%/505.6MiB / 4.804GiB ; elasticsearch=5.41%/1.54GiB / 4.804G
[23:45:52] host CPU 22.1% RAM 96.0% | GPU 129MB/0% | kafka=0.83%/505.6MiB / 4.804GiB ; elasticsearch=6.56%/1.544GiB / 4.804
[23:45:56] host CPU 26.4% RAM 96.0% | GPU 129MB/0% | kafka=46.71%/505.6MiB / 4.804GiB ; elasticsearch=4.55%/1.539GiB / 4.80
[23:46:00] host CPU 23.3% RAM 96.2% | GPU 129MB/0% | kafka=0.93%/505.6MiB / 4.804GiB ; elasticsearch=6.89%/1.539GiB / 4.804
[23:46:05] host CPU 54.9% RAM 97.3% | GPU 129MB/0% | kafka=1.74%/505.6MiB / 4.804GiB ; elasticsearch=3.34%/1.539GiB / 4.804
[23:46:09] host CPU 53.0% RAM 97.5% | GPU 129MB/0% | kafka=1.48%/505.6MiB / 4.804GiB ; elasticsearch=6.36%/1.539GiB / 4.804
[23:46:14] host CPU 31.1% RAM 96.3% | GPU 129MB/0% | kafka=0.95%/505.6MiB / 4.804GiB ; elasticsearch=4.06%/1.539GiB / 4.804
[23:46:18] host CPU 22.9% RAM 96.2% | GPU 129MB/0% | kafka=2.09%/505.6MiB / 4.804GiB ; elasticsearch=5.52%/1.539GiB / 4.804
[23:46:23] host CPU 37.8% RAM 86.4% | GPU 155MB/4% | kafka=0.97%/505.6MiB / 4.804GiB ; elasticsearch=3.87%/1.539GiB / 4.804
[23:46:27] host CPU 26.6% RAM 86.3% | GPU 150MB/1% | kafka=126.67%/550.3MiB / 4.804GiB ; elasticsearch=5.09%/1.538GiB / 4.8
[23:46:32] host CPU 31.2% RAM 86.1% | GPU 134MB/2% | kafka=0.84%/505.6MiB / 4.804GiB ; elasticsearch=4.33%/1.539GiB / 4.804
[23:46:36] host CPU 19.5% RAM 85.8% | GPU 129MB/1% | kafka=0.89%/505.6MiB / 4.804GiB ; elasticsearch=4.36%/1.539GiB / 4.804
[23:46:40] host CPU 27.4% RAM 85.7% | GPU 129MB/2% | kafka=40.61%/505.6MiB / 4.804GiB ; elasticsearch=4.15%/1.538GiB / 4.80
[23:46:45] host CPU 24.4% RAM 85.8% | GPU 129MB/2% | kafka=0.86%/505.6MiB / 4.804GiB ; elasticsearch=3.88%/1.539GiB / 4.804
[23:46:48] host CPU 21.1% RAM 86.1% | GPU 129MB/2% | kafka=0.88%/505.6MiB / 4.804GiB ; elasticsearch=4.10%/1.538GiB / 4.804
[23:46:53] host CPU 31.0% RAM 85.9% | GPU 129MB/2% | kafka=0.72%/505.6MiB / 4.804GiB ; elasticsearch=4.84%/1.538GiB / 4.804
[23:46:57] host CPU 17.5% RAM 86.0% | GPU 129MB/2% | kafka=0.88%/505.6MiB / 4.804GiB ; elasticsearch=3.71%/1.539GiB / 4.804
[23:47:02] host CPU 20.9% RAM 85.9% | GPU 129MB/2% | kafka=175.54%/558.2MiB / 4.804GiB ; elasticsearch=3.93%/1.539GiB / 4.8
[23:47:06] host CPU 31.8% RAM 85.9% | GPU 136MB/18% | kafka=1.02%/505.6MiB / 4.804GiB ; elasticsearch=4.45%/1.539GiB / 4.804
[23:47:10] host CPU 23.5% RAM 85.9% | GPU 139MB/10% | kafka=0.92%/505.6MiB / 4.804GiB ; elasticsearch=3.76%/1.539GiB / 4.804
[23:47:15] host CPU 42.2% RAM 86.3% | GPU 176MB/8% | kafka=1.28%/505.6MiB / 4.804GiB ; elasticsearch=7.02%/1.539GiB / 4.804
[23:47:18] host CPU 26.0% RAM 86.3% | GPU 176MB/2% | kafka=1.15%/505.6MiB / 4.804GiB ; elasticsearch=4.82%/1.539GiB / 4.804
[23:47:23] host CPU 32.6% RAM 87.0% | GPU 182MB/6% | kafka=107.40%/540.3MiB / 4.804GiB ; elasticsearch=4.84%/1.539GiB / 4.8
[23:47:27] host CPU 35.8% RAM 87.2% | GPU 183MB/2% | kafka=1.13%/505.6MiB / 4.804GiB ; elasticsearch=4.10%/1.539GiB / 4.804
[23:47:32] host CPU 21.9% RAM 87.4% | GPU 189MB/3% | kafka=1.01%/505.6MiB / 4.804GiB ; elasticsearch=4.38%/1.539GiB / 4.804
[23:47:36] host CPU 24.2% RAM 86.7% | GPU 177MB/1% | kafka=117.63%/591MiB / 4.804GiB ; elasticsearch=4.18%/1.539GiB / 4.804
[23:47:40] host CPU 24.5% RAM 86.8% | GPU 174MB/1% | kafka=1.02%/505.6MiB / 4.804GiB ; elasticsearch=4.37%/1.539GiB / 4.804
[23:47:45] host CPU 21.5% RAM 86.7% | GPU 175MB/2% | kafka=0.95%/505.6MiB / 4.804GiB ; elasticsearch=4.06%/1.539GiB / 4.804
[23:47:48] host CPU 28.3% RAM 86.9% | GPU 179MB/2% | kafka=0.93%/505.9MiB / 4.804GiB ; elasticsearch=5.28%/1.539GiB / 4.804
[23:47:53] host CPU 22.5% RAM 86.8% | GPU 185MB/6% | kafka=0.70%/505.9MiB / 4.804GiB ; elasticsearch=4.23%/1.539GiB / 4.804
[23:47:57] host CPU 16.8% RAM 86.8% | GPU 181MB/2% | kafka=148.49%/579MiB / 4.804GiB ; elasticsearch=4.00%/1.539GiB / 4.804
[23:48:02] host CPU 29.4% RAM 86.8% | GPU 173MB/3% | kafka=0.83%/505.9MiB / 4.804GiB ; elasticsearch=5.49%/1.539GiB / 4.804
[23:48:06] host CPU 20.7% RAM 86.7% | GPU 174MB/2% | kafka=0.70%/505.9MiB / 4.804GiB ; elasticsearch=4.28%/1.539GiB / 4.804
[23:48:10] host CPU 29.0% RAM 86.8% | GPU 180MB/2% | kafka=0.89%/507.6MiB / 4.804GiB ; elasticsearch=7.04%/1.539GiB / 4.804
[23:48:15] host CPU 23.9% RAM 86.8% | GPU 180MB/1% | kafka=0.68%/507.6MiB / 4.804GiB ; elasticsearch=45.00%/1.545GiB / 4.80
[23:48:18] host CPU 25.3% RAM 86.9% | GPU 170MB/1% | kafka=86.18%/544.6MiB / 4.804GiB ; elasticsearch=4.09%/1.543GiB / 4.80
[23:48:23] host CPU 32.4% RAM 86.9% | GPU 169MB/6% | kafka=0.99%/507.6MiB / 4.804GiB ; elasticsearch=4.43%/1.543GiB / 4.804
[23:48:27] host CPU 16.0% RAM 86.7% | GPU 169MB/2% | kafka=0.98%/507.6MiB / 4.804GiB ; elasticsearch=4.92%/1.543GiB / 4.804
[23:48:32] host CPU 26.7% RAM 86.8% | GPU 176MB/4% | kafka=0.80%/507.6MiB / 4.804GiB ; elasticsearch=4.18%/1.544GiB / 4.804
[23:48:36] host CPU 22.0% RAM 86.7% | GPU 177MB/1% | kafka=0.84%/507.6MiB / 4.804GiB ; elasticsearch=4.93%/1.543GiB / 4.804
[23:48:40] host CPU 22.4% RAM 86.4% | GPU 169MB/1% | kafka=12.46%/519.4MiB / 4.804GiB ; elasticsearch=4.33%/1.543GiB / 4.80
[23:48:45] host CPU 33.3% RAM 86.8% | GPU 169MB/5% | kafka=0.90%/507.6MiB / 4.804GiB ; elasticsearch=4.25%/1.543GiB / 4.804
[23:48:48] host CPU 20.4% RAM 87.0% | GPU 170MB/6% | kafka=0.67%/507.6MiB / 4.804GiB ; elasticsearch=4.38%/1.543GiB / 4.804
[23:48:53] host CPU 22.0% RAM 86.8% | GPU 175MB/2% | kafka=153.93%/558.8MiB / 4.804GiB ; elasticsearch=3.74%/1.543GiB / 4.8
[23:48:57] host CPU 23.7% RAM 86.8% | GPU 175MB/2% | kafka=0.72%/506.8MiB / 4.804GiB ; elasticsearch=4.04%/1.543GiB / 4.804
[23:49:02] host CPU 21.5% RAM 86.8% | GPU 170MB/3% | kafka=1.02%/506.8MiB / 4.804GiB ; elasticsearch=3.85%/1.543GiB / 4.804
[23:49:06] host CPU 27.0% RAM 86.9% | GPU 170MB/2% | kafka=0.76%/506.8MiB / 4.804GiB ; elasticsearch=4.34%/1.543GiB / 4.804
[23:49:10] host CPU 19.4% RAM 86.6% | GPU 174MB/2% | kafka=0.84%/506.8MiB / 4.804GiB ; elasticsearch=12.27%/1.543GiB / 4.80
[23:49:15] host CPU 22.2% RAM 86.6% | GPU 174MB/5% | kafka=75.13%/539.7MiB / 4.804GiB ; elasticsearch=3.96%/1.543GiB / 4.80
[23:49:18] host CPU 33.5% RAM 87.0% | GPU 174MB/6% | kafka=1.04%/506.8MiB / 4.804GiB ; elasticsearch=3.80%/1.543GiB / 4.804
[23:49:23] host CPU 23.8% RAM 86.9% | GPU 173MB/3% | kafka=1.03%/506.8MiB / 4.804GiB ; elasticsearch=3.90%/1.543GiB / 4.804
[23:49:28] host CPU 25.9% RAM 87.0% | GPU 172MB/2% | kafka=0.94%/506.8MiB / 4.804GiB ; elasticsearch=3.99%/1.543GiB / 4.804
[23:49:32] host CPU 22.5% RAM 87.1% | GPU 179MB/2% | kafka=5.22%/506.8MiB / 4.804GiB ; elasticsearch=4.24%/1.543GiB / 4.804
[23:49:37] host CPU 21.5% RAM 87.0% | GPU 179MB/2% | kafka=161.30%/559.7MiB / 4.804GiB ; elasticsearch=3.85%/1.543GiB / 4.8
[23:49:40] host CPU 28.3% RAM 87.0% | GPU 180MB/2% | kafka=1.05%/506.8MiB / 4.804GiB ; elasticsearch=4.44%/1.543GiB / 4.804
[23:49:45] host CPU 21.1% RAM 87.0% | GPU 167MB/6% | kafka=0.90%/506.8MiB / 4.804GiB ; elasticsearch=3.64%/1.543GiB / 4.804
[23:49:48] host CPU 22.3% RAM 87.2% | GPU 170MB/2% | kafka=120.63%/580.8MiB / 4.804GiB ; elasticsearch=3.72%/1.543GiB / 4.8
[23:49:53] host CPU 27.4% RAM 87.1% | GPU 173MB/3% | kafka=0.94%/506.8MiB / 4.804GiB ; elasticsearch=7.27%/1.544GiB / 4.804
[23:49:57] host CPU 16.4% RAM 87.0% | GPU 173MB/1% | kafka=0.75%/506.8MiB / 4.804GiB ; elasticsearch=3.60%/1.543GiB / 4.804
[23:50:02] host CPU 29.4% RAM 87.1% | GPU 175MB/3% | kafka=0.89%/506.8MiB / 4.804GiB ; elasticsearch=3.89%/1.544GiB / 4.804
[23:50:06] host CPU 19.2% RAM 87.1% | GPU 169MB/1% | kafka=0.73%/506.8MiB / 4.804GiB ; elasticsearch=4.42%/1.543GiB / 4.804
[23:50:10] host CPU 20.5% RAM 86.8% | GPU 172MB/3% | kafka=176.83%/573MiB / 4.804GiB ; elasticsearch=7.09%/1.545GiB / 4.804
[23:50:15] host CPU 29.7% RAM 87.1% | GPU 173MB/1% | kafka=0.73%/506.8MiB / 4.804GiB ; elasticsearch=3.76%/1.543GiB / 4.804
[23:50:18] host CPU 23.3% RAM 87.2% | GPU 173MB/2% | kafka=0.97%/506.8MiB / 4.804GiB ; elasticsearch=3.98%/1.544GiB / 4.804
[23:50:23] host CPU 28.9% RAM 87.1% | GPU 173MB/2% | kafka=1.29%/507.2MiB / 4.804GiB ; elasticsearch=3.95%/1.543GiB / 4.804
[23:50:28] host CPU 21.7% RAM 87.0% | GPU 166MB/2% | kafka=0.92%/507.2MiB / 4.804GiB ; elasticsearch=4.06%/1.543GiB / 4.804
[23:50:32] host CPU 20.4% RAM 87.1% | GPU 172MB/2% | kafka=161.85%/562.4MiB / 4.804GiB ; elasticsearch=3.59%/1.543GiB / 4.8
[23:50:37] host CPU 29.6% RAM 87.1% | GPU 173MB/2% | kafka=0.89%/507.3MiB / 4.804GiB ; elasticsearch=4.08%/1.544GiB / 4.804
[23:50:40] host CPU 22.3% RAM 86.7% | GPU 180MB/1% | kafka=1.07%/507.3MiB / 4.804GiB ; elasticsearch=4.08%/1.543GiB / 4.804
[23:50:45] host CPU 25.2% RAM 86.8% | GPU 178MB/1% | kafka=121.43%/582.8MiB / 4.804GiB ; elasticsearch=3.60%/1.543GiB / 4.8
[23:50:48] host CPU 24.6% RAM 87.3% | GPU 168MB/1% | kafka=0.80%/508.8MiB / 4.804GiB ; elasticsearch=4.14%/1.544GiB / 4.804
[23:50:53] host CPU 22.0% RAM 87.2% | GPU 171MB/3% | kafka=0.86%/508.8MiB / 4.804GiB ; elasticsearch=4.18%/1.544GiB / 4.804
[23:50:57] host CPU 24.6% RAM 87.1% | GPU 172MB/2% | kafka=0.78%/508.8MiB / 4.804GiB ; elasticsearch=3.94%/1.543GiB / 4.804
[23:51:02] host CPU 21.4% RAM 87.1% | GPU 175MB/3% | kafka=1.09%/508.8MiB / 4.804GiB ; elasticsearch=4.02%/1.544GiB / 4.804
[23:51:07] host CPU 22.0% RAM 86.6% | GPU 172MB/5% | kafka=22.51%/508.8MiB / 4.804GiB ; elasticsearch=7.49%/1.543GiB / 4.80
[23:51:10] host CPU 26.9% RAM 87.0% | GPU 170MB/6% | kafka=0.87%/508.8MiB / 4.804GiB ; elasticsearch=3.87%/1.544GiB / 4.804
[23:51:15] host CPU 20.1% RAM 87.0% | GPU 170MB/2% | kafka=0.94%/508.8MiB / 4.804GiB ; elasticsearch=3.76%/1.544GiB / 4.804
[23:51:19] host CPU 39.9% RAM 87.3% | GPU 170MB/2% | kafka=0.98%/508.8MiB / 4.804GiB ; elasticsearch=3.90%/1.543GiB / 4.804
[23:51:23] host CPU 22.9% RAM 87.2% | GPU 177MB/3% | kafka=0.86%/508.8MiB / 4.804GiB ; elasticsearch=4.24%/1.543GiB / 4.804
[23:51:28] host CPU 20.4% RAM 87.2% | GPU 173MB/2% | kafka=158.85%/562MiB / 4.804GiB ; elasticsearch=3.69%/1.543GiB / 4.804
[23:51:32] host CPU 29.2% RAM 87.3% | GPU 165MB/3% | kafka=0.87%/508.8MiB / 4.804GiB ; elasticsearch=3.79%/1.544GiB / 4.804
[23:51:37] host CPU 21.3% RAM 87.2% | GPU 166MB/5% | kafka=0.83%/509MiB / 4.804GiB ; elasticsearch=3.75%/1.544GiB / 4.804Gi
[23:51:40] host CPU 28.4% RAM 87.2% | GPU 173MB/5% | kafka=1.99%/508.8MiB / 4.804GiB ; elasticsearch=3.61%/1.544GiB / 4.804
[23:51:45] host CPU 24.1% RAM 87.2% | GPU 173MB/2% | kafka=0.92%/508.8MiB / 4.804GiB ; elasticsearch=3.86%/1.544GiB / 4.804
[23:51:49] host CPU 20.5% RAM 87.3% | GPU 173MB/2% | kafka=0.75%/508.8MiB / 4.804GiB ; elasticsearch=4.02%/1.543GiB / 4.804
[23:51:53] host CPU 31.0% RAM 87.3% | GPU 169MB/2% | kafka=0.71%/508.8MiB / 4.804GiB ; elasticsearch=4.31%/1.543GiB / 4.804
[23:51:58] host CPU 17.4% RAM 87.2% | GPU 170MB/1% | kafka=0.70%/508.8MiB / 4.804GiB ; elasticsearch=4.69%/1.544GiB / 4.804
[23:52:02] host CPU 19.8% RAM 87.2% | GPU 174MB/4% | kafka=78.84%/508.8MiB / 4.804GiB ; elasticsearch=5.72%/1.544GiB / 4.80
[23:52:07] host CPU 29.0% RAM 87.2% | GPU 174MB/4% | kafka=0.68%/508.8MiB / 4.804GiB ; elasticsearch=3.78%/1.543GiB / 4.804
[23:52:10] host CPU 20.3% RAM 87.0% | GPU 171MB/2% | kafka=0.78%/508.8MiB / 4.804GiB ; elasticsearch=4.06%/1.544GiB / 4.804
[23:52:15] host CPU 35.6% RAM 87.2% | GPU 166MB/1% | kafka=0.74%/508.8MiB / 4.804GiB ; elasticsearch=3.89%/1.544GiB / 4.804
[23:52:19] host CPU 20.1% RAM 86.9% | GPU 168MB/1% | kafka=0.90%/508.8MiB / 4.804GiB ; elasticsearch=3.60%/1.543GiB / 4.804
[23:52:23] host CPU 29.2% RAM 86.9% | GPU 174MB/8% | kafka=0.81%/508.8MiB / 4.804GiB ; elasticsearch=3.38%/1.543GiB / 4.804
[23:52:28] host CPU 25.9% RAM 86.7% | GPU 174MB/6% | kafka=0.87%/508.8MiB / 4.804GiB ; elasticsearch=4.08%/1.544GiB / 4.804
[23:52:32] host CPU 20.4% RAM 86.8% | GPU 170MB/2% | kafka=0.88%/508.8MiB / 4.804GiB ; elasticsearch=3.84%/1.544GiB / 4.804
[23:52:37] host CPU 25.2% RAM 86.7% | GPU 166MB/2% | kafka=0.90%/508.8MiB / 4.804GiB ; elasticsearch=3.66%/1.544GiB / 4.804
[23:52:40] host CPU 19.7% RAM 86.7% | GPU 171MB/1% | kafka=0.92%/508.8MiB / 4.804GiB ; elasticsearch=3.95%/1.543GiB / 4.804
[23:52:45] host CPU 21.4% RAM 86.7% | GPU 171MB/1% | kafka=0.77%/508.8MiB / 4.804GiB ; elasticsearch=3.38%/1.543GiB / 4.804
[23:52:49] host CPU 28.1% RAM 86.9% | GPU 173MB/1% | kafka=0.77%/508.8MiB / 4.804GiB ; elasticsearch=5.54%/1.543GiB / 4.804
[23:52:53] host CPU 21.8% RAM 86.7% | GPU 173MB/7% | kafka=1.15%/508.8MiB / 4.804GiB ; elasticsearch=8.68%/1.543GiB / 4.804
[23:52:58] host CPU 13.0% RAM 86.7% | GPU 171MB/6% | kafka=2.02%/508.8MiB / 4.804GiB ; elasticsearch=2.06%/1.543GiB / 4.804
[23:53:02] host CPU 17.2% RAM 86.7% | GPU 176MB/2% | kafka=1.02%/508.9MiB / 4.804GiB ; elasticsearch=2.60%/1.543GiB / 4.804
[23:53:07] host CPU 11.6% RAM 86.7% | GPU 176MB/2% | kafka=1.07%/509.2MiB / 4.804GiB ; elasticsearch=0.34%/1.543GiB / 4.804
