Sampling every 2s for 5000s -> F:\hate-speech-pipeline\reports\scaling\20260925-145555_p4_c4_r1\resource_WIX.csv
Run your load (throughput_bench.py / a live stream) now in another terminal.

[14:55:58] host CPU 0.0% RAM 59.6% | GPU 170MB/5% | kafka=0.69%/551MiB / 4.804GiB ; elasticsearch=0.37%/1.524GiB / 4.804Gi
[14:56:02] host CPU 59.0% RAM 69.0% | GPU 171MB/2% | kafka=1.11%/551MiB / 4.804GiB ; elasticsearch=1.72%/1.524GiB / 4.804Gi
[14:56:07] host CPU 72.4% RAM 70.5% | GPU 174MB/2% | kafka=1.05%/551MiB / 4.804GiB ; elasticsearch=1.91%/1.524GiB / 4.804Gi
[14:56:11] host CPU 57.7% RAM 74.1% | GPU 173MB/2% | kafka=3.05%/551MiB / 4.804GiB ; elasticsearch=2.55%/1.524GiB / 4.804Gi
[14:56:15] host CPU 23.8% RAM 74.6% | GPU 165MB/2% | kafka=44.94%/578.5MiB / 4.804GiB ; elasticsearch=0.49%/1.524GiB / 4.80
[14:56:20] host CPU 21.1% RAM 77.3% | GPU 161MB/2% | kafka=8.37%/551.2MiB / 4.804GiB ; elasticsearch=23.97%/1.525GiB / 4.80
[14:56:24] host CPU 31.3% RAM 78.0% | GPU 164MB/4% | kafka=38.36%/551.6MiB / 4.804GiB ; elasticsearch=7.93%/1.525GiB / 4.80
[14:56:29] host CPU 23.3% RAM 78.3% | GPU 164MB/2% | kafka=3.90%/550.9MiB / 4.804GiB ; elasticsearch=6.54%/1.525GiB / 4.804
[14:56:32] host CPU 21.4% RAM 78.5% | GPU 155MB/2% | kafka=3.47%/551MiB / 4.804GiB ; elasticsearch=6.95%/1.525GiB / 4.804Gi
[14:56:37] host CPU 22.2% RAM 78.6% | GPU 156MB/1% | kafka=36.59%/574.9MiB / 4.804GiB ; elasticsearch=7.57%/1.53GiB / 4.804
[14:56:41] host CPU 40.0% RAM 79.4% | GPU 159MB/8% | kafka=5.98%/551.8MiB / 4.804GiB ; elasticsearch=55.82%/1.53GiB / 4.804
[14:56:46] host CPU 95.3% RAM 83.1% | GPU 186MB/4% | kafka=7.07%/551.9MiB / 4.804GiB ; elasticsearch=10.92%/1.53GiB / 4.804
[14:56:55] host CPU 96.1% RAM 85.9% | GPU 221MB/17% | kafka=233.51%/616.5MiB / 4.804GiB ; elasticsearch=77.03%/1.53GiB / 4.8
[14:57:02] host CPU 100.0% RAM 92.1% | GPU 238MB/2% | kafka=4.19%/552MiB / 4.804GiB ; elasticsearch=22.47%/1.53GiB / 4.804Gi
[14:57:09] host CPU 100.0% RAM 96.0% | GPU 243MB/12% | kafka=168.65%/592.5MiB / 4.804GiB ; elasticsearch=32.41%/1.53GiB / 4.8
[14:57:15] host CPU 100.0% RAM 97.8% | GPU 212MB/23% | kafka=5.27%/552MiB / 4.804GiB ; elasticsearch=81.49%/1.531GiB / 4.804G
[14:57:20] host CPU 100.0% RAM 95.1% | GPU 190MB/16% | kafka=4.58%/552.1MiB / 4.804GiB ; elasticsearch=11.53%/1.53GiB / 4.804
[14:57:25] host CPU 95.1% RAM 96.9% | GPU 185MB/33% | kafka=175.17%/602.3MiB / 4.804GiB ; elasticsearch=17.50%/1.53GiB / 4.8
[14:57:29] host CPU 76.6% RAM 96.1% | GPU 183MB/30% | kafka=4.26%/552.4MiB / 4.804GiB ; elasticsearch=14.70%/1.53GiB / 4.804
[14:57:34] host CPU 58.3% RAM 94.0% | GPU 183MB/30% | kafka=4.58%/552.4MiB / 4.804GiB ; elasticsearch=9.46%/1.531GiB / 4.804
[14:57:39] host CPU 51.5% RAM 93.7% | GPU 183MB/23% | kafka=178.85%/626.3MiB / 4.804GiB ; elasticsearch=9.42%/1.53GiB / 4.80
[14:57:43] host CPU 55.2% RAM 93.4% | GPU 183MB/26% | kafka=4.90%/552.6MiB / 4.804GiB ; elasticsearch=4.56%/1.53GiB / 4.804G
[14:57:47] host CPU 32.2% RAM 93.2% | GPU 202MB/25% | kafka=6.07%/552.4MiB / 4.804GiB ; elasticsearch=4.91%/1.53GiB / 4.804G
[14:57:52] host CPU 48.9% RAM 93.0% | GPU 204MB/25% | kafka=101.50%/627MiB / 4.804GiB ; elasticsearch=7.64%/1.53GiB / 4.804G
[14:57:56] host CPU 62.7% RAM 93.6% | GPU 187MB/29% | kafka=5.10%/552.5MiB / 4.804GiB ; elasticsearch=5.07%/1.53GiB / 4.804G
[14:58:00] host CPU 37.2% RAM 93.3% | GPU 189MB/30% | kafka=4.35%/553.1MiB / 4.804GiB ; elasticsearch=5.07%/1.53GiB / 4.804G
[14:58:05] host CPU 41.5% RAM 93.4% | GPU 189MB/15% | kafka=4.80%/552.6MiB / 4.804GiB ; elasticsearch=5.52%/1.53GiB / 4.804G
[14:58:10] host CPU 27.5% RAM 93.3% | GPU 185MB/0% | kafka=3.70%/553MiB / 4.804GiB ; elasticsearch=4.22%/1.53GiB / 4.804GiB
[14:58:14] host CPU 17.8% RAM 93.1% | GPU 195MB/2% | kafka=117.90%/597MiB / 4.804GiB ; elasticsearch=3.56%/1.53GiB / 4.804G
[14:58:18] host CPU 30.3% RAM 93.1% | GPU 190MB/0% | kafka=4.05%/553.1MiB / 4.804GiB ; elasticsearch=3.46%/1.53GiB / 4.804G
[14:58:22] host CPU 21.7% RAM 93.2% | GPU 196MB/0% | kafka=4.15%/554.2MiB / 4.804GiB ; elasticsearch=3.80%/1.53GiB / 4.804G
[14:58:26] host CPU 34.9% RAM 93.3% | GPU 196MB/9% | kafka=47.67%/554MiB / 4.804GiB ; elasticsearch=3.88%/1.53GiB / 4.804Gi
[14:58:30] host CPU 30.4% RAM 93.1% | GPU 193MB/6% | kafka=3.48%/554.1MiB / 4.804GiB ; elasticsearch=3.81%/1.53GiB / 4.804G
[14:58:35] host CPU 21.4% RAM 93.1% | GPU 191MB/4% | kafka=36.10%/554.1MiB / 4.804GiB ; elasticsearch=3.80%/1.53GiB / 4.804
[14:58:40] host CPU 53.9% RAM 93.9% | GPU 210MB/51% | kafka=3.47%/551.2MiB / 4.804GiB ; elasticsearch=3.95%/1.531GiB / 4.804
[14:58:44] host CPU 30.8% RAM 93.7% | GPU 202MB/23% | kafka=3.88%/551MiB / 4.804GiB ; elasticsearch=4.74%/1.53GiB / 4.804GiB
[14:58:49] host CPU 40.1% RAM 93.4% | GPU 187MB/29% | kafka=166.33%/619.3MiB / 4.804GiB ; elasticsearch=5.47%/1.53GiB / 4.80
[14:58:53] host CPU 49.8% RAM 93.8% | GPU 187MB/30% | kafka=7.02%/551.4MiB / 4.804GiB ; elasticsearch=4.42%/1.53GiB / 4.804G
[14:58:57] host CPU 32.1% RAM 93.6% | GPU 187MB/27% | kafka=3.42%/551.4MiB / 4.804GiB ; elasticsearch=8.07%/1.531GiB / 4.804
[14:59:02] host CPU 44.1% RAM 93.7% | GPU 192MB/28% | kafka=81.81%/551.5MiB / 4.804GiB ; elasticsearch=5.03%/1.531GiB / 4.80
[14:59:06] host CPU 43.8% RAM 94.3% | GPU 192MB/36% | kafka=4.40%/551.3MiB / 4.804GiB ; elasticsearch=5.56%/1.531GiB / 4.804
[14:59:10] host CPU 29.3% RAM 94.1% | GPU 206MB/20% | kafka=3.83%/551.4MiB / 4.804GiB ; elasticsearch=3.55%/1.531GiB / 4.804
[14:59:15] host CPU 34.5% RAM 94.2% | GPU 204MB/2% | kafka=3.51%/551.5MiB / 4.804GiB ; elasticsearch=3.33%/1.531GiB / 4.804
[14:59:20] host CPU 29.6% RAM 93.9% | GPU 202MB/0% | kafka=2.78%/551.8MiB / 4.804GiB ; elasticsearch=3.08%/1.531GiB / 4.804
[14:59:24] host CPU 20.4% RAM 93.5% | GPU 202MB/0% | kafka=102.84%/551.7MiB / 4.804GiB ; elasticsearch=4.53%/1.531GiB / 4.8
[14:59:28] host CPU 43.5% RAM 93.5% | GPU 199MB/19% | kafka=2.84%/551.7MiB / 4.804GiB ; elasticsearch=3.57%/1.531GiB / 4.804
[14:59:32] host CPU 24.0% RAM 93.6% | GPU 204MB/8% | kafka=17.12%/552MiB / 4.804GiB ; elasticsearch=8.21%/1.531GiB / 4.804G
[14:59:36] host CPU 31.8% RAM 93.7% | GPU 203MB/18% | kafka=25.23%/551.8MiB / 4.804GiB ; elasticsearch=3.76%/1.531GiB / 4.80
[14:59:41] host CPU 26.0% RAM 93.6% | GPU 203MB/0% | kafka=3.11%/551.9MiB / 4.804GiB ; elasticsearch=3.63%/1.531GiB / 4.804
[14:59:45] host CPU 16.6% RAM 93.4% | GPU 203MB/0% | kafka=42.33%/577.5MiB / 4.804GiB ; elasticsearch=3.95%/1.531GiB / 4.80
[14:59:50] host CPU 31.1% RAM 93.4% | GPU 194MB/0% | kafka=2.65%/552MiB / 4.804GiB ; elasticsearch=3.69%/1.531GiB / 4.804Gi
[14:59:54] host CPU 15.8% RAM 93.5% | GPU 194MB/0% | kafka=2.98%/552MiB / 4.804GiB ; elasticsearch=3.43%/1.531GiB / 4.804Gi
[14:59:58] host CPU 26.3% RAM 93.4% | GPU 194MB/0% | kafka=103.41%/552.1MiB / 4.804GiB ; elasticsearch=3.37%/1.531GiB / 4.8
[15:00:02] host CPU 29.4% RAM 93.4% | GPU 194MB/0% | kafka=2.73%/552.1MiB / 4.804GiB ; elasticsearch=3.50%/1.531GiB / 4.804
[15:00:06] host CPU 27.0% RAM 93.5% | GPU 194MB/0% | kafka=3.00%/552.2MiB / 4.804GiB ; elasticsearch=3.39%/1.531GiB / 4.804
[15:00:10] host CPU 30.8% RAM 93.7% | GPU 194MB/0% | kafka=3.29%/552.5MiB / 4.804GiB ; elasticsearch=3.98%/1.531GiB / 4.804
[15:00:15] host CPU 29.9% RAM 93.6% | GPU 194MB/0% | kafka=2.81%/552.3MiB / 4.804GiB ; elasticsearch=3.06%/1.531GiB / 4.804
[15:00:19] host CPU 21.1% RAM 93.3% | GPU 194MB/0% | kafka=183.30%/611.8MiB / 4.804GiB ; elasticsearch=4.95%/1.531GiB / 4.8
[15:00:24] host CPU 31.3% RAM 93.6% | GPU 194MB/0% | kafka=2.73%/552.9MiB / 4.804GiB ; elasticsearch=3.31%/1.531GiB / 4.804
[15:00:28] host CPU 23.8% RAM 93.3% | GPU 194MB/0% | kafka=2.59%/552.5MiB / 4.804GiB ; elasticsearch=5.19%/1.531GiB / 4.804
[15:00:32] host CPU 25.3% RAM 93.6% | GPU 194MB/0% | kafka=161.85%/628.3MiB / 4.804GiB ; elasticsearch=5.06%/1.531GiB / 4.8
[15:00:36] host CPU 41.2% RAM 94.4% | GPU 194MB/0% | kafka=3.60%/552.8MiB / 4.804GiB ; elasticsearch=3.18%/1.531GiB / 4.804
[15:00:40] host CPU 19.4% RAM 93.7% | GPU 194MB/0% | kafka=2.99%/552.6MiB / 4.804GiB ; elasticsearch=3.65%/1.531GiB / 4.804
[15:00:45] host CPU 30.7% RAM 93.8% | GPU 194MB/0% | kafka=3.19%/552.9MiB / 4.804GiB ; elasticsearch=3.31%/1.531GiB / 4.804
[15:00:50] host CPU 22.4% RAM 93.6% | GPU 194MB/0% | kafka=2.75%/553MiB / 4.804GiB ; elasticsearch=3.19%/1.531GiB / 4.804Gi
[15:00:54] host CPU 18.0% RAM 93.5% | GPU 194MB/0% | kafka=145.02%/603.9MiB / 4.804GiB ; elasticsearch=2.98%/1.531GiB / 4.8
[15:00:58] host CPU 27.9% RAM 94.0% | GPU 194MB/0% | kafka=2.81%/553.1MiB / 4.804GiB ; elasticsearch=3.20%/1.531GiB / 4.804
[15:01:02] host CPU 19.8% RAM 93.6% | GPU 194MB/0% | kafka=3.06%/554.7MiB / 4.804GiB ; elasticsearch=3.27%/1.531GiB / 4.804
[15:01:06] host CPU 27.3% RAM 94.0% | GPU 194MB/0% | kafka=3.75%/554.5MiB / 4.804GiB ; elasticsearch=4.21%/1.531GiB / 4.804
[15:01:11] host CPU 22.0% RAM 93.7% | GPU 194MB/0% | kafka=2.84%/554.8MiB / 4.804GiB ; elasticsearch=2.97%/1.531GiB / 4.804
[15:01:15] host CPU 18.6% RAM 93.7% | GPU 194MB/0% | kafka=27.51%/554.6MiB / 4.804GiB ; elasticsearch=3.19%/1.531GiB / 4.80
[15:01:20] host CPU 29.1% RAM 93.7% | GPU 194MB/0% | kafka=2.72%/554.7MiB / 4.804GiB ; elasticsearch=3.70%/1.531GiB / 4.804
[15:01:24] host CPU 15.6% RAM 93.7% | GPU 194MB/0% | kafka=2.82%/555MiB / 4.804GiB ; elasticsearch=5.22%/1.531GiB / 4.804Gi
[15:01:28] host CPU 25.5% RAM 93.7% | GPU 194MB/0% | kafka=41.14%/555.1MiB / 4.804GiB ; elasticsearch=4.32%/1.531GiB / 4.80
[15:01:32] host CPU 30.9% RAM 93.8% | GPU 194MB/0% | kafka=2.53%/554.9MiB / 4.804GiB ; elasticsearch=4.92%/1.531GiB / 4.804
[15:01:36] host CPU 16.8% RAM 93.6% | GPU 194MB/0% | kafka=3.23%/555.2MiB / 4.804GiB ; elasticsearch=4.04%/1.531GiB / 4.804
[15:01:40] host CPU 32.3% RAM 93.7% | GPU 194MB/0% | kafka=2.71%/555.5MiB / 4.804GiB ; elasticsearch=3.34%/1.531GiB / 4.804
[15:01:45] host CPU 16.4% RAM 93.6% | GPU 194MB/0% | kafka=2.95%/555.1MiB / 4.804GiB ; elasticsearch=3.39%/1.531GiB / 4.804
[15:01:50] host CPU 19.9% RAM 93.4% | GPU 194MB/0% | kafka=146.99%/601.4MiB / 4.804GiB ; elasticsearch=3.23%/1.531GiB / 4.8
[15:01:54] host CPU 27.3% RAM 93.8% | GPU 194MB/0% | kafka=2.85%/555.4MiB / 4.804GiB ; elasticsearch=5.38%/1.531GiB / 4.804
[15:01:58] host CPU 20.3% RAM 93.8% | GPU 194MB/0% | kafka=7.50%/555.2MiB / 4.804GiB ; elasticsearch=3.51%/1.531GiB / 4.804
[15:02:02] host CPU 28.3% RAM 93.8% | GPU 194MB/0% | kafka=2.78%/555.3MiB / 4.804GiB ; elasticsearch=3.85%/1.531GiB / 4.804
[15:02:06] host CPU 18.8% RAM 94.0% | GPU 194MB/0% | kafka=2.46%/555.3MiB / 4.804GiB ; elasticsearch=3.28%/1.531GiB / 4.804
[15:02:11] host CPU 22.6% RAM 93.8% | GPU 194MB/0% | kafka=2.75%/558.5MiB / 4.804GiB ; elasticsearch=3.21%/1.531GiB / 4.804
[15:02:15] host CPU 24.4% RAM 93.8% | GPU 194MB/0% | kafka=2.62%/558.8MiB / 4.804GiB ; elasticsearch=3.52%/1.531GiB / 4.804
[15:02:20] host CPU 19.3% RAM 93.6% | GPU 194MB/0% | kafka=2.41%/554.7MiB / 4.804GiB ; elasticsearch=3.06%/1.531GiB / 4.804
[15:02:24] host CPU 24.4% RAM 93.7% | GPU 194MB/0% | kafka=2.76%/554.5MiB / 4.804GiB ; elasticsearch=3.60%/1.531GiB / 4.804
[15:02:28] host CPU 28.4% RAM 94.7% | GPU 201MB/0% | kafka=3.49%/554.6MiB / 4.804GiB ; elasticsearch=4.06%/1.532GiB / 4.804
[15:02:32] host CPU 24.2% RAM 94.6% | GPU 201MB/0% | kafka=2.66%/554.6MiB / 4.804GiB ; elasticsearch=3.18%/1.531GiB / 4.804
[15:02:36] host CPU 26.5% RAM 94.9% | GPU 201MB/0% | kafka=2.99%/554.9MiB / 4.804GiB ; elasticsearch=3.07%/1.531GiB / 4.804
[15:02:41] host CPU 19.9% RAM 94.7% | GPU 201MB/0% | kafka=2.66%/554.7MiB / 4.804GiB ; elasticsearch=3.33%/1.531GiB / 4.804
[15:02:45] host CPU 16.8% RAM 94.7% | GPU 201MB/0% | kafka=59.30%/554.8MiB / 4.804GiB ; elasticsearch=3.15%/1.531GiB / 4.80
[15:02:50] host CPU 31.2% RAM 94.8% | GPU 201MB/0% | kafka=2.50%/554.8MiB / 4.804GiB ; elasticsearch=3.29%/1.531GiB / 4.804
[15:02:54] host CPU 18.3% RAM 94.7% | GPU 201MB/0% | kafka=2.82%/554.9MiB / 4.804GiB ; elasticsearch=3.65%/1.531GiB / 4.804
[15:02:58] host CPU 29.7% RAM 94.7% | GPU 201MB/0% | kafka=2.80%/554.9MiB / 4.804GiB ; elasticsearch=3.60%/1.531GiB / 4.804
[15:03:02] host CPU 20.3% RAM 94.5% | GPU 201MB/0% | kafka=11.76%/555MiB / 4.804GiB ; elasticsearch=3.29%/1.531GiB / 4.804G
[15:03:06] host CPU 15.2% RAM 94.7% | GPU 201MB/0% | kafka=165.69%/613.1MiB / 4.804GiB ; elasticsearch=2.91%/1.531GiB / 4.8
[15:03:11] host CPU 30.4% RAM 94.5% | GPU 201MB/0% | kafka=3.69%/555.1MiB / 4.804GiB ; elasticsearch=3.30%/1.531GiB / 4.804
[15:03:15] host CPU 15.6% RAM 94.5% | GPU 201MB/0% | kafka=4.65%/555.2MiB / 4.804GiB ; elasticsearch=5.23%/1.531GiB / 4.804
[15:03:20] host CPU 30.0% RAM 94.5% | GPU 201MB/0% | kafka=2.40%/555.3MiB / 4.804GiB ; elasticsearch=6.20%/1.531GiB / 4.804
[15:03:24] host CPU 19.7% RAM 94.5% | GPU 201MB/0% | kafka=2.41%/555.4MiB / 4.804GiB ; elasticsearch=3.13%/1.531GiB / 4.804
[15:03:28] host CPU 17.3% RAM 94.5% | GPU 201MB/0% | kafka=93.48%/592.9MiB / 4.804GiB ; elasticsearch=3.20%/1.531GiB / 4.80
[15:03:32] host CPU 26.8% RAM 94.6% | GPU 201MB/0% | kafka=2.59%/555.5MiB / 4.804GiB ; elasticsearch=3.19%/1.531GiB / 4.804
[15:03:36] host CPU 25.0% RAM 94.8% | GPU 201MB/0% | kafka=6.38%/555.6MiB / 4.804GiB ; elasticsearch=3.23%/1.531GiB / 4.804
[15:03:41] host CPU 40.3% RAM 95.0% | GPU 201MB/0% | kafka=89.13%/555.8MiB / 4.804GiB ; elasticsearch=3.44%/1.532GiB / 4.80
[15:03:45] host CPU 43.5% RAM 94.4% | GPU 194MB/0% | kafka=2.45%/555.8MiB / 4.804GiB ; elasticsearch=3.73%/1.531GiB / 4.804
[15:03:50] host CPU 26.9% RAM 94.5% | GPU 194MB/0% | kafka=2.72%/555.9MiB / 4.804GiB ; elasticsearch=3.56%/1.532GiB / 4.804
[15:03:54] host CPU 33.3% RAM 94.7% | GPU 194MB/0% | kafka=2.82%/556.4MiB / 4.804GiB ; elasticsearch=3.55%/1.531GiB / 4.804
[15:03:58] host CPU 34.6% RAM 94.5% | GPU 194MB/0% | kafka=2.57%/556.2MiB / 4.804GiB ; elasticsearch=3.28%/1.531GiB / 4.804
[15:04:02] host CPU 33.3% RAM 94.6% | GPU 194MB/0% | kafka=181.40%/632.9MiB / 4.804GiB ; elasticsearch=4.42%/1.531GiB / 4.8
[15:04:06] host CPU 38.9% RAM 94.7% | GPU 194MB/0% | kafka=2.37%/556.1MiB / 4.804GiB ; elasticsearch=2.97%/1.531GiB / 4.804
[15:04:11] host CPU 36.4% RAM 94.9% | GPU 194MB/0% | kafka=2.34%/556.1MiB / 4.804GiB ; elasticsearch=3.49%/1.531GiB / 4.804
[15:04:15] host CPU 40.0% RAM 94.5% | GPU 194MB/0% | kafka=105.48%/557.1MiB / 4.804GiB ; elasticsearch=3.40%/1.531GiB / 4.8
[15:04:20] host CPU 40.1% RAM 94.5% | GPU 194MB/0% | kafka=2.49%/556.2MiB / 4.804GiB ; elasticsearch=5.80%/1.531GiB / 4.804
[15:04:24] host CPU 33.2% RAM 94.4% | GPU 194MB/0% | kafka=143.68%/597.8MiB / 4.804GiB ; elasticsearch=3.04%/1.531GiB / 4.8
[15:04:28] host CPU 47.1% RAM 94.6% | GPU 194MB/0% | kafka=2.73%/556.8MiB / 4.804GiB ; elasticsearch=3.77%/1.531GiB / 4.804
[15:04:32] host CPU 39.1% RAM 94.6% | GPU 194MB/0% | kafka=2.43%/557.4MiB / 4.804GiB ; elasticsearch=3.22%/1.531GiB / 4.804
[15:04:36] host CPU 38.5% RAM 94.8% | GPU 194MB/0% | kafka=183.77%/614.8MiB / 4.804GiB ; elasticsearch=4.13%/1.531GiB / 4.8
[15:04:41] host CPU 49.9% RAM 94.8% | GPU 194MB/0% | kafka=3.36%/557.7MiB / 4.804GiB ; elasticsearch=3.17%/1.532GiB / 4.804
[15:04:45] host CPU 32.7% RAM 94.6% | GPU 194MB/0% | kafka=2.25%/557.5MiB / 4.804GiB ; elasticsearch=3.10%/1.531GiB / 4.804
[15:04:50] host CPU 46.4% RAM 94.7% | GPU 194MB/0% | kafka=3.66%/557.8MiB / 4.804GiB ; elasticsearch=3.57%/1.532GiB / 4.804
[15:04:54] host CPU 40.4% RAM 94.7% | GPU 194MB/0% | kafka=2.52%/557.9MiB / 4.804GiB ; elasticsearch=3.07%/1.532GiB / 4.804
[15:04:58] host CPU 33.0% RAM 94.8% | GPU 194MB/0% | kafka=2.42%/557.7MiB / 4.804GiB ; elasticsearch=3.09%/1.532GiB / 4.804
[15:05:03] host CPU 47.3% RAM 94.8% | GPU 194MB/0% | kafka=2.40%/558MiB / 4.804GiB ; elasticsearch=2.88%/1.532GiB / 4.804Gi
[15:05:07] host CPU 31.6% RAM 94.9% | GPU 194MB/0% | kafka=4.18%/557.8MiB / 4.804GiB ; elasticsearch=3.26%/1.532GiB / 4.804
[15:05:12] host CPU 39.4% RAM 94.8% | GPU 194MB/0% | kafka=148.52%/638.3MiB / 4.804GiB ; elasticsearch=3.66%/1.532GiB / 4.8
[15:05:16] host CPU 38.8% RAM 94.8% | GPU 194MB/0% | kafka=2.77%/558.4MiB / 4.804GiB ; elasticsearch=4.01%/1.532GiB / 4.804
[15:05:21] host CPU 34.0% RAM 94.6% | GPU 194MB/0% | kafka=2.94%/558MiB / 4.804GiB ; elasticsearch=3.29%/1.532GiB / 4.804Gi
[15:05:25] host CPU 45.6% RAM 94.6% | GPU 194MB/0% | kafka=2.55%/558MiB / 4.804GiB ; elasticsearch=5.67%/1.532GiB / 4.804Gi
[15:05:30] host CPU 32.3% RAM 94.7% | GPU 194MB/0% | kafka=2.62%/558.3MiB / 4.804GiB ; elasticsearch=3.25%/1.532GiB / 4.804
[15:05:34] host CPU 29.0% RAM 93.4% | GPU 194MB/0% | kafka=117.58%/639.1MiB / 4.804GiB ; elasticsearch=0.27%/1.532GiB / 4.8
