Sampling every 2s for 5000s -> F:\hate-speech-pipeline\reports\scaling\20260926-174915_p2_c2_cuda_r1\resource_WIX.csv
Run your load (throughput_bench.py / a live stream) now in another terminal.

[17:49:21] host CPU 0.0% RAM 76.7% | GPU 201MB/2% | kafka=0.65%/829.9MiB / 4.804GiB ; elasticsearch=0.50%/1.539GiB / 4.804
[17:49:25] host CPU 47.0% RAM 82.5% | GPU 207MB/24% | kafka=1.60%/829.9MiB / 4.804GiB ; elasticsearch=0.47%/1.539GiB / 4.804
[17:49:29] host CPU 36.7% RAM 84.1% | GPU 205MB/1% | kafka=0.80%/829.9MiB / 4.804GiB ; elasticsearch=0.52%/1.539GiB / 4.804
[17:49:33] host CPU 28.9% RAM 85.6% | GPU 890MB/3% | kafka=0.97%/829.9MiB / 4.804GiB ; elasticsearch=2.66%/1.539GiB / 4.804
[17:49:38] host CPU 11.4% RAM 88.7% | GPU 921MB/1% | kafka=0.81%/829.9MiB / 4.804GiB ; elasticsearch=20.65%/1.541GiB / 4.80
[17:49:42] host CPU 20.7% RAM 89.9% | GPU 927MB/20% | kafka=0.75%/829.9MiB / 4.804GiB ; elasticsearch=17.92%/1.541GiB / 4.80
[17:49:46] host CPU 19.2% RAM 89.9% | GPU 927MB/21% | kafka=82.77%/830MiB / 4.804GiB ; elasticsearch=14.94%/1.541GiB / 4.804
[17:49:50] host CPU 24.7% RAM 89.8% | GPU 927MB/19% | kafka=0.77%/829.9MiB / 4.804GiB ; elasticsearch=35.40%/1.541GiB / 4.80
[17:49:54] host CPU 15.6% RAM 89.4% | GPU 925MB/19% | kafka=0.71%/829.9MiB / 4.804GiB ; elasticsearch=17.12%/1.541GiB / 4.80
[17:49:58] host CPU 23.5% RAM 89.9% | GPU 925MB/17% | kafka=0.62%/829.9MiB / 4.804GiB ; elasticsearch=7.05%/1.541GiB / 4.804
[17:50:03] host CPU 20.0% RAM 89.8% | GPU 928MB/34% | kafka=0.71%/829.9MiB / 4.804GiB ; elasticsearch=8.31%/1.542GiB / 4.804
[17:50:06] host CPU 15.0% RAM 89.7% | GPU 925MB/21% | kafka=14.62%/843.5MiB / 4.804GiB ; elasticsearch=5.00%/1.541GiB / 4.80
[17:50:11] host CPU 23.6% RAM 89.8% | GPU 923MB/29% | kafka=1.44%/829.9MiB / 4.804GiB ; elasticsearch=5.57%/1.542GiB / 4.804
[17:50:15] host CPU 15.5% RAM 89.9% | GPU 926MB/21% | kafka=0.80%/829.9MiB / 4.804GiB ; elasticsearch=5.30%/1.542GiB / 4.804
[17:50:19] host CPU 18.9% RAM 90.0% | GPU 925MB/20% | kafka=28.91%/829.9MiB / 4.804GiB ; elasticsearch=7.17%/1.541GiB / 4.80
[17:50:23] host CPU 22.5% RAM 89.9% | GPU 928MB/20% | kafka=1.87%/829.9MiB / 4.804GiB ; elasticsearch=5.67%/1.542GiB / 4.804
[17:50:28] host CPU 15.3% RAM 89.6% | GPU 924MB/20% | kafka=0.86%/829.9MiB / 4.804GiB ; elasticsearch=6.77%/1.541GiB / 4.804
[17:50:32] host CPU 24.3% RAM 89.8% | GPU 925MB/30% | kafka=0.99%/829.9MiB / 4.804GiB ; elasticsearch=9.66%/1.541GiB / 4.804
[17:50:36] host CPU 15.0% RAM 89.8% | GPU 922MB/31% | kafka=0.83%/830MiB / 4.804GiB ; elasticsearch=5.06%/1.541GiB / 4.804Gi
[17:50:40] host CPU 15.7% RAM 89.8% | GPU 925MB/28% | kafka=180.48%/893.7MiB / 4.804GiB ; elasticsearch=5.65%/1.541GiB / 4.8
[17:50:44] host CPU 30.4% RAM 89.8% | GPU 925MB/32% | kafka=0.66%/829.9MiB / 4.804GiB ; elasticsearch=5.14%/1.541GiB / 4.804
[17:50:48] host CPU 14.9% RAM 90.1% | GPU 924MB/32% | kafka=0.74%/829.9MiB / 4.804GiB ; elasticsearch=4.48%/1.541GiB / 4.804
[17:50:53] host CPU 23.9% RAM 89.9% | GPU 926MB/30% | kafka=0.68%/828.1MiB / 4.804GiB ; elasticsearch=5.18%/1.54GiB / 4.804G
[17:50:56] host CPU 16.4% RAM 89.8% | GPU 925MB/31% | kafka=0.71%/828.1MiB / 4.804GiB ; elasticsearch=6.61%/1.54GiB / 4.804G
[17:51:01] host CPU 16.6% RAM 89.8% | GPU 928MB/29% | kafka=0.84%/828.1MiB / 4.804GiB ; elasticsearch=4.95%/1.54GiB / 4.804G
[17:51:05] host CPU 21.7% RAM 89.9% | GPU 927MB/27% | kafka=0.72%/829.8MiB / 4.804GiB ; elasticsearch=7.83%/1.54GiB / 4.804G
[17:51:09] host CPU 17.1% RAM 90.1% | GPU 924MB/20% | kafka=0.76%/829.8MiB / 4.804GiB ; elasticsearch=4.76%/1.54GiB / 4.804G
[17:51:14] host CPU 20.4% RAM 89.9% | GPU 925MB/21% | kafka=168.85%/902.6MiB / 4.804GiB ; elasticsearch=5.37%/1.54GiB / 4.80
[17:51:18] host CPU 20.2% RAM 89.9% | GPU 926MB/19% | kafka=0.98%/830.1MiB / 4.804GiB ; elasticsearch=4.38%/1.54GiB / 4.804G
[17:51:22] host CPU 20.3% RAM 89.9% | GPU 930MB/22% | kafka=0.68%/830.1MiB / 4.804GiB ; elasticsearch=5.34%/1.54GiB / 4.804G
[17:51:26] host CPU 20.2% RAM 89.9% | GPU 929MB/17% | kafka=0.61%/830.1MiB / 4.804GiB ; elasticsearch=5.34%/1.54GiB / 4.804G
[17:51:30] host CPU 17.7% RAM 89.9% | GPU 925MB/20% | kafka=1.08%/831.9MiB / 4.804GiB ; elasticsearch=5.20%/1.54GiB / 4.804G
[17:51:34] host CPU 16.3% RAM 89.8% | GPU 926MB/35% | kafka=75.78%/867.3MiB / 4.804GiB ; elasticsearch=4.79%/1.54GiB / 4.804
[17:51:38] host CPU 22.1% RAM 90.0% | GPU 925MB/21% | kafka=0.77%/831.8MiB / 4.804GiB ; elasticsearch=4.22%/1.54GiB / 4.804G
[17:51:43] host CPU 20.1% RAM 89.8% | GPU 930MB/22% | kafka=0.80%/831.8MiB / 4.804GiB ; elasticsearch=4.78%/1.54GiB / 4.804G
[17:51:46] host CPU 20.8% RAM 89.9% | GPU 930MB/30% | kafka=1.38%/831.8MiB / 4.804GiB ; elasticsearch=4.99%/1.54GiB / 4.804G
[17:51:51] host CPU 16.4% RAM 89.9% | GPU 928MB/35% | kafka=0.74%/831.8MiB / 4.804GiB ; elasticsearch=5.04%/1.54GiB / 4.804G
[17:51:55] host CPU 15.0% RAM 89.4% | GPU 927MB/38% | kafka=90.62%/872.6MiB / 4.804GiB ; elasticsearch=4.84%/1.54GiB / 4.804
[17:51:59] host CPU 20.7% RAM 89.9% | GPU 918MB/20% | kafka=0.75%/831.8MiB / 4.804GiB ; elasticsearch=4.30%/1.54GiB / 4.804G
[17:52:04] host CPU 19.0% RAM 89.8% | GPU 925MB/30% | kafka=0.72%/831.8MiB / 4.804GiB ; elasticsearch=5.30%/1.54GiB / 4.804G
[17:52:08] host CPU 20.0% RAM 89.8% | GPU 925MB/19% | kafka=1.25%/831.9MiB / 4.804GiB ; elasticsearch=5.07%/1.54GiB / 4.804G
[17:52:13] host CPU 20.6% RAM 89.9% | GPU 930MB/37% | kafka=0.50%/831.9MiB / 4.804GiB ; elasticsearch=4.83%/1.54GiB / 4.804G
[17:52:16] host CPU 15.5% RAM 89.9% | GPU 929MB/19% | kafka=0.58%/831.9MiB / 4.804GiB ; elasticsearch=4.51%/1.54GiB / 4.804G
[17:52:20] host CPU 26.5% RAM 89.9% | GPU 926MB/21% | kafka=0.81%/831.9MiB / 4.804GiB ; elasticsearch=6.10%/1.54GiB / 4.804G
[17:52:25] host CPU 17.0% RAM 89.5% | GPU 926MB/20% | kafka=0.85%/831.9MiB / 4.804GiB ; elasticsearch=9.08%/1.54GiB / 4.804G
[17:52:28] host CPU 15.5% RAM 89.6% | GPU 924MB/29% | kafka=178.11%/900.4MiB / 4.804GiB ; elasticsearch=3.79%/1.54GiB / 4.80
[17:52:33] host CPU 28.4% RAM 90.0% | GPU 923MB/19% | kafka=0.86%/830MiB / 4.804GiB ; elasticsearch=4.99%/1.539GiB / 4.804Gi
[17:52:36] host CPU 15.2% RAM 89.9% | GPU 925MB/28% | kafka=0.92%/830MiB / 4.804GiB ; elasticsearch=4.62%/1.538GiB / 4.804Gi
[17:52:41] host CPU 23.5% RAM 89.7% | GPU 927MB/19% | kafka=0.72%/831.6MiB / 4.804GiB ; elasticsearch=4.46%/1.539GiB / 4.804
[17:52:45] host CPU 19.1% RAM 89.9% | GPU 927MB/27% | kafka=0.75%/831.7MiB / 4.804GiB ; elasticsearch=5.50%/1.539GiB / 4.804
[17:52:49] host CPU 14.6% RAM 90.0% | GPU 924MB/21% | kafka=37.07%/858.8MiB / 4.804GiB ; elasticsearch=5.87%/1.539GiB / 4.80
[17:52:54] host CPU 28.1% RAM 89.9% | GPU 929MB/32% | kafka=0.84%/831.7MiB / 4.804GiB ; elasticsearch=5.14%/1.539GiB / 4.804
[17:52:58] host CPU 15.5% RAM 89.9% | GPU 923MB/19% | kafka=0.75%/831.7MiB / 4.804GiB ; elasticsearch=5.39%/1.539GiB / 4.804
[17:53:03] host CPU 20.2% RAM 89.9% | GPU 927MB/19% | kafka=0.71%/831.7MiB / 4.804GiB ; elasticsearch=5.21%/1.539GiB / 4.804
[17:53:06] host CPU 17.6% RAM 89.8% | GPU 925MB/18% | kafka=0.84%/831.7MiB / 4.804GiB ; elasticsearch=7.24%/1.539GiB / 4.804
[17:53:10] host CPU 17.2% RAM 89.8% | GPU 930MB/27% | kafka=0.80%/832.1MiB / 4.804GiB ; elasticsearch=4.23%/1.539GiB / 4.804
[17:53:15] host CPU 24.3% RAM 90.0% | GPU 927MB/33% | kafka=0.77%/832.1MiB / 4.804GiB ; elasticsearch=4.72%/1.539GiB / 4.804
[17:53:18] host CPU 15.5% RAM 90.1% | GPU 923MB/31% | kafka=1.16%/832.1MiB / 4.804GiB ; elasticsearch=26.93%/1.538GiB / 4.80
[17:53:23] host CPU 17.7% RAM 89.9% | GPU 927MB/32% | kafka=143.94%/914.5MiB / 4.804GiB ; elasticsearch=4.51%/1.539GiB / 4.8
[17:53:26] host CPU 21.7% RAM 89.9% | GPU 929MB/18% | kafka=0.62%/833.7MiB / 4.804GiB ; elasticsearch=20.83%/1.539GiB / 4.80
[17:53:31] host CPU 17.0% RAM 90.0% | GPU 927MB/29% | kafka=0.69%/833.7MiB / 4.804GiB ; elasticsearch=5.07%/1.539GiB / 4.804
[17:53:35] host CPU 27.0% RAM 90.2% | GPU 927MB/18% | kafka=0.61%/832.7MiB / 4.804GiB ; elasticsearch=5.22%/1.539GiB / 4.804
[17:53:39] host CPU 17.6% RAM 90.2% | GPU 922MB/21% | kafka=0.70%/832.7MiB / 4.804GiB ; elasticsearch=5.19%/1.539GiB / 4.804
[17:53:44] host CPU 16.5% RAM 90.0% | GPU 925MB/18% | kafka=135.07%/889.9MiB / 4.804GiB ; elasticsearch=4.55%/1.538GiB / 4.8
[17:53:48] host CPU 24.2% RAM 90.1% | GPU 925MB/18% | kafka=0.71%/833.5MiB / 4.804GiB ; elasticsearch=5.40%/1.538GiB / 4.804
[17:53:53] host CPU 15.8% RAM 90.0% | GPU 927MB/19% | kafka=0.77%/833.5MiB / 4.804GiB ; elasticsearch=5.55%/1.538GiB / 4.804
[17:53:56] host CPU 21.5% RAM 89.9% | GPU 925MB/22% | kafka=0.68%/833.6MiB / 4.804GiB ; elasticsearch=5.14%/1.538GiB / 4.804
[17:54:00] host CPU 16.9% RAM 89.8% | GPU 926MB/43% | kafka=0.81%/833.6MiB / 4.804GiB ; elasticsearch=4.55%/1.538GiB / 4.804
[17:54:05] host CPU 18.0% RAM 89.9% | GPU 927MB/32% | kafka=0.79%/833.6MiB / 4.804GiB ; elasticsearch=4.57%/1.538GiB / 4.804
[17:54:08] host CPU 21.4% RAM 90.2% | GPU 924MB/37% | kafka=0.70%/833.6MiB / 4.804GiB ; elasticsearch=5.28%/1.538GiB / 4.804
[17:54:13] host CPU 17.1% RAM 90.0% | GPU 926MB/21% | kafka=0.59%/833.6MiB / 4.804GiB ; elasticsearch=3.55%/1.539GiB / 4.804
[17:54:16] host CPU 15.5% RAM 89.9% | GPU 924MB/33% | kafka=178.89%/907.2MiB / 4.804GiB ; elasticsearch=4.41%/1.538GiB / 4.8
[17:54:21] host CPU 24.8% RAM 90.0% | GPU 926MB/29% | kafka=0.80%/833.6MiB / 4.804GiB ; elasticsearch=4.90%/1.538GiB / 4.804
[17:54:25] host CPU 13.5% RAM 89.8% | GPU 925MB/31% | kafka=0.68%/833.6MiB / 4.804GiB ; elasticsearch=5.15%/1.538GiB / 4.804
[17:54:29] host CPU 23.0% RAM 90.2% | GPU 923MB/18% | kafka=0.78%/833.6MiB / 4.804GiB ; elasticsearch=4.67%/1.538GiB / 4.804
[17:54:34] host CPU 17.9% RAM 90.0% | GPU 929MB/41% | kafka=0.79%/833.6MiB / 4.804GiB ; elasticsearch=5.34%/1.539GiB / 4.804
[17:54:38] host CPU 15.1% RAM 89.9% | GPU 926MB/39% | kafka=29.71%/856.4MiB / 4.804GiB ; elasticsearch=5.23%/1.538GiB / 4.80
[17:54:43] host CPU 25.6% RAM 89.9% | GPU 926MB/20% | kafka=0.88%/833.6MiB / 4.804GiB ; elasticsearch=5.55%/1.538GiB / 4.804
[17:54:46] host CPU 16.3% RAM 89.9% | GPU 925MB/19% | kafka=0.77%/833.6MiB / 4.804GiB ; elasticsearch=4.74%/1.538GiB / 4.804
[17:54:50] host CPU 22.2% RAM 89.9% | GPU 927MB/22% | kafka=1.59%/833.6MiB / 4.804GiB ; elasticsearch=4.43%/1.538GiB / 4.804
[17:54:55] host CPU 18.6% RAM 89.8% | GPU 927MB/21% | kafka=0.81%/833.6MiB / 4.804GiB ; elasticsearch=6.72%/1.539GiB / 4.804
[17:54:58] host CPU 15.0% RAM 89.8% | GPU 927MB/22% | kafka=0.68%/833.6MiB / 4.804GiB ; elasticsearch=4.60%/1.538GiB / 4.804
[17:55:03] host CPU 24.9% RAM 89.9% | GPU 926MB/21% | kafka=0.88%/832.7MiB / 4.804GiB ; elasticsearch=3.04%/1.538GiB / 4.804
[17:55:06] host CPU 10.4% RAM 89.9% | GPU 928MB/26% | kafka=0.94%/832.7MiB / 4.804GiB ; elasticsearch=2.86%/1.538GiB / 4.804
