Sampling every 2s for 5000s -> F:\hate-speech-pipeline\reports\scaling\20260925-133838_p4_c4_r1\resource_WIX.csv
Run your load (throughput_bench.py / a live stream) now in another terminal.

[13:47:58] host CPU 0.0% RAM 79.6% | GPU 231MB/1% | kafka=0.80%/548.8MiB / 4.804GiB ; elasticsearch=0.36%/1.521GiB / 4.804
[13:48:02] host CPU 62.7% RAM 87.3% | GPU 239MB/2% | kafka=67.78%/549MiB / 4.804GiB ; elasticsearch=0.40%/1.521GiB / 4.804G
[13:48:07] host CPU 69.6% RAM 89.9% | GPU 240MB/1% | kafka=1.23%/548.8MiB / 4.804GiB ; elasticsearch=0.83%/1.521GiB / 4.804
[13:48:11] host CPU 61.4% RAM 93.4% | GPU 209MB/1% | kafka=2.10%/548.9MiB / 4.804GiB ; elasticsearch=0.83%/1.521GiB / 4.804
[13:48:16] host CPU 12.7% RAM 93.4% | GPU 210MB/3% | kafka=0.61%/548.9MiB / 4.804GiB ; elasticsearch=0.50%/1.521GiB / 4.804
[13:48:20] host CPU 30.5% RAM 94.6% | GPU 206MB/4% | kafka=1.10%/549.1MiB / 4.804GiB ; elasticsearch=23.70%/1.523GiB / 4.80
[13:48:25] host CPU 46.6% RAM 94.6% | GPU 208MB/2% | kafka=73.04%/549.1MiB / 4.804GiB ; elasticsearch=12.02%/1.524GiB / 4.8
[13:48:30] host CPU 51.1% RAM 94.9% | GPU 205MB/2% | kafka=1.01%/549.2MiB / 4.804GiB ; elasticsearch=38.43%/1.524GiB / 4.80
[13:48:34] host CPU 45.5% RAM 94.9% | GPU 209MB/5% | kafka=15.64%/559.7MiB / 4.804GiB ; elasticsearch=38.90%/1.524GiB / 4.8
[13:48:39] host CPU 57.0% RAM 95.2% | GPU 210MB/5% | kafka=0.97%/548.4MiB / 4.804GiB ; elasticsearch=14.12%/1.525GiB / 4.80
[13:48:43] host CPU 48.3% RAM 94.1% | GPU 202MB/1% | kafka=0.85%/548.4MiB / 4.804GiB ; elasticsearch=28.50%/1.525GiB / 4.80
[13:48:48] host CPU 40.6% RAM 94.2% | GPU 203MB/1% | kafka=176.44%/601.2MiB / 4.804GiB ; elasticsearch=7.35%/1.524GiB / 4.8
[13:48:52] host CPU 57.2% RAM 94.2% | GPU 198MB/2% | kafka=0.96%/548.4MiB / 4.804GiB ; elasticsearch=8.40%/1.524GiB / 4.804
[13:48:57] host CPU 41.0% RAM 94.1% | GPU 198MB/1% | kafka=0.87%/548.4MiB / 4.804GiB ; elasticsearch=9.38%/1.525GiB / 4.804
[13:49:01] host CPU 49.9% RAM 94.2% | GPU 201MB/1% | kafka=61.77%/548.6MiB / 4.804GiB ; elasticsearch=8.34%/1.524GiB / 4.80
[13:49:06] host CPU 51.6% RAM 94.3% | GPU 203MB/2% | kafka=0.99%/548.6MiB / 4.804GiB ; elasticsearch=8.83%/1.524GiB / 4.804
[13:49:11] host CPU 54.3% RAM 94.2% | GPU 202MB/4% | kafka=14.99%/559.6MiB / 4.804GiB ; elasticsearch=10.34%/1.525GiB / 4.8
[13:49:15] host CPU 57.8% RAM 94.3% | GPU 203MB/5% | kafka=1.64%/548.6MiB / 4.804GiB ; elasticsearch=10.68%/1.524GiB / 4.80
[13:49:20] host CPU 41.4% RAM 94.2% | GPU 199MB/5% | kafka=1.19%/548.6MiB / 4.804GiB ; elasticsearch=18.07%/1.524GiB / 4.80
[13:49:24] host CPU 50.6% RAM 95.0% | GPU 210MB/7% | kafka=186.70%/599.8MiB / 4.804GiB ; elasticsearch=9.83%/1.525GiB / 4.8
[13:49:29] host CPU 64.2% RAM 95.5% | GPU 210MB/2% | kafka=1.01%/547.8MiB / 4.804GiB ; elasticsearch=9.79%/1.524GiB / 4.804
[13:49:33] host CPU 46.3% RAM 94.4% | GPU 205MB/2% | kafka=0.88%/547.8MiB / 4.804GiB ; elasticsearch=11.40%/1.525GiB / 4.80
[13:49:38] host CPU 45.2% RAM 94.3% | GPU 207MB/2% | kafka=166.36%/626.6MiB / 4.804GiB ; elasticsearch=10.89%/1.524GiB / 4.
[13:49:42] host CPU 56.9% RAM 94.8% | GPU 208MB/3% | kafka=0.94%/547.5MiB / 4.804GiB ; elasticsearch=8.41%/1.524GiB / 4.804
[13:49:47] host CPU 44.4% RAM 94.5% | GPU 209MB/2% | kafka=0.84%/547.5MiB / 4.804GiB ; elasticsearch=12.33%/1.524GiB / 4.80
[13:49:52] host CPU 57.5% RAM 94.5% | GPU 209MB/2% | kafka=1.07%/547.5MiB / 4.804GiB ; elasticsearch=9.00%/1.524GiB / 4.804
[13:49:56] host CPU 47.7% RAM 94.5% | GPU 210MB/6% | kafka=0.92%/547.5MiB / 4.804GiB ; elasticsearch=9.70%/1.524GiB / 4.804
[13:50:01] host CPU 45.0% RAM 94.6% | GPU 210MB/8% | kafka=11.71%/554.5MiB / 4.804GiB ; elasticsearch=7.87%/1.524GiB / 4.80
[13:50:05] host CPU 56.1% RAM 94.6% | GPU 210MB/2% | kafka=1.07%/546.8MiB / 4.804GiB ; elasticsearch=8.54%/1.523GiB / 4.804
[13:50:10] host CPU 46.6% RAM 94.5% | GPU 202MB/2% | kafka=1.86%/546.9MiB / 4.804GiB ; elasticsearch=8.63%/1.53GiB / 4.804G
[13:50:15] host CPU 58.8% RAM 94.6% | GPU 205MB/2% | kafka=70.78%/546.9MiB / 4.804GiB ; elasticsearch=8.25%/1.53GiB / 4.804
[13:50:19] host CPU 50.6% RAM 94.9% | GPU 207MB/2% | kafka=1.38%/546.9MiB / 4.804GiB ; elasticsearch=7.29%/1.53GiB / 4.804G
[13:50:23] host CPU 44.2% RAM 94.7% | GPU 207MB/2% | kafka=1.04%/546.9MiB / 4.804GiB ; elasticsearch=8.28%/1.53GiB / 4.804G
[13:50:28] host CPU 53.5% RAM 94.7% | GPU 207MB/2% | kafka=1.19%/546.5MiB / 4.804GiB ; elasticsearch=7.81%/1.529GiB / 4.804
[13:50:32] host CPU 45.5% RAM 94.7% | GPU 205MB/5% | kafka=1.57%/546.5MiB / 4.804GiB ; elasticsearch=7.66%/1.529GiB / 4.804
[13:50:37] host CPU 41.4% RAM 94.7% | GPU 205MB/5% | kafka=18.25%/556.2MiB / 4.804GiB ; elasticsearch=7.64%/1.529GiB / 4.80
[13:50:42] host CPU 58.9% RAM 94.8% | GPU 208MB/4% | kafka=0.99%/546.5MiB / 4.804GiB ; elasticsearch=7.31%/1.529GiB / 4.804
[13:50:46] host CPU 40.7% RAM 94.7% | GPU 208MB/2% | kafka=1.21%/546.5MiB / 4.804GiB ; elasticsearch=8.45%/1.529GiB / 4.804
[13:50:51] host CPU 48.1% RAM 94.4% | GPU 208MB/5% | kafka=179.96%/610.6MiB / 4.804GiB ; elasticsearch=9.21%/1.528GiB / 4.8
[13:50:55] host CPU 55.7% RAM 94.6% | GPU 208MB/2% | kafka=1.31%/545.8MiB / 4.804GiB ; elasticsearch=7.79%/1.529GiB / 4.804
[13:50:59] host CPU 42.9% RAM 94.7% | GPU 205MB/2% | kafka=1.28%/545.8MiB / 4.804GiB ; elasticsearch=7.09%/1.528GiB / 4.804
[13:51:04] host CPU 52.0% RAM 94.8% | GPU 208MB/1% | kafka=137.64%/623.4MiB / 4.804GiB ; elasticsearch=53.30%/1.528GiB / 4.
[13:51:08] host CPU 52.6% RAM 95.0% | GPU 208MB/1% | kafka=1.26%/545.7MiB / 4.804GiB ; elasticsearch=14.44%/1.528GiB / 4.80
[13:51:12] host CPU 65.7% RAM 95.2% | GPU 232MB/19% | kafka=8.20%/546MiB / 4.804GiB ; elasticsearch=8.62%/1.528GiB / 4.804Gi
[13:51:17] host CPU 72.7% RAM 95.1% | GPU 220MB/0% | kafka=1.11%/546MiB / 4.804GiB ; elasticsearch=7.56%/1.528GiB / 4.804Gi
[13:51:22] host CPU 47.8% RAM 95.0% | GPU 187MB/0% | kafka=6.41%/546.1MiB / 4.804GiB ; elasticsearch=7.34%/1.528GiB / 4.804
[13:51:26] host CPU 41.4% RAM 94.9% | GPU 187MB/0% | kafka=33.29%/566.1MiB / 4.804GiB ; elasticsearch=10.37%/1.528GiB / 4.8
[13:51:31] host CPU 56.9% RAM 95.0% | GPU 185MB/0% | kafka=1.25%/548.4MiB / 4.804GiB ; elasticsearch=7.72%/1.528GiB / 4.804
[13:51:35] host CPU 40.8% RAM 94.8% | GPU 185MB/0% | kafka=2.07%/548.4MiB / 4.804GiB ; elasticsearch=10.53%/1.528GiB / 4.80
[13:51:39] host CPU 54.7% RAM 95.0% | GPU 191MB/0% | kafka=195.43%/607.3MiB / 4.804GiB ; elasticsearch=12.82%/1.528GiB / 4.
[13:51:44] host CPU 69.7% RAM 95.2% | GPU 234MB/2% | kafka=0.95%/547.7MiB / 4.804GiB ; elasticsearch=7.36%/1.528GiB / 4.804
[13:51:48] host CPU 43.4% RAM 94.4% | GPU 227MB/2% | kafka=1.18%/547.7MiB / 4.804GiB ; elasticsearch=7.74%/1.527GiB / 4.804
[13:51:52] host CPU 45.6% RAM 94.2% | GPU 201MB/1% | kafka=145.64%/610.9MiB / 4.804GiB ; elasticsearch=8.61%/1.527GiB / 4.8
[13:51:57] host CPU 69.1% RAM 94.5% | GPU 228MB/14% | kafka=1.41%/547.7MiB / 4.804GiB ; elasticsearch=8.96%/1.527GiB / 4.804
[13:52:02] host CPU 53.0% RAM 94.8% | GPU 201MB/7% | kafka=1.36%/547.7MiB / 4.804GiB ; elasticsearch=7.99%/1.528GiB / 4.804
[13:52:06] host CPU 53.8% RAM 94.7% | GPU 204MB/3% | kafka=0.93%/547.7MiB / 4.804GiB ; elasticsearch=7.91%/1.528GiB / 4.804
[13:52:11] host CPU 49.9% RAM 94.5% | GPU 188MB/0% | kafka=1.29%/547.7MiB / 4.804GiB ; elasticsearch=7.13%/1.528GiB / 4.804
[13:52:16] host CPU 43.3% RAM 94.0% | GPU 188MB/0% | kafka=187.84%/586.5MiB / 4.804GiB ; elasticsearch=8.29%/1.527GiB / 4.8
[13:52:19] host CPU 70.6% RAM 94.3% | GPU 182MB/0% | kafka=1.03%/547.1MiB / 4.804GiB ; elasticsearch=8.24%/1.527GiB / 4.804
[13:52:24] host CPU 45.3% RAM 94.0% | GPU 182MB/0% | kafka=1.55%/547.1MiB / 4.804GiB ; elasticsearch=8.16%/1.527GiB / 4.804
[13:52:28] host CPU 42.9% RAM 94.1% | GPU 182MB/0% | kafka=112.91%/579.2MiB / 4.804GiB ; elasticsearch=7.52%/1.527GiB / 4.8
[13:52:32] host CPU 58.2% RAM 94.1% | GPU 182MB/0% | kafka=1.45%/547.1MiB / 4.804GiB ; elasticsearch=7.67%/1.527GiB / 4.804
[13:52:37] host CPU 42.1% RAM 94.0% | GPU 182MB/0% | kafka=1.39%/547.1MiB / 4.804GiB ; elasticsearch=7.30%/1.527GiB / 4.804
[13:52:42] host CPU 45.5% RAM 94.0% | GPU 182MB/0% | kafka=185.59%/593.1MiB / 4.804GiB ; elasticsearch=6.96%/1.527GiB / 4.8
[13:52:46] host CPU 55.8% RAM 94.1% | GPU 182MB/0% | kafka=1.21%/547.1MiB / 4.804GiB ; elasticsearch=6.98%/1.527GiB / 4.804
[13:52:51] host CPU 42.8% RAM 94.2% | GPU 182MB/0% | kafka=1.59%/547.1MiB / 4.804GiB ; elasticsearch=7.79%/1.527GiB / 4.804
[13:52:55] host CPU 52.9% RAM 94.2% | GPU 182MB/0% | kafka=2.67%/547.1MiB / 4.804GiB ; elasticsearch=116.55%/1.528GiB / 4.8
[13:52:59] host CPU 50.9% RAM 94.3% | GPU 182MB/0% | kafka=1.47%/547.1MiB / 4.804GiB ; elasticsearch=5.22%/1.529GiB / 4.804
[13:53:03] host CPU 31.0% RAM 94.2% | GPU 182MB/0% | kafka=2.01%/547.1MiB / 4.804GiB ; elasticsearch=7.70%/1.53GiB / 4.804G
[13:53:08] host CPU 40.7% RAM 94.5% | GPU 182MB/0% | kafka=1.88%/546.4MiB / 4.804GiB ; elasticsearch=4.71%/1.529GiB / 4.804
[13:53:12] host CPU 27.3% RAM 94.1% | GPU 182MB/0% | kafka=1.88%/546.5MiB / 4.804GiB ; elasticsearch=2.27%/1.529GiB / 4.804
