Sampling every 2s for 5000s -> F:\hate-speech-pipeline\reports\scaling\20260926-184722_p4_c4_cuda_r2\resource_WIX.csv
Run your load (throughput_bench.py / a live stream) now in another terminal.

[18:47:26] host CPU 0.0% RAM 69.4% | GPU 202MB/20% | kafka=1.51%/861.8MiB / 4.804GiB ; elasticsearch=0.74%/1.536GiB / 4.804
[18:47:31] host CPU 55.5% RAM 78.7% | GPU 205MB/2% | kafka=0.67%/861.8MiB / 4.804GiB ; elasticsearch=0.46%/1.536GiB / 4.804
[18:47:35] host CPU 57.8% RAM 81.2% | GPU 212MB/2% | kafka=175.60%/921.8MiB / 4.804GiB ; elasticsearch=0.41%/1.536GiB / 4.8
[18:47:39] host CPU 65.6% RAM 89.1% | GPU 1586MB/2% | kafka=1.42%/861.8MiB / 4.804GiB ; elasticsearch=0.39%/1.536GiB / 4.804
[18:47:43] host CPU 9.0% RAM 87.3% | GPU 1583MB/1% | kafka=1.81%/862.3MiB / 4.804GiB ; elasticsearch=0.36%/1.536GiB / 4.804
[18:47:48] host CPU 24.1% RAM 93.0% | GPU 1650MB/27% | kafka=3.20%/862.1MiB / 4.804GiB ; elasticsearch=4.37%/1.537GiB / 4.804
[18:47:52] host CPU 16.5% RAM 93.4% | GPU 1650MB/7% | kafka=2.50%/861.9MiB / 4.804GiB ; elasticsearch=6.17%/1.537GiB / 4.804
[18:47:56] host CPU 15.9% RAM 93.3% | GPU 1656MB/38% | kafka=2.52%/862MiB / 4.804GiB ; elasticsearch=5.61%/1.537GiB / 4.804Gi
[18:48:01] host CPU 19.5% RAM 93.2% | GPU 1656MB/30% | kafka=2.25%/862.5MiB / 4.804GiB ; elasticsearch=5.33%/1.537GiB / 4.804
[18:48:05] host CPU 14.3% RAM 93.4% | GPU 1655MB/16% | kafka=2.51%/862.1MiB / 4.804GiB ; elasticsearch=4.40%/1.537GiB / 4.804
[18:48:09] host CPU 20.6% RAM 93.2% | GPU 1656MB/37% | kafka=57.09%/862.1MiB / 4.804GiB ; elasticsearch=4.76%/1.537GiB / 4.80
[18:48:12] host CPU 18.5% RAM 93.2% | GPU 1662MB/26% | kafka=2.92%/862.2MiB / 4.804GiB ; elasticsearch=4.04%/1.537GiB / 4.804
[18:48:17] host CPU 16.9% RAM 93.2% | GPU 1656MB/20% | kafka=2.62%/862.3MiB / 4.804GiB ; elasticsearch=4.29%/1.537GiB / 4.804
[18:48:21] host CPU 20.5% RAM 93.4% | GPU 1656MB/48% | kafka=2.36%/862.6MiB / 4.804GiB ; elasticsearch=3.79%/1.537GiB / 4.804
[18:48:25] host CPU 14.9% RAM 93.4% | GPU 1662MB/36% | kafka=2.35%/862.9MiB / 4.804GiB ; elasticsearch=3.12%/1.537GiB / 4.804
[18:48:29] host CPU 14.3% RAM 93.1% | GPU 1656MB/38% | kafka=66.90%/896.1MiB / 4.804GiB ; elasticsearch=3.41%/1.537GiB / 4.80
[18:48:33] host CPU 21.5% RAM 93.3% | GPU 1662MB/39% | kafka=2.56%/862.5MiB / 4.804GiB ; elasticsearch=3.83%/1.537GiB / 4.804
[18:48:38] host CPU 12.4% RAM 93.3% | GPU 1656MB/28% | kafka=2.30%/862.5MiB / 4.804GiB ; elasticsearch=2.29%/1.537GiB / 4.804
[18:48:42] host CPU 22.8% RAM 93.4% | GPU 1657MB/10% | kafka=3.28%/862.8MiB / 4.804GiB ; elasticsearch=4.05%/1.538GiB / 4.804
[18:48:46] host CPU 19.1% RAM 93.3% | GPU 1662MB/8% | kafka=2.40%/862.7MiB / 4.804GiB ; elasticsearch=3.43%/1.537GiB / 4.804
[18:48:51] host CPU 13.4% RAM 93.3% | GPU 1656MB/38% | kafka=85.48%/902.8MiB / 4.804GiB ; elasticsearch=3.40%/1.537GiB / 4.80
[18:48:55] host CPU 21.6% RAM 93.4% | GPU 1657MB/28% | kafka=2.27%/862.7MiB / 4.804GiB ; elasticsearch=3.03%/1.537GiB / 4.804
[18:48:59] host CPU 13.5% RAM 93.1% | GPU 1656MB/7% | kafka=2.72%/863.3MiB / 4.804GiB ; elasticsearch=3.11%/1.537GiB / 4.804
[18:49:03] host CPU 17.5% RAM 93.1% | GPU 1657MB/23% | kafka=102.60%/938.9MiB / 4.804GiB ; elasticsearch=3.00%/1.537GiB / 4.8
[18:49:07] host CPU 22.2% RAM 93.2% | GPU 1656MB/40% | kafka=2.26%/863.6MiB / 4.804GiB ; elasticsearch=3.09%/1.537GiB / 4.804
[18:49:11] host CPU 11.6% RAM 93.5% | GPU 1658MB/37% | kafka=2.36%/863.9MiB / 4.804GiB ; elasticsearch=3.53%/1.538GiB / 4.804
[18:49:15] host CPU 24.1% RAM 93.4% | GPU 1664MB/33% | kafka=2.23%/862.9MiB / 4.804GiB ; elasticsearch=3.41%/1.537GiB / 4.804
[18:49:19] host CPU 13.3% RAM 93.3% | GPU 1658MB/11% | kafka=2.62%/863.2MiB / 4.804GiB ; elasticsearch=4.53%/1.537GiB / 4.804
[18:49:23] host CPU 15.9% RAM 93.6% | GPU 1664MB/13% | kafka=2.38%/863MiB / 4.804GiB ; elasticsearch=3.43%/1.537GiB / 4.804Gi
[18:49:28] host CPU 19.3% RAM 93.6% | GPU 1658MB/24% | kafka=2.32%/863.6MiB / 4.804GiB ; elasticsearch=4.71%/1.537GiB / 4.804
[18:49:32] host CPU 13.6% RAM 93.6% | GPU 1658MB/20% | kafka=2.25%/863.6MiB / 4.804GiB ; elasticsearch=3.29%/1.537GiB / 4.804
[18:49:36] host CPU 20.7% RAM 93.5% | GPU 1664MB/20% | kafka=36.11%/863.4MiB / 4.804GiB ; elasticsearch=3.35%/1.537GiB / 4.80
[18:49:41] host CPU 14.4% RAM 93.6% | GPU 1658MB/22% | kafka=2.54%/863.7MiB / 4.804GiB ; elasticsearch=2.74%/1.537GiB / 4.804
[18:49:45] host CPU 17.2% RAM 93.6% | GPU 1664MB/12% | kafka=14.53%/876MiB / 4.804GiB ; elasticsearch=2.80%/1.537GiB / 4.804G
[18:49:49] host CPU 21.9% RAM 93.6% | GPU 1660MB/36% | kafka=2.51%/863.8MiB / 4.804GiB ; elasticsearch=3.14%/1.537GiB / 4.804
[18:49:53] host CPU 13.2% RAM 93.6% | GPU 1661MB/37% | kafka=2.35%/864.1MiB / 4.804GiB ; elasticsearch=3.88%/1.537GiB / 4.804
[18:49:57] host CPU 15.9% RAM 93.6% | GPU 1659MB/20% | kafka=147.70%/937.3MiB / 4.804GiB ; elasticsearch=3.89%/1.537GiB / 4.8
[18:50:01] host CPU 20.8% RAM 93.6% | GPU 1660MB/18% | kafka=2.43%/863.9MiB / 4.804GiB ; elasticsearch=2.97%/1.537GiB / 4.804
[18:50:05] host CPU 17.4% RAM 93.4% | GPU 1663MB/8% | kafka=2.46%/863.7MiB / 4.804GiB ; elasticsearch=3.11%/1.537GiB / 4.804
[18:50:09] host CPU 20.6% RAM 93.5% | GPU 1657MB/31% | kafka=2.45%/864.1MiB / 4.804GiB ; elasticsearch=3.20%/1.537GiB / 4.804
[18:50:13] host CPU 16.7% RAM 93.6% | GPU 1660MB/11% | kafka=2.42%/864.4MiB / 4.804GiB ; elasticsearch=3.68%/1.537GiB / 4.804
[18:50:18] host CPU 13.1% RAM 93.6% | GPU 1657MB/50% | kafka=121.44%/939.7MiB / 4.804GiB ; elasticsearch=3.08%/1.537GiB / 4.8
[18:50:22] host CPU 20.3% RAM 93.3% | GPU 1657MB/35% | kafka=2.34%/864.2MiB / 4.804GiB ; elasticsearch=3.16%/1.537GiB / 4.804
[18:50:26] host CPU 15.0% RAM 93.1% | GPU 1661MB/8% | kafka=2.33%/864.5MiB / 4.804GiB ; elasticsearch=3.33%/1.537GiB / 4.804
[18:50:31] host CPU 19.4% RAM 93.4% | GPU 1660MB/9% | kafka=2.66%/865.3MiB / 4.804GiB ; elasticsearch=13.39%/1.537GiB / 4.80
[18:50:35] host CPU 16.7% RAM 93.5% | GPU 1666MB/14% | kafka=2.49%/865.6MiB / 4.804GiB ; elasticsearch=3.39%/1.537GiB / 4.804
[18:50:39] host CPU 14.0% RAM 93.4% | GPU 1659MB/23% | kafka=164.65%/927.1MiB / 4.804GiB ; elasticsearch=3.01%/1.537GiB / 4.8
[18:50:43] host CPU 26.1% RAM 93.3% | GPU 1659MB/26% | kafka=2.23%/865.5MiB / 4.804GiB ; elasticsearch=4.85%/1.537GiB / 4.804
[18:50:47] host CPU 15.1% RAM 93.5% | GPU 1656MB/39% | kafka=2.38%/865.5MiB / 4.804GiB ; elasticsearch=3.00%/1.537GiB / 4.804
[18:50:51] host CPU 18.6% RAM 93.6% | GPU 1656MB/39% | kafka=22.22%/865.6MiB / 4.804GiB ; elasticsearch=3.57%/1.537GiB / 4.80
[18:50:55] host CPU 20.5% RAM 93.5% | GPU 1662MB/35% | kafka=2.37%/865.9MiB / 4.804GiB ; elasticsearch=3.55%/1.537GiB / 4.804
[18:50:59] host CPU 12.5% RAM 93.1% | GPU 1658MB/44% | kafka=2.34%/865.9MiB / 4.804GiB ; elasticsearch=3.44%/1.537GiB / 4.804
[18:51:03] host CPU 23.1% RAM 93.5% | GPU 1664MB/34% | kafka=2.32%/865.4MiB / 4.804GiB ; elasticsearch=3.70%/1.537GiB / 4.804
[18:51:08] host CPU 13.8% RAM 93.5% | GPU 1658MB/32% | kafka=2.40%/865.7MiB / 4.804GiB ; elasticsearch=3.59%/1.537GiB / 4.804
[18:51:12] host CPU 12.6% RAM 93.6% | GPU 1654MB/31% | kafka=150.63%/939.8MiB / 4.804GiB ; elasticsearch=3.05%/1.537GiB / 4.8
[18:51:16] host CPU 22.0% RAM 93.5% | GPU 1660MB/24% | kafka=2.25%/866.1MiB / 4.804GiB ; elasticsearch=4.50%/1.537GiB / 4.804
[18:51:21] host CPU 9.2% RAM 93.5% | GPU 1656MB/19% | kafka=2.41%/865.9MiB / 4.804GiB ; elasticsearch=3.23%/1.537GiB / 4.804
[18:51:25] host CPU 21.9% RAM 93.5% | GPU 1662MB/14% | kafka=2.34%/866.4MiB / 4.804GiB ; elasticsearch=2.99%/1.537GiB / 4.804
[18:51:29] host CPU 14.0% RAM 93.3% | GPU 1659MB/23% | kafka=2.26%/866.2MiB / 4.804GiB ; elasticsearch=4.53%/1.537GiB / 4.804
[18:51:33] host CPU 16.2% RAM 93.2% | GPU 1663MB/37% | kafka=126.82%/918.2MiB / 4.804GiB ; elasticsearch=2.75%/1.537GiB / 4.8
[18:51:37] host CPU 22.8% RAM 93.5% | GPU 1658MB/38% | kafka=2.21%/867.2MiB / 4.804GiB ; elasticsearch=3.28%/1.537GiB / 4.804
[18:51:41] host CPU 13.8% RAM 93.6% | GPU 1659MB/36% | kafka=2.32%/867MiB / 4.804GiB ; elasticsearch=2.97%/1.537GiB / 4.804Gi
[18:51:45] host CPU 22.3% RAM 93.5% | GPU 1660MB/18% | kafka=2.35%/867.2MiB / 4.804GiB ; elasticsearch=3.11%/1.537GiB / 4.804
[18:51:49] host CPU 15.6% RAM 93.5% | GPU 1658MB/24% | kafka=2.31%/867.2MiB / 4.804GiB ; elasticsearch=3.15%/1.537GiB / 4.804
[18:51:54] host CPU 14.7% RAM 93.6% | GPU 1664MB/40% | kafka=2.38%/867.5MiB / 4.804GiB ; elasticsearch=3.40%/1.537GiB / 4.804
[18:51:58] host CPU 17.4% RAM 93.6% | GPU 1658MB/19% | kafka=2.41%/867.3MiB / 4.804GiB ; elasticsearch=3.76%/1.537GiB / 4.804
[18:52:02] host CPU 13.6% RAM 93.7% | GPU 1659MB/40% | kafka=2.20%/867.3MiB / 4.804GiB ; elasticsearch=3.57%/1.537GiB / 4.804
[18:52:06] host CPU 16.7% RAM 93.7% | GPU 1664MB/27% | kafka=34.19%/866.7MiB / 4.804GiB ; elasticsearch=4.81%/1.537GiB / 4.80
[18:52:11] host CPU 21.6% RAM 93.6% | GPU 1658MB/41% | kafka=2.11%/866.8MiB / 4.804GiB ; elasticsearch=3.83%/1.536GiB / 4.804
[18:52:15] host CPU 14.6% RAM 93.6% | GPU 1662MB/21% | kafka=20.71%/883.4MiB / 4.804GiB ; elasticsearch=4.84%/1.536GiB / 4.80
[18:52:19] host CPU 22.4% RAM 93.6% | GPU 1656MB/40% | kafka=2.34%/867.4MiB / 4.804GiB ; elasticsearch=3.22%/1.536GiB / 4.804
[18:52:23] host CPU 13.8% RAM 93.6% | GPU 1661MB/40% | kafka=2.68%/867.5MiB / 4.804GiB ; elasticsearch=3.55%/1.536GiB / 4.804
[18:52:27] host CPU 14.8% RAM 93.6% | GPU 1657MB/36% | kafka=165.69%/950.9MiB / 4.804GiB ; elasticsearch=3.43%/1.536GiB / 4.8
[18:52:31] host CPU 20.9% RAM 93.7% | GPU 1657MB/22% | kafka=2.27%/867.5MiB / 4.804GiB ; elasticsearch=3.56%/1.536GiB / 4.804
[18:52:35] host CPU 16.3% RAM 93.7% | GPU 1663MB/20% | kafka=2.47%/867.6MiB / 4.804GiB ; elasticsearch=2.94%/1.536GiB / 4.804
[18:52:39] host CPU 18.3% RAM 93.6% | GPU 1655MB/23% | kafka=3.15%/867.7MiB / 4.804GiB ; elasticsearch=3.11%/1.536GiB / 4.804
[18:52:44] host CPU 16.0% RAM 93.7% | GPU 1659MB/9% | kafka=2.36%/867.7MiB / 4.804GiB ; elasticsearch=3.04%/1.536GiB / 4.804
[18:52:48] host CPU 16.8% RAM 93.7% | GPU 1657MB/30% | kafka=82.76%/905.6MiB / 4.804GiB ; elasticsearch=3.07%/1.536GiB / 4.80
[18:52:52] host CPU 19.7% RAM 93.8% | GPU 1657MB/26% | kafka=2.12%/867.8MiB / 4.804GiB ; elasticsearch=4.46%/1.536GiB / 4.804
[18:52:56] host CPU 16.1% RAM 93.8% | GPU 1659MB/39% | kafka=2.50%/867.9MiB / 4.804GiB ; elasticsearch=3.61%/1.536GiB / 4.804
[18:53:01] host CPU 15.1% RAM 93.6% | GPU 1657MB/30% | kafka=86.89%/867.9MiB / 4.804GiB ; elasticsearch=3.19%/1.536GiB / 4.80
[18:53:05] host CPU 19.0% RAM 93.6% | GPU 1661MB/25% | kafka=2.04%/868MiB / 4.804GiB ; elasticsearch=3.43%/1.536GiB / 4.804Gi
[18:53:09] host CPU 12.9% RAM 93.6% | GPU 1660MB/18% | kafka=2.30%/868.1MiB / 4.804GiB ; elasticsearch=3.03%/1.536GiB / 4.804
[18:53:13] host CPU 23.0% RAM 93.8% | GPU 1663MB/18% | kafka=2.20%/867.2MiB / 4.804GiB ; elasticsearch=3.17%/1.535GiB / 4.804
[18:53:17] host CPU 14.6% RAM 93.7% | GPU 1659MB/37% | kafka=2.30%/867.2MiB / 4.804GiB ; elasticsearch=11.98%/1.535GiB / 4.80
[18:53:21] host CPU 15.6% RAM 93.8% | GPU 1660MB/42% | kafka=162.92%/942.1MiB / 4.804GiB ; elasticsearch=3.16%/1.536GiB / 4.8
[18:53:25] host CPU 23.9% RAM 93.8% | GPU 1664MB/9% | kafka=2.47%/867.5MiB / 4.804GiB ; elasticsearch=3.55%/1.536GiB / 4.804
[18:53:29] host CPU 12.9% RAM 93.6% | GPU 1656MB/38% | kafka=2.39%/867.6MiB / 4.804GiB ; elasticsearch=4.86%/1.536GiB / 4.804
[18:53:34] host CPU 21.6% RAM 93.6% | GPU 1660MB/39% | kafka=2.36%/867.6MiB / 4.804GiB ; elasticsearch=3.23%/1.536GiB / 4.804
[18:53:38] host CPU 12.5% RAM 93.7% | GPU 1656MB/36% | kafka=2.24%/867.7MiB / 4.804GiB ; elasticsearch=3.34%/1.536GiB / 4.804
[18:53:42] host CPU 15.5% RAM 93.8% | GPU 1656MB/31% | kafka=81.46%/903.4MiB / 4.804GiB ; elasticsearch=3.13%/1.536GiB / 4.80
[18:53:46] host CPU 25.9% RAM 93.6% | GPU 1660MB/22% | kafka=2.63%/868.3MiB / 4.804GiB ; elasticsearch=3.01%/1.536GiB / 4.804
[18:53:51] host CPU 13.7% RAM 93.7% | GPU 1656MB/13% | kafka=2.70%/867.8MiB / 4.804GiB ; elasticsearch=3.04%/1.536GiB / 4.804
[18:53:55] host CPU 17.7% RAM 93.7% | GPU 1660MB/22% | kafka=3.14%/868.1MiB / 4.804GiB ; elasticsearch=3.24%/1.536GiB / 4.804
[18:53:59] host CPU 14.1% RAM 93.6% | GPU 1656MB/22% | kafka=2.44%/868.2MiB / 4.804GiB ; elasticsearch=3.05%/1.536GiB / 4.804
[18:54:03] host CPU 17.4% RAM 93.7% | GPU 1657MB/47% | kafka=2.35%/868MiB / 4.804GiB ; elasticsearch=3.45%/1.536GiB / 4.804Gi
[18:54:07] host CPU 21.8% RAM 93.6% | GPU 1656MB/22% | kafka=2.30%/868MiB / 4.804GiB ; elasticsearch=2.96%/1.536GiB / 4.804Gi
[18:54:11] host CPU 13.5% RAM 93.8% | GPU 1658MB/20% | kafka=2.39%/868.6MiB / 4.804GiB ; elasticsearch=3.53%/1.536GiB / 4.804
[18:54:15] host CPU 16.0% RAM 93.7% | GPU 1665MB/18% | kafka=143.38%/924.6MiB / 4.804GiB ; elasticsearch=4.58%/1.535GiB / 4.8
[18:54:19] host CPU 18.8% RAM 93.8% | GPU 1659MB/33% | kafka=2.23%/868.1MiB / 4.804GiB ; elasticsearch=3.21%/1.535GiB / 4.804
[18:54:24] host CPU 16.7% RAM 93.9% | GPU 1664MB/20% | kafka=2.37%/868.2MiB / 4.804GiB ; elasticsearch=2.98%/1.535GiB / 4.804
[18:54:28] host CPU 17.1% RAM 93.9% | GPU 1658MB/13% | kafka=2.25%/868.2MiB / 4.804GiB ; elasticsearch=3.26%/1.535GiB / 4.804
[18:54:32] host CPU 14.5% RAM 93.7% | GPU 1654MB/17% | kafka=2.23%/868.3MiB / 4.804GiB ; elasticsearch=2.81%/1.535GiB / 4.804
[18:54:36] host CPU 14.8% RAM 93.5% | GPU 1660MB/7% | kafka=10.07%/876MiB / 4.804GiB ; elasticsearch=3.24%/1.535GiB / 4.804G
[18:54:41] host CPU 23.0% RAM 93.9% | GPU 1658MB/43% | kafka=2.63%/868.4MiB / 4.804GiB ; elasticsearch=3.40%/1.535GiB / 4.804
[18:54:45] host CPU 13.7% RAM 93.9% | GPU 1664MB/38% | kafka=2.69%/868.7MiB / 4.804GiB ; elasticsearch=4.19%/1.535GiB / 4.804
[18:54:49] host CPU 22.6% RAM 93.8% | GPU 1658MB/20% | kafka=2.29%/868.5MiB / 4.804GiB ; elasticsearch=3.99%/1.535GiB / 4.804
[18:54:53] host CPU 17.8% RAM 93.5% | GPU 1664MB/19% | kafka=2.26%/868.5MiB / 4.804GiB ; elasticsearch=5.13%/1.535GiB / 4.804
[18:54:57] host CPU 11.3% RAM 93.5% | GPU 1658MB/29% | kafka=36.04%/894.2MiB / 4.804GiB ; elasticsearch=3.14%/1.535GiB / 4.80
[18:55:01] host CPU 21.1% RAM 93.8% | GPU 1658MB/25% | kafka=2.44%/868.9MiB / 4.804GiB ; elasticsearch=3.00%/1.535GiB / 4.804
[18:55:06] host CPU 15.8% RAM 93.7% | GPU 1662MB/7% | kafka=2.31%/868.7MiB / 4.804GiB ; elasticsearch=3.00%/1.535GiB / 4.804
[18:55:09] host CPU 15.3% RAM 93.8% | GPU 1656MB/11% | kafka=139.93%/944.2MiB / 4.804GiB ; elasticsearch=2.79%/1.535GiB / 4.8
[18:55:14] host CPU 20.1% RAM 93.9% | GPU 1660MB/26% | kafka=2.23%/869MiB / 4.804GiB ; elasticsearch=3.21%/1.535GiB / 4.804Gi
[18:55:18] host CPU 12.5% RAM 93.9% | GPU 1655MB/19% | kafka=2.09%/870.1MiB / 4.804GiB ; elasticsearch=2.44%/1.535GiB / 4.804
[18:55:22] host CPU 21.3% RAM 93.9% | GPU 1656MB/11% | kafka=2.43%/870.1MiB / 4.804GiB ; elasticsearch=3.36%/1.535GiB / 4.804
[18:55:26] host CPU 17.8% RAM 93.9% | GPU 1659MB/8% | kafka=2.39%/870MiB / 4.804GiB ; elasticsearch=3.48%/1.535GiB / 4.804Gi
[18:55:31] host CPU 13.2% RAM 93.4% | GPU 1656MB/39% | kafka=113.50%/915MiB / 4.804GiB ; elasticsearch=2.94%/1.534GiB / 4.804
[18:55:35] host CPU 19.7% RAM 93.9% | GPU 1660MB/19% | kafka=2.16%/869.1MiB / 4.804GiB ; elasticsearch=3.34%/1.534GiB / 4.804
[18:55:39] host CPU 14.8% RAM 93.8% | GPU 1661MB/18% | kafka=2.14%/869.1MiB / 4.804GiB ; elasticsearch=6.18%/1.534GiB / 4.804
[18:55:43] host CPU 25.9% RAM 93.8% | GPU 1664MB/19% | kafka=2.14%/870.4MiB / 4.804GiB ; elasticsearch=3.27%/1.534GiB / 4.804
[18:55:47] host CPU 16.5% RAM 93.9% | GPU 1655MB/23% | kafka=2.26%/870.4MiB / 4.804GiB ; elasticsearch=3.37%/1.534GiB / 4.804
[18:55:51] host CPU 19.5% RAM 94.0% | GPU 1656MB/18% | kafka=15.03%/883.1MiB / 4.804GiB ; elasticsearch=4.19%/1.534GiB / 4.80
[18:55:56] host CPU 27.0% RAM 94.0% | GPU 1660MB/28% | kafka=2.53%/869.2MiB / 4.804GiB ; elasticsearch=3.57%/1.533GiB / 4.804
[18:55:59] host CPU 13.7% RAM 93.6% | GPU 1654MB/34% | kafka=2.48%/869MiB / 4.804GiB ; elasticsearch=3.23%/1.533GiB / 4.804Gi
[18:56:04] host CPU 15.5% RAM 93.6% | GPU 1660MB/26% | kafka=50.92%/869.3MiB / 4.804GiB ; elasticsearch=7.95%/1.533GiB / 4.80
[18:56:08] host CPU 23.0% RAM 93.9% | GPU 1660MB/46% | kafka=2.29%/869.3MiB / 4.804GiB ; elasticsearch=3.69%/1.533GiB / 4.804
[18:56:12] host CPU 15.2% RAM 94.1% | GPU 1656MB/8% | kafka=2.34%/869.4MiB / 4.804GiB ; elasticsearch=3.57%/1.533GiB / 4.804
[18:56:16] host CPU 23.5% RAM 93.9% | GPU 1659MB/31% | kafka=2.51%/869.4MiB / 4.804GiB ; elasticsearch=4.44%/1.533GiB / 4.804
[18:56:21] host CPU 13.8% RAM 93.9% | GPU 1657MB/44% | kafka=2.47%/869.7MiB / 4.804GiB ; elasticsearch=3.27%/1.533GiB / 4.804
[18:56:25] host CPU 13.6% RAM 93.9% | GPU 1659MB/17% | kafka=35.67%/869.5MiB / 4.804GiB ; elasticsearch=2.93%/1.533GiB / 4.80
[18:56:29] host CPU 22.4% RAM 93.6% | GPU 1657MB/8% | kafka=2.62%/869.6MiB / 4.804GiB ; elasticsearch=3.32%/1.533GiB / 4.804
[18:56:33] host CPU 14.3% RAM 93.6% | GPU 1661MB/20% | kafka=2.19%/869.6MiB / 4.804GiB ; elasticsearch=2.69%/1.533GiB / 4.804
[18:56:37] host CPU 20.8% RAM 93.9% | GPU 1659MB/8% | kafka=2.18%/869.9MiB / 4.804GiB ; elasticsearch=3.50%/1.533GiB / 4.804
[18:56:41] host CPU 16.1% RAM 94.0% | GPU 1659MB/9% | kafka=2.67%/869.7MiB / 4.804GiB ; elasticsearch=3.21%/1.533GiB / 4.804
[18:56:46] host CPU 15.2% RAM 93.9% | GPU 1665MB/50% | kafka=89.35%/910.1MiB / 4.804GiB ; elasticsearch=4.57%/1.533GiB / 4.80
[18:56:49] host CPU 22.8% RAM 93.9% | GPU 1655MB/38% | kafka=2.31%/869.8MiB / 4.804GiB ; elasticsearch=3.33%/1.533GiB / 4.804
[18:56:54] host CPU 14.8% RAM 94.0% | GPU 1659MB/38% | kafka=2.16%/869.9MiB / 4.804GiB ; elasticsearch=3.41%/1.533GiB / 4.804
[18:56:58] host CPU 15.7% RAM 94.0% | GPU 1657MB/30% | kafka=2.98%/869.9MiB / 4.804GiB ; elasticsearch=3.19%/1.533GiB / 4.804
[18:57:02] host CPU 13.7% RAM 93.1% | GPU 1659MB/1% | kafka=1.57%/869.9MiB / 4.804GiB ; elasticsearch=0.83%/1.533GiB / 4.804
