Sampling every 2s for 5000s -> F:\hate-speech-pipeline\reports\scaling\20260923-232815_p2_c2_r1\resource_WIX.csv
Run your load (throughput_bench.py / a live stream) now in another terminal.

[23:28:22] host CPU 87.5% RAM 91.5% | GPU 175MB/20% | kafka=0.80%/496.9MiB / 4.804GiB ; elasticsearch=0.42%/1.531GiB / 4.804
[23:28:26] host CPU 39.4% RAM 94.5% | GPU 162MB/30% | kafka=0.91%/497.1MiB / 4.804GiB ; elasticsearch=0.73%/1.531GiB / 4.804
[23:28:31] host CPU 42.3% RAM 96.6% | GPU 197MB/2% | kafka=146.08%/579.1MiB / 4.804GiB ; elasticsearch=1.29%/1.531GiB / 4.8
[23:28:35] host CPU 24.6% RAM 96.7% | GPU 209MB/9% | kafka=0.88%/497MiB / 4.804GiB ; elasticsearch=0.45%/1.531GiB / 4.804Gi
[23:28:39] host CPU 16.3% RAM 96.3% | GPU 160MB/33% | kafka=1.10%/496.8MiB / 4.804GiB ; elasticsearch=8.47%/1.532GiB / 4.804
[23:28:44] host CPU 50.5% RAM 96.5% | GPU 141MB/33% | kafka=0.89%/496.8MiB / 4.804GiB ; elasticsearch=6.72%/1.532GiB / 4.804
[23:28:47] host CPU 27.9% RAM 96.5% | GPU 141MB/16% | kafka=0.90%/496.8MiB / 4.804GiB ; elasticsearch=27.39%/1.533GiB / 4.80
[23:28:52] host CPU 29.1% RAM 97.0% | GPU 148MB/0% | kafka=150.19%/540.1MiB / 4.804GiB ; elasticsearch=5.85%/1.532GiB / 4.8
[23:28:57] host CPU 36.4% RAM 97.2% | GPU 212MB/2% | kafka=0.74%/496.8MiB / 4.804GiB ; elasticsearch=9.80%/1.533GiB / 4.804
[23:29:01] host CPU 23.6% RAM 97.0% | GPU 163MB/0% | kafka=0.75%/496.8MiB / 4.804GiB ; elasticsearch=7.00%/1.533GiB / 4.804
[23:29:06] host CPU 25.8% RAM 97.1% | GPU 129MB/0% | kafka=33.51%/496.8MiB / 4.804GiB ; elasticsearch=34.18%/1.533GiB / 4.8
[23:29:09] host CPU 25.2% RAM 96.7% | GPU 142MB/28% | kafka=0.85%/496.8MiB / 4.804GiB ; elasticsearch=3.76%/1.533GiB / 4.804
[23:29:14] host CPU 21.6% RAM 96.8% | GPU 142MB/0% | kafka=1.05%/497MiB / 4.804GiB ; elasticsearch=4.77%/1.533GiB / 4.804Gi
[23:29:17] host CPU 27.0% RAM 97.2% | GPU 142MB/0% | kafka=0.79%/496.8MiB / 4.804GiB ; elasticsearch=4.41%/1.533GiB / 4.804
[23:29:22] host CPU 20.4% RAM 96.8% | GPU 142MB/0% | kafka=0.92%/496.8MiB / 4.804GiB ; elasticsearch=4.68%/1.533GiB / 4.804
[23:29:26] host CPU 18.0% RAM 96.8% | GPU 142MB/7% | kafka=46.26%/496.8MiB / 4.804GiB ; elasticsearch=5.42%/1.533GiB / 4.80
[23:29:31] host CPU 28.0% RAM 97.1% | GPU 138MB/0% | kafka=0.99%/496.8MiB / 4.804GiB ; elasticsearch=3.92%/1.533GiB / 4.804
[23:29:36] host CPU 28.4% RAM 97.1% | GPU 211MB/20% | kafka=5.15%/498.5MiB / 4.804GiB ; elasticsearch=4.05%/1.533GiB / 4.804
[23:29:39] host CPU 38.7% RAM 97.2% | GPU 168MB/2% | kafka=0.81%/496.8MiB / 4.804GiB ; elasticsearch=4.50%/1.533GiB / 4.804
[23:29:44] host CPU 20.0% RAM 96.9% | GPU 133MB/2% | kafka=1.03%/496.8MiB / 4.804GiB ; elasticsearch=6.74%/1.533GiB / 4.804
[23:29:48] host CPU 24.8% RAM 97.1% | GPU 139MB/8% | kafka=138.68%/544.8MiB / 4.804GiB ; elasticsearch=7.92%/1.533GiB / 4.8
[23:29:52] host CPU 27.7% RAM 97.3% | GPU 135MB/2% | kafka=0.89%/496.8MiB / 4.804GiB ; elasticsearch=6.37%/1.533GiB / 4.804
[23:29:57] host CPU 19.0% RAM 96.8% | GPU 133MB/1% | kafka=0.77%/496.8MiB / 4.804GiB ; elasticsearch=8.23%/1.533GiB / 4.804
[23:30:01] host CPU 27.3% RAM 97.1% | GPU 133MB/2% | kafka=1.16%/496.8MiB / 4.804GiB ; elasticsearch=4.13%/1.533GiB / 4.804
[23:30:06] host CPU 25.2% RAM 96.9% | GPU 133MB/2% | kafka=0.70%/496.9MiB / 4.804GiB ; elasticsearch=4.44%/1.533GiB / 4.804
[23:30:09] host CPU 20.5% RAM 96.1% | GPU 133MB/2% | kafka=59.07%/529.1MiB / 4.804GiB ; elasticsearch=5.51%/1.533GiB / 4.80
[23:30:14] host CPU 33.3% RAM 96.0% | GPU 133MB/2% | kafka=1.29%/496.8MiB / 4.804GiB ; elasticsearch=4.68%/1.533GiB / 4.804
[23:30:18] host CPU 18.3% RAM 96.3% | GPU 140MB/2% | kafka=0.86%/496.8MiB / 4.804GiB ; elasticsearch=4.40%/1.533GiB / 4.804
[23:30:22] host CPU 17.8% RAM 96.3% | GPU 140MB/2% | kafka=46.58%/496.8MiB / 4.804GiB ; elasticsearch=3.23%/1.533GiB / 4.80
[23:30:27] host CPU 24.1% RAM 96.4% | GPU 140MB/2% | kafka=0.80%/496.8MiB / 4.804GiB ; elasticsearch=3.79%/1.533GiB / 4.804
[23:30:31] host CPU 24.1% RAM 96.0% | GPU 146MB/16% | kafka=2.00%/497.3MiB / 4.804GiB ; elasticsearch=4.20%/1.533GiB / 4.804
[23:30:36] host CPU 31.2% RAM 96.4% | GPU 166MB/2% | kafka=1.01%/496.8MiB / 4.804GiB ; elasticsearch=3.87%/1.533GiB / 4.804
[23:30:39] host CPU 20.4% RAM 96.1% | GPU 133MB/2% | kafka=0.71%/496.8MiB / 4.804GiB ; elasticsearch=4.42%/1.533GiB / 4.804
[23:30:44] host CPU 20.7% RAM 96.1% | GPU 133MB/2% | kafka=136.09%/578.3MiB / 4.804GiB ; elasticsearch=4.19%/1.533GiB / 4.8
[23:30:48] host CPU 31.6% RAM 96.6% | GPU 140MB/2% | kafka=0.74%/496.8MiB / 4.804GiB ; elasticsearch=4.40%/1.533GiB / 4.804
[23:30:52] host CPU 23.0% RAM 96.1% | GPU 140MB/2% | kafka=0.90%/496.8MiB / 4.804GiB ; elasticsearch=3.92%/1.533GiB / 4.804
[23:30:57] host CPU 24.6% RAM 96.4% | GPU 140MB/2% | kafka=1.51%/497.2MiB / 4.804GiB ; elasticsearch=5.82%/1.533GiB / 4.804
[23:31:01] host CPU 22.7% RAM 95.9% | GPU 133MB/1% | kafka=0.91%/497.3MiB / 4.804GiB ; elasticsearch=3.80%/1.534GiB / 4.804
[23:31:06] host CPU 19.2% RAM 96.0% | GPU 133MB/2% | kafka=162.81%/577.9MiB / 4.804GiB ; elasticsearch=3.61%/1.533GiB / 4.8
[23:31:09] host CPU 29.9% RAM 96.2% | GPU 133MB/1% | kafka=0.89%/496.9MiB / 4.804GiB ; elasticsearch=3.23%/1.533GiB / 4.804
[23:31:14] host CPU 22.2% RAM 96.1% | GPU 140MB/3% | kafka=0.94%/496.9MiB / 4.804GiB ; elasticsearch=4.42%/1.534GiB / 4.804
[23:31:18] host CPU 23.9% RAM 96.2% | GPU 140MB/1% | kafka=43.63%/496.9MiB / 4.804GiB ; elasticsearch=3.62%/1.533GiB / 4.80
[23:31:22] host CPU 26.5% RAM 96.3% | GPU 133MB/2% | kafka=0.76%/498.6MiB / 4.804GiB ; elasticsearch=5.85%/1.534GiB / 4.804
[23:31:27] host CPU 17.7% RAM 96.4% | GPU 133MB/2% | kafka=9.96%/509.1MiB / 4.804GiB ; elasticsearch=5.87%/1.534GiB / 4.804
[23:31:31] host CPU 29.0% RAM 96.2% | GPU 133MB/2% | kafka=1.20%/498.6MiB / 4.804GiB ; elasticsearch=4.59%/1.534GiB / 4.804
[23:31:36] host CPU 19.6% RAM 96.2% | GPU 140MB/2% | kafka=0.94%/498.6MiB / 4.804GiB ; elasticsearch=5.56%/1.534GiB / 4.804
[23:31:39] host CPU 24.9% RAM 96.1% | GPU 140MB/2% | kafka=94.53%/498.6MiB / 4.804GiB ; elasticsearch=4.42%/1.534GiB / 4.80
[23:31:44] host CPU 26.1% RAM 96.1% | GPU 140MB/2% | kafka=0.88%/498.6MiB / 4.804GiB ; elasticsearch=5.42%/1.534GiB / 4.804
[23:31:48] host CPU 23.5% RAM 96.2% | GPU 140MB/15% | kafka=0.71%/498.6MiB / 4.804GiB ; elasticsearch=4.12%/1.534GiB / 4.804
[23:31:52] host CPU 34.2% RAM 96.3% | GPU 140MB/2% | kafka=1.58%/498.6MiB / 4.804GiB ; elasticsearch=3.80%/1.534GiB / 4.804
[23:31:57] host CPU 19.1% RAM 95.9% | GPU 133MB/2% | kafka=0.75%/498.6MiB / 4.804GiB ; elasticsearch=3.97%/1.534GiB / 4.804
[23:32:01] host CPU 19.5% RAM 95.8% | GPU 133MB/2% | kafka=186.40%/582.5MiB / 4.804GiB ; elasticsearch=3.60%/1.534GiB / 4.8
[23:32:06] host CPU 31.4% RAM 95.9% | GPU 145MB/22% | kafka=1.14%/498.6MiB / 4.804GiB ; elasticsearch=4.11%/1.534GiB / 4.804
[23:32:09] host CPU 22.1% RAM 96.0% | GPU 140MB/2% | kafka=0.93%/498.6MiB / 4.804GiB ; elasticsearch=4.48%/1.534GiB / 4.804
[23:32:14] host CPU 30.5% RAM 96.2% | GPU 139MB/13% | kafka=35.26%/498.6MiB / 4.804GiB ; elasticsearch=3.26%/1.534GiB / 4.80
[23:32:18] host CPU 20.2% RAM 96.1% | GPU 139MB/2% | kafka=0.90%/498.6MiB / 4.804GiB ; elasticsearch=4.13%/1.534GiB / 4.804
[23:32:22] host CPU 22.4% RAM 96.0% | GPU 139MB/2% | kafka=51.12%/528MiB / 4.804GiB ; elasticsearch=3.97%/1.534GiB / 4.804G
[23:32:27] host CPU 24.8% RAM 96.4% | GPU 139MB/2% | kafka=1.01%/498.6MiB / 4.804GiB ; elasticsearch=3.90%/1.534GiB / 4.804
[23:32:31] host CPU 21.1% RAM 96.1% | GPU 131MB/2% | kafka=0.79%/498.6MiB / 4.804GiB ; elasticsearch=3.84%/1.534GiB / 4.804
[23:32:36] host CPU 24.3% RAM 96.2% | GPU 137MB/3% | kafka=105.95%/498.6MiB / 4.804GiB ; elasticsearch=4.45%/1.534GiB / 4.8
[23:32:39] host CPU 26.4% RAM 96.0% | GPU 137MB/3% | kafka=0.74%/498.6MiB / 4.804GiB ; elasticsearch=6.06%/1.537GiB / 4.804
[23:32:44] host CPU 23.0% RAM 96.1% | GPU 137MB/7% | kafka=0.71%/498.6MiB / 4.804GiB ; elasticsearch=4.21%/1.537GiB / 4.804
[23:32:48] host CPU 27.1% RAM 96.4% | GPU 137MB/9% | kafka=0.73%/498.6MiB / 4.804GiB ; elasticsearch=6.85%/1.538GiB / 4.804
[23:32:52] host CPU 32.0% RAM 96.2% | GPU 137MB/10% | kafka=0.79%/498.6MiB / 4.804GiB ; elasticsearch=9.25%/1.538GiB / 4.804
[23:32:57] host CPU 19.3% RAM 96.2% | GPU 137MB/7% | kafka=167.80%/556.1MiB / 4.804GiB ; elasticsearch=3.28%/1.538GiB / 4.8
[23:33:01] host CPU 32.5% RAM 96.2% | GPU 144MB/7% | kafka=0.70%/498.6MiB / 4.804GiB ; elasticsearch=3.68%/1.538GiB / 4.804
[23:33:06] host CPU 22.0% RAM 95.4% | GPU 145MB/8% | kafka=0.78%/498.6MiB / 4.804GiB ; elasticsearch=4.50%/1.538GiB / 4.804
[23:33:09] host CPU 29.3% RAM 95.7% | GPU 132MB/4% | kafka=0.94%/498.6MiB / 4.804GiB ; elasticsearch=3.90%/1.538GiB / 4.804
[23:33:14] host CPU 24.2% RAM 95.6% | GPU 132MB/8% | kafka=0.93%/498.6MiB / 4.804GiB ; elasticsearch=9.14%/1.538GiB / 4.804
[23:33:18] host CPU 23.6% RAM 95.9% | GPU 133MB/5% | kafka=106.15%/537.4MiB / 4.804GiB ; elasticsearch=6.80%/1.538GiB / 4.8
[23:33:22] host CPU 32.9% RAM 95.9% | GPU 133MB/5% | kafka=0.77%/498.6MiB / 4.804GiB ; elasticsearch=4.51%/1.538GiB / 4.804
[23:33:27] host CPU 21.3% RAM 95.7% | GPU 140MB/9% | kafka=0.98%/498.6MiB / 4.804GiB ; elasticsearch=4.20%/1.538GiB / 4.804
[23:33:31] host CPU 27.8% RAM 95.6% | GPU 141MB/5% | kafka=0.84%/498.7MiB / 4.804GiB ; elasticsearch=3.97%/1.538GiB / 4.804
[23:33:36] host CPU 24.5% RAM 95.7% | GPU 141MB/6% | kafka=1.85%/499.1MiB / 4.804GiB ; elasticsearch=5.41%/1.538GiB / 4.804
[23:33:39] host CPU 24.1% RAM 95.4% | GPU 135MB/4% | kafka=23.46%/514MiB / 4.804GiB ; elasticsearch=6.43%/1.538GiB / 4.804G
[23:33:44] host CPU 34.6% RAM 95.7% | GPU 135MB/7% | kafka=0.67%/499.1MiB / 4.804GiB ; elasticsearch=9.22%/1.538GiB / 4.804
[23:33:48] host CPU 21.9% RAM 95.9% | GPU 139MB/6% | kafka=0.68%/499.1MiB / 4.804GiB ; elasticsearch=3.93%/1.538GiB / 4.804
[23:33:52] host CPU 31.7% RAM 95.8% | GPU 138MB/6% | kafka=159.87%/550.3MiB / 4.804GiB ; elasticsearch=3.92%/1.538GiB / 4.8
[23:33:57] host CPU 31.1% RAM 95.8% | GPU 135MB/8% | kafka=1.05%/499.1MiB / 4.804GiB ; elasticsearch=4.54%/1.538GiB / 4.804
[23:34:01] host CPU 24.4% RAM 95.7% | GPU 135MB/9% | kafka=0.75%/500.6MiB / 4.804GiB ; elasticsearch=3.79%/1.538GiB / 4.804
[23:34:06] host CPU 31.3% RAM 95.7% | GPU 135MB/6% | kafka=0.80%/500.3MiB / 4.804GiB ; elasticsearch=5.81%/1.538GiB / 4.804
[23:34:09] host CPU 24.6% RAM 95.7% | GPU 140MB/9% | kafka=0.98%/500.3MiB / 4.804GiB ; elasticsearch=3.90%/1.538GiB / 4.804
[23:34:14] host CPU 23.7% RAM 95.8% | GPU 140MB/11% | kafka=94.38%/535.2MiB / 4.804GiB ; elasticsearch=3.86%/1.538GiB / 4.80
[23:34:18] host CPU 29.6% RAM 95.9% | GPU 136MB/9% | kafka=0.78%/500.3MiB / 4.804GiB ; elasticsearch=4.52%/1.538GiB / 4.804
[23:34:22] host CPU 23.9% RAM 95.8% | GPU 135MB/10% | kafka=0.86%/500.3MiB / 4.804GiB ; elasticsearch=3.75%/1.538GiB / 4.804
[23:34:27] host CPU 31.0% RAM 96.2% | GPU 135MB/9% | kafka=32.70%/500.3MiB / 4.804GiB ; elasticsearch=4.38%/1.538GiB / 4.80
[23:34:31] host CPU 25.7% RAM 96.1% | GPU 135MB/4% | kafka=0.79%/500.3MiB / 4.804GiB ; elasticsearch=7.27%/1.538GiB / 4.804
[23:34:36] host CPU 23.1% RAM 95.9% | GPU 140MB/4% | kafka=181.59%/564.6MiB / 4.804GiB ; elasticsearch=3.63%/1.538GiB / 4.8
[23:34:40] host CPU 33.6% RAM 96.0% | GPU 139MB/4% | kafka=1.39%/500.3MiB / 4.804GiB ; elasticsearch=3.63%/1.538GiB / 4.804
[23:34:44] host CPU 30.9% RAM 96.2% | GPU 152MB/3% | kafka=1.69%/500.3MiB / 4.804GiB ; elasticsearch=4.52%/1.538GiB / 4.804
[23:34:49] host CPU 66.3% RAM 97.8% | GPU 196MB/1% | kafka=53.62%/500.3MiB / 4.804GiB ; elasticsearch=4.16%/1.538GiB / 4.80
[23:34:54] host CPU 58.5% RAM 97.7% | GPU 189MB/32% | kafka=1.72%/500.3MiB / 4.804GiB ; elasticsearch=6.00%/1.538GiB / 4.804
[23:34:58] host CPU 94.8% RAM 98.8% | GPU 195MB/16% | kafka=63.06%/514.6MiB / 4.804GiB ; elasticsearch=5.47%/1.538GiB / 4.80
[23:35:03] host CPU 91.0% RAM 97.4% | GPU 151MB/30% | kafka=48.51%/500.3MiB / 4.804GiB ; elasticsearch=5.84%/1.538GiB / 4.80
[23:35:08] host CPU 60.1% RAM 97.3% | GPU 143MB/30% | kafka=1.75%/500.3MiB / 4.804GiB ; elasticsearch=4.80%/1.538GiB / 4.804
[23:35:12] host CPU 41.0% RAM 96.2% | GPU 143MB/25% | kafka=39.85%/520.2MiB / 4.804GiB ; elasticsearch=3.91%/1.539GiB / 4.80
[23:35:17] host CPU 50.9% RAM 95.6% | GPU 143MB/28% | kafka=1.08%/500.3MiB / 4.804GiB ; elasticsearch=3.91%/1.538GiB / 4.804
[23:35:21] host CPU 38.1% RAM 95.4% | GPU 143MB/36% | kafka=1.37%/500.3MiB / 4.804GiB ; elasticsearch=8.29%/1.539GiB / 4.804
[23:35:26] host CPU 42.9% RAM 95.4% | GPU 143MB/29% | kafka=83.74%/500.3MiB / 4.804GiB ; elasticsearch=4.05%/1.538GiB / 4.80
[23:35:30] host CPU 41.7% RAM 95.2% | GPU 151MB/16% | kafka=0.99%/500.3MiB / 4.804GiB ; elasticsearch=4.02%/1.539GiB / 4.804
[23:35:34] host CPU 32.3% RAM 94.9% | GPU 143MB/30% | kafka=0.99%/500.3MiB / 4.804GiB ; elasticsearch=4.85%/1.539GiB / 4.804
[23:35:38] host CPU 38.4% RAM 95.1% | GPU 143MB/31% | kafka=45.99%/500.3MiB / 4.804GiB ; elasticsearch=4.26%/1.538GiB / 4.80
[23:35:42] host CPU 38.7% RAM 94.9% | GPU 143MB/33% | kafka=1.41%/500.3MiB / 4.804GiB ; elasticsearch=4.25%/1.538GiB / 4.804
[23:35:47] host CPU 38.0% RAM 94.8% | GPU 143MB/32% | kafka=20.69%/514.9MiB / 4.804GiB ; elasticsearch=4.05%/1.538GiB / 4.80
[23:35:52] host CPU 46.8% RAM 95.0% | GPU 149MB/33% | kafka=1.44%/499.5MiB / 4.804GiB ; elasticsearch=4.89%/1.538GiB / 4.804
[23:35:56] host CPU 32.6% RAM 95.0% | GPU 142MB/29% | kafka=1.71%/499.5MiB / 4.804GiB ; elasticsearch=4.81%/1.538GiB / 4.804
[23:36:01] host CPU 34.5% RAM 94.7% | GPU 150MB/30% | kafka=178.18%/550.1MiB / 4.804GiB ; elasticsearch=3.83%/1.538GiB / 4.8
[23:36:05] host CPU 42.0% RAM 94.9% | GPU 143MB/36% | kafka=0.92%/499.5MiB / 4.804GiB ; elasticsearch=4.19%/1.539GiB / 4.804
[23:36:09] host CPU 33.9% RAM 94.9% | GPU 143MB/19% | kafka=1.11%/499.5MiB / 4.804GiB ; elasticsearch=4.22%/1.539GiB / 4.804
[23:36:13] host CPU 41.4% RAM 94.8% | GPU 144MB/32% | kafka=108.00%/573.4MiB / 4.804GiB ; elasticsearch=6.59%/1.539GiB / 4.8
[23:36:18] host CPU 31.7% RAM 95.3% | GPU 150MB/33% | kafka=0.95%/499.5MiB / 4.804GiB ; elasticsearch=5.49%/1.539GiB / 4.804
[23:36:22] host CPU 39.5% RAM 95.1% | GPU 150MB/32% | kafka=1.28%/499.5MiB / 4.804GiB ; elasticsearch=4.29%/1.539GiB / 4.804
[23:36:27] host CPU 41.3% RAM 95.2% | GPU 143MB/36% | kafka=1.68%/499.5MiB / 4.804GiB ; elasticsearch=4.57%/1.539GiB / 4.804
[23:36:31] host CPU 25.6% RAM 95.1% | GPU 143MB/30% | kafka=1.59%/499.5MiB / 4.804GiB ; elasticsearch=2.67%/1.539GiB / 4.804
[23:36:36] host CPU 43.3% RAM 95.6% | GPU 157MB/30% | kafka=79.53%/499.6MiB / 4.804GiB ; elasticsearch=2.75%/1.539GiB / 4.80
[23:36:41] host CPU 48.0% RAM 96.2% | GPU 190MB/19% | kafka=1.74%/499.7MiB / 4.804GiB ; elasticsearch=2.63%/1.539GiB / 4.804
[23:36:45] host CPU 18.2% RAM 96.2% | GPU 149MB/19% | kafka=3.94%/500MiB / 4.804GiB ; elasticsearch=0.79%/1.538GiB / 4.804Gi
