Sampling every 2s for 5000s -> F:\hate-speech-pipeline\reports\scaling\20260925-141850_p4_c4_r1\resource_WIX.csv
Run your load (throughput_bench.py / a live stream) now in another terminal.

[14:18:53] host CPU 0.0% RAM 94.0% | GPU 218MB/30% | kafka=1.47%/546.8MiB / 4.804GiB ; elasticsearch=0.66%/1.525GiB / 4.804
[14:18:58] host CPU 75.5% RAM 97.3% | GPU 213MB/34% | kafka=75.06%/546.8MiB / 4.804GiB ; elasticsearch=0.93%/1.525GiB / 4.80
[14:19:03] host CPU 84.9% RAM 96.9% | GPU 219MB/16% | kafka=1.20%/546.8MiB / 4.804GiB ; elasticsearch=0.62%/1.525GiB / 4.804
[14:19:07] host CPU 70.6% RAM 97.0% | GPU 219MB/23% | kafka=13.24%/550.8MiB / 4.804GiB ; elasticsearch=0.95%/1.525GiB / 4.80
[14:19:11] host CPU 70.9% RAM 97.7% | GPU 264MB/15% | kafka=1.71%/546.8MiB / 4.804GiB ; elasticsearch=3.77%/1.525GiB / 4.804
[14:19:15] host CPU 31.7% RAM 97.3% | GPU 241MB/2% | kafka=0.82%/547.4MiB / 4.804GiB ; elasticsearch=0.43%/1.525GiB / 4.804
[14:19:20] host CPU 11.6% RAM 97.6% | GPU 253MB/27% | kafka=113.46%/581.4MiB / 4.804GiB ; elasticsearch=0.62%/1.525GiB / 4.8
[14:19:24] host CPU 36.8% RAM 96.3% | GPU 265MB/1% | kafka=1.16%/546.6MiB / 4.804GiB ; elasticsearch=1.17%/1.525GiB / 4.804
[14:19:29] host CPU 6.5% RAM 96.1% | GPU 257MB/8% | kafka=1.11%/546.9MiB / 4.804GiB ; elasticsearch=0.69%/1.525GiB / 4.804
[14:19:33] host CPU 14.0% RAM 96.3% | GPU 242MB/5% | kafka=92.43%/546.9MiB / 4.804GiB ; elasticsearch=3.53%/1.525GiB / 4.80
[14:19:38] host CPU 11.5% RAM 96.1% | GPU 230MB/2% | kafka=1.62%/547.1MiB / 4.804GiB ; elasticsearch=0.39%/1.525GiB / 4.804
[14:19:42] host CPU 12.4% RAM 95.5% | GPU 268MB/38% | kafka=137.15%/598.4MiB / 4.804GiB ; elasticsearch=2.53%/1.525GiB / 4.8
[14:19:47] host CPU 20.9% RAM 95.9% | GPU 270MB/16% | kafka=1.22%/546.9MiB / 4.804GiB ; elasticsearch=0.42%/1.525GiB / 4.804
[14:19:51] host CPU 12.4% RAM 96.0% | GPU 269MB/4% | kafka=1.17%/546.9MiB / 4.804GiB ; elasticsearch=0.48%/1.525GiB / 4.804
[14:19:55] host CPU 19.7% RAM 95.9% | GPU 243MB/1% | kafka=1.41%/547.1MiB / 4.804GiB ; elasticsearch=0.45%/1.525GiB / 4.804
[14:19:59] host CPU 13.7% RAM 96.3% | GPU 233MB/0% | kafka=1.23%/546.9MiB / 4.804GiB ; elasticsearch=0.47%/1.525GiB / 4.804
[14:20:03] host CPU 16.4% RAM 96.1% | GPU 238MB/3% | kafka=13.63%/559.7MiB / 4.804GiB ; elasticsearch=1.04%/1.525GiB / 4.80
[14:20:08] host CPU 25.4% RAM 96.3% | GPU 250MB/21% | kafka=1.51%/547MiB / 4.804GiB ; elasticsearch=0.56%/1.525GiB / 4.804Gi
[14:20:12] host CPU 21.1% RAM 96.6% | GPU 237MB/34% | kafka=1.23%/547MiB / 4.804GiB ; elasticsearch=1.01%/1.525GiB / 4.804Gi
[14:20:17] host CPU 20.1% RAM 96.4% | GPU 228MB/33% | kafka=1.40%/547MiB / 4.804GiB ; elasticsearch=0.62%/1.525GiB / 4.804Gi
[14:20:21] host CPU 15.1% RAM 96.6% | GPU 221MB/16% | kafka=2.02%/547.5MiB / 4.804GiB ; elasticsearch=0.71%/1.525GiB / 4.804
[14:20:25] host CPU 17.4% RAM 96.3% | GPU 221MB/29% | kafka=8.31%/555.8MiB / 4.804GiB ; elasticsearch=0.65%/1.525GiB / 4.804
[14:20:29] host CPU 19.9% RAM 96.8% | GPU 228MB/30% | kafka=1.74%/547MiB / 4.804GiB ; elasticsearch=1.22%/1.525GiB / 4.804Gi
[14:20:34] host CPU 27.4% RAM 96.8% | GPU 264MB/30% | kafka=5.32%/547.4MiB / 4.804GiB ; elasticsearch=0.92%/1.525GiB / 4.804
[14:20:38] host CPU 26.1% RAM 96.7% | GPU 236MB/31% | kafka=88.20%/547.2MiB / 4.804GiB ; elasticsearch=6.70%/1.525GiB / 4.80
[14:20:43] host CPU 34.2% RAM 97.1% | GPU 212MB/25% | kafka=2.31%/547.4MiB / 4.804GiB ; elasticsearch=2.50%/1.525GiB / 4.804
[14:20:48] host CPU 77.1% RAM 98.2% | GPU 212MB/0% | kafka=31.52%/566MiB / 4.804GiB ; elasticsearch=4.80%/1.525GiB / 4.804G
[14:20:52] host CPU 84.8% RAM 98.6% | GPU 212MB/0% | kafka=29.02%/547.2MiB / 4.804GiB ; elasticsearch=0.62%/1.525GiB / 4.80
[14:20:57] host CPU 28.2% RAM 97.9% | GPU 212MB/0% | kafka=3.02%/547.4MiB / 4.804GiB ; elasticsearch=0.98%/1.525GiB / 4.804
[14:21:01] host CPU 8.8% RAM 97.4% | GPU 212MB/0% | kafka=61.38%/582.4MiB / 4.804GiB ; elasticsearch=0.42%/1.525GiB / 4.80
[14:21:05] host CPU 16.8% RAM 97.5% | GPU 212MB/0% | kafka=1.00%/547.2MiB / 4.804GiB ; elasticsearch=0.60%/1.525GiB / 4.804
[14:21:09] host CPU 14.6% RAM 97.9% | GPU 212MB/0% | kafka=1.18%/547.2MiB / 4.804GiB ; elasticsearch=0.56%/1.525GiB / 4.804
[14:21:14] host CPU 12.7% RAM 97.3% | GPU 212MB/0% | kafka=69.59%/547.4MiB / 4.804GiB ; elasticsearch=0.71%/1.525GiB / 4.80
[14:21:18] host CPU 11.5% RAM 95.1% | GPU 212MB/0% | kafka=1.05%/547.2MiB / 4.804GiB ; elasticsearch=0.45%/1.525GiB / 4.804
[14:21:23] host CPU 21.7% RAM 95.4% | GPU 212MB/0% | kafka=158.47%/604.8MiB / 4.804GiB ; elasticsearch=0.61%/1.525GiB / 4.8
[14:21:27] host CPU 31.8% RAM 95.8% | GPU 212MB/0% | kafka=1.25%/547.5MiB / 4.804GiB ; elasticsearch=0.84%/1.525GiB / 4.804
[14:21:31] host CPU 29.3% RAM 95.8% | GPU 212MB/0% | kafka=0.97%/547.3MiB / 4.804GiB ; elasticsearch=0.37%/1.525GiB / 4.804
[14:21:35] host CPU 30.8% RAM 96.0% | GPU 212MB/0% | kafka=1.24%/547.7MiB / 4.804GiB ; elasticsearch=0.40%/1.525GiB / 4.804
[14:21:39] host CPU 15.8% RAM 96.2% | GPU 212MB/0% | kafka=1.23%/547.4MiB / 4.804GiB ; elasticsearch=0.45%/1.525GiB / 4.804
[14:21:44] host CPU 28.9% RAM 96.1% | GPU 212MB/0% | kafka=0.86%/547.4MiB / 4.804GiB ; elasticsearch=0.35%/1.525GiB / 4.804
[14:21:48] host CPU 31.0% RAM 96.1% | GPU 212MB/0% | kafka=0.83%/547.4MiB / 4.804GiB ; elasticsearch=0.39%/1.525GiB / 4.804
[14:21:53] host CPU 20.8% RAM 96.1% | GPU 212MB/0% | kafka=0.79%/547.4MiB / 4.804GiB ; elasticsearch=10.60%/1.525GiB / 4.80
[14:21:57] host CPU 25.3% RAM 94.7% | GPU 212MB/0% | kafka=1.12%/547.7MiB / 4.804GiB ; elasticsearch=0.52%/1.525GiB / 4.804
[14:22:01] host CPU 24.8% RAM 95.9% | GPU 212MB/0% | kafka=1.01%/547.7MiB / 4.804GiB ; elasticsearch=0.49%/1.525GiB / 4.804
[14:22:05] host CPU 7.8% RAM 95.7% | GPU 212MB/0% | kafka=2.06%/547.9MiB / 4.804GiB ; elasticsearch=1.12%/1.525GiB / 4.804
[14:22:09] host CPU 20.6% RAM 95.6% | GPU 235MB/27% | kafka=1.61%/547.4MiB / 4.804GiB ; elasticsearch=0.45%/1.525GiB / 4.804
[14:22:14] host CPU 17.9% RAM 95.5% | GPU 268MB/24% | kafka=1.48%/547.4MiB / 4.804GiB ; elasticsearch=0.41%/1.525GiB / 4.804
[14:22:18] host CPU 23.8% RAM 93.1% | GPU 241MB/19% | kafka=164.35%/616.9MiB / 4.804GiB ; elasticsearch=5.46%/1.525GiB / 4.8
[14:22:23] host CPU 18.9% RAM 93.2% | GPU 242MB/4% | kafka=0.85%/547.4MiB / 4.804GiB ; elasticsearch=0.57%/1.525GiB / 4.804
[14:22:27] host CPU 8.5% RAM 93.1% | GPU 242MB/8% | kafka=1.11%/547.4MiB / 4.804GiB ; elasticsearch=0.50%/1.525GiB / 4.804
[14:22:31] host CPU 16.3% RAM 92.0% | GPU 217MB/5% | kafka=1.20%/547.7MiB / 4.804GiB ; elasticsearch=0.44%/1.525GiB / 4.804
[14:22:35] host CPU 55.2% RAM 94.2% | GPU 232MB/32% | kafka=1.75%/547.7MiB / 4.804GiB ; elasticsearch=0.63%/1.525GiB / 4.804
[14:22:39] host CPU 44.2% RAM 96.4% | GPU 194MB/0% | kafka=177.51%/601.2MiB / 4.804GiB ; elasticsearch=0.59%/1.525GiB / 4.8
[14:22:44] host CPU 65.9% RAM 96.4% | GPU 182MB/0% | kafka=1.31%/547.5MiB / 4.804GiB ; elasticsearch=0.42%/1.525GiB / 4.804
[14:22:48] host CPU 12.0% RAM 94.9% | GPU 182MB/0% | kafka=1.40%/547.5MiB / 4.804GiB ; elasticsearch=1.52%/1.525GiB / 4.804
[14:22:53] host CPU 20.5% RAM 94.9% | GPU 182MB/0% | kafka=6.53%/547.7MiB / 4.804GiB ; elasticsearch=0.48%/1.525GiB / 4.804
[14:22:57] host CPU 16.1% RAM 95.1% | GPU 182MB/0% | kafka=1.25%/548MiB / 4.804GiB ; elasticsearch=1.35%/1.525GiB / 4.804Gi
[14:23:01] host CPU 14.4% RAM 93.9% | GPU 245MB/21% | kafka=75.54%/578.6MiB / 4.804GiB ; elasticsearch=0.52%/1.525GiB / 4.80
[14:23:05] host CPU 55.2% RAM 94.9% | GPU 266MB/16% | kafka=1.15%/547.5MiB / 4.804GiB ; elasticsearch=0.56%/1.525GiB / 4.804
[14:23:09] host CPU 32.0% RAM 95.2% | GPU 249MB/1% | kafka=1.10%/547.5MiB / 4.804GiB ; elasticsearch=0.66%/1.525GiB / 4.804
[14:23:14] host CPU 20.6% RAM 94.5% | GPU 249MB/9% | kafka=106.39%/625.4MiB / 4.804GiB ; elasticsearch=1.29%/1.525GiB / 4.8
[14:23:18] host CPU 27.3% RAM 94.2% | GPU 220MB/23% | kafka=1.10%/547.7MiB / 4.804GiB ; elasticsearch=0.59%/1.525GiB / 4.804
[14:23:23] host CPU 17.1% RAM 94.2% | GPU 221MB/31% | kafka=1.19%/547.7MiB / 4.804GiB ; elasticsearch=1.34%/1.525GiB / 4.804
