---- STARTING OMNI-PROCESSOR ----
-> Connected to Elasticsearch at http://172.16.10.94:9200 | Index: perf_20261002-153519_clu_vm12-vm22_smoke_r1
-> Loading model from /home/ubuntu/hsp/src/../models/bert_final on cpu...
-> BERT Model Loaded successfully.
-> Benchmark log: /home/ubuntu/hsp/reports/scaling/20261002-153519_clu_vm12-vm22_smoke_r1/bench_vm1_2.csv | node vm1 | group g_20261002-153519_clu_vm12-vm22_smoke_r1
------------------------------------------------------------------------------------------------------------------------
DOMAIN       | SOURCE   | PREDICTION   | CONF.  | LATENCY  | TEXT
------------------------------------------------------------------------------------------------------------------------
[MUSIC/CHIL] | YouTube  | [Normal]     | 96%    |  127.6ms | Vani kaise :thinking_face:...
[GAMING/GAM] | YouTube  | [Normal]     | 95%    |   95.0ms | Airplane...
[GAMING/GAM] | YouTube  | [Normal]     | 96%    |  102.8ms | I can't wait to see the singing siren...
[GAMING/GAM] | YouTube  | [Normal]     | 96%    |   93.3ms | is it the capital o?...
[GAMING/SUR] | YouTube  | [Normal]     | 93%    |   79.4ms | bet green...
[GAMING/GAM] | YouTube  | [Normal]     | 91%    |   72.9ms | Noob...
[ENTERTAINM] | YouTube  | [Normal]     | 95%    |  119.0ms | уууууууурааааа...
[GAMING/GAM] | YouTube  | [Normal]     | 96%    |   86.7ms | STAIRWELL RAILING MOVED...
[GAMING/GAM] | YouTube  | [Normal]     | 94%    |   90.7ms | hi...
[ENTERTAINM] | YouTube  | [Normal]     | 77%    |   92.8ms | PUBG AND FREFIRE...
[GAMING/GAM] | YouTube  | [Normal]     | 96%    |  100.0ms | Longer catwalk!!...
[ENTERTAINM] | YouTube  | [Normal]     | 91%    |   96.9ms | hey...
[MUSIC/CHIL] | YouTube  | [Normal]     | 97%    |  133.0ms | evar calls anta ganam :alien_monster::fa...
[PSYCHOLOGY] | YouTube  | [Normal]     | 96%    |  100.7ms | hahah.. whoopsie :p...
[GAMING/SUR] | YouTube  | [Normal]     | 94%    |   89.7ms | 1...
[GAMING/SUR] | YouTube  | [Normal]     | 97%    |   81.6ms | she played for like 20.5 hours...
[GAMING/GAM] | YouTube  | [Normal]     | 93%    |   78.3ms | BRAZIL PLEASE...
[ENTERTAINM] | YouTube  | [Normal]     | 90%    |   74.4ms | yoo...
[GAMING/SUR] | YouTube  | [Normal]     | 70%    |   82.1ms | BRO ADDICTED...
[MUSIC/CHIL] | YouTube  | [Normal]     | 97%    |  109.3ms | jatsii soch ko bdlo...
[ENTERTAINM] | YouTube  | [Normal]     | 97%    |   86.8ms | Welcome New Member!...
[GAMING/GAM] | YouTube  | [Normal]     | 87%    |   89.7ms | no...
[GAMING/GAM] | YouTube  | [Normal]     | 96%    |  102.0ms | theres a cross on the dock?...
[GAMING/GAM] | YouTube  | [Normal]     | 97%    |  111.8ms | rope moved in stairs!!!...
[GAMING/GAM] | YouTube  | [Normal]     | 93%    |  101.0ms | I think you missed the ocean of blood!...
[ENTERTAINM] | YouTube  | [Normal]     | 95%    |   78.7ms | Bangladesh...
[GAMING/SUR] | YouTube  | [Normal]     | 96%    |   77.4ms | finally my man...
[GAMING/SUR] | YouTube  | [Normal]     | 52%    |   81.7ms | GOOP GOOP GOOP...
[PSYCHOLOGY] | YouTube  | [Normal]     | 94%    |  129.1ms | @atomicaxioms which one of your testicle...
[GAMING/SUR] | YouTube  | [Normal]     | 97%    |  105.2ms | After this win be done lol...
[ENTERTAINM] | YouTube  | [Normal]     | 98%    |  109.2ms | :planet-orange-purple-ring:...
[ENTERTAINM] | YouTube  | [Normal]     | 97%    |  164.7ms | My biggest dream is to take my whole fam...
[SELF-HELP/] | YouTube  | [Normal]     | 97%    |   89.1ms | abundance mindset seems important...
[GAMING/SUR] | YouTube  | [OFFENSIVE]  | 95%    |  227.5ms | this is the worst heli take ive ever see...
[ENTERTAINM] | YouTube  | [Normal]     | 94%    |   77.5ms | do an age poll...
[GAMING/SUR] | YouTube  | [Normal]     | 91%    |   80.7ms | STAY HOME!...
[ENTERTAINM] | YouTube  | [Normal]     | 95%    |   75.7ms | :elbowcough:...
[ENTERTAINM] | YouTube  | [Normal]     | 94%    |  105.8ms | GAS PRICES COME DOWN WHEN MRBEAST HITS 5...
[GAMING/SUR] | YouTube  | [Normal]     | 94%    |   82.5ms | No power out not branch out...
[GAMING/GAM] | YouTube  | [Normal]     | 94%    |   81.1ms | YEAAAAHHHH...
[RELATIONSH] | Twitch   | [Normal]     | 93%    |   73.7ms | OOOO...
[RELATIONSH] | Twitch   | [Normal]     | 95%    |  190.0ms | monkaLaugh uh oh monkaLaugh uh oh monkaL...
