---- STARTING OMNI-PROCESSOR ----
-> Connected to Elasticsearch at http://172.16.10.94:9200 | Index: perf_20261002-153519_clu_vm12-vm22_smoke_r1
-> Loading model from /home/ubuntu/hsp/src/../models/bert_final on cpu...
-> BERT Model Loaded successfully.
-> Benchmark log: /home/ubuntu/hsp/reports/scaling/20261002-153519_clu_vm12-vm22_smoke_r1/bench_vm1_1.csv | node vm1 | group g_20261002-153519_clu_vm12-vm22_smoke_r1
------------------------------------------------------------------------------------------------------------------------
DOMAIN       | SOURCE   | PREDICTION   | CONF.  | LATENCY  | TEXT
------------------------------------------------------------------------------------------------------------------------
[GAMING/SUR] | YouTube  | [Normal]     | 92%    |  113.2ms | nah just gamble it all away...
[ENTERTAINM] | YouTube  | [Normal]     | 95%    |   77.0ms | yooo...
[GAMING/GAM] | YouTube  | [Normal]     | 97%    |   83.6ms | love the movie  was amazing...
[ENTERTAINM] | YouTube  | [Normal]     | 87%    |   76.9ms | no...
[ENTERTAINM] | YouTube  | [Normal]     | 96%    |   81.2ms | New member...
[GAMING/GAM] | YouTube  | [OFFENSIVE]  | 65%    |   98.7ms | oooh I don't like the creepy stairs...
[ENTERTAINM] | YouTube  | [Normal]     | 95%    |   72.4ms | xd...
[GAMING/SUR] | YouTube  | [Normal]     | 86%    |   82.4ms | Higher but...
[ENTERTAINM] | YouTube  | [Normal]     | 98%    |  256.7ms | :face-turquoise-covering-eyes::face-turq...
[GAMING/GAM] | YouTube  | [Normal]     | 94%    |   80.3ms | yay!...
[GAMING/GAM] | YouTube  | [Normal]     | 72%    |  112.7ms | I will rent out a movie theater and put ...
[ENTERTAINM] | YouTube  | [Normal]     | 97%    |  120.9ms | Hello from RUSSIA:fire::fire::fire::fire...
[GAMING/SUR] | YouTube  | [Normal]     | 94%    |   83.5ms | GAME NAME IS: DILLON DANIS IS NOT IN THE...
[MUSIC/CHIL] | YouTube  | [Normal]     | 97%    |   76.0ms | exit:smiling_face_with_tear:...
[MUSIC/CHIL] | YouTube  | [Normal]     | 98%    |  139.0ms | momo:face-blue-smiling::face-blue-smilin...
[GAMING/GAM] | YouTube  | [Normal]     | 93%    |  100.1ms | Stair rail moved...
[GAMING/GAM] | YouTube  | [Normal]     | 87%    |  100.7ms | NOW WE ARE DROWNING...
[ENTERTAINM] | YouTube  | [Normal]     | 97%    |  234.6ms | please jimmy give me 10 milion dollar :f...
[GAMING/GAM] | YouTube  | [Normal]     | 78%    |  113.7ms | working in pairs  the blindfolded partne...
[GAMING/SUR] | YouTube  | [Normal]     | 97%    |   74.4ms | This stream Brought to your by Kalshi...
[GAMING/SUR] | YouTube  | [Normal]     | 95%    |   53.3ms | HIT...
[GAMING/GAM] | YouTube  | [Normal]     | 97%    |  109.7ms | oh he did misspell the title:face_with_t...
[ENTERTAINM] | YouTube  | [Normal]     | 95%    |   62.0ms | Bangladesh...
[GAMING/GAM] | YouTube  | [Normal]     | 95%    |   61.4ms | obversation...
[GAMING/GAM] | YouTube  | [Normal]     | 95%    |   64.1ms | NUMBER 1...
[GAMING/SUR] | YouTube  | [Normal]     | 98%    |  109.9ms | Peanut on a game I actually play????...
[GAMING/GAM] | YouTube  | [Normal]     | 95%    |   82.3ms | Light house for sure...
[ENTERTAINM] | YouTube  | [Normal]     | 89%    |   76.3ms | YOOOOOOOOOOOO...
[GAMING/SUR] | YouTube  | [Normal]     | 91%    |  107.4ms | split...
[ENTERTAINM] | YouTube  | [Normal]     | 92%    |  109.8ms | but you hit 13Million views...
[GAMING/GAM] | YouTube  | [Normal]     | 96%    |  111.3ms | gonna try to see it for a second time to...
[SELF-HELP/] | YouTube  | [Normal]     | 64%    |  148.2ms | he has tangible evidence of the hate tho...
[GAMING/GAM] | YouTube  | [Normal]     | 95%    |   86.7ms | obversation...
[GAMING/GAM] | YouTube  | [Normal]     | 97%    |   70.0ms | MOST PPL DIDNT EVEN NOTICE...
[GAMING/GAM] | YouTube  | [Normal]     | 94%    |   95.0ms | intruder? how did he get in? intruder wi...
[ENTERTAINM] | YouTube  | [Normal]     | 97%    |  106.6ms | hi jimmy. I'm From Bangladesh...
[GAMING/GAM] | YouTube  | [Normal]     | 94%    |   83.9ms | I believe in you...
[PSYCHOLOGY] | YouTube  | [Normal]     | 93%    |   79.4ms | avoiding is bad?...
[GAMING/GAM] | YouTube  | [Normal]     | 94%    |   65.6ms | PICTURE...
[ENTERTAINM] | YouTube  | [Normal]     | 95%    |   85.5ms | hii...
[ENTERTAINM] | YouTube  | [Normal]     | 97%    |   84.4ms | Ya casi los 500...
[GAMING/GAM] | YouTube  | [Normal]     | 97%    |   88.8ms | extra object in lantern !!!...
[GAMING/GAM] | YouTube  | [Normal]     | 93%    |   85.6ms | iron lung merch?...
[NEWS/LIVE ] | YouTube  | [Normal]     | 90%    |   91.7ms | BLACK FATIGUE EVEN HIS PARENTS...
[RELATIONSH] | Twitch   | [Normal]     | 93%    |   70.4ms | Jammies...
