Sampling every 2s for 5000s -> F:\hate-speech-pipeline\reports\scaling\20260926-174241_p4_c4_r3\resource_WIX.csv
Run your load (throughput_bench.py / a live stream) now in another terminal.

[17:42:45] host CPU 0.0% RAM 76.6% | GPU 195MB/7% | kafka=0.66%/815.4MiB / 4.804GiB ; elasticsearch=0.88%/1.537GiB / 4.804
[17:42:49] host CPU 59.3% RAM 85.7% | GPU 190MB/0% | kafka=1.10%/815.4MiB / 4.804GiB ; elasticsearch=1.19%/1.537GiB / 4.804
[17:42:53] host CPU 65.9% RAM 87.5% | GPU 196MB/0% | kafka=1.05%/815.4MiB / 4.804GiB ; elasticsearch=0.62%/1.537GiB / 4.804
[17:42:58] host CPU 72.9% RAM 91.4% | GPU 196MB/0% | kafka=0.67%/815.5MiB / 4.804GiB ; elasticsearch=0.55%/1.537GiB / 4.804
[17:43:02] host CPU 14.0% RAM 91.5% | GPU 197MB/1% | kafka=0.73%/815.5MiB / 4.804GiB ; elasticsearch=9.64%/1.538GiB / 4.804
[17:43:06] host CPU 27.5% RAM 93.7% | GPU 193MB/0% | kafka=188.20%/877.3MiB / 4.804GiB ; elasticsearch=8.16%/1.538GiB / 4.8
[17:43:11] host CPU 48.8% RAM 93.9% | GPU 196MB/3% | kafka=3.72%/821.2MiB / 4.804GiB ; elasticsearch=7.14%/1.537GiB / 4.804
[17:43:15] host CPU 26.6% RAM 93.9% | GPU 196MB/0% | kafka=3.61%/821.2MiB / 4.804GiB ; elasticsearch=8.01%/1.537GiB / 4.804
[17:43:19] host CPU 31.3% RAM 94.0% | GPU 189MB/0% | kafka=53.62%/822.6MiB / 4.804GiB ; elasticsearch=14.38%/1.537GiB / 4.8
[17:43:23] host CPU 37.4% RAM 93.8% | GPU 199MB/0% | kafka=3.32%/822.7MiB / 4.804GiB ; elasticsearch=8.17%/1.538GiB / 4.804
[17:43:28] host CPU 25.7% RAM 93.8% | GPU 193MB/0% | kafka=15.90%/833.6MiB / 4.804GiB ; elasticsearch=8.48%/1.538GiB / 4.80
[17:43:32] host CPU 50.7% RAM 93.9% | GPU 196MB/0% | kafka=3.84%/822.9MiB / 4.804GiB ; elasticsearch=5.79%/1.538GiB / 4.804
[17:43:36] host CPU 32.0% RAM 93.8% | GPU 191MB/0% | kafka=3.96%/823.2MiB / 4.804GiB ; elasticsearch=4.59%/1.538GiB / 4.804
[17:43:41] host CPU 30.9% RAM 94.0% | GPU 201MB/1% | kafka=36.73%/841.2MiB / 4.804GiB ; elasticsearch=7.06%/1.538GiB / 4.80
[17:43:45] host CPU 37.5% RAM 94.1% | GPU 201MB/0% | kafka=3.69%/823.2MiB / 4.804GiB ; elasticsearch=6.04%/1.538GiB / 4.804
[17:43:49] host CPU 25.7% RAM 94.2% | GPU 193MB/0% | kafka=3.84%/823.2MiB / 4.804GiB ; elasticsearch=8.03%/1.538GiB / 4.804
[17:43:53] host CPU 35.6% RAM 93.9% | GPU 196MB/0% | kafka=172.62%/888MiB / 4.804GiB ; elasticsearch=5.14%/1.538GiB / 4.804
[17:43:58] host CPU 36.2% RAM 94.0% | GPU 191MB/0% | kafka=3.50%/823.4MiB / 4.804GiB ; elasticsearch=14.92%/1.538GiB / 4.80
[17:44:02] host CPU 30.4% RAM 93.5% | GPU 196MB/1% | kafka=3.83%/823.5MiB / 4.804GiB ; elasticsearch=4.98%/1.539GiB / 4.804
[17:44:06] host CPU 36.9% RAM 94.0% | GPU 191MB/0% | kafka=3.79%/823.6MiB / 4.804GiB ; elasticsearch=5.72%/1.539GiB / 4.804
[17:44:11] host CPU 28.5% RAM 93.6% | GPU 198MB/2% | kafka=3.58%/823.9MiB / 4.804GiB ; elasticsearch=6.12%/1.539GiB / 4.804
[17:44:15] host CPU 24.8% RAM 93.7% | GPU 200MB/0% | kafka=180.59%/878.6MiB / 4.804GiB ; elasticsearch=5.81%/1.539GiB / 4.8
[17:44:19] host CPU 39.4% RAM 94.2% | GPU 192MB/0% | kafka=3.91%/823.8MiB / 4.804GiB ; elasticsearch=5.33%/1.539GiB / 4.804
[17:44:23] host CPU 28.6% RAM 93.8% | GPU 197MB/0% | kafka=3.54%/824.1MiB / 4.804GiB ; elasticsearch=5.90%/1.539GiB / 4.804
[17:44:28] host CPU 31.4% RAM 93.8% | GPU 190MB/0% | kafka=33.58%/824MiB / 4.804GiB ; elasticsearch=7.03%/1.54GiB / 4.804Gi
[17:44:32] host CPU 33.5% RAM 94.1% | GPU 195MB/1% | kafka=3.67%/824.1MiB / 4.804GiB ; elasticsearch=5.34%/1.54GiB / 4.804G
[17:44:36] host CPU 38.6% RAM 94.3% | GPU 192MB/0% | kafka=4.13%/824.4MiB / 4.804GiB ; elasticsearch=5.27%/1.54GiB / 4.804G
[17:44:41] host CPU 46.8% RAM 94.2% | GPU 202MB/1% | kafka=5.37%/824.2MiB / 4.804GiB ; elasticsearch=5.24%/1.54GiB / 4.804G
[17:44:45] host CPU 28.9% RAM 94.3% | GPU 204MB/0% | kafka=3.73%/824.3MiB / 4.804GiB ; elasticsearch=5.54%/1.54GiB / 4.804G
[17:44:49] host CPU 28.6% RAM 94.5% | GPU 195MB/1% | kafka=92.49%/853.2MiB / 4.804GiB ; elasticsearch=7.26%/1.54GiB / 4.804
[17:44:53] host CPU 48.5% RAM 94.3% | GPU 198MB/0% | kafka=3.83%/824.5MiB / 4.804GiB ; elasticsearch=5.90%/1.54GiB / 4.804G
[17:44:58] host CPU 28.9% RAM 93.7% | GPU 189MB/0% | kafka=3.37%/824.6MiB / 4.804GiB ; elasticsearch=5.47%/1.54GiB / 4.804G
[17:45:02] host CPU 34.8% RAM 93.7% | GPU 194MB/0% | kafka=168.14%/893.7MiB / 4.804GiB ; elasticsearch=9.05%/1.54GiB / 4.80
[17:45:06] host CPU 37.5% RAM 94.1% | GPU 191MB/0% | kafka=3.53%/824.7MiB / 4.804GiB ; elasticsearch=5.68%/1.54GiB / 4.804G
[17:45:11] host CPU 27.4% RAM 93.7% | GPU 198MB/2% | kafka=3.61%/824.8MiB / 4.804GiB ; elasticsearch=5.28%/1.54GiB / 4.804G
[17:45:15] host CPU 40.1% RAM 94.2% | GPU 198MB/0% | kafka=3.74%/824.9MiB / 4.804GiB ; elasticsearch=5.42%/1.54GiB / 4.804G
[17:45:19] host CPU 28.0% RAM 94.3% | GPU 193MB/0% | kafka=4.10%/825.2MiB / 4.804GiB ; elasticsearch=5.46%/1.54GiB / 4.804G
[17:45:23] host CPU 30.1% RAM 93.8% | GPU 197MB/6% | kafka=103.81%/860.3MiB / 4.804GiB ; elasticsearch=5.82%/1.54GiB / 4.80
[17:45:28] host CPU 38.0% RAM 94.1% | GPU 189MB/0% | kafka=3.86%/825.1MiB / 4.804GiB ; elasticsearch=5.25%/1.54GiB / 4.804G
[17:45:32] host CPU 30.7% RAM 94.2% | GPU 196MB/1% | kafka=3.86%/825.2MiB / 4.804GiB ; elasticsearch=5.37%/1.54GiB / 4.804G
[17:45:36] host CPU 36.2% RAM 94.2% | GPU 191MB/0% | kafka=153.42%/897.9MiB / 4.804GiB ; elasticsearch=7.79%/1.54GiB / 4.80
[17:45:41] host CPU 37.3% RAM 94.2% | GPU 201MB/1% | kafka=3.43%/825.4MiB / 4.804GiB ; elasticsearch=7.47%/1.54GiB / 4.804G
[17:45:45] host CPU 24.1% RAM 94.2% | GPU 203MB/0% | kafka=3.42%/825.5MiB / 4.804GiB ; elasticsearch=5.39%/1.54GiB / 4.804G
[17:45:49] host CPU 37.9% RAM 94.4% | GPU 195MB/0% | kafka=5.88%/825.5MiB / 4.804GiB ; elasticsearch=37.44%/1.54GiB / 4.804
[17:45:53] host CPU 37.5% RAM 94.0% | GPU 200MB/0% | kafka=3.49%/825.6MiB / 4.804GiB ; elasticsearch=5.29%/1.54GiB / 4.804G
[17:45:58] host CPU 24.0% RAM 93.9% | GPU 189MB/0% | kafka=79.23%/857.7MiB / 4.804GiB ; elasticsearch=5.14%/1.54GiB / 4.804
[17:46:02] host CPU 42.1% RAM 94.0% | GPU 198MB/1% | kafka=3.63%/825.8MiB / 4.804GiB ; elasticsearch=5.65%/1.54GiB / 4.804G
[17:46:06] host CPU 29.4% RAM 93.9% | GPU 191MB/0% | kafka=3.79%/825.9MiB / 4.804GiB ; elasticsearch=4.99%/1.54GiB / 4.804G
[17:46:11] host CPU 29.4% RAM 94.1% | GPU 201MB/1% | kafka=173.88%/903.7MiB / 4.804GiB ; elasticsearch=5.42%/1.54GiB / 4.80
[17:46:15] host CPU 33.7% RAM 94.2% | GPU 203MB/0% | kafka=3.61%/826.3MiB / 4.804GiB ; elasticsearch=6.25%/1.54GiB / 4.804G
[17:46:19] host CPU 25.4% RAM 94.3% | GPU 195MB/0% | kafka=3.74%/826.1MiB / 4.804GiB ; elasticsearch=4.86%/1.54GiB / 4.804G
[17:46:23] host CPU 39.2% RAM 93.9% | GPU 200MB/0% | kafka=4.44%/824.7MiB / 4.804GiB ; elasticsearch=10.45%/1.539GiB / 4.80
[17:46:28] host CPU 31.0% RAM 94.1% | GPU 192MB/0% | kafka=3.74%/824.5MiB / 4.804GiB ; elasticsearch=6.01%/1.539GiB / 4.804
[17:46:32] host CPU 27.8% RAM 94.0% | GPU 196MB/6% | kafka=3.67%/824.6MiB / 4.804GiB ; elasticsearch=4.77%/1.539GiB / 4.804
[17:46:36] host CPU 43.3% RAM 94.0% | GPU 189MB/0% | kafka=3.67%/826.6MiB / 4.804GiB ; elasticsearch=7.84%/1.539GiB / 4.804
[17:46:41] host CPU 29.2% RAM 94.2% | GPU 194MB/3% | kafka=3.28%/826.7MiB / 4.804GiB ; elasticsearch=4.90%/1.539GiB / 4.804
[17:46:45] host CPU 22.6% RAM 94.2% | GPU 196MB/0% | kafka=161.17%/908.3MiB / 4.804GiB ; elasticsearch=20.84%/1.539GiB / 4.
[17:46:49] host CPU 38.2% RAM 94.3% | GPU 191MB/0% | kafka=3.55%/826.6MiB / 4.804GiB ; elasticsearch=5.28%/1.539GiB / 4.804
[17:46:53] host CPU 28.6% RAM 94.2% | GPU 196MB/0% | kafka=5.37%/826.7MiB / 4.804GiB ; elasticsearch=5.42%/1.539GiB / 4.804
[17:46:58] host CPU 33.9% RAM 93.9% | GPU 191MB/0% | kafka=120.02%/827.5MiB / 4.804GiB ; elasticsearch=6.21%/1.539GiB / 4.8
[17:47:02] host CPU 34.2% RAM 94.0% | GPU 196MB/0% | kafka=3.31%/827.4MiB / 4.804GiB ; elasticsearch=5.04%/1.539GiB / 4.804
[17:47:06] host CPU 30.1% RAM 94.1% | GPU 192MB/0% | kafka=3.69%/826.9MiB / 4.804GiB ; elasticsearch=5.44%/1.539GiB / 4.804
[17:47:11] host CPU 49.0% RAM 94.2% | GPU 195MB/2% | kafka=3.50%/827.3MiB / 4.804GiB ; elasticsearch=5.26%/1.539GiB / 4.804
[17:47:15] host CPU 26.0% RAM 94.1% | GPU 197MB/1% | kafka=4.13%/827.4MiB / 4.804GiB ; elasticsearch=5.48%/1.539GiB / 4.804
[17:47:19] host CPU 24.5% RAM 94.3% | GPU 190MB/0% | kafka=192.96%/876.2MiB / 4.804GiB ; elasticsearch=14.19%/1.539GiB / 4.
[17:47:23] host CPU 44.1% RAM 94.2% | GPU 200MB/0% | kafka=3.53%/827.3MiB / 4.804GiB ; elasticsearch=4.71%/1.538GiB / 4.804
[17:47:28] host CPU 25.2% RAM 94.1% | GPU 194MB/0% | kafka=3.49%/827.3MiB / 4.804GiB ; elasticsearch=4.97%/1.538GiB / 4.804
[17:47:32] host CPU 33.0% RAM 94.2% | GPU 202MB/0% | kafka=3.48%/827.4MiB / 4.804GiB ; elasticsearch=4.92%/1.539GiB / 4.804
[17:47:36] host CPU 36.6% RAM 94.1% | GPU 190MB/0% | kafka=4.34%/827.7MiB / 4.804GiB ; elasticsearch=6.56%/1.538GiB / 4.804
[17:47:41] host CPU 33.6% RAM 94.2% | GPU 197MB/5% | kafka=3.12%/827.8MiB / 4.804GiB ; elasticsearch=6.65%/1.539GiB / 4.804
[17:47:45] host CPU 44.3% RAM 94.2% | GPU 196MB/1% | kafka=3.38%/827.7MiB / 4.804GiB ; elasticsearch=4.68%/1.539GiB / 4.804
[17:47:49] host CPU 31.8% RAM 94.4% | GPU 189MB/0% | kafka=4.04%/827.8MiB / 4.804GiB ; elasticsearch=6.17%/1.539GiB / 4.804
[17:47:53] host CPU 30.4% RAM 94.1% | GPU 196MB/0% | kafka=21.97%/842.3MiB / 4.804GiB ; elasticsearch=4.98%/1.539GiB / 4.80
[17:47:58] host CPU 38.0% RAM 94.1% | GPU 189MB/0% | kafka=3.88%/827.9MiB / 4.804GiB ; elasticsearch=5.01%/1.539GiB / 4.804
[17:48:02] host CPU 28.8% RAM 94.0% | GPU 198MB/0% | kafka=3.82%/828MiB / 4.804GiB ; elasticsearch=5.32%/1.539GiB / 4.804Gi
[17:48:06] host CPU 35.7% RAM 94.1% | GPU 189MB/0% | kafka=107.22%/828.1MiB / 4.804GiB ; elasticsearch=6.67%/1.539GiB / 4.8
[17:48:11] host CPU 36.6% RAM 94.2% | GPU 198MB/1% | kafka=3.49%/828.2MiB / 4.804GiB ; elasticsearch=5.23%/1.539GiB / 4.804
[17:48:15] host CPU 26.0% RAM 94.2% | GPU 199MB/6% | kafka=3.84%/828.2MiB / 4.804GiB ; elasticsearch=5.49%/1.539GiB / 4.804
[17:48:19] host CPU 40.2% RAM 94.4% | GPU 189MB/0% | kafka=3.56%/828.3MiB / 4.804GiB ; elasticsearch=5.95%/1.539GiB / 4.804
[17:48:23] host CPU 36.7% RAM 94.2% | GPU 198MB/0% | kafka=3.25%/828.4MiB / 4.804GiB ; elasticsearch=5.80%/1.539GiB / 4.804
[17:48:28] host CPU 27.4% RAM 94.1% | GPU 193MB/0% | kafka=186.16%/880MiB / 4.804GiB ; elasticsearch=5.28%/1.539GiB / 4.804
[17:48:33] host CPU 48.1% RAM 94.2% | GPU 198MB/1% | kafka=4.18%/828.6MiB / 4.804GiB ; elasticsearch=4.62%/1.539GiB / 4.804
[17:48:36] host CPU 26.1% RAM 93.7% | GPU 193MB/0% | kafka=3.84%/828.7MiB / 4.804GiB ; elasticsearch=5.76%/1.539GiB / 4.804
[17:48:41] host CPU 36.4% RAM 93.7% | GPU 198MB/2% | kafka=85.22%/829MiB / 4.804GiB ; elasticsearch=5.92%/1.539GiB / 4.804G
[17:48:45] host CPU 35.4% RAM 93.9% | GPU 196MB/1% | kafka=3.51%/828.8MiB / 4.804GiB ; elasticsearch=5.06%/1.539GiB / 4.804
[17:48:49] host CPU 20.3% RAM 93.0% | GPU 189MB/0% | kafka=1.37%/828.9MiB / 4.804GiB ; elasticsearch=1.02%/1.539GiB / 4.804
