---- STARTING OMNI-PROCESSOR ----
-> Connected to Elasticsearch at http://172.16.10.94:9200 | Index: perf_20261002-153140_clu_vm12-vm22_smoke_r1
-> Loading model from /home/ubuntu/hsp/src/../models/bert_final on cpu...
-> BERT Model Loaded successfully.
-> Benchmark log: /home/ubuntu/hsp/reports/scaling/20261002-153140_clu_vm12-vm22_smoke_r1/bench_vm1_1.csv | node vm1 | group g_20261002-153140_clu_vm12-vm22_smoke_r1
------------------------------------------------------------------------------------------------------------------------
DOMAIN       | SOURCE   | PREDICTION   | CONF.  | LATENCY  | TEXT
------------------------------------------------------------------------------------------------------------------------
[GAMING/SUR] | YouTube  | [Normal]     | 93%    |   77.6ms | LETS GO!!!...
[GAMING/SUR] | YouTube  | [Normal]     | 97%    |   71.2ms | H20 and Kyle have been getting fed all d...
[GAMING/GAM] | YouTube  | [Normal]     | 98%    |  173.7ms | MARK I SAW IRON LUNG LAST WEEKEND!!!! IT...
[ENTERTAINM] | YouTube  | [Normal]     | 94%    |   74.8ms | hi...
[GAMING/GAM] | YouTube  | [Normal]     | 97%    |   87.9ms | Hai Marikipliaer!!!!...
[GAMING/GAM] | YouTube  | [Normal]     | 96%    |   69.4ms | Water cheese...
[GAMING/SUR] | YouTube  | [Normal]     | 96%    |   88.3ms | YOU HAD 1000 SCRAP WHEN YOU LOGGED IN...
[ENTERTAINM] | YouTube  | [Normal]     | 98%    |   82.8ms | sir please visit chhattisgarh india for ...
[GAMING/SUR] | YouTube  | [Normal]     | 94%    |   79.7ms | 5...
[ENTERTAINM] | YouTube  | [Normal]     | 97%    |  139.8ms | Taiwan W:face-red-heart-shape::face-red-...
[GAMING/GAM] | YouTube  | [Normal]     | 81%    |   68.4ms | crazy work...
[ENTERTAINM] | YouTube  | [Normal]     | 94%    |   74.4ms | SO OLD BUT GOLD...
[ENTERTAINM] | YouTube  | [Normal]     | 96%    |   79.4ms | LeBron James...
[ENTERTAINM] | YouTube  | [Normal]     | 96%    |   72.2ms | Yuppp...
[ENTERTAINM] | YouTube  | [Normal]     | 96%    |  112.1ms | I’m a really big fan of your channel  an...
[ENTERTAINM] | YouTube  | [Normal]     | 97%    |   78.2ms | Hello    I am from India...
[GAMING/GAM] | YouTube  | [Normal]     | 96%    |   66.6ms | Hi mark...
[ENTERTAINM] | YouTube  | [Normal]     | 94%    |   77.9ms | hi...
[ENTERTAINM] | YouTube  | [Normal]     | 96%    |   57.7ms | New member...
[GAMING/SUR] | YouTube  | [Normal]     | 94%    |   49.1ms | RIP...
[PSYCHOLOGY] | YouTube  | [OFFENSIVE]  | 57%    |   60.7ms | shitting on our copium...
[ENTERTAINM] | YouTube  | [Normal]     | 98%    |  393.3ms | :hand-green-crystal-ball::hand-green-cry...
[MUSIC/CHIL] | YouTube  | [Normal]     | 95%    |   75.1ms | Na brathuku...
[SELF-HELP/] | YouTube  | [Normal]     | 94%    |   84.3ms | LIKE THE STREAM BOIIIS!!...
[GAMING/SUR] | YouTube  | [Normal]     | 92%    |   57.9ms | how do i join...
[ENTERTAINM] | YouTube  | [Normal]     | 93%    |   51.2ms | gg...
[GAMING/GAM] | YouTube  | [Normal]     | 91%    |   49.1ms | w...
[MUSIC/CHIL] | YouTube  | [Normal]     | 97%    |   96.3ms | aaron fechter on the other stage Looney ...
[GAMING/GAM] | YouTube  | [Normal]     | 94%    |   48.6ms | Hi...
[GAMING/GAM] | YouTube  | [HATE]       | 36%    |   69.9ms | So they “won” by charging people more?...
[GAMING/GAM] | YouTube  | [Normal]     | 95%    |   98.1ms | Iron Lung was a 50 or more out of 10...
[GAMING/GAM] | YouTube  | [Normal]     | 96%    |   60.8ms | hi mark...
[GAMING/GAM] | YouTube  | [Normal]     | 95%    |   56.7ms | Obversation...
[ENTERTAINM] | YouTube  | [Normal]     | 97%    |   61.8ms | Please invite me to a video...
[ENTERTAINM] | YouTube  | [Normal]     | 98%    |  350.5ms | :hand-pink-waving::hand-pink-waving::han...
[GAMING/GAM] | YouTube  | [Normal]     | 93%    |   71.7ms | yes...
[GAMING/GAM] | YouTube  | [Normal]     | 96%    |   81.8ms | the lantern shadow in intwerior...
[PSYCHOLOGY] | YouTube  | [Normal]     | 95%    |   70.9ms | 67...
[GAMING/SUR] | YouTube  | [Normal]     | 92%    |   71.0ms | normal...
[GAMING/SUR] | YouTube  | [Normal]     | 97%    |  109.7ms | Brooooo peanut on rust again?! Back to b...
[GAMING/SUR] | YouTube  | [Normal]     | 95%    |   83.0ms | so fkin crazy lmao...
[ENTERTAINM] | YouTube  | [Normal]     | 94%    |   73.4ms | Hi...
[GAMING/SUR] | YouTube  | [Normal]     | 97%    |   79.6ms | did rouge sleep?...
[ENTERTAINM] | YouTube  | [Normal]     | 94%    |   52.8ms | hi...
[GAMING/GAM] | YouTube  | [Normal]     | 93%    |   89.0ms | that explains why I couldn't hear some t...
[ENTERTAINM] | YouTube  | [Normal]     | 95%    |  197.0ms | Love you mrbeast Love you mrbeastLove yo...
[GAMING/GAM] | YouTube  | [Normal]     | 90%    |   97.6ms | Hey it was a good fight us airplanes wil...
[GAMING/GAM] | YouTube  | [Normal]     | 92%    |   89.1ms | MARK THE STAIRS ARE UNDULATING...
[ENTERTAINM] | YouTube  | [Normal]     | 90%    |   74.7ms | hay mr beast...
[GAMING/GAM] | YouTube  | [Normal]     | 88%    |  119.4ms | I love observation duty but does anyone ...
[ENTERTAINM] | YouTube  | [Normal]     | 94%    |   74.0ms | 1...
[GAMING/GAM] | YouTube  | [Normal]     | 85%    |   75.5ms | DEAD BODY ON CABIN...
[SELF-HELP/] | YouTube  | [Normal]     | 71%    |   78.2ms | it sucks to be too smart...
[GAMING/GAM] | YouTube  | [Normal]     | 92%    |   72.7ms | yeah...
[GAMING/GAM] | YouTube  | [Normal]     | 96%    |   83.4ms | wait extra donuts???...
[RELATIONSH] | Twitch   | [Normal]     | 89%    |   68.5ms | Sure confused...
[ENTERTAINM] | Twitch   | [Normal]     | 93%    |   73.1ms | YES...
[ENTERTAINM] | Twitch   | [Normal]     | 88%    |   68.5ms | scam...
[GAMING/CO‑] | Twitch   | [Normal]     | 89%    |   86.4ms | Do you have a gimp mask for him tho?...
[MUSIC/CHIL] | YouTube  | [Normal]     | 96%    |  101.3ms | Vani kaise :thinking_face:...
[GAMING/GAM] | YouTube  | [Normal]     | 95%    |   77.8ms | Airplane...
[GAMING/GAM] | YouTube  | [Normal]     | 96%    |   88.0ms | I can't wait to see the singing siren...
[GAMING/GAM] | YouTube  | [Normal]     | 96%    |   70.5ms | is it the capital o?...
[GAMING/SUR] | YouTube  | [Normal]     | 93%    |   51.5ms | bet green...
[GAMING/GAM] | YouTube  | [Normal]     | 91%    |   51.3ms | Noob...
[ENTERTAINM] | YouTube  | [Normal]     | 95%    |  102.5ms | уууууууурааааа...
[GAMING/GAM] | YouTube  | [Normal]     | 96%    |   66.0ms | STAIRWELL RAILING MOVED...
[GAMING/GAM] | YouTube  | [Normal]     | 94%    |   49.0ms | hi...
[ENTERTAINM] | YouTube  | [Normal]     | 77%    |   89.4ms | PUBG AND FREFIRE...
[GAMING/GAM] | YouTube  | [Normal]     | 96%    |   79.2ms | Longer catwalk!!...
[ENTERTAINM] | YouTube  | [Normal]     | 91%    |   73.0ms | hey...
[MUSIC/CHIL] | YouTube  | [Normal]     | 97%    |  113.7ms | evar calls anta ganam :alien_monster::fa...
[PSYCHOLOGY] | YouTube  | [Normal]     | 96%    |   86.7ms | hahah.. whoopsie :p...
[GAMING/SUR] | YouTube  | [Normal]     | 94%    |   73.1ms | 1...
[GAMING/SUR] | YouTube  | [Normal]     | 97%    |   83.5ms | she played for like 20.5 hours...
[GAMING/GAM] | YouTube  | [Normal]     | 93%    |   68.4ms | BRAZIL PLEASE...
[ENTERTAINM] | YouTube  | [Normal]     | 90%    |   72.8ms | yoo...
[GAMING/SUR] | YouTube  | [Normal]     | 70%    |   68.1ms | BRO ADDICTED...
[MUSIC/CHIL] | YouTube  | [Normal]     | 97%    |   88.8ms | jatsii soch ko bdlo...
[ENTERTAINM] | YouTube  | [Normal]     | 97%    |   74.3ms | Welcome New Member!...
[GAMING/GAM] | YouTube  | [Normal]     | 87%    |   72.2ms | no...
[GAMING/GAM] | YouTube  | [Normal]     | 96%    |   93.7ms | theres a cross on the dock?...
[GAMING/GAM] | YouTube  | [Normal]     | 97%    |   80.6ms | rope moved in stairs!!!...
[GAMING/GAM] | YouTube  | [Normal]     | 93%    |   87.3ms | I think you missed the ocean of blood!...
[ENTERTAINM] | YouTube  | [Normal]     | 95%    |   70.6ms | Bangladesh...
[GAMING/SUR] | YouTube  | [Normal]     | 96%    |   71.6ms | finally my man...
[GAMING/SUR] | YouTube  | [Normal]     | 52%    |   83.2ms | GOOP GOOP GOOP...
[PSYCHOLOGY] | YouTube  | [Normal]     | 94%    |  136.6ms | @atomicaxioms which one of your testicle...
[GAMING/SUR] | YouTube  | [Normal]     | 97%    |   84.6ms | After this win be done lol...
[ENTERTAINM] | YouTube  | [Normal]     | 98%    |   92.9ms | :planet-orange-purple-ring:...
[ENTERTAINM] | YouTube  | [Normal]     | 97%    |  143.3ms | My biggest dream is to take my whole fam...
[SELF-HELP/] | YouTube  | [Normal]     | 97%    |   62.8ms | abundance mindset seems important...
[GAMING/SUR] | YouTube  | [OFFENSIVE]  | 95%    |  190.4ms | this is the worst heli take ive ever see...
[ENTERTAINM] | YouTube  | [Normal]     | 94%    |   56.8ms | do an age poll...
[GAMING/SUR] | YouTube  | [Normal]     | 91%    |   77.5ms | STAY HOME!...
[ENTERTAINM] | YouTube  | [Normal]     | 95%    |   81.4ms | :elbowcough:...
[ENTERTAINM] | YouTube  | [Normal]     | 94%    |   90.9ms | GAS PRICES COME DOWN WHEN MRBEAST HITS 5...
[GAMING/SUR] | YouTube  | [Normal]     | 94%    |   76.1ms | No power out not branch out...
[GAMING/GAM] | YouTube  | [Normal]     | 94%    |   77.8ms | YEAAAAHHHH...
[RELATIONSH] | Twitch   | [Normal]     | 93%    |   78.7ms | OOOO...
[RELATIONSH] | Twitch   | [Normal]     | 95%    |  179.7ms | monkaLaugh uh oh monkaLaugh uh oh monkaL...
[GAMING/SUR] | YouTube  | [Normal]     | 92%    |   77.3ms | nah just gamble it all away...
[ENTERTAINM] | YouTube  | [Normal]     | 95%    |   68.4ms | yooo...
[GAMING/GAM] | YouTube  | [Normal]     | 97%    |   79.1ms | love the movie  was amazing...
[ENTERTAINM] | YouTube  | [Normal]     | 87%    |   72.4ms | no...
[ENTERTAINM] | YouTube  | [Normal]     | 96%    |   68.3ms | New member...
[GAMING/GAM] | YouTube  | [OFFENSIVE]  | 65%    |   79.9ms | oooh I don't like the creepy stairs...
[ENTERTAINM] | YouTube  | [Normal]     | 95%    |   51.4ms | xd...
[GAMING/SUR] | YouTube  | [Normal]     | 86%    |   78.6ms | Higher but...
[ENTERTAINM] | YouTube  | [Normal]     | 98%    |  251.4ms | :face-turquoise-covering-eyes::face-turq...
[GAMING/GAM] | YouTube  | [Normal]     | 94%    |   71.8ms | yay!...
[GAMING/GAM] | YouTube  | [Normal]     | 72%    |  116.6ms | I will rent out a movie theater and put ...
[ENTERTAINM] | YouTube  | [Normal]     | 97%    |  124.3ms | Hello from RUSSIA:fire::fire::fire::fire...
[GAMING/SUR] | YouTube  | [Normal]     | 94%    |   90.0ms | GAME NAME IS: DILLON DANIS IS NOT IN THE...
[MUSIC/CHIL] | YouTube  | [Normal]     | 97%    |   90.6ms | exit:smiling_face_with_tear:...
[MUSIC/CHIL] | YouTube  | [Normal]     | 98%    |  121.1ms | momo:face-blue-smiling::face-blue-smilin...
[GAMING/GAM] | YouTube  | [Normal]     | 93%    |   69.5ms | Stair rail moved...
[GAMING/GAM] | YouTube  | [Normal]     | 87%    |   75.8ms | NOW WE ARE DROWNING...
[ENTERTAINM] | YouTube  | [Normal]     | 97%    |  244.7ms | please jimmy give me 10 milion dollar :f...
[GAMING/GAM] | YouTube  | [Normal]     | 78%    |  104.0ms | working in pairs  the blindfolded partne...
[GAMING/SUR] | YouTube  | [Normal]     | 97%    |  101.4ms | This stream Brought to your by Kalshi...
[GAMING/SUR] | YouTube  | [Normal]     | 95%    |   54.7ms | HIT...
[GAMING/GAM] | YouTube  | [Normal]     | 97%    |   94.3ms | oh he did misspell the title:face_with_t...
[ENTERTAINM] | YouTube  | [Normal]     | 95%    |   48.6ms | Bangladesh...
[GAMING/GAM] | YouTube  | [Normal]     | 95%    |   56.4ms | obversation...
[GAMING/GAM] | YouTube  | [Normal]     | 95%    |   51.1ms | NUMBER 1...
[GAMING/SUR] | YouTube  | [Normal]     | 98%    |   75.4ms | Peanut on a game I actually play????...
[GAMING/GAM] | YouTube  | [Normal]     | 95%    |   57.4ms | Light house for sure...
[ENTERTAINM] | YouTube  | [Normal]     | 89%    |   60.2ms | YOOOOOOOOOOOO...
[GAMING/SUR] | YouTube  | [Normal]     | 91%    |   48.3ms | split...
[ENTERTAINM] | YouTube  | [Normal]     | 92%    |   92.7ms | but you hit 13Million views...
[GAMING/GAM] | YouTube  | [Normal]     | 96%    |   92.6ms | gonna try to see it for a second time to...
[SELF-HELP/] | YouTube  | [Normal]     | 64%    |  123.2ms | he has tangible evidence of the hate tho...
[GAMING/GAM] | YouTube  | [Normal]     | 95%    |   56.5ms | obversation...
[GAMING/GAM] | YouTube  | [Normal]     | 97%    |   88.8ms | MOST PPL DIDNT EVEN NOTICE...
[GAMING/GAM] | YouTube  | [Normal]     | 94%    |   87.5ms | intruder? how did he get in? intruder wi...
[ENTERTAINM] | YouTube  | [Normal]     | 97%    |   69.4ms | hi jimmy. I'm From Bangladesh...
[GAMING/GAM] | YouTube  | [Normal]     | 94%    |   57.0ms | I believe in you...
[PSYCHOLOGY] | YouTube  | [Normal]     | 93%    |   57.0ms | avoiding is bad?...
[GAMING/GAM] | YouTube  | [Normal]     | 94%    |   78.2ms | PICTURE...
[ENTERTAINM] | YouTube  | [Normal]     | 95%    |   68.7ms | hii...
[ENTERTAINM] | YouTube  | [Normal]     | 97%    |   80.0ms | Ya casi los 500...
[GAMING/GAM] | YouTube  | [Normal]     | 97%    |   74.8ms | extra object in lantern !!!...
[GAMING/GAM] | YouTube  | [Normal]     | 93%    |   62.7ms | iron lung merch?...
[NEWS/LIVE ] | YouTube  | [Normal]     | 90%    |   62.7ms | BLACK FATIGUE EVEN HIS PARENTS...
[RELATIONSH] | Twitch   | [Normal]     | 93%    |   77.2ms | Jammies...
[GAMING/SUR] | YouTube  | [Normal]     | 73%    |   77.3ms | whats wrong with your eye...
[GAMING/SUR] | YouTube  | [Normal]     | 96%    |  102.2ms | peanut how late did you stay up last nig...
[GAMING/SUR] | YouTube  | [Normal]     | 94%    |   72.6ms | Hello everybody...
[GAMING/SUR] | YouTube  | [Normal]     | 95%    |   97.7ms | @Sharktooth17 brother this is the origin...
[GAMING/GAM] | YouTube  | [Normal]     | 96%    |   77.6ms | 3 TIME CHAMPION!!!...
[ENTERTAINM] | YouTube  | [Normal]     | 96%    |   72.3ms | love you...
[GAMING/GAM] | YouTube  | [Normal]     | 97%    |  108.2ms | wow movie star and celebrity director Ma...
[MUSIC/CHIL] | YouTube  | [Normal]     | 96%    |   80.2ms | tragi in stinga...
[GAMING/GAM] | YouTube  | [Normal]     | 95%    |   72.6ms | obversation...
[ENTERTAINM] | YouTube  | [Normal]     | 95%    |   73.0ms | 10$help...
[GAMING/SUR] | YouTube  | [Normal]     | 84%    |   87.6ms | Who else is drinking some silly with me?...
[ENTERTAINM] | YouTube  | [Normal]     | 94%    |   73.3ms | heloooo...
[GAMING/GAM] | YouTube  | [Normal]     | 96%    |   78.7ms | The jacket was always there...
[SELF-HELP/] | YouTube  | [Normal]     | 52%    |  129.8ms | Should I tell my freind that he can’t do...
[ENTERTAINM] | YouTube  | [Normal]     | 94%    |  121.9ms | 1111111111111111111111111111111111111111...
[GAMING/GAM] | YouTube  | [Normal]     | 90%    |   75.8ms | You nearly did it...
[ENTERTAINM] | YouTube  | [Normal]     | 90%    |   73.2ms | yoo...
[ENTERTAINM] | YouTube  | [Normal]     | 94%    |   48.9ms | q...
[GAMING/GAM] | YouTube  | [Normal]     | 98%    |   89.5ms | :face-orange-biting-nails::face-orange-b...
[PSYCHOLOGY] | YouTube  | [Normal]     | 94%    |   95.9ms | Isn't animus the thing in Assassin's Cre...
[GAMING/GAM] | YouTube  | [Normal]     | 97%    |   82.9ms | lamp movement in interior?...
[GAMING/SUR] | YouTube  | [Normal]     | 94%    |   70.7ms | 10...
[GAMING/GAM] | YouTube  | [Normal]     | 92%    |   97.2ms | Did it just make you complete a captcha?...
[ENTERTAINM] | YouTube  | [Normal]     | 98%    |  373.5ms | :buffering::stayhome::dothefive::person-...
[GAMING/SUR] | YouTube  | [Normal]     | 95%    |   71.4ms | H2O...
[PSYCHOLOGY] | YouTube  | [Normal]     | 91%    |   75.8ms | :smirking_face:...
[GAMING/SUR] | YouTube  | [Normal]     | 97%    |   87.1ms | Will be trading in there base at this ra...
[ENTERTAINM] | YouTube  | [Normal]     | 98%    |   94.9ms | :hand-pink-waving::hand-pink-waving:...
[GAMING/GAM] | YouTube  | [Normal]     | 92%    |   65.0ms | its me...
[ENTERTAINM] | YouTube  | [Normal]     | 97%    |  144.1ms | congratulations :clapping_hands::party_p...
[ENTERTAINM] | YouTube  | [Normal]     | 89%    |   62.5ms | what is your real name...
[ENTERTAINM] | YouTube  | [Normal]     | 94%    |   49.1ms | 1...
[GAMING/SUR] | YouTube  | [Normal]     | 61%    |   65.6ms | GINGY IS GOING TO MURDER YOU...
[MUSIC/CHIL] | YouTube  | [Normal]     | 87%    |   75.7ms | aaron fechter people holding butter knif...
[ENTERTAINM] | YouTube  | [Normal]     | 95%    |   77.1ms | hiii...
[GAMING/GAM] | YouTube  | [Normal]     | 95%    |   87.1ms | MinorSpellingMistake :pensive:...
[ENTERTAINM] | YouTube  | [Normal]     | 95%    |   66.3ms | Hii...
[GAMING/GAM] | YouTube  | [Normal]     | 93%    |   66.6ms | MISSING CAMERA...
[MUSIC/CHIL] | YouTube  | [Normal]     | 98%    |   87.2ms | :bell::bell::bell:...
[GAMING/GAM] | YouTube  | [Normal]     | 96%    |  120.8ms | my showing this evening the audio was a ...
[GAMING/GAM] | YouTube  | [Normal]     | 76%    |   70.6ms | LAME...
[GAMING/GAM] | YouTube  | [Normal]     | 87%    |   97.0ms | If I just don’t refresh then it’s fine...
[GAMING/GAM] | YouTube  | [Normal]     | 93%    |   80.8ms | Title of the live is an anomaly...
[GAMING/GAM] | YouTube  | [Normal]     | 95%    |   51.0ms | ITS FINE...
[NEWS/LIVE ] | YouTube  | [Normal]     | 95%    |   69.8ms | GOD BLESS MY WHITENESS. JOEY AGREES!!...
[GAMING/GAM] | YouTube  | [Normal]     | 96%    |   57.2ms | hi markkkk...
[GAMING/GAM] | YouTube  | [Normal]     | 97%    |   66.2ms | The railing moved on the stairs!!...
[GAMING/GAM] | YouTube  | [Normal]     | 73%    |   60.5ms | LEFT OF THE SQAURE...
[ENTERTAINM] | YouTube  | [Normal]     | 90%    |   66.6ms | How the 500 million button looks like?...
[PSYCHOLOGY] | YouTube  | [Normal]     | 88%    |   69.9ms | @andreicionescu giggity giggity...
[GAMING/GAM] | YouTube  | [Normal]     | 93%    |   75.7ms | market plier...
[GAMING/SUR] | YouTube  | [Normal]     | 95%    |   70.4ms | PEANUT...
[RELATIONSH] | Twitch   | [Normal]     | 93%    |   66.2ms | Jammies...
[RELATIONSH] | Twitch   | [Normal]     | 94%    |   66.1ms | o7...
