Sampling every 2s for 5000s -> F:\hate-speech-pipeline\reports\scaling\20260923-225718_p1_c1_r2\resource_WIX.csv
Run your load (throughput_bench.py / a live stream) now in another terminal.

[22:57:26] host CPU 0.0% RAM 91.2% | GPU 155MB/12% | kafka=0.89%/481.3MiB / 4.804GiB ; elasticsearch=1.15%/1.518GiB / 4.804
[22:57:30] host CPU 41.5% RAM 94.8% | GPU 203MB/2% | kafka=0.62%/481.2MiB / 4.804GiB ; elasticsearch=0.97%/1.518GiB / 4.804
[22:57:35] host CPU 24.8% RAM 95.7% | GPU 153MB/14% | kafka=1.38%/481.3MiB / 4.804GiB ; elasticsearch=0.42%/1.518GiB / 4.804
[22:57:39] host CPU 10.4% RAM 96.5% | GPU 160MB/3% | kafka=1.79%/481.3MiB / 4.804GiB ; elasticsearch=12.95%/1.519GiB / 4.80
[22:57:44] host CPU 12.6% RAM 96.7% | GPU 161MB/2% | kafka=12.03%/481.3MiB / 4.804GiB ; elasticsearch=4.39%/1.519GiB / 4.80
[22:57:47] host CPU 20.9% RAM 96.7% | GPU 160MB/3% | kafka=0.82%/481.3MiB / 4.804GiB ; elasticsearch=5.66%/1.519GiB / 4.804
[22:57:52] host CPU 14.0% RAM 96.7% | GPU 153MB/1% | kafka=0.86%/481.3MiB / 4.804GiB ; elasticsearch=5.15%/1.522GiB / 4.804
[22:57:56] host CPU 16.9% RAM 96.9% | GPU 149MB/6% | kafka=0.99%/481.3MiB / 4.804GiB ; elasticsearch=24.22%/1.523GiB / 4.80
[22:58:00] host CPU 13.4% RAM 96.7% | GPU 149MB/1% | kafka=0.89%/481.3MiB / 4.804GiB ; elasticsearch=6.03%/1.522GiB / 4.804
[22:58:05] host CPU 11.2% RAM 96.8% | GPU 144MB/1% | kafka=80.37%/481.3MiB / 4.804GiB ; elasticsearch=21.12%/1.522GiB / 4.8
[22:58:09] host CPU 24.8% RAM 96.9% | GPU 147MB/4% | kafka=0.92%/481.3MiB / 4.804GiB ; elasticsearch=2.54%/1.523GiB / 4.804
[22:58:14] host CPU 10.0% RAM 96.5% | GPU 156MB/2% | kafka=0.78%/481.3MiB / 4.804GiB ; elasticsearch=2.47%/1.523GiB / 4.804
[22:58:18] host CPU 18.1% RAM 96.9% | GPU 157MB/3% | kafka=0.86%/480.5MiB / 4.804GiB ; elasticsearch=3.72%/1.522GiB / 4.804
[22:58:22] host CPU 10.4% RAM 96.6% | GPU 151MB/1% | kafka=0.77%/480.6MiB / 4.804GiB ; elasticsearch=11.45%/1.523GiB / 4.80
[22:58:26] host CPU 13.1% RAM 96.7% | GPU 154MB/6% | kafka=175.15%/549.6MiB / 4.804GiB ; elasticsearch=4.91%/1.522GiB / 4.8
[22:58:30] host CPU 19.8% RAM 96.6% | GPU 150MB/1% | kafka=0.81%/480.6MiB / 4.804GiB ; elasticsearch=2.58%/1.522GiB / 4.804
[22:58:35] host CPU 12.1% RAM 96.5% | GPU 153MB/2% | kafka=0.67%/480.6MiB / 4.804GiB ; elasticsearch=4.32%/1.522GiB / 4.804
[22:58:39] host CPU 19.8% RAM 96.9% | GPU 146MB/3% | kafka=0.87%/480.6MiB / 4.804GiB ; elasticsearch=3.07%/1.523GiB / 4.804
[22:58:44] host CPU 9.4% RAM 96.5% | GPU 155MB/1% | kafka=0.86%/480.6MiB / 4.804GiB ; elasticsearch=3.09%/1.522GiB / 4.804
[22:58:48] host CPU 13.6% RAM 96.5% | GPU 157MB/3% | kafka=169.62%/547.8MiB / 4.804GiB ; elasticsearch=2.76%/1.522GiB / 4.8
[22:58:52] host CPU 18.4% RAM 96.9% | GPU 157MB/5% | kafka=0.83%/480.6MiB / 4.804GiB ; elasticsearch=2.49%/1.523GiB / 4.804
[22:58:56] host CPU 11.4% RAM 96.8% | GPU 150MB/2% | kafka=0.78%/480.6MiB / 4.804GiB ; elasticsearch=2.49%/1.522GiB / 4.804
[22:59:01] host CPU 20.3% RAM 96.9% | GPU 159MB/2% | kafka=1.74%/480.6MiB / 4.804GiB ; elasticsearch=2.32%/1.523GiB / 4.804
[22:59:05] host CPU 13.0% RAM 96.6% | GPU 159MB/2% | kafka=1.32%/480.7MiB / 4.804GiB ; elasticsearch=2.29%/1.523GiB / 4.804
[22:59:09] host CPU 17.6% RAM 96.6% | GPU 155MB/3% | kafka=155.91%/554MiB / 4.804GiB ; elasticsearch=1.91%/1.523GiB / 4.804
[22:59:14] host CPU 17.6% RAM 96.9% | GPU 157MB/1% | kafka=1.00%/480.7MiB / 4.804GiB ; elasticsearch=2.59%/1.523GiB / 4.804
[22:59:18] host CPU 13.4% RAM 96.7% | GPU 159MB/3% | kafka=0.82%/480.7MiB / 4.804GiB ; elasticsearch=2.38%/1.523GiB / 4.804
[22:59:22] host CPU 19.7% RAM 96.9% | GPU 152MB/5% | kafka=1.89%/480.7MiB / 4.804GiB ; elasticsearch=3.19%/1.523GiB / 4.804
[22:59:26] host CPU 13.6% RAM 96.8% | GPU 149MB/2% | kafka=1.16%/480.7MiB / 4.804GiB ; elasticsearch=2.78%/1.523GiB / 4.804
[22:59:31] host CPU 11.1% RAM 96.7% | GPU 158MB/2% | kafka=0.72%/480.7MiB / 4.804GiB ; elasticsearch=4.12%/1.523GiB / 4.804
[22:59:35] host CPU 19.4% RAM 96.9% | GPU 144MB/2% | kafka=1.01%/480.7MiB / 4.804GiB ; elasticsearch=2.41%/1.523GiB / 4.804
[22:59:40] host CPU 12.8% RAM 96.7% | GPU 155MB/4% | kafka=0.84%/480.7MiB / 4.804GiB ; elasticsearch=2.85%/1.523GiB / 4.804
[22:59:44] host CPU 17.8% RAM 96.9% | GPU 156MB/2% | kafka=1.06%/480.7MiB / 4.804GiB ; elasticsearch=2.76%/1.523GiB / 4.804
[22:59:48] host CPU 12.5% RAM 96.6% | GPU 160MB/2% | kafka=3.12%/480.8MiB / 4.804GiB ; elasticsearch=5.46%/1.523GiB / 4.804
[22:59:52] host CPU 10.7% RAM 96.6% | GPU 158MB/6% | kafka=0.85%/480.9MiB / 4.804GiB ; elasticsearch=1.88%/1.523GiB / 4.804
[22:59:56] host CPU 20.0% RAM 97.0% | GPU 150MB/1% | kafka=0.88%/480.9MiB / 4.804GiB ; elasticsearch=2.65%/1.523GiB / 4.804
[23:00:01] host CPU 14.9% RAM 96.7% | GPU 158MB/2% | kafka=0.88%/481.1MiB / 4.804GiB ; elasticsearch=2.49%/1.523GiB / 4.804
[23:00:05] host CPU 22.6% RAM 97.6% | GPU 144MB/2% | kafka=61.25%/480.9MiB / 4.804GiB ; elasticsearch=2.49%/1.523GiB / 4.80
[23:00:10] host CPU 28.7% RAM 96.1% | GPU 162MB/4% | kafka=0.77%/481.7MiB / 4.804GiB ; elasticsearch=2.36%/1.523GiB / 4.804
[23:00:14] host CPU 16.9% RAM 96.1% | GPU 163MB/2% | kafka=0.70%/481.7MiB / 4.804GiB ; elasticsearch=2.14%/1.523GiB / 4.804
[23:00:18] host CPU 19.3% RAM 96.7% | GPU 167MB/2% | kafka=0.80%/481.7MiB / 4.804GiB ; elasticsearch=4.48%/1.523GiB / 4.804
[23:00:22] host CPU 11.5% RAM 96.3% | GPU 163MB/6% | kafka=0.81%/481.8MiB / 4.804GiB ; elasticsearch=2.56%/1.523GiB / 4.804
[23:00:26] host CPU 18.6% RAM 95.7% | GPU 158MB/1% | kafka=67.22%/481.8MiB / 4.804GiB ; elasticsearch=2.20%/1.523GiB / 4.80
[23:00:31] host CPU 19.6% RAM 95.5% | GPU 159MB/1% | kafka=2.51%/481.8MiB / 4.804GiB ; elasticsearch=2.55%/1.523GiB / 4.804
[23:00:35] host CPU 12.1% RAM 95.2% | GPU 160MB/1% | kafka=0.96%/481.8MiB / 4.804GiB ; elasticsearch=2.64%/1.523GiB / 4.804
[23:00:40] host CPU 20.0% RAM 95.9% | GPU 158MB/3% | kafka=0.85%/481.6MiB / 4.804GiB ; elasticsearch=2.26%/1.523GiB / 4.804
[23:00:44] host CPU 10.5% RAM 95.3% | GPU 159MB/2% | kafka=2.29%/481.6MiB / 4.804GiB ; elasticsearch=3.18%/1.523GiB / 4.804
[23:00:48] host CPU 20.1% RAM 95.5% | GPU 163MB/3% | kafka=98.40%/481.6MiB / 4.804GiB ; elasticsearch=2.24%/1.523GiB / 4.80
[23:00:52] host CPU 16.3% RAM 95.5% | GPU 160MB/5% | kafka=0.87%/481.6MiB / 4.804GiB ; elasticsearch=2.64%/1.523GiB / 4.804
[23:00:56] host CPU 11.5% RAM 95.5% | GPU 162MB/2% | kafka=0.88%/481.6MiB / 4.804GiB ; elasticsearch=2.36%/1.523GiB / 4.804
[23:01:01] host CPU 21.2% RAM 95.6% | GPU 159MB/1% | kafka=0.92%/481.6MiB / 4.804GiB ; elasticsearch=2.72%/1.523GiB / 4.804
[23:01:05] host CPU 11.9% RAM 95.4% | GPU 161MB/2% | kafka=0.91%/481.6MiB / 4.804GiB ; elasticsearch=4.52%/1.523GiB / 4.804
[23:01:10] host CPU 13.5% RAM 95.4% | GPU 159MB/3% | kafka=65.11%/481.6MiB / 4.804GiB ; elasticsearch=2.24%/1.523GiB / 4.80
[23:01:14] host CPU 21.8% RAM 95.3% | GPU 161MB/3% | kafka=0.96%/481.6MiB / 4.804GiB ; elasticsearch=5.51%/1.523GiB / 4.804
[23:01:18] host CPU 16.6% RAM 95.3% | GPU 167MB/3% | kafka=0.78%/481.6MiB / 4.804GiB ; elasticsearch=2.60%/1.523GiB / 4.804
[23:01:22] host CPU 22.2% RAM 95.6% | GPU 157MB/5% | kafka=0.80%/481.6MiB / 4.804GiB ; elasticsearch=4.06%/1.523GiB / 4.804
[23:01:26] host CPU 13.1% RAM 95.4% | GPU 157MB/2% | kafka=0.93%/481.6MiB / 4.804GiB ; elasticsearch=2.56%/1.523GiB / 4.804
[23:01:31] host CPU 13.7% RAM 95.3% | GPU 155MB/2% | kafka=168.92%/555.8MiB / 4.804GiB ; elasticsearch=2.11%/1.523GiB / 4.8
[23:01:35] host CPU 19.4% RAM 95.7% | GPU 156MB/1% | kafka=0.67%/481.6MiB / 4.804GiB ; elasticsearch=2.27%/1.523GiB / 4.804
[23:01:40] host CPU 18.7% RAM 95.7% | GPU 155MB/3% | kafka=0.88%/481.6MiB / 4.804GiB ; elasticsearch=3.15%/1.523GiB / 4.804
[23:01:44] host CPU 19.0% RAM 95.9% | GPU 157MB/3% | kafka=0.65%/481.6MiB / 4.804GiB ; elasticsearch=2.57%/1.523GiB / 4.804
[23:01:48] host CPU 13.6% RAM 95.6% | GPU 163MB/2% | kafka=0.74%/481.6MiB / 4.804GiB ; elasticsearch=2.79%/1.523GiB / 4.804
[23:01:52] host CPU 11.2% RAM 95.6% | GPU 161MB/6% | kafka=43.82%/511.3MiB / 4.804GiB ; elasticsearch=4.73%/1.523GiB / 4.80
[23:01:56] host CPU 19.1% RAM 95.6% | GPU 161MB/1% | kafka=0.95%/481.6MiB / 4.804GiB ; elasticsearch=2.71%/1.523GiB / 4.804
[23:02:01] host CPU 12.8% RAM 95.5% | GPU 157MB/2% | kafka=0.95%/481.6MiB / 4.804GiB ; elasticsearch=5.49%/1.523GiB / 4.804
[23:02:05] host CPU 17.0% RAM 95.8% | GPU 157MB/2% | kafka=1.59%/481.6MiB / 4.804GiB ; elasticsearch=2.63%/1.523GiB / 4.804
[23:02:10] host CPU 14.9% RAM 95.7% | GPU 158MB/3% | kafka=0.80%/481.9MiB / 4.804GiB ; elasticsearch=2.53%/1.524GiB / 4.804
[23:02:14] host CPU 14.9% RAM 95.7% | GPU 159MB/2% | kafka=90.76%/522.9MiB / 4.804GiB ; elasticsearch=2.10%/1.523GiB / 4.80
[23:02:18] host CPU 21.5% RAM 95.6% | GPU 164MB/2% | kafka=0.73%/481.8MiB / 4.804GiB ; elasticsearch=3.97%/1.525GiB / 4.804
[23:02:22] host CPU 11.6% RAM 95.6% | GPU 157MB/6% | kafka=0.95%/481.8MiB / 4.804GiB ; elasticsearch=4.64%/1.525GiB / 4.804
[23:02:26] host CPU 17.8% RAM 96.2% | GPU 157MB/1% | kafka=0.97%/481.8MiB / 4.804GiB ; elasticsearch=2.52%/1.525GiB / 4.804
[23:02:31] host CPU 11.6% RAM 95.7% | GPU 155MB/2% | kafka=0.88%/481.8MiB / 4.804GiB ; elasticsearch=2.58%/1.525GiB / 4.804
[23:02:35] host CPU 11.7% RAM 95.5% | GPU 156MB/2% | kafka=140.76%/538.4MiB / 4.804GiB ; elasticsearch=2.34%/1.525GiB / 4.8
[23:02:40] host CPU 20.7% RAM 95.7% | GPU 157MB/4% | kafka=0.84%/482.5MiB / 4.804GiB ; elasticsearch=2.63%/1.525GiB / 4.804
[23:02:44] host CPU 9.9% RAM 95.6% | GPU 157MB/6% | kafka=0.75%/482.5MiB / 4.804GiB ; elasticsearch=2.42%/1.525GiB / 4.804
[23:02:48] host CPU 18.8% RAM 95.9% | GPU 163MB/6% | kafka=1.08%/482.5MiB / 4.804GiB ; elasticsearch=2.45%/1.525GiB / 4.804
[23:02:52] host CPU 12.0% RAM 95.6% | GPU 158MB/2% | kafka=0.93%/482.5MiB / 4.804GiB ; elasticsearch=2.58%/1.525GiB / 4.804
[23:02:56] host CPU 11.3% RAM 95.8% | GPU 159MB/2% | kafka=36.46%/509.8MiB / 4.804GiB ; elasticsearch=2.45%/1.525GiB / 4.80
[23:03:01] host CPU 19.4% RAM 95.9% | GPU 158MB/1% | kafka=0.82%/482.5MiB / 4.804GiB ; elasticsearch=2.48%/1.525GiB / 4.804
[23:03:05] host CPU 9.5% RAM 95.3% | GPU 159MB/2% | kafka=0.82%/482.5MiB / 4.804GiB ; elasticsearch=2.47%/1.525GiB / 4.804
[23:03:10] host CPU 17.3% RAM 95.4% | GPU 158MB/3% | kafka=0.86%/482.5MiB / 4.804GiB ; elasticsearch=2.75%/1.525GiB / 4.804
[23:03:14] host CPU 14.2% RAM 95.3% | GPU 159MB/6% | kafka=1.19%/482.5MiB / 4.804GiB ; elasticsearch=3.08%/1.525GiB / 4.804
[23:03:18] host CPU 12.9% RAM 95.5% | GPU 164MB/7% | kafka=38.28%/510.5MiB / 4.804GiB ; elasticsearch=3.36%/1.525GiB / 4.80
[23:03:22] host CPU 17.4% RAM 95.5% | GPU 156MB/1% | kafka=1.16%/482.6MiB / 4.804GiB ; elasticsearch=2.68%/1.525GiB / 4.804
[23:03:26] host CPU 12.2% RAM 95.6% | GPU 159MB/2% | kafka=1.01%/482.6MiB / 4.804GiB ; elasticsearch=2.64%/1.525GiB / 4.804
[23:03:31] host CPU 12.1% RAM 95.4% | GPU 155MB/2% | kafka=1.87%/482.5MiB / 4.804GiB ; elasticsearch=2.96%/1.526GiB / 4.804
[23:03:35] host CPU 14.4% RAM 95.5% | GPU 156MB/1% | kafka=0.97%/482.5MiB / 4.804GiB ; elasticsearch=3.03%/1.525GiB / 4.804
[23:03:40] host CPU 13.7% RAM 95.3% | GPU 155MB/3% | kafka=88.84%/523.6MiB / 4.804GiB ; elasticsearch=2.32%/1.525GiB / 4.80
[23:03:44] host CPU 18.7% RAM 95.5% | GPU 156MB/7% | kafka=0.74%/482.5MiB / 4.804GiB ; elasticsearch=2.79%/1.526GiB / 4.804
[23:03:48] host CPU 12.3% RAM 95.3% | GPU 160MB/7% | kafka=0.89%/482.5MiB / 4.804GiB ; elasticsearch=2.64%/1.526GiB / 4.804
[23:03:52] host CPU 11.6% RAM 95.3% | GPU 158MB/1% | kafka=114.05%/560.2MiB / 4.804GiB ; elasticsearch=2.41%/1.526GiB / 4.8
[23:03:56] host CPU 14.7% RAM 95.4% | GPU 158MB/1% | kafka=0.87%/482.5MiB / 4.804GiB ; elasticsearch=2.49%/1.525GiB / 4.804
[23:04:01] host CPU 10.5% RAM 95.3% | GPU 157MB/2% | kafka=0.96%/482.5MiB / 4.804GiB ; elasticsearch=3.23%/1.526GiB / 4.804
[23:04:05] host CPU 17.6% RAM 95.5% | GPU 157MB/2% | kafka=0.80%/482.6MiB / 4.804GiB ; elasticsearch=2.75%/1.526GiB / 4.804
[23:04:10] host CPU 13.3% RAM 95.4% | GPU 158MB/3% | kafka=0.78%/482.6MiB / 4.804GiB ; elasticsearch=2.40%/1.526GiB / 4.804
[23:04:14] host CPU 14.3% RAM 95.3% | GPU 159MB/6% | kafka=1.66%/482.6MiB / 4.804GiB ; elasticsearch=2.21%/1.526GiB / 4.804
[23:04:18] host CPU 19.8% RAM 95.3% | GPU 162MB/6% | kafka=1.02%/482.8MiB / 4.804GiB ; elasticsearch=2.66%/1.526GiB / 4.804
[23:04:22] host CPU 11.0% RAM 95.3% | GPU 155MB/1% | kafka=1.13%/482.6MiB / 4.804GiB ; elasticsearch=2.55%/1.526GiB / 4.804
[23:04:26] host CPU 19.1% RAM 95.9% | GPU 157MB/1% | kafka=0.98%/482.7MiB / 4.804GiB ; elasticsearch=3.07%/1.526GiB / 4.804
[23:04:31] host CPU 12.2% RAM 95.7% | GPU 155MB/2% | kafka=0.75%/482.7MiB / 4.804GiB ; elasticsearch=2.86%/1.526GiB / 4.804
[23:04:35] host CPU 9.6% RAM 95.3% | GPU 157MB/2% | kafka=68.64%/482.7MiB / 4.804GiB ; elasticsearch=2.87%/1.526GiB / 4.80
[23:04:40] host CPU 19.1% RAM 95.7% | GPU 157MB/4% | kafka=0.94%/482.9MiB / 4.804GiB ; elasticsearch=3.08%/1.526GiB / 4.804
[23:04:44] host CPU 9.9% RAM 95.6% | GPU 159MB/6% | kafka=0.85%/482.8MiB / 4.804GiB ; elasticsearch=2.62%/1.526GiB / 4.804
[23:04:48] host CPU 19.5% RAM 95.8% | GPU 165MB/5% | kafka=0.72%/482.8MiB / 4.804GiB ; elasticsearch=2.35%/1.526GiB / 4.804
[23:04:52] host CPU 10.1% RAM 95.7% | GPU 158MB/2% | kafka=0.76%/482.8MiB / 4.804GiB ; elasticsearch=10.44%/1.526GiB / 4.80
[23:04:56] host CPU 14.6% RAM 95.9% | GPU 159MB/2% | kafka=171.67%/567MiB / 4.804GiB ; elasticsearch=6.40%/1.527GiB / 4.804
[23:05:01] host CPU 20.0% RAM 95.9% | GPU 155MB/1% | kafka=0.90%/482.8MiB / 4.804GiB ; elasticsearch=2.53%/1.527GiB / 4.804
[23:05:05] host CPU 9.9% RAM 95.7% | GPU 156MB/2% | kafka=1.14%/482.8MiB / 4.804GiB ; elasticsearch=6.07%/1.527GiB / 4.804
[23:05:10] host CPU 18.6% RAM 95.8% | GPU 157MB/4% | kafka=0.94%/483.7MiB / 4.804GiB ; elasticsearch=2.65%/1.527GiB / 4.804
[23:05:14] host CPU 9.3% RAM 95.7% | GPU 157MB/5% | kafka=0.79%/484MiB / 4.804GiB ; elasticsearch=2.12%/1.527GiB / 4.804Gi
[23:05:18] host CPU 16.1% RAM 95.7% | GPU 164MB/6% | kafka=172.15%/561.7MiB / 4.804GiB ; elasticsearch=2.06%/1.527GiB / 4.8
[23:05:22] host CPU 19.6% RAM 95.8% | GPU 158MB/2% | kafka=1.02%/483.7MiB / 4.804GiB ; elasticsearch=3.57%/1.527GiB / 4.804
[23:05:26] host CPU 11.9% RAM 96.0% | GPU 160MB/2% | kafka=0.90%/483.7MiB / 4.804GiB ; elasticsearch=2.55%/1.527GiB / 4.804
[23:05:31] host CPU 17.8% RAM 95.8% | GPU 158MB/2% | kafka=0.94%/483.7MiB / 4.804GiB ; elasticsearch=2.44%/1.527GiB / 4.804
[23:05:35] host CPU 9.9% RAM 95.7% | GPU 159MB/1% | kafka=0.97%/483.8MiB / 4.804GiB ; elasticsearch=2.51%/1.527GiB / 4.804
[23:05:40] host CPU 15.8% RAM 95.6% | GPU 158MB/2% | kafka=118.98%/563.1MiB / 4.804GiB ; elasticsearch=2.12%/1.527GiB / 4.8
[23:05:44] host CPU 16.0% RAM 95.6% | GPU 159MB/4% | kafka=0.63%/483.8MiB / 4.804GiB ; elasticsearch=2.14%/1.527GiB / 4.804
[23:05:48] host CPU 25.9% RAM 95.3% | GPU 164MB/2% | kafka=0.85%/483.8MiB / 4.804GiB ; elasticsearch=3.16%/1.527GiB / 4.804
[23:05:52] host CPU 17.2% RAM 95.4% | GPU 158MB/1% | kafka=0.71%/483.8MiB / 4.804GiB ; elasticsearch=2.69%/1.527GiB / 4.804
[23:05:56] host CPU 17.0% RAM 95.7% | GPU 158MB/1% | kafka=0.88%/483.8MiB / 4.804GiB ; elasticsearch=2.58%/1.527GiB / 4.804
[23:06:01] host CPU 13.5% RAM 95.6% | GPU 157MB/2% | kafka=167.73%/547.7MiB / 4.804GiB ; elasticsearch=2.68%/1.527GiB / 4.8
[23:06:05] host CPU 16.5% RAM 95.6% | GPU 157MB/5% | kafka=0.86%/483.8MiB / 4.804GiB ; elasticsearch=2.57%/1.528GiB / 4.804
[23:06:10] host CPU 12.5% RAM 95.6% | GPU 157MB/7% | kafka=0.79%/483.8MiB / 4.804GiB ; elasticsearch=2.96%/1.527GiB / 4.804
[23:06:14] host CPU 16.3% RAM 95.6% | GPU 157MB/1% | kafka=0.83%/483.8MiB / 4.804GiB ; elasticsearch=2.36%/1.527GiB / 4.804
[23:06:18] host CPU 16.6% RAM 95.6% | GPU 160MB/1% | kafka=0.97%/483.8MiB / 4.804GiB ; elasticsearch=2.81%/1.527GiB / 4.804
[23:06:23] host CPU 10.1% RAM 95.7% | GPU 156MB/2% | kafka=6.29%/491.4MiB / 4.804GiB ; elasticsearch=1.99%/1.527GiB / 4.804
[23:06:26] host CPU 18.2% RAM 95.9% | GPU 156MB/2% | kafka=0.92%/483.9MiB / 4.804GiB ; elasticsearch=2.51%/1.527GiB / 4.804
[23:06:31] host CPU 11.9% RAM 95.7% | GPU 158MB/1% | kafka=0.93%/483.9MiB / 4.804GiB ; elasticsearch=2.71%/1.527GiB / 4.804
[23:06:35] host CPU 16.5% RAM 95.6% | GPU 160MB/6% | kafka=23.35%/483.7MiB / 4.804GiB ; elasticsearch=3.00%/1.527GiB / 4.80
[23:06:40] host CPU 14.3% RAM 95.7% | GPU 155MB/9% | kafka=0.70%/483.5MiB / 4.804GiB ; elasticsearch=3.19%/1.528GiB / 4.804
[23:06:44] host CPU 9.9% RAM 95.7% | GPU 156MB/1% | kafka=162.50%/560.2MiB / 4.804GiB ; elasticsearch=2.50%/1.527GiB / 4.8
[23:06:48] host CPU 21.9% RAM 95.6% | GPU 159MB/3% | kafka=0.66%/483.3MiB / 4.804GiB ; elasticsearch=11.13%/1.527GiB / 4.80
[23:06:53] host CPU 11.9% RAM 95.7% | GPU 156MB/2% | kafka=0.84%/483.3MiB / 4.804GiB ; elasticsearch=17.41%/1.527GiB / 4.80
[23:06:56] host CPU 16.6% RAM 95.9% | GPU 156MB/2% | kafka=1.73%/483.3MiB / 4.804GiB ; elasticsearch=2.41%/1.527GiB / 4.804
[23:07:01] host CPU 13.2% RAM 95.7% | GPU 155MB/2% | kafka=1.09%/483.3MiB / 4.804GiB ; elasticsearch=2.54%/1.528GiB / 4.804
[23:07:05] host CPU 26.7% RAM 95.7% | GPU 186MB/6% | kafka=111.97%/526.9MiB / 4.804GiB ; elasticsearch=2.19%/1.527GiB / 4.8
[23:07:10] host CPU 27.4% RAM 96.1% | GPU 176MB/4% | kafka=0.97%/483.2MiB / 4.804GiB ; elasticsearch=2.40%/1.528GiB / 4.804
[23:07:14] host CPU 25.4% RAM 96.9% | GPU 199MB/25% | kafka=0.89%/483.4MiB / 4.804GiB ; elasticsearch=2.52%/1.528GiB / 4.804
[23:07:18] host CPU 27.6% RAM 96.7% | GPU 159MB/6% | kafka=16.99%/483.4MiB / 4.804GiB ; elasticsearch=2.28%/1.528GiB / 4.80
[23:07:23] host CPU 14.1% RAM 96.8% | GPU 152MB/0% | kafka=0.83%/483.4MiB / 4.804GiB ; elasticsearch=2.41%/1.528GiB / 4.804
[23:07:26] host CPU 14.8% RAM 96.2% | GPU 145MB/0% | kafka=0.97%/483.4MiB / 4.804GiB ; elasticsearch=2.84%/1.528GiB / 4.804
[23:07:31] host CPU 21.0% RAM 96.2% | GPU 145MB/0% | kafka=0.84%/483.4MiB / 4.804GiB ; elasticsearch=2.02%/1.529GiB / 4.804
[23:07:35] host CPU 11.8% RAM 95.9% | GPU 145MB/0% | kafka=0.71%/483.4MiB / 4.804GiB ; elasticsearch=2.13%/1.528GiB / 4.804
[23:07:40] host CPU 14.1% RAM 95.8% | GPU 145MB/0% | kafka=182.47%/560.2MiB / 4.804GiB ; elasticsearch=2.72%/1.529GiB / 4.8
[23:07:44] host CPU 17.2% RAM 95.9% | GPU 145MB/0% | kafka=0.58%/484.2MiB / 4.804GiB ; elasticsearch=2.27%/1.528GiB / 4.804
[23:07:48] host CPU 14.0% RAM 95.9% | GPU 145MB/0% | kafka=0.65%/484.2MiB / 4.804GiB ; elasticsearch=10.82%/1.528GiB / 4.80
[23:07:53] host CPU 18.5% RAM 96.2% | GPU 145MB/0% | kafka=0.90%/484.3MiB / 4.804GiB ; elasticsearch=4.78%/1.528GiB / 4.804
[23:07:56] host CPU 11.4% RAM 96.4% | GPU 145MB/0% | kafka=0.85%/484.3MiB / 4.804GiB ; elasticsearch=2.44%/1.528GiB / 4.804
[23:08:01] host CPU 11.9% RAM 96.1% | GPU 145MB/0% | kafka=85.46%/524.2MiB / 4.804GiB ; elasticsearch=2.06%/1.528GiB / 4.80
[23:08:05] host CPU 18.5% RAM 96.2% | GPU 145MB/0% | kafka=0.68%/484.3MiB / 4.804GiB ; elasticsearch=2.22%/1.529GiB / 4.804
[23:08:10] host CPU 13.0% RAM 95.9% | GPU 145MB/0% | kafka=0.95%/484.3MiB / 4.804GiB ; elasticsearch=3.12%/1.529GiB / 4.804
[23:08:14] host CPU 15.5% RAM 96.2% | GPU 145MB/0% | kafka=0.84%/484.5MiB / 4.804GiB ; elasticsearch=2.46%/1.529GiB / 4.804
[23:08:18] host CPU 12.5% RAM 96.1% | GPU 145MB/0% | kafka=1.76%/484.3MiB / 4.804GiB ; elasticsearch=2.10%/1.529GiB / 4.804
[23:08:23] host CPU 13.4% RAM 96.0% | GPU 145MB/0% | kafka=98.40%/527.8MiB / 4.804GiB ; elasticsearch=2.42%/1.529GiB / 4.80
[23:08:26] host CPU 16.9% RAM 96.5% | GPU 145MB/0% | kafka=0.92%/484.3MiB / 4.804GiB ; elasticsearch=2.65%/1.529GiB / 4.804
[23:08:31] host CPU 11.8% RAM 96.0% | GPU 145MB/0% | kafka=1.06%/484.3MiB / 4.804GiB ; elasticsearch=2.40%/1.529GiB / 4.804
[23:08:35] host CPU 17.4% RAM 96.2% | GPU 145MB/0% | kafka=0.85%/484.2MiB / 4.804GiB ; elasticsearch=2.74%/1.529GiB / 4.804
[23:08:40] host CPU 12.9% RAM 96.1% | GPU 145MB/0% | kafka=1.04%/484.2MiB / 4.804GiB ; elasticsearch=4.68%/1.529GiB / 4.804
[23:08:44] host CPU 9.6% RAM 96.0% | GPU 145MB/0% | kafka=125.84%/535.2MiB / 4.804GiB ; elasticsearch=2.11%/1.53GiB / 4.80
[23:08:48] host CPU 18.3% RAM 95.9% | GPU 145MB/0% | kafka=0.76%/484.3MiB / 4.804GiB ; elasticsearch=4.09%/1.529GiB / 4.804
[23:08:53] host CPU 11.1% RAM 96.0% | GPU 145MB/0% | kafka=0.69%/484.3MiB / 4.804GiB ; elasticsearch=2.45%/1.529GiB / 4.804
[23:08:57] host CPU 16.4% RAM 96.3% | GPU 145MB/0% | kafka=0.73%/484.3MiB / 4.804GiB ; elasticsearch=2.39%/1.529GiB / 4.804
[23:09:01] host CPU 10.6% RAM 96.1% | GPU 145MB/0% | kafka=0.89%/484.3MiB / 4.804GiB ; elasticsearch=2.68%/1.529GiB / 4.804
[23:09:05] host CPU 10.1% RAM 95.8% | GPU 145MB/0% | kafka=181.64%/555.2MiB / 4.804GiB ; elasticsearch=2.74%/1.529GiB / 4.8
[23:09:10] host CPU 19.0% RAM 96.2% | GPU 145MB/0% | kafka=0.89%/484.6MiB / 4.804GiB ; elasticsearch=2.46%/1.529GiB / 4.804
[23:09:14] host CPU 8.9% RAM 96.1% | GPU 145MB/0% | kafka=0.79%/484.3MiB / 4.804GiB ; elasticsearch=1.84%/1.529GiB / 4.804
[23:09:18] host CPU 19.4% RAM 96.2% | GPU 145MB/0% | kafka=0.92%/484.3MiB / 4.804GiB ; elasticsearch=2.68%/1.529GiB / 4.804
[23:09:23] host CPU 13.1% RAM 95.8% | GPU 145MB/0% | kafka=0.76%/484.3MiB / 4.804GiB ; elasticsearch=2.45%/1.529GiB / 4.804
[23:09:27] host CPU 11.0% RAM 96.1% | GPU 145MB/0% | kafka=86.04%/523.3MiB / 4.804GiB ; elasticsearch=2.22%/1.529GiB / 4.80
[23:09:31] host CPU 19.5% RAM 96.3% | GPU 145MB/0% | kafka=1.25%/484.3MiB / 4.804GiB ; elasticsearch=3.13%/1.53GiB / 4.804G
[23:09:36] host CPU 8.7% RAM 95.8% | GPU 145MB/0% | kafka=0.89%/484.3MiB / 4.804GiB ; elasticsearch=4.01%/1.529GiB / 4.804
[23:09:40] host CPU 19.3% RAM 96.1% | GPU 145MB/0% | kafka=0.99%/484.3MiB / 4.804GiB ; elasticsearch=22.64%/1.529GiB / 4.80
[23:09:44] host CPU 11.0% RAM 95.8% | GPU 145MB/0% | kafka=0.77%/484.3MiB / 4.804GiB ; elasticsearch=4.15%/1.53GiB / 4.804G
[23:09:48] host CPU 12.1% RAM 95.9% | GPU 145MB/0% | kafka=72.21%/520.4MiB / 4.804GiB ; elasticsearch=2.16%/1.529GiB / 4.80
[23:09:53] host CPU 20.3% RAM 96.3% | GPU 145MB/0% | kafka=0.66%/484.6MiB / 4.804GiB ; elasticsearch=2.58%/1.529GiB / 4.804
[23:09:57] host CPU 11.7% RAM 96.4% | GPU 145MB/0% | kafka=3.87%/484.6MiB / 4.804GiB ; elasticsearch=2.96%/1.529GiB / 4.804
[23:10:01] host CPU 15.4% RAM 95.8% | GPU 145MB/0% | kafka=0.80%/484.6MiB / 4.804GiB ; elasticsearch=2.45%/1.53GiB / 4.804G
[23:10:06] host CPU 13.8% RAM 96.0% | GPU 145MB/0% | kafka=0.90%/484.6MiB / 4.804GiB ; elasticsearch=2.33%/1.529GiB / 4.804
[23:10:10] host CPU 13.6% RAM 95.9% | GPU 145MB/0% | kafka=0.85%/485.5MiB / 4.804GiB ; elasticsearch=1.65%/1.529GiB / 4.804
[23:10:15] host CPU 15.1% RAM 96.2% | GPU 145MB/0% | kafka=0.91%/485.5MiB / 4.804GiB ; elasticsearch=2.48%/1.53GiB / 4.804G
[23:10:18] host CPU 12.4% RAM 96.0% | GPU 145MB/0% | kafka=0.87%/485.3MiB / 4.804GiB ; elasticsearch=2.68%/1.529GiB / 4.804
[23:10:23] host CPU 19.1% RAM 96.0% | GPU 145MB/0% | kafka=0.92%/485.3MiB / 4.804GiB ; elasticsearch=3.20%/1.529GiB / 4.804
[23:10:27] host CPU 13.1% RAM 96.5% | GPU 145MB/0% | kafka=0.86%/485.3MiB / 4.804GiB ; elasticsearch=2.75%/1.529GiB / 4.804
[23:10:31] host CPU 10.3% RAM 96.3% | GPU 145MB/0% | kafka=21.54%/503.7MiB / 4.804GiB ; elasticsearch=2.79%/1.529GiB / 4.80
[23:10:36] host CPU 16.9% RAM 95.9% | GPU 145MB/0% | kafka=0.64%/485.2MiB / 4.804GiB ; elasticsearch=2.65%/1.529GiB / 4.804
[23:10:40] host CPU 13.1% RAM 95.5% | GPU 145MB/0% | kafka=0.81%/485.2MiB / 4.804GiB ; elasticsearch=4.47%/1.529GiB / 4.804
[23:10:45] host CPU 14.7% RAM 95.6% | GPU 145MB/0% | kafka=0.91%/485.3MiB / 4.804GiB ; elasticsearch=2.16%/1.53GiB / 4.804G
[23:10:48] host CPU 16.4% RAM 95.8% | GPU 145MB/0% | kafka=0.63%/485.3MiB / 4.804GiB ; elasticsearch=2.35%/1.529GiB / 4.804
[23:10:53] host CPU 10.7% RAM 95.5% | GPU 145MB/0% | kafka=22.26%/500.4MiB / 4.804GiB ; elasticsearch=4.30%/1.529GiB / 4.80
[23:10:57] host CPU 17.8% RAM 96.0% | GPU 145MB/0% | kafka=0.76%/485.3MiB / 4.804GiB ; elasticsearch=2.47%/1.529GiB / 4.804
[23:11:01] host CPU 11.2% RAM 95.7% | GPU 145MB/0% | kafka=0.87%/485.3MiB / 4.804GiB ; elasticsearch=2.16%/1.529GiB / 4.804
[23:11:06] host CPU 10.5% RAM 95.6% | GPU 145MB/0% | kafka=1.83%/485.3MiB / 4.804GiB ; elasticsearch=2.98%/1.53GiB / 4.804G
[23:11:10] host CPU 20.4% RAM 95.8% | GPU 145MB/0% | kafka=0.87%/485.3MiB / 4.804GiB ; elasticsearch=2.03%/1.53GiB / 4.804G
[23:11:15] host CPU 9.2% RAM 95.8% | GPU 145MB/0% | kafka=61.05%/519.3MiB / 4.804GiB ; elasticsearch=2.49%/1.53GiB / 4.804
[23:11:18] host CPU 19.0% RAM 95.7% | GPU 145MB/0% | kafka=2.05%/485.3MiB / 4.804GiB ; elasticsearch=2.54%/1.529GiB / 4.804
[23:11:23] host CPU 12.7% RAM 95.7% | GPU 145MB/0% | kafka=0.93%/485.3MiB / 4.804GiB ; elasticsearch=5.66%/1.53GiB / 4.804G
[23:11:27] host CPU 13.3% RAM 95.9% | GPU 145MB/0% | kafka=113.32%/560.7MiB / 4.804GiB ; elasticsearch=4.11%/1.529GiB / 4.8
[23:11:31] host CPU 26.4% RAM 96.5% | GPU 207MB/12% | kafka=0.73%/485.3MiB / 4.804GiB ; elasticsearch=3.05%/1.53GiB / 4.804G
[23:11:36] host CPU 11.3% RAM 96.3% | GPU 165MB/0% | kafka=0.80%/485.3MiB / 4.804GiB ; elasticsearch=2.48%/1.53GiB / 4.804G
[23:11:40] host CPU 21.5% RAM 96.4% | GPU 139MB/0% | kafka=0.66%/485.3MiB / 4.804GiB ; elasticsearch=2.20%/1.53GiB / 4.804G
[23:11:45] host CPU 10.1% RAM 96.1% | GPU 139MB/0% | kafka=1.41%/485.3MiB / 4.804GiB ; elasticsearch=4.32%/1.53GiB / 4.804G
[23:11:48] host CPU 14.7% RAM 96.0% | GPU 139MB/0% | kafka=97.38%/486.1MiB / 4.804GiB ; elasticsearch=2.60%/1.53GiB / 4.804
[23:11:53] host CPU 17.2% RAM 96.3% | GPU 139MB/0% | kafka=0.67%/485.3MiB / 4.804GiB ; elasticsearch=2.53%/1.53GiB / 4.804G
