---- STARTING OMNI-PROCESSOR ----
-> Connected to Elasticsearch at http://172.16.10.94:9200 | Index: perf_20261002-151629_clu_vm14-vm24-rasp14-rasp24-rasp34_allfive_r2
-> Loading model from /home/rasp3/hsp/src/../models/bert_final on cpu...
-> BERT Model Loaded successfully.
-> Benchmark log: /home/rasp3/hsp/reports/scaling/20261002-151629_clu_vm14-vm24-rasp14-rasp24-rasp34_allfive_r2/bench_rasp3_3.csv | node rasp3 | group g_20261002-151629_clu_vm14-vm24-rasp14-rasp24-rasp34_allfive_r2
------------------------------------------------------------------------------------------------------------------------
DOMAIN       | SOURCE   | PREDICTION   | CONF.  | LATENCY  | TEXT
------------------------------------------------------------------------------------------------------------------------
[GAMING/SUR] | YouTube  | [Normal]     | 86%    |  453.6ms | Yo...
[GAMING/SUR] | YouTube  | [Normal]     | 96%    | 1174.6ms | :thumbs_up::thumbs_up::thumbs_up::thumbs...
[GAMING/SUR] | YouTube  | [Normal]     | 93%    | 1859.8ms | :elbowcough::elbowcough::elbowcough::elb...
[GAMING/SUR] | YouTube  | [Normal]     | 97%    |  311.9ms | Happy birthday Peanut!!!!...
[GAMING/SUR] | YouTube  | [Normal]     | 94%    |  539.2ms | :ok_hand::ok_hand::ok_hand::thumbs_up::t...
[GAMING/SUR] | YouTube  | [Normal]     | 96%    |  219.8ms | Great song...
[GAMING/SUR] | YouTube  | [Normal]     | 93%    |  251.4ms | Gingy and Rouge did 20 Hours...
[GAMING/SUR] | YouTube  | [Normal]     | 97%    |  218.2ms | 19 hours...
[MUSIC/CHIL] | YouTube  | [Normal]     | 97%    |  496.4ms | D same dialogue cheppi force chesthe vac...
[GAMING/SUR] | YouTube  | [Normal]     | 64%    |  353.3ms | Dubl’n up the zyn is sick...
[GAMING/SUR] | YouTube  | [Normal]     | 95%    |  295.3ms | train car...
[NEWS/LIVE ] | YouTube  | [Normal]     | 49%    |  350.3ms | that's a yes to feminist:face-green-smil...
[GAMING/SUR] | YouTube  | [Normal]     | 97%    |  261.9ms | 500 ON RED P~!!...
[MUSIC/CHIL] | YouTube  | [Normal]     | 93%    |  318.6ms | shikha basically i don't eat   certainly...
[MUSIC/CHIL] | YouTube  | [Normal]     | 97%    |  704.9ms | @Dreamon_888 hi   how are you ? :backhan...
[MUSIC/CHIL] | YouTube  | [Normal]     | 70%    |  320.5ms | she is asking do u eat wtf...
[GAMING/SUR] | YouTube  | [Normal]     | 96%    |  297.3ms | Alll in...
[SELF-HELP/] | YouTube  | [Normal]     | 95%    |  376.8ms | Hi Dr k:winking_face:...
[GAMING/SUR] | YouTube  | [Normal]     | 97%    |  657.2ms | Peanut & Starforge PC's are partnered! C...
[MUSIC/CHIL] | YouTube  | [OFFENSIVE]  | 80%    |  467.3ms | shish sing wclm bro :smiling_face_with_t...
[GAMING/SUR] | YouTube  | [Normal]     | 92%    |  393.8ms | thaTS MIND FROM DIUNOS...
[ENTERTAINM] | YouTube  | [Normal]     | 95%    |  311.6ms | Congratulations...
[ENTERTAINM] | YouTube  | [Normal]     | 95%    |  355.8ms | Здарова всем...
[GAMING/GAM] | YouTube  | [Normal]     | 96%    |  303.3ms | hi mark...
[GAMING/GAM] | YouTube  | [Normal]     | 95%    |  259.2ms | HIII...
[GAMING/GAM] | YouTube  | [Normal]     | 63%    |  309.5ms | GOING AGAIN THIS WEEKEND LES GOOOOO...
[GAMING/GAM] | YouTube  | [Normal]     | 92%    |  292.2ms | YOOOOO...
[GAMING/GAM] | YouTube  | [Normal]     | 94%    |  350.0ms | MARKPLIERR IS LIVEVEE...
[ENTERTAINM] | YouTube  | [Normal]     | 97%    |  266.7ms | Hiiiii...
[GAMING/GAM] | YouTube  | [Normal]     | 96%    |  225.5ms | hi mark...
[ENTERTAINM] | YouTube  | [Normal]     | 96%    |  266.5ms | hi jimmy please shout out kabir...
[GAMING/GAM] | YouTube  | [Normal]     | 93%    |  234.2ms | lighthouse...
[GAMING/GAM] | YouTube  | [Normal]     | 95%    |  280.2ms | Airplanneeeee...
[GAMING/SUR] | YouTube  | [Normal]     | 96%    |  341.5ms | broo check the billboards yooo...
[GAMING/GAM] | YouTube  | [Normal]     | 93%    |  244.6ms | lighthouse...
[GAMING/SUR] | YouTube  | [Normal]     | 49%    |  318.6ms | You guys are terrible gamblers lol...
[MUSIC/CHIL] | YouTube  | [Normal]     | 96%    |  731.9ms | @szarek-c2u m doing good :backhand_index...
[ENTERTAINM] | YouTube  | [Normal]     | 94%    |  244.2ms | 1...
[GAMING/SUR] | YouTube  | [Normal]     | 87%    |  226.4ms | NO...
[GAMING/GAM] | YouTube  | [Normal]     | 97%    |  281.4ms | Loved your Movie :red_heart:...
[NEWS/LIVE ] | YouTube  | [Normal]     | 48%    |  262.1ms | Weegee getting that italian sausage now...
[GAMING/GAM] | YouTube  | [Normal]     | 97%    |  574.5ms | I must admit first time I saw it  audio ...
[GAMING/SUR] | YouTube  | [Normal]     | 96%    |  249.0ms | Maxxxx...
[GAMING/GAM] | YouTube  | [Normal]     | 95%    |  293.6ms | lighthouse plss...
[ENTERTAINM] | YouTube  | [Normal]     | 98%    |  575.1ms | :face-blue-smiling::face-blue-smiling::f...
[ENTERTAINM] | YouTube  | [Normal]     | 97%    |  402.3ms | hi Mr beast :smiling_face_with_halo:...
[GAMING/SUR] | YouTube  | [Normal]     | 94%    |  315.9ms | go Aul In...
[GAMING/GAM] | YouTube  | [Normal]     | 95%    |  382.0ms | CLOAK IRON LUNG MERCH!!!???...
[GAMING/SUR] | YouTube  | [Normal]     | 54%    |  260.8ms | try bandit...
[ENTERTAINM] | YouTube  | [Normal]     | 97%    |  328.2ms | Bangladesh :red_heart:...
[GAMING/SUR] | YouTube  | [Normal]     | 94%    |  269.8ms | OOF...
[ENTERTAINM] | YouTube  | [Normal]     | 98%    |  358.9ms | Dominos :check_mark_button:...
[ENTERTAINM] | YouTube  | [Normal]     | 96%    |  461.9ms | ONE OUT OF 17.2 PEOPLE ALIVE ON EARTH RI...
[GAMING/SUR] | YouTube  | [Normal]     | 85%    |  347.0ms | THAT GUY IS ZESTYYYYYY...
[ENTERTAINM] | YouTube  | [Normal]     | 94%    |  269.1ms | Hi Mr Beast...
[GAMING/GAM] | YouTube  | [Normal]     | 92%    |  441.0ms | Mark did you hear they made a video game...
[SPORTS/FOO] | YouTube  | [Normal]     | 92%    |  314.4ms | Japan is the winner...
[GAMING/GAM] | YouTube  | [Normal]     | 78%    |  385.9ms | why does some of it look like Resident E...
[ENTERTAINM] | YouTube  | [Normal]     | 95%    |  258.7ms | said hi...
[ENTERTAINM] | YouTube  | [Normal]     | 91%    |  251.4ms | me...
[GAMING/SUR] | YouTube  | [Normal]     | 96%    |  508.5ms | 4 CARD 21????????????????????...
[ENTERTAINM] | YouTube  | [Normal]     | 91%    |  285.6ms | me...
[GAMING/SUR] | YouTube  | [Normal]     | 93%    |  289.2ms | Never seen colder tables...
[ENTERTAINM] | YouTube  | [Normal]     | 96%    |  301.2ms | i am happy for your 500 million YouTube ...
[GAMING/SUR] | YouTube  | [Normal]     | 80%    |  280.3ms | what is the discord...
[ENTERTAINM] | YouTube  | [Normal]     | 98%    |  937.9ms | :hand-purple-blue-peace::hand-purple-blu...
[GAMING/SUR] | YouTube  | [Normal]     | 75%    |  308.7ms | THATS IT SCRAP THE GUN...
[GAMING/GAM] | YouTube  | [Normal]     | 95%    |  278.4ms | obversation duty...
[GAMING/GAM] | YouTube  | [Normal]     | 68%    |  305.5ms | the drenched sarcasm...
[GAMING/SUR] | YouTube  | [Normal]     | 87%    |  273.9ms | LETS GO...
[GAMING/GAM] | YouTube  | [Normal]     | 98%    |  575.9ms | :cat_with_tears_of_joy::cat_with_tears_o...
[ENTERTAINM] | YouTube  | [Normal]     | 94%    |  248.8ms | Hi...
[GAMING/GAM] | YouTube  | [Normal]     | 92%    |  292.5ms | thats the best part tho...
[GAMING/GAM] | YouTube  | [Normal]     | 88%    |  283.3ms | IT's an anomaly...
[GAMING/SUR] | YouTube  | [Normal]     | 92%    |  339.8ms | so were just throwing it away lol...
[GAMING/SUR] | YouTube  | [Normal]     | 93%    |  308.5ms | sheeeesh...
[GAMING/SUR] | YouTube  | [Normal]     | 96%    |  362.0ms | YOU HAD 1000+ SCRAP WHEN YOU LOGGED IN...
[GAMING/SUR] | YouTube  | [Normal]     | 92%    |  313.6ms | Peanut needs to stay out of Vegas...
[GAMING/GAM] | YouTube  | [Normal]     | 95%    |  498.7ms | how did he get through there? intrude th...
[MUSIC/CHIL] | YouTube  | [Normal]     | 97%    |  562.1ms | @kavya-c9c1j fir kya tumhe chris evans c...
[GAMING/GAM] | YouTube  | [Normal]     | 96%    |  288.7ms | LOL...
[ENTERTAINM] | YouTube  | [Normal]     | 94%    |  288.2ms | 3...
[GAMING/GAM] | YouTube  | [Normal]     | 94%    |  261.2ms | stairs were moving...
[GAMING/GAM] | YouTube  | [Normal]     | 96%    |  290.3ms | please mark the basement stairs...
[ENTERTAINM] | YouTube  | [Normal]     | 94%    |  283.4ms | 2...
[ENTERTAINM] | YouTube  | [Normal]     | 96%    |  339.5ms | I'm poor...
[ENTERTAINM] | YouTube  | [Normal]     | 92%    |  378.4ms | mrbeast...
[GAMING/GAM] | YouTube  | [Normal]     | 97%    |  345.3ms | THE GREEN BOTTLE...
[ENTERTAINM] | YouTube  | [Normal]     | 96%    |  310.0ms | I was here...
[GAMING/GAM] | YouTube  | [Normal]     | 92%    |  368.4ms | BED...
[GAMING/GAM] | YouTube  | [Normal]     | 95%    |  401.5ms | The blanket on the bed moved!!...
[ENTERTAINM] | YouTube  | [Normal]     | 95%    |  300.0ms | hii...
[GAMING/GAM] | YouTube  | [Normal]     | 92%    |  334.3ms | IN MOVIES FOR IRON LUNG RN...
[ENTERTAINM] | YouTube  | [Normal]     | 88%    |  273.0ms | ،...
[GAMING/GAM] | YouTube  | [Normal]     | 74%    |  302.2ms | The hangy thing...
[GAMING/GAM] | YouTube  | [Normal]     | 91%    |  257.4ms | w...
[LIFESTYLE/] | YouTube  | [Normal]     | 97%    |  509.5ms | These Summer months are going to fly by ...
[ENTERTAINM] | YouTube  | [Normal]     | 94%    |  219.3ms | 1...
[GAMING/GAM] | YouTube  | [Normal]     | 97%    |  288.3ms | Is there a extra light here also?...
[ENTERTAINM] | YouTube  | [Normal]     | 95%    |  282.4ms | hii mr beast...
[ENTERTAINM] | YouTube  | [Normal]     | 94%    |  231.4ms | 1...
[ENTERTAINM] | YouTube  | [Normal]     | 95%    |  273.7ms | 67...
[GAMING/SUR] | YouTube  | [Normal]     | 91%    |  273.6ms | stoopid...
[GAMING/GAM] | YouTube  | [Normal]     | 90%    |  718.5ms | as a dyslexic guy  I couldn't see the di...
[GAMING/GAM] | YouTube  | [Normal]     | 96%    |  323.5ms | oh hi chat  hi Mark...
[GAMING/GAM] | YouTube  | [Normal]     | 66%    |  353.0ms | because you lost the camera in the cabin...
[MUSIC/CHIL] | YouTube  | [Normal]     | 94%    |  354.8ms | @syedsoul ky...
[ENTERTAINM] | YouTube  | [Normal]     | 94%    |  371.5ms | WRITE 67 IN THE COMMENTS IF TOU WANT JIM...
[GAMING/SUR] | YouTube  | [Normal]     | 84%    |  479.3ms | MY MAN @TheBurntPeanut Wakes up gets rai...
[ENTERTAINM] | YouTube  | [Normal]     | 56%    |  286.4ms | omggg...
[GAMING/GAM] | YouTube  | [Normal]     | 81%    |  334.1ms | Look at him making up excuses...
[GAMING/GAM] | YouTube  | [Normal]     | 89%    |  317.2ms | THERES A MOUSE TRAP IN THE BASEMENT...
[SPORTS/FOO] | YouTube  | [Normal]     | 90%    |  239.6ms | ยับ...
[GAMING/SUR] | YouTube  | [Normal]     | 92%    |  325.0ms | Welyn the ultimate optimist...
[GAMING/GAM] | YouTube  | [Normal]     | 95%    |  307.7ms | extra mouse trap in cellar...
[ENTERTAINM] | YouTube  | [Normal]     | 93%    |  236.1ms | KPOP...
[ENTERTAINM] | YouTube  | [Normal]     | 97%    |  439.3ms | :red_heart::red_heart::red_heart:...
[GAMING/GAM] | YouTube  | [Normal]     | 93%    |  283.5ms | THE CHAIR...
[ENTERTAINM] | YouTube  | [Normal]     | 94%    |  255.9ms | q...
[GAMING/GAM] | YouTube  | [Normal]     | 92%    |  302.0ms | ooh...
[GAMING/GAM] | YouTube  | [Normal]     | 49%    |  301.8ms | That’s creepy...
[ENTERTAINM] | YouTube  | [Normal]     | 98%    |  357.0ms | love you Jimmy. love from India...
[ENTERTAINM] | YouTube  | [Normal]     | 97%    |  369.8ms | ХУУУУУУУУУУУЙ...
[MUSIC/CHIL] | YouTube  | [Normal]     | 97%    |  341.9ms | :musical_note::tumbler_glass:...
[GAMING/GAM] | YouTube  | [Normal]     | 97%    |  269.1ms | PURPLE SCARF IS NOT AN ANOMALY...
[ENTERTAINM] | YouTube  | [Normal]     | 69%    |  310.9ms | when are you coming to Indonesia Mr beas...
[GAMING/GAM] | YouTube  | [Normal]     | 94%    |  252.7ms | extra plank at the pier...
[GAMING/GAM] | YouTube  | [Normal]     | 97%    |  254.4ms | light in yard??...
[GAMING/GAM] | YouTube  | [Normal]     | 96%    |  352.6ms | the light is changing a bit  but no anom...
[PSYCHOLOGY] | YouTube  | [Normal]     | 96%    |  394.6ms | @Moonlight_dark-47 thank you bro...
[GAMING/GAM] | YouTube  | [Normal]     | 97%    |  327.6ms | THE FUSE BOX...
[ENTERTAINM] | YouTube  | [Normal]     | 94%    |  256.8ms | Hi...
[ENTERTAINM] | YouTube  | [Normal]     | 94%    |  264.0ms | 1...
[GAMING/GAM] | YouTube  | [Normal]     | 96%    |  291.0ms | barrels in basement...
[ENTERTAINM] | YouTube  | [Normal]     | 94%    |  278.2ms | 1...
[GAMING/GAM] | YouTube  | [Normal]     | 96%    |  291.4ms | pillar spinning in stairway...
[GAMING/GAM] | YouTube  | [Normal]     | 97%    |  377.0ms | radio. under the stairs...
[GAMING/GAM] | YouTube  | [Normal]     | 96%    |  366.3ms | Fuse box pl I beg...
[GAMING/GAM] | YouTube  | [Normal]     | 96%    |  316.6ms | FUSE BOX...
[ENTERTAINM] | YouTube  | [Normal]     | 98%    | 1509.5ms | sir please please help me sir please hel...
[PSYCHOLOGY] | YouTube  | [Normal]     | 95%    |  285.0ms | :(...
[GAMING/GAM] | YouTube  | [Normal]     | 95%    |  369.7ms | wasn't there 4 mousetraps in the basemen...
[GAMING/SUR] | YouTube  | [Normal]     | 88%    |  299.0ms | hear helo...
[MUSIC/CHIL] | YouTube  | [Normal]     | 97%    |  394.0ms | :face-turquoise-covering-eyes:...
[GAMING/GAM] | YouTube  | [Normal]     | 96%    |  260.5ms | MARK BARRELS...
[ENTERTAINM] | YouTube  | [Normal]     | 97%    |  286.8ms | Welcome New Member!...
[PSYCHOLOGY] | YouTube  | [Normal]     | 94%    |  526.8ms | I can't remeber if anima or animus is ma...
[ENTERTAINM] | YouTube  | [Normal]     | 97%    |  487.2ms | thank you Jimmy for deciding to join the...
[ENTERTAINM] | YouTube  | [Normal]     | 97%    |  265.2ms | :man_raising_hand:...
[GAMING/GAM] | YouTube  | [Normal]     | 97%    |  314.6ms | Broken red railing in the spiral stairca...
[GAMING/GAM] | YouTube  | [Normal]     | 91%    |  328.1ms | MARK THE GAS CAN MOVED IN THE YARD IM TE...
[GAMING/SUR] | YouTube  | [Normal]     | 92%    |  275.5ms | RIP Roe Jogan...
[ENTERTAINM] | YouTube  | [Normal]     | 96%    |  308.7ms | hiiiiiiiiiiiii...
[GAMING/GAM] | YouTube  | [Normal]     | 88%    |  296.3ms | nooo there is one...
[ENTERTAINM] | YouTube  | [Normal]     | 98%    | 1088.7ms | :whistle-red-blow::whistle-red-blow::whi...
[GAMING/GAM] | YouTube  | [Normal]     | 92%    |  291.0ms | No Mark tell us...
[GAMING/SUR] | YouTube  | [Normal]     | 95%    |  419.5ms | Awe… did Roe Jogan pass?...
[ENTERTAINM] | YouTube  | [Normal]     | 98%    |  316.2ms | 1 billion before GTA6?...
[GAMING/GAM] | YouTube  | [Normal]     | 91%    |  308.3ms | top left...
[GAMING/GAM] | YouTube  | [Normal]     | 96%    |  493.4ms | STAIRWELL: left side railing moved  you ...
[ENTERTAINM] | YouTube  | [Normal]     | 72%    |  283.9ms | CONGRATSSS...
[GAMING/GAM] | YouTube  | [Normal]     | 96%    |  447.6ms | MARK THE RAILING HAS MOVED IN THE STAIRW...
[ENTERTAINM] | YouTube  | [Normal]     | 97%    | 2678.8ms | :finger-red-number-one::finger-red-numbe...
[GAMING/GAM] | YouTube  | [Normal]     | 97%    |  278.9ms | EXTRA SACK IN BASEMENT...
[GAMING/GAM] | YouTube  | [Normal]     | 94%    |  360.8ms | missing object  typewriter  desk  interi...
[ENTERTAINM] | YouTube  | [Normal]     | 97%    |  349.8ms | Mr beast can I have a cookie...
[GAMING/GAM] | YouTube  | [Normal]     | 94%    |  342.1ms | dear lord...
[GAMING/GAM] | YouTube  | [Normal]     | 93%    |  311.5ms | THAT GOT ME...
[GAMING/GAM] | YouTube  | [Normal]     | 85%    |  314.7ms | DEAD BODY ON CABIN...
[ENTERTAINM] | YouTube  | [Normal]     | 96%    |  434.6ms | What’s it like having the most subscribe...
[SELF-HELP/] | YouTube  | [Normal]     | 42%    |  307.2ms | too high iq is detrimental...
[ENTERTAINM] | YouTube  | [Normal]     | 53%    |  369.3ms | wsp Jimmmyyy...
[ENTERTAINM] | YouTube  | [Normal]     | 97%    |  913.6ms | :face_screaming_in_fear::face_screaming_...
[GAMING/SUR] | YouTube  | [Normal]     | 80%    |  290.0ms | half wall the back side...
[GAMING/GAM] | YouTube  | [Normal]     | 83%    |  394.4ms | Dun dun dun dunnnn.. dun dun dun dun...
[GAMING/GAM] | YouTube  | [Normal]     | 95%    |  306.1ms | yay...
[GAMING/GAM] | YouTube  | [Normal]     | 97%    |  367.2ms | Marky moo I love you...
[GAMING/GAM] | YouTube  | [Normal]     | 96%    |  367.7ms | is it showing in UK???...
[GAMING/GAM] | YouTube  | [Normal]     | 94%    |  325.7ms | the stairwell railing on the stair broke...
[GAMING/SUR] | YouTube  | [Normal]     | 94%    |  452.2ms | This is differently not gonna be Maduro ...
[ENTERTAINM] | YouTube  | [Normal]     | 94%    |  318.3ms | congragulation...
[GAMING/GAM] | YouTube  | [Normal]     | 97%    |  370.7ms | I gotta run. have fun everyone. Bye Mark...
[GAMING/GAM] | YouTube  | [Normal]     | 93%    |  338.1ms | I may be crazy but banana moved?...
[ENTERTAINM] | YouTube  | [Normal]     | 95%    |  264.6ms | hello...
[ENTERTAINM] | YouTube  | [Normal]     | 97%    |  258.1ms | 500M PUSH...
[GAMING/GAM] | YouTube  | [Normal]     | 91%    |  282.2ms | NO CAMERA SIGN IN BATHROOM...
[ENTERTAINM] | YouTube  | [Normal]     | 96%    |  347.7ms | can you lower the cost of festable in in...
[GAMING/GAM] | YouTube  | [Normal]     | 97%    |  377.1ms | Light shining through the cockpit...
[MUSIC/CHIL] | YouTube  | [Normal]     | 98%    |  417.6ms | :musical_notes::rose::cloud:...
[GAMING/SUR] | YouTube  | [Normal]     | 91%    |  333.2ms | i saw a turrent...
[GAMING/GAM] | YouTube  | [Normal]     | 81%    |  272.0ms | TOILET...
[ENTERTAINM] | YouTube  | [Normal]     | 96%    |  284.5ms | love you...
[GAMING/SUR] | YouTube  | [Normal]     | 94%    |  288.5ms | code leaked...
[GAMING/SUR] | YouTube  | [Normal]     | 97%    |  329.8ms | Like Minecraft on Fent?...
[GAMING/SUR] | YouTube  | [Normal]     | 90%    |  466.0ms | You aren't cooking literally enough. Bro...
[SELF-HELP/] | YouTube  | [Normal]     | 95%    |  308.0ms | hello...
[MUSIC/CHIL] | YouTube  | [Normal]     | 96%    |  332.1ms | best thi pr wo...
[GAMING/SUR] | YouTube  | [Normal]     | 86%    |  331.4ms | SLUR SATURDAY...
[GAMING/SUR] | YouTube  | [OFFENSIVE]  | 50%    |  299.0ms | godll cut ya down...
[MUSIC/CHIL] | YouTube  | [Normal]     | 74%    |  359.4ms | abhy lol :woman_shrugging:...
[GAMING/SUR] | YouTube  | [Normal]     | 79%    |  364.1ms | What happened to your whiskey throat?...
[GAMING/SUR] | YouTube  | [Normal]     | 95%    |  308.3ms | DELIRIOUS...
[GAMING/SUR] | YouTube  | [Normal]     | 91%    |  257.7ms | Door...
[PSYCHOLOGY] | YouTube  | [Normal]     | 91%    |  328.2ms | lesgoo...
[GAMING/SUR] | YouTube  | [Normal]     | 94%    |  293.7ms | 3...
[SELF-HELP/] | YouTube  | [Normal]     | 97%    |  381.7ms | when does the stream start again?...
[GAMING/SUR] | YouTube  | [Normal]     | 91%    |  307.5ms | W...
[SELF-HELP/] | YouTube  | [Normal]     | 82%    |  399.7ms | How are you doing man on the internet...
[SELF-HELP/] | YouTube  | [Normal]     | 95%    |  327.7ms | _/\_...
[GAMING/SUR] | YouTube  | [Normal]     | 93%    |  357.0ms | let it riiide...
[SELF-HELP/] | YouTube  | [Normal]     | 74%    |  290.8ms | portugal lessgo...
[ENTERTAINM] | YouTube  | [Normal]     | 98%    | 1441.9ms | :text-green-game-over::text-green-game-o...
[SELF-HELP/] | YouTube  | [Normal]     | 96%    |  297.7ms | hmmm...
[GAMING/GAM] | YouTube  | [Normal]     | 96%    |  302.4ms | HIII MARK...
[ENTERTAINM] | YouTube  | [Normal]     | 95%    |  371.6ms | Is this your first live...
[SELF-HELP/] | YouTube  | [Normal]     | 96%    |  308.5ms | achchha...
[GAMING/GAM] | YouTube  | [Normal]     | 91%    |  302.8ms | w...
[GAMING/GAM] | YouTube  | [Normal]     | 96%    |  298.8ms | hi br...
[ENTERTAINM] | YouTube  | [Normal]     | 96%    |  308.2ms | hello sirrrr...
[GAMING/SUR] | YouTube  | [Normal]     | 95%    |  496.1ms | Gingy is having a nightmare of this situ...
[MUSIC/CHIL] | YouTube  | [Normal]     | 98%    |  350.0ms | :musical_notes:...
[GAMING/SUR] | YouTube  | [Normal]     | 94%    |  429.8ms | For got to close!!!!!...
[GAMING/GAM] | YouTube  | [Normal]     | 93%    |  286.6ms | W MOVIE...
[NEWS/LIVE ] | YouTube  | [Normal]     | 77%    |  324.7ms | Shoutout to every American in the chat...
[GAMING/GAM] | YouTube  | [Normal]     | 97%    |  345.6ms | Welcome New Member!...
[GAMING/GAM] | YouTube  | [Normal]     | 93%    |  239.7ms | lighthouse...
[PSYCHOLOGY] | YouTube  | [Normal]     | 84%    |  309.7ms | The world is animus possessed...
[GAMING/SUR] | YouTube  | [Normal]     | 93%    |  235.3ms | DEALER Resets...
[GAMING/SUR] | YouTube  | [Normal]     | 92%    |  230.8ms | PLAY THE WHEEL...
[ENTERTAINM] | YouTube  | [Normal]     | 94%    |  278.2ms | Cek...
[ENTERTAINM] | YouTube  | [Normal]     | 94%    |  246.3ms | 1...
[GAMING/GAM] | YouTube  | [Normal]     | 95%    |  370.8ms | Iron Lung was a 50 or more out of 10...
[GAMING/GAM] | YouTube  | [Normal]     | 92%    |  386.9ms | LIXIAN CAN FINALLY SEE THE MOVIE...
[ENTERTAINM] | YouTube  | [Normal]     | 98%    |  991.5ms | :heart_with_ribbon::heart_with_ribbon::h...
[MUSIC/CHIL] | YouTube  | [Normal]     | 92%    |  344.1ms | ha kyu...
[GAMING/GAM] | YouTube  | [Normal]     | 89%    |  449.9ms | in my theater it sounded like it was com...
[GAMING/SUR] | YouTube  | [Normal]     | 92%    |  358.3ms | smaller bets...
[GAMING/GAM] | YouTube  | [Normal]     | 72%    |  309.6ms | THEIR IN THE WALLS...
[GAMING/GAM] | YouTube  | [Normal]     | 61%    |  313.8ms | that's such a shame...
[GAMING/GAM] | YouTube  | [Normal]     | 93%    |  331.9ms | bass boosted...
[GAMING/SUR] | YouTube  | [Normal]     | 96%    |  278.7ms | PLAY ARC...
[GAMING/SUR] | YouTube  | [Normal]     | 95%    |  314.8ms | well well well...
[PSYCHOLOGY] | YouTube  | [Normal]     | 95%    |  275.6ms | 8008!...
[GAMING/GAM] | YouTube  | [Normal]     | 97%    | 1044.8ms | Hey Mark  just wanted to share that your...
[ENTERTAINM] | YouTube  | [Normal]     | 96%    |  391.0ms | 500 mil. that's...something!...
[MUSIC/CHIL] | YouTube  | [Normal]     | 95%    |  306.9ms | ........
[GAMING/GAM] | YouTube  | [Normal]     | 94%    |  336.0ms | EEEEEEEEEEEEEEEE...
[ENTERTAINM] | YouTube  | [Normal]     | 89%    |  313.6ms | can you come to sri  lanka...
[GAMING/GAM] | YouTube  | [Normal]     | 94%    |  303.7ms | nice...
[GAMING/GAM] | YouTube  | [Normal]     | 95%    |  278.0ms | TITLE MISTAKE!!...
[ENTERTAINM] | YouTube  | [Normal]     | 93%    |  288.5ms | india...
[ENTERTAINM] | YouTube  | [Normal]     | 97%    |  469.9ms | muja 1miloen ₹ do:dollar_banknote:...
[ENTERTAINM] | YouTube  | [Normal]     | 93%    |  502.1ms | Hi from RUSSIA!!!!!!!!!!!!!!!!!!!...
[GAMING/SUR] | YouTube  | [Normal]     | 95%    |  252.8ms | TF...
[GAMING/SUR] | YouTube  | [Normal]     | 84%    |  410.2ms | LMAOOOOOOOOOOOOOOOOO...
[ENTERTAINM] | YouTube  | [Normal]     | 96%    |  306.2ms | hello friends...
[GAMING/GAM] | YouTube  | [Normal]     | 90%    |  354.1ms | HAHAHAAHHAHAHA...
[ENTERTAINM] | YouTube  | [Normal]     | 95%    |  293.8ms | 10 k bro...
[GAMING/SUR] | YouTube  | [Normal]     | 94%    |  234.8ms | 3...
[GAMING/GAM] | YouTube  | [Normal]     | 96%    |  290.6ms | mark its big brain time...
[MUSIC/CHIL] | YouTube  | [Normal]     | 98%    |  425.4ms | :cross_mark::tiger:...
[ENTERTAINM] | YouTube  | [Normal]     | 90%    |  356.4ms | you mr.beast i from Indonesian...
[ENTERTAINM] | YouTube  | [Normal]     | 96%    |  512.5ms | :fearful_face::fearful_face::fearful_fac...
[GAMING/GAM] | YouTube  | [Normal]     | 75%    |  255.3ms | is backseating allowed...
[GAMING/GAM] | YouTube  | [HATE]       | 67%    |  390.5ms | should i go seee iron lung...
[GAMING/SUR] | YouTube  | [Normal]     | 92%    |  389.3ms | Yes it does AYeeee...
[GAMING/GAM] | YouTube  | [Normal]     | 97%    |  399.8ms | light at yard? by the lighthouse door?...
[PSYCHOLOGY] | YouTube  | [Normal]     | 96%    |  427.6ms | i am the boss babe lmao...
[ENTERTAINM] | YouTube  | [Normal]     | 94%    |  326.4ms | 5...
[ENTERTAINM] | YouTube  | [Normal]     | 95%    |  366.2ms | INDONESIA  INDONESIA...
[NEWS/LIVE ] | YouTube  | [Normal]     | 92%    |  394.5ms | Hey ENNOS bro...
[GAMING/GAM] | YouTube  | [Normal]     | 97%    |  444.4ms | HI MARK this is my first stream...
[ENTERTAINM] | YouTube  | [Normal]     | 95%    |  431.0ms | jimmy hello...
[GAMING/SUR] | YouTube  | [Normal]     | 91%    |  456.5ms | welcome my goopa...
[MUSIC/CHIL] | YouTube  | [Normal]     | 94%    |  449.0ms | जिसने pucha usko...
[GAMING/SUR] | YouTube  | [Normal]     | 97%    |  352.7ms | alot...
[ENTERTAINM] | YouTube  | [Normal]     | 96%    |  476.2ms | where's ur crew???...
[ENTERTAINM] | YouTube  | [Normal]     | 95%    |  316.9ms | Congratulations...
[GAMING/GAM] | YouTube  | [Normal]     | 94%    |  352.5ms | Nice...
[SELF-HELP/] | YouTube  | [Normal]     | 97%    |  320.1ms | Thank you Dr. K...
[GAMING/GAM] | YouTube  | [Normal]     | 96%    |  319.0ms | hiiiiiiiiii...
[ENTERTAINM] | YouTube  | [Normal]     | 97%    |  425.8ms | :smiling_face_with_heart_eyes:...
[GAMING/GAM] | YouTube  | [Normal]     | 95%    |  249.4ms | yay...
[ENTERTAINM] | YouTube  | [Normal]     | 96%    |  284.1ms | jimmy i am subscribed you from 2020...
[PSYCHOLOGY] | YouTube  | [Normal]     | 92%    |  554.8ms | Too often I spend time internally  think...
[GAMING/SUR] | YouTube  | [Normal]     | 89%    |  233.5ms | nice windmill haha...
[ENTERTAINM] | YouTube  | [Normal]     | 93%    |  434.2ms | :rolling_on_the_floor_laughing:...
[GAMING/GAM] | YouTube  | [Normal]     | 93%    |  277.3ms | L...
[GAMING/GAM] | YouTube  | [Normal]     | 91%    |  249.4ms | Hey...
[ENTERTAINM] | YouTube  | [Normal]     | 94%    |  310.6ms | Yeeeee...
[MUSIC/CHIL] | YouTube  | [Normal]     | 96%    |  385.6ms | vizz raaledhe...
[SELF-HELP/] | YouTube  | [Normal]     | 95%    |  354.5ms | Ws for chat...
[GAMING/GAM] | YouTube  | [Normal]     | 90%    |  332.9ms | Oh my GOD NO...
[GAMING/SUR] | YouTube  | [HATE]       | 66%    |  336.3ms | well at least the windmill should be gon...
[GAMING/GAM] | YouTube  | [Normal]     | 97%    |  269.2ms | FUSE BOX in Interior...
[ENTERTAINM] | YouTube  | [Normal]     | 93%    |  287.8ms | I LOVE YOU MR BEAST SIR...
[ENTERTAINM] | YouTube  | [Normal]     | 91%    |  306.5ms | منم...
[MUSIC/CHIL] | YouTube  | [Normal]     | 95%    |  289.4ms | :zzz:...
[ENTERTAINM] | YouTube  | [Normal]     | 87%    |  286.7ms | a...
[GAMING/GAM] | YouTube  | [Normal]     | 90%    |  305.8ms | It's the lung!...
[GAMING/GAM] | YouTube  | [Normal]     | 97%    |  384.1ms | SECOND MOUSETRAP IN BASEMENT...
[ENTERTAINM] | YouTube  | [Normal]     | 97%    |  243.9ms | I love you...
[GAMING/SUR] | YouTube  | [Normal]     | 74%    |  300.3ms | YOU NEED TO BE FASTER...
[GAMING/GAM] | YouTube  | [Normal]     | 97%    |  300.0ms | the fuse box was open...
[GAMING/GAM] | YouTube  | [Normal]     | 98%    |  334.3ms | extra box by the purple scarf lantern ro...
[PSYCHOLOGY] | YouTube  | [Normal]     | 95%    |  968.2ms | @guywithnohouse.6808 Yeah like  okay rec...
[GAMING/SUR] | YouTube  | [Normal]     | 96%    |  258.8ms | Yurrrrr...
[GAMING/SUR] | YouTube  | [Normal]     | 91%    |  300.1ms | yeahhhhhh...
[MUSIC/CHIL] | YouTube  | [Normal]     | 97%    |  582.1ms | serendi lechi podam ani chelli ekkadikel...
[GAMING/SUR] | YouTube  | [Normal]     | 87%    |  318.5ms | give gingy her flowers...
[GAMING/SUR] | YouTube  | [Normal]     | 78%    |  370.2ms | Gingy and Rogue need a promotion peanut...
[GAMING/SUR] | YouTube  | [OFFENSIVE]  | 79%    |  581.4ms | :_LetsGo::_LetsGo::_LetsGo::_LetsGo::_Le...
[MUSIC/CHIL] | YouTube  | [Normal]     | 98%    |  901.9ms | :face_with_tears_of_joy::cat_with_tears_...
[GAMING/SUR] | YouTube  | [Normal]     | 94%    |  265.0ms | below...
[PSYCHOLOGY] | YouTube  | [Normal]     | 97%    |  496.3ms | Hi Dr. K ! Hi team ! Hi chat !...
[GAMING/SUR] | YouTube  | [Normal]     | 94%    |  396.9ms | RAAAQAAAAAHHHH...
[MUSIC/CHIL] | YouTube  | [Normal]     | 95%    |  413.2ms | Shivani your pfp is giving those vibes...
[GAMING/SUR] | YouTube  | [Normal]     | 92%    |  461.5ms | HES ON EARLY HI MR NUT...
[GAMING/SUR] | YouTube  | [Normal]     | 91%    |  383.3ms | its in the front...
[GAMING/SUR] | YouTube  | [Normal]     | 91%    |  333.5ms | DO IT AND YOUR COOL...
[MUSIC/CHIL] | YouTube  | [Normal]     | 96%    |  294.7ms | i can be...
[MUSIC/CHIL] | YouTube  | [Normal]     | 95%    |  757.9ms | what so :rolling_on_the_floor_laughing::...
[GAMING/SUR] | YouTube  | [Normal]     | 96%    |  323.7ms | LOL...
[GAMING/SUR] | YouTube  | [Normal]     | 95%    |  265.0ms | 6 7...
[GAMING/SUR] | YouTube  | [Normal]     | 98%    |  397.5ms | W PEANUT :fire::fire:...
[MUSIC/CHIL] | YouTube  | [OFFENSIVE]  | 57%    |  311.5ms | mohit kaise ho...
[GAMING/SUR] | YouTube  | [Normal]     | 95%    |  308.8ms | 3 again...
[ENTERTAINM] | YouTube  | [Normal]     | 88%    |  610.0ms | :stayhome::stayhome::stayhome::stayhome:...
[ENTERTAINM] | YouTube  | [Normal]     | 93%    |  303.8ms | omg...
[ENTERTAINM] | YouTube  | [Normal]     | 95%    |  328.5ms | hii...
[GAMING/SUR] | YouTube  | [Normal]     | 96%    |  471.6ms | it's 5 o'clock time for a beer...
[ENTERTAINM] | YouTube  | [Normal]     | 86%    |  274.3ms | YO...
[GAMING/SUR] | YouTube  | [Normal]     | 78%    |  586.0ms | i dont understand how you have so much e...
[ENTERTAINM] | YouTube  | [Normal]     | 94%    |  279.1ms | IND...
[PSYCHOLOGY] | YouTube  | [Normal]     | 87%    |  312.9ms | no...
[GAMING/GAM] | YouTube  | [Normal]     | 97%    |  414.9ms | Does it help that I saw it multiple time...
[GAMING/GAM] | YouTube  | [Normal]     | 91%    |  393.5ms | YEAHHHHHHH...
[GAMING/GAM] | YouTube  | [Normal]     | 97%    |  410.4ms | MARK MY BROTHER AND I LOVED YOUR MOVIE...
[GAMING/GAM] | YouTube  | [Normal]     | 97%    |  362.0ms | Welcome New Member!...
[GAMING/GAM] | YouTube  | [Normal]     | 97%    |  423.1ms | FINALLY GOT TICKETS TO SEE THE MOVIE ON ...
[ENTERTAINM] | YouTube  | [Normal]     | 93%    |  292.9ms | j...
[SELF-HELP/] | YouTube  | [HATE]       | 93%    |  402.4ms | You should listen to them but not dwell ...
[GAMING/GAM] | YouTube  | [Normal]     | 95%    |  369.9ms | Light house for sure...
[GAMING/GAM] | YouTube  | [Normal]     | 98%    |  447.9ms | HII MARK YOUR MOVIE WAS AMAZING I LOVED ...
[ENTERTAINM] | YouTube  | [Normal]     | 94%    |  302.1ms | nice...
[GAMING/GAM] | YouTube  | [Normal]     | 96%    |  360.1ms | hello mark are you considering doing con...
[ENTERTAINM] | YouTube  | [Normal]     | 95%    |  776.6ms | seeing you going from 40 million subscri...
[GAMING/GAM] | YouTube  | [Normal]     | 95%    | 1119.8ms | :_markiLOVE::_markiLOVE::_markiLOVE::_ma...
[GAMING/SUR] | YouTube  | [Normal]     | 95%    |  291.8ms | hit...
[GAMING/GAM] | YouTube  | [Normal]     | 95%    |  923.5ms | hey mark do you ever plan on playing doo...
[PSYCHOLOGY] | YouTube  | [Normal]     | 90%    |  353.6ms | yin and yang...
[GAMING/GAM] | YouTube  | [Normal]     | 95%    |  363.3ms | AIRPLANE PLZZZ...
[MUSIC/CHIL] | YouTube  | [Normal]     | 96%    |  435.5ms | @Tradexlav tera to katgya bro...
[GAMING/SUR] | YouTube  | [Normal]     | 91%    |  425.5ms | do 50 scrap hands and build...
[ENTERTAINM] | YouTube  | [Normal]     | 93%    |  418.0ms | so proud of you sir...
[GAMING/GAM] | YouTube  | [Normal]     | 95%    |  328.1ms | L3...
[MUSIC/CHIL] | YouTube  | [Normal]     | 98%    | 1108.3ms | mohit kata to sabka h kabhi n kabhi :fac...
[GAMING/GAM] | YouTube  | [Normal]     | 52%    |  386.7ms | do a poll with just airplane and lightho...
[ENTERTAINM] | YouTube  | [Normal]     | 96%    |  404.7ms | aura aura aura aura aura aura aura aura...
[ENTERTAINM] | YouTube  | [Normal]     | 94%    |  247.7ms | nurrlana...
[GAMING/GAM] | YouTube  | [Normal]     | 91%    |  281.6ms | RAM RANCH...
[ENTERTAINM] | YouTube  | [Normal]     | 94%    |  285.8ms | give me one laptop...
[GAMING/SUR] | YouTube  | [Normal]     | 46%    |  309.4ms | go to the scapper...
[ENTERTAINM] | YouTube  | [Normal]     | 94%    |  357.2ms | IM NOT NPC...
[ENTERTAINM] | YouTube  | [Normal]     | 96%    |  329.8ms | come to Rajasthan india...
[GAMING/GAM] | YouTube  | [Normal]     | 97%    |  736.5ms | its my birthday today 25 :partying_face:...
[GAMING/GAM] | YouTube  | [Normal]     | 94%    |  466.9ms | our audio was great (could feel the floo...
[ENTERTAINM] | YouTube  | [Normal]     | 93%    |  334.5ms | mushtariy...
[ENTERTAINM] | YouTube  | [Normal]     | 94%    |  410.0ms | oh my your voice changed so much...
[ENTERTAINM] | YouTube  | [Normal]     | 94%    |  353.2ms | hi...
[MUSIC/CHIL] | YouTube  | [Normal]     | 92%    |  288.2ms | ai mușcat...
[ENTERTAINM] | YouTube  | [Normal]     | 94%    |  222.1ms | hi...
[ENTERTAINM] | YouTube  | [Normal]     | 71%    |  257.3ms | bro your moom ware...
[ENTERTAINM] | YouTube  | [Normal]     | 97%    |  274.6ms | 500M...
[GAMING/SUR] | YouTube  | [Normal]     | 94%    |  307.4ms | 1...
[ENTERTAINM] | YouTube  | [Normal]     | 96%    |  385.2ms | 500m:saluting_face:...
[MUSIC/CHIL] | YouTube  | [Normal]     | 97%    |  593.9ms | por lo menos los de la puerta de la igle...
[MUSIC/CHIL] | YouTube  | [Normal]     | 95%    |  421.5ms | e șubred dudul...
[ENTERTAINM] | YouTube  | [Normal]     | 86%    |  316.6ms | like done :thumbs_up:...
[GAMING/SUR] | YouTube  | [Normal]     | 91%    |  298.2ms | hahahahaha...
[ENTERTAINM] | YouTube  | [Normal]     | 97%    |  323.9ms | :heart_suit:...
[GAMING/SUR] | YouTube  | [Normal]     | 93%    |  229.3ms | deserved...
[ENTERTAINM] | YouTube  | [Normal]     | 66%    |  401.7ms | that is crazy...
[GAMING/GAM] | YouTube  | [Normal]     | 97%    |  628.0ms | Typo :face_with_tears_of_joy::face_with_...
[PSYCHOLOGY] | YouTube  | [Normal]     | 51%    |  398.0ms | People hate their moms...
[GAMING/SUR] | YouTube  | [Normal]     | 92%    |  372.5ms | never come back here lmao...
[ENTERTAINM] | YouTube  | [Normal]     | 96%    |  403.2ms | hidup Jokowi!!!...
[ENTERTAINM] | YouTube  | [Normal]     | 95%    |  403.1ms | WHERE'S MOM NOW?...
[ENTERTAINM] | YouTube  | [Normal]     | 94%    |  286.3ms | Hi...
[GAMING/GAM] | YouTube  | [Normal]     | 79%    |  336.3ms | THE BED...
[GAMING/SUR] | YouTube  | [Normal]     | 80%    |  395.5ms | YOU CANT?...
[GAMING/GAM] | YouTube  | [Normal]     | 96%    |  703.6ms | i'm so dyslexic i did not even notice th...
[GAMING/GAM] | YouTube  | [Normal]     | 96%    |  377.9ms | poster!...
[ENTERTAINM] | YouTube  | [Normal]     | 94%    |  324.6ms | 5...
[ENTERTAINM] | YouTube  | [Normal]     | 94%    |  315.1ms | 5...
[GAMING/GAM] | YouTube  | [Normal]     | 83%    |  356.8ms | THE STAIRS IN THE BASEMENT ARE MOVING...
[ENTERTAINM] | YouTube  | [Normal]     | 98%    |  592.3ms | ....... ronaldo or messi...
[ENTERTAINM] | YouTube  | [Normal]     | 89%    |  314.2ms | yoooo...
[GAMING/GAM] | YouTube  | [OFFENSIVE]  | 44%    |  310.3ms | you're going crazy...
[GAMING/GAM] | YouTube  | [Normal]     | 96%    |  361.6ms | we have a keen eye...
[GAMING/GAM] | YouTube  | [Normal]     | 93%    |  394.6ms | :rolling_on_the_floor_laughing:...
[GAMING/GAM] | YouTube  | [Normal]     | 95%    |  516.6ms | I'm over here yelling at my computer scr...
[GAMING/GAM] | YouTube  | [Normal]     | 94%    |  275.5ms | it's coming right for you Mark...
[GAMING/GAM] | YouTube  | [Normal]     | 97%    |  273.1ms | THE GREEN BOTTLE...
[MUSIC/CHIL] | YouTube  | [Normal]     | 97%    |  376.8ms | ye pgla gya...
[GAMING/GAM] | YouTube  | [Normal]     | 92%    |  296.6ms | bed...
[ENTERTAINM] | YouTube  | [Normal]     | 97%    |  430.0ms | :thumbs_up: :clapping_hands:...
[GAMING/GAM] | YouTube  | [Normal]     | 86%    |  257.9ms | Not the bed...
[GAMING/GAM] | YouTube  | [Normal]     | 96%    |  249.2ms | LANTERN...
[ENTERTAINM] | YouTube  | [Normal]     | 95%    |  347.7ms | can you pay me 1000000 dollar...
[ENTERTAINM] | YouTube  | [Normal]     | 94%    |  331.5ms | 1...
[ENTERTAINM] | YouTube  | [Normal]     | 94%    |  272.2ms | 1...
[ENTERTAINM] | YouTube  | [Normal]     | 94%    |  308.1ms | 1...
[ENTERTAINM] | YouTube  | [Normal]     | 96%    |  365.7ms | 1111qq...
[MUSIC/CHIL] | YouTube  | [Normal]     | 97%    |  665.5ms | achcha:face-orange-raised-eyebrow::face-...
[ENTERTAINM] | YouTube  | [Normal]     | 96%    |  497.0ms | :folded_hands::folded_hands::folded_hand...
[ENTERTAINM] | YouTube  | [Normal]     | 94%    |  328.8ms | Sri Lanka...
[GAMING/GAM] | YouTube  | [Normal]     | 88%    |  316.5ms | Oh the light you...
[GAMING/GAM] | YouTube  | [Normal]     | 91%    |  774.5ms | Dear Markiplier  I am very grateful that...
[ENTERTAINM] | YouTube  | [Normal]     | 97%    |  391.9ms | love:red_heart:...
[GAMING/GAM] | YouTube  | [Normal]     | 94%    |  508.7ms | OMFGGGG OBSERVATION DUTY?!?!?!?!...
[NEWS/LIVE ] | YouTube  | [Normal]     | 83%    |  474.2ms | BLACK BOY KARMELO IS IN CHAINS!! AS IT S...
[GAMING/GAM] | YouTube  | [Normal]     | 89%    |  414.6ms | i shall head to sleep and leave this on ...
[GAMING/GAM] | YouTube  | [Normal]     | 92%    |  391.9ms | yeah...
[GAMING/GAM] | YouTube  | [Normal]     | 97%    |  410.4ms | this game looks amazing...
[GAMING/GAM] | YouTube  | [Normal]     | 87%    |  387.2ms | i wanna watch iron lung SOOOOO bad icl...
[MUSIC/CHIL] | YouTube  | [Normal]     | 96%    |  369.1ms | :slightly_smiling_face:...
[ENTERTAINM] | YouTube  | [Normal]     | 95%    |  337.3ms | RCB...
[GAMING/GAM] | YouTube  | [Normal]     | 97%    |  762.1ms | I left mark in the kitchen on my iPad an...
[GAMING/SUR] | YouTube  | [Normal]     | 88%    |  285.9ms | close the doors peanut...
[ENTERTAINM] | YouTube  | [Normal]     | 96%    |  286.1ms | noted!...
[ENTERTAINM] | YouTube  | [Normal]     | 95%    |  318.5ms | good...
[ENTERTAINM] | YouTube  | [Normal]     | 94%    |  412.7ms | 5억 드가자...
[GAMING/GAM] | YouTube  | [Normal]     | 98%    |  545.6ms | i just finished silver stars of wisdom o...
[GAMING/GAM] | YouTube  | [Normal]     | 97%    |  523.0ms | I can’t help but feel like one of the bu...
[GAMING/GAM] | YouTube  | [Normal]     | 87%    |  275.4ms | body...
[ENTERTAINM] | YouTube  | [Normal]     | 83%    |  305.5ms | How do you do...
[GAMING/GAM] | YouTube  | [Normal]     | 96%    |  367.2ms | there's a cross...
[GAMING/GAM] | YouTube  | [Normal]     | 89%    |  329.4ms | teeth cup moveeeeed...
[MUSIC/CHIL] | YouTube  | [Normal]     | 96%    |  723.7ms | e fain doar am zis din suflet că vreau s...
[ENTERTAINM] | YouTube  | [Normal]     | 97%    | 2619.8ms | :index_pointing_at_the_viewer::index_poi...
[GAMING/GAM] | YouTube  | [Normal]     | 97%    |  437.2ms | THE FUSE BOX IN INTERIOR?...
[GAMING/GAM] | YouTube  | [Normal]     | 96%    |  755.7ms | has there always been a fuel can in the ...
[ENTERTAINM] | YouTube  | [Normal]     | 92%    |  256.6ms | press no...
[ENTERTAINM] | YouTube  | [Normal]     | 97%    | 1146.0ms | :face_with_tears_of_joy::face_with_tears...
[ENTERTAINM] | YouTube  | [Normal]     | 43%    | 3139.0ms | do you people know who jimmy is :face-fu...
[GAMING/SUR] | YouTube  | [Normal]     | 91%    |  392.7ms | DILLON DANIS IS NOT IN UFC...
[GAMING/GAM] | YouTube  | [Normal]     | 95%    |  306.6ms | Hey Mark!...
[MUSIC/CHIL] | YouTube  | [Normal]     | 96%    |  299.3ms | suno na...
[GAMING/GAM] | YouTube  | [Normal]     | 94%    |  307.3ms | he's starting to go crazy...
[ENTERTAINM] | YouTube  | [Normal]     | 97%    |  389.3ms | :euro_banknote::euro_banknote:...
[GAMING/GAM] | YouTube  | [Normal]     | 88%    |  332.0ms | Look for the bear...
[ENTERTAINM] | YouTube  | [Normal]     | 96%    |  261.5ms | USA Minnesota capital Saint Paul...
[ENTERTAINM] | YouTube  | [Normal]     | 94%    |  277.7ms | 1...
[MUSIC/CHIL] | YouTube  | [Normal]     | 73%    |  356.8ms | Rabbia its okay sis calm down its okayyy...
[GAMING/GAM] | YouTube  | [Normal]     | 92%    |  318.6ms | person in the yard...
[GAMING/GAM] | YouTube  | [Normal]     | 92%    |  424.2ms | The middle barrel is smaller!!...
[ENTERTAINM] | YouTube  | [Normal]     | 90%    |  330.2ms | heyyyy...
[PSYCHOLOGY] | YouTube  | [Normal]     | 95%    |  373.1ms | ratchet?...
[GAMING/GAM] | YouTube  | [Normal]     | 98%    |  377.5ms | was the light in the interior always tha...
[GAMING/SUR] | YouTube  | [Normal]     | 82%    |  289.7ms | SHUT THE DOORS...
[GAMING/GAM] | YouTube  | [Normal]     | 92%    |  440.2ms | isn't the railing in the wrong place?...
[GAMING/GAM] | YouTube  | [Normal]     | 96%    |  742.8ms | mark  ive been watching on my tv  and i ...
[SELF-HELP/] | YouTube  | [Normal]     | 81%    |  332.2ms | I dont get it...
[ENTERTAINM] | YouTube  | [Normal]     | 92%    |  351.3ms | Hy Mr Beast...
[ENTERTAINM] | YouTube  | [Normal]     | 75%    |  327.2ms | do you know Pakistan...
[GAMING/GAM] | YouTube  | [Normal]     | 93%    |  368.1ms | that was interior not stairwell...
[ENTERTAINM] | YouTube  | [Normal]     | 97%    |  286.1ms | am i visible...
[ENTERTAINM] | YouTube  | [Normal]     | 96%    |  379.4ms | HELLO MRBEAST  I AM FROM...
[GAMING/GAM] | YouTube  | [Normal]     | 73%    |  383.4ms | Ya'll are confusing me too...
[ENTERTAINM] | YouTube  | [Normal]     | 65%    |  374.0ms | jimmy you should try being a youtuber...
[GAMING/GAM] | YouTube  | [Normal]     | 90%    |  377.5ms | The broken one moved!...
[GAMING/GAM] | YouTube  | [Normal]     | 95%    |  425.3ms | mark have you seen iron lung?...
[GAMING/SUR] | YouTube  | [Normal]     | 89%    |  420.0ms | im a funny guy :eyes:...
[PSYCHOLOGY] | YouTube  | [Normal]     | 96%    |  451.0ms | Anima and Animus hmmm...
[GAMING/SUR] | YouTube  | [Normal]     | 97%    |  544.4ms | lmfao. just a cord running thru the whol...
[ENTERTAINM] | YouTube  | [Normal]     | 98%    |  918.5ms | :face-blue-wide-eyes::face-green-smiling...
[GAMING/GAM] | YouTube  | [Normal]     | 97%    |  287.9ms | fireplace?...
[GAMING/GAM] | YouTube  | [Normal]     | 79%    |  329.9ms | thats not polite...
[GAMING/GAM] | YouTube  | [Normal]     | 97%    |  436.2ms | The railing on the stairs moved!!!...
[GAMING/GAM] | YouTube  | [Normal]     | 98%    |  290.3ms | frosted glass again...
[GAMING/SUR] | YouTube  | [Normal]     | 60%    |  487.0ms | I’ve been waiting for you to play rust m...
[GAMING/GAM] | YouTube  | [Normal]     | 92%    |  383.1ms | CHECK THE LEFT MOST ROPE...
[GAMING/GAM] | YouTube  | [Normal]     | 97%    |  415.4ms | Im on Observation Duty movie next?...
[ENTERTAINM] | YouTube  | [Normal]     | 90%    |  324.0ms | 🇧...
[GAMING/GAM] | YouTube  | [Normal]     | 96%    |  294.5ms | it did though......
[GAMING/GAM] | YouTube  | [Normal]     | 94%    |  537.7ms | it switched from towards the front of th...
[ENTERTAINM] | YouTube  | [Normal]     | 96%    |  439.4ms | sir i want to buy a laptop but I can't b...
[ENTERTAINM] | YouTube  | [Normal]     | 97%    |  481.6ms | Can I have a shoutout..it's my birthday...
[ENTERTAINM] | YouTube  | [Normal]     | 85%    |  249.3ms | no no Mr beast...
[GAMING/SUR] | YouTube  | [Normal]     | 92%    |  344.0ms | clean...
[PSYCHOLOGY] | YouTube  | [Normal]     | 96%    |  361.9ms | hyper enema?...
[ENTERTAINM] | YouTube  | [Normal]     | 91%    |  377.0ms | GET ITTTTTTTTTTTTTTT...
[MUSIC/CHIL] | YouTube  | [Normal]     | 95%    |  335.3ms | accha h...
[ENTERTAINM] | YouTube  | [Normal]     | 97%    | 2971.4ms | :finger-red-number-one::finger-red-numbe...
[ENTERTAINM] | YouTube  | [Normal]     | 91%    |  407.2ms | Do you know who mickal jackson is...
[GAMING/GAM] | YouTube  | [Normal]     | 96%    |  318.3ms | garten of banban movie when ? u promised...
[GAMING/GAM] | YouTube  | [Normal]     | 96%    |  300.3ms | remember to look at the windows and refl...
[ENTERTAINM] | YouTube  | [Normal]     | 94%    |  343.8ms | 비스트햄!!!...
[GAMING/GAM] | YouTube  | [Normal]     | 91%    |  237.9ms | There’s a moon in the toilet...
[GAMING/GAM] | YouTube  | [Normal]     | 81%    |  199.8ms | In the toilet...
[GAMING/GAM] | YouTube  | [Normal]     | 94%    |  218.4ms | banned by DNA FOR LIFE...
[NEWS/LIVE ] | YouTube  | [Normal]     | 97%    |  220.2ms | :people_hugging:...
[GAMING/GAM] | YouTube  | [Normal]     | 98%    |  647.0ms | Mark  I'm am such a big fan of your chan...
[ENTERTAINM] | YouTube  | [Normal]     | 91%    |  375.3ms | Peanut is insane when he streams  that g...
[GAMING/SUR] | YouTube  | [Normal]     | 93%    |  264.6ms | Front drop off box...
[GAMING/SUR] | YouTube  | [Normal]     | 73%    |  272.9ms | hutch scrap them...
[GAMING/GAM] | YouTube  | [Normal]     | 97%    |  316.6ms | bann the anomaly!! :magic_wand:...
[GAMING/GAM] | YouTube  | [Normal]     | 92%    |  232.4ms | Man in window at the gate...
[GAMING/GAM] | YouTube  | [Normal]     | 91%    |  261.8ms | was there always shoes beneath the seat ...
[GAMING/GAM] | YouTube  | [Normal]     | 82%    |  304.0ms | can't tell if im seeing things or if my ...
[GAMING/GAM] | YouTube  | [Normal]     | 96%    |  274.6ms | #1 :finger-red-number-one:...
[ENTERTAINM] | YouTube  | [Normal]     | 94%    |  319.9ms | love you from Bangladesh :white_heart::s...
[GAMING/GAM] | YouTube  | [Normal]     | 86%    |  189.7ms | toilet changed...
[PSYCHOLOGY] | YouTube  | [Normal]     | 96%    |  529.3ms | I practice by walking in the rain to get...
[GAMING/TOU] | Twitch   | [Normal]     | 95%    |  205.8ms | pred in...
[VALORANT/G] | Twitch   | [Normal]     | 95%    |  225.8ms | it’s just map 1...
[RELATIONSH] | Twitch   | [Normal]     | 94%    |  184.1ms | om...
[RELATIONSH] | Twitch   | [Normal]     | 93%    |  198.2ms | OOOO...
[GAMING/DAR] | Twitch   | [Normal]     | 92%    |  181.8ms | Yeah...
[RELATIONSH] | Twitch   | [Normal]     | 92%    |  241.6ms | WW...
[RELATIONSH] | Twitch   | [Normal]     | 96%    |  218.0ms | we need a new dance...
[RELATIONSH] | Twitch   | [Normal]     | 96%    |  199.0ms | monkaLaugh...
[RELATIONSH] | Twitch   | [Normal]     | 83%    |  195.0ms | Poor arthur...
[RELATIONSH] | Twitch   | [Normal]     | 95%    |  702.7ms | monkaLaugh uh oh monkaLaugh uh oh monkaL...
[RELATIONSH] | Twitch   | [Normal]     | 93%    |  199.2ms | gg...
[RELATIONSH] | Twitch   | [Normal]     | 94%    |  264.8ms | o7 ͏...
[RELATIONSH] | Twitch   | [Normal]     | 93%    |  191.0ms | mhm...
