---- STARTING OMNI-PROCESSOR ----
-> Connected to Elasticsearch at http://172.16.10.94:9200 | Index: perf_20261002-151629_clu_vm14-vm24-rasp14-rasp24-rasp34_allfive_r2
-> Loading model from /home/rasp3/hsp/src/../models/bert_final on cpu...
-> BERT Model Loaded successfully.
-> Benchmark log: /home/rasp3/hsp/reports/scaling/20261002-151629_clu_vm14-vm24-rasp14-rasp24-rasp34_allfive_r2/bench_rasp3_2.csv | node rasp3 | group g_20261002-151629_clu_vm14-vm24-rasp14-rasp24-rasp34_allfive_r2
------------------------------------------------------------------------------------------------------------------------
DOMAIN       | SOURCE   | PREDICTION   | CONF.  | LATENCY  | TEXT
------------------------------------------------------------------------------------------------------------------------
[GAMING/SUR] | YouTube  | [Normal]     | 94%    |  677.3ms | eeeeeeeeeeeeeeeeeeeeeeeeeeeee...
[GAMING/SUR] | YouTube  | [OFFENSIVE]  | 82%    |  367.6ms | Hol up...
[GAMING/SUR] | YouTube  | [HATE]       | 64%    |  466.8ms | HES THE GOAT!!!!!!!...
[GAMING/SUR] | YouTube  | [Normal]     | 96%    |  458.8ms | BRUH THAT DOORFRAME BEEN TWIG FOR 24HRS...
[MUSIC/CHIL] | YouTube  | [OFFENSIVE]  | 95%    |  398.3ms | Aha...so How much do you charge for suck...
[GAMING/SUR] | YouTube  | [Normal]     | 76%    |  232.9ms | dont do o...
[GAMING/SUR] | YouTube  | [Normal]     | 96%    |  267.2ms | Tim was doing the wheeel yesterday...
[GAMING/SUR] | YouTube  | [Normal]     | 95%    |  254.1ms | 10 OR 5 !!!...
[GAMING/SUR] | YouTube  | [Normal]     | 94%    |  214.6ms | 3...
[GAMING/SUR] | YouTube  | [Normal]     | 96%    |  267.2ms | lmqo...
[GAMING/SUR] | YouTube  | [Normal]     | 96%    |  402.9ms | bit.ly/EA_-The-ytlscb-na #ad...
[GAMING/SUR] | YouTube  | [Normal]     | 96%    |  243.4ms | LMFAO...
[MUSIC/CHIL] | YouTube  | [Normal]     | 87%    | 1331.2ms | catu sis come on now you take care of yo...
[GAMING/SUR] | YouTube  | [Normal]     | 95%    |  350.4ms | Fun’s over lol...
[GAMING/SUR] | YouTube  | [Normal]     | 96%    |  282.4ms | Dealer always wins...
[PSYCHOLOGY] | YouTube  | [Normal]     | 70%    |  720.3ms | i don't get the friendzone  because i ac...
[GAMING/SUR] | YouTube  | [Normal]     | 78%    |  345.7ms | And that is why you don't gamble kids. X...
[ENTERTAINM] | YouTube  | [Normal]     | 95%    |  271.2ms | EYYYYY HELLO...
[GAMING/SUR] | YouTube  | [Normal]     | 92%    |  235.8ms | ROB THE SCRAP NOW...
[GAMING/SUR] | YouTube  | [Normal]     | 94%    |  342.3ms | @mikeeeee26 yea lol...
[GAMING/GAM] | YouTube  | [Normal]     | 94%    |  274.0ms | hi...
[ENTERTAINM] | YouTube  | [Normal]     | 94%    |  273.7ms | Hi...
[GAMING/GAM] | YouTube  | [Normal]     | 87%    |  253.9ms | WOOOOOOO...
[ENTERTAINM] | YouTube  | [Normal]     | 97%    |  431.0ms | :red_heart::red_heart::red_heart::red_he...
[GAMING/GAM] | YouTube  | [Normal]     | 94%    |  293.9ms | SEEING IT AGAIN SATURDAY...
[GAMING/GAM] | YouTube  | [Normal]     | 95%    |  345.5ms | mark you are my idol...
[ENTERTAINM] | YouTube  | [Normal]     | 92%    |  339.3ms | Mrbeast...
[GAMING/GAM] | YouTube  | [Normal]     | 49%    |  326.3ms | YIPEEEEE...
[GAMING/GAM] | YouTube  | [OFFENSIVE]  | 65%    |  274.6ms | congratssss...
[ENTERTAINM] | YouTube  | [Normal]     | 87%    |  290.9ms | no...
[GAMING/SUR] | YouTube  | [Normal]     | 95%    |  468.2ms | Or find a mod for the server that rigs t...
[GAMING/GAM] | YouTube  | [Normal]     | 95%    |  321.9ms | Ooh lighthouse sounds neat...
[PSYCHOLOGY] | YouTube  | [Normal]     | 51%    |  287.1ms | manosphere womanosphere...
[ENTERTAINM] | YouTube  | [Normal]     | 95%    |  268.3ms | Congratulations...
[ENTERTAINM] | YouTube  | [Normal]     | 98%    |  732.0ms | Elon about to hit $1 Trillion and Jimmy ...
[GAMING/GAM] | YouTube  | [Normal]     | 96%    |  421.7ms | Really excited for home media release  I...
[ENTERTAINM] | YouTube  | [Normal]     | 94%    |  277.4ms | red with machine...
[ENTERTAINM] | YouTube  | [Normal]     | 97%    |  431.2ms | :red_heart::red_heart::red_heart:...
[GAMING/GAM] | YouTube  | [Normal]     | 97%    |  307.7ms | Its not over untill AIRPLANE WINS...
[GAMING/SUR] | YouTube  | [Normal]     | 54%    |  237.7ms | loser bung...
[GAMING/SUR] | YouTube  | [Normal]     | 96%    |  227.8ms | Lol...
[GAMING/GAM] | YouTube  | [Normal]     | 95%    |  263.7ms | @Markiplier...
[GAMING/GAM] | YouTube  | [Normal]     | 93%    |  590.7ms | I could hear it but my mom couldn't.. bu...
[ENTERTAINM] | YouTube  | [Normal]     | 93%    | 1008.9ms | :yt::yt::yt::yt::yt::stayhome::yt::yt::y...
[GAMING/GAM] | YouTube  | [Normal]     | 90%    |  375.2ms | Yo the movie is not at my movie theater...
[GAMING/SUR] | YouTube  | [Normal]     | 97%    |  259.3ms | big goose eggs...
[GAMING/GAM] | YouTube  | [Normal]     | 93%    |  247.4ms | Fiddling eh?...
[GAMING/GAM] | YouTube  | [Normal]     | 98%    |  255.0ms | :airplane:...
[GAMING/GAM] | YouTube  | [Normal]     | 97%    |  263.6ms | MARKY...
[ENTERTAINM] | YouTube  | [Normal]     | 94%    |  275.8ms | hi...
[ENTERTAINM] | YouTube  | [Normal]     | 95%    |  265.1ms | iH...
[ENTERTAINM] | YouTube  | [Normal]     | 94%    |  384.0ms | hey jimmy congratulation for 500M subscr...
[ENTERTAINM] | YouTube  | [Normal]     | 94%    |  268.7ms | hi...
[ENTERTAINM] | YouTube  | [Normal]     | 96%    |  330.8ms | :red_heart:...
[SELF-HELP/] | YouTube  | [Normal]     | 85%    |  484.7ms | if a person succeeded in ways I can't i ...
[GAMING/GAM] | YouTube  | [Normal]     | 93%    |  508.4ms | Also theres a roblox game called Observa...
[GAMING/SUR] | YouTube  | [HATE]       | 75%    |  274.8ms | gambling is bad...
[MUSIC/CHIL] | YouTube  | [Normal]     | 98%    |  380.4ms | ...:face-turquoise-music-note:...
[MUSIC/CHIL] | YouTube  | [Normal]     | 94%    |  257.6ms | ui oui...
[ENTERTAINM] | YouTube  | [Normal]     | 94%    |  276.4ms | 5...
[GAMING/GAM] | YouTube  | [Normal]     | 85%    |  299.3ms | how will you go on...
[ENTERTAINM] | YouTube  | [Normal]     | 97%    |  390.6ms | hey Mr Beast I love :sparkling_heart: I...
[GAMING/GAM] | YouTube  | [Normal]     | 72%    |  399.0ms | that stupid AI summary keeps popping up ...
[GAMING/GAM] | YouTube  | [OFFENSIVE]  | 68%    |  274.8ms | Peamut bubber?...
[ENTERTAINM] | YouTube  | [Normal]     | 95%    |  276.2ms | hello...
[ENTERTAINM] | YouTube  | [Normal]     | 96%    |  297.4ms | big fan...
[GAMING/GAM] | YouTube  | [Normal]     | 93%    |  549.0ms | MARK THE LIGHT IS ROTATING BUT NOT THE D...
[GAMING/GAM] | YouTube  | [Normal]     | 93%    |  277.5ms | HELP HIM in the game...
[ENTERTAINM] | YouTube  | [Normal]     | 96%    |  389.1ms | lol get a life when bro has gave out pro...
[PSYCHOLOGY] | YouTube  | [Normal]     | 52%    |  257.9ms | the stoics?...
[ENTERTAINM] | YouTube  | [Normal]     | 96%    |  312.5ms | خیلی خفنی...
[PSYCHOLOGY] | YouTube  | [Normal]     | 97%    |  365.1ms | Disconnected  Analytical  Systems-focuse...
[GAMING/GAM] | YouTube  | [Normal]     | 92%    |  298.5ms | UNDULATION...
[GAMING/GAM] | YouTube  | [Normal]     | 96%    |  347.1ms | wait- lighthouse and iron lung cross ove...
[GAMING/GAM] | YouTube  | [Normal]     | 97%    |  554.3ms | Hello Mark! I saw your movie  congrats o...
[GAMING/GAM] | YouTube  | [Normal]     | 97%    |  407.3ms | How does it feels to be number one still...
[ENTERTAINM] | YouTube  | [Normal]     | 96%    |  431.2ms | JIMMY PLEASE PLEASE I AM SO POOR CAN U G...
[GAMING/GAM] | YouTube  | [Normal]     | 95%    |  291.9ms | WATER IN THE PO...
[GAMING/GAM] | YouTube  | [Normal]     | 96%    |  295.4ms | Lol...
[GAMING/GAM] | YouTube  | [Normal]     | 89%    |  257.0ms | MISSING...
[ENTERTAINM] | YouTube  | [Normal]     | 95%    |  379.0ms | 1111111111111111111111...
[GAMING/SUR] | YouTube  | [Normal]     | 85%    |  291.1ms | Build up then place it...
[GAMING/GAM] | YouTube  | [Normal]     | 94%    |  978.0ms | Hey Mark! Congratulations on the release...
[GAMING/GAM] | YouTube  | [Normal]     | 94%    |  417.2ms | Clearly title is purposeful misspelled...
[PSYCHOLOGY] | YouTube  | [Normal]     | 95%    |  894.3ms | maybe because the Philosopher field isnt...
[ENTERTAINM] | YouTube  | [Normal]     | 84%    |  333.7ms | heyy jimi...
[GAMING/SUR] | YouTube  | [Normal]     | 90%    |  546.3ms | base is gonna get wrecked if yall arent ...
[ENTERTAINM] | YouTube  | [Normal]     | 97%    |  463.6ms | :smiling_face_with_heart_eyes:...
[GAMING/GAM] | YouTube  | [Normal]     | 94%    |  374.1ms | Yeah!!...
[GAMING/GAM] | YouTube  | [Normal]     | 94%    |  416.3ms | last time the lamp in the interior moved...
[ENTERTAINM] | YouTube  | [Normal]     | 95%    |  372.5ms | Mr Beast I love you from...
[GAMING/GAM] | YouTube  | [Normal]     | 94%    |  282.2ms | im here...
[GAMING/GAM] | YouTube  | [Normal]     | 95%    |  362.8ms | I am watching from my fingernail...
[GAMING/GAM] | YouTube  | [Normal]     | 92%    |  336.5ms | one in the light house...
[GAMING/GAM] | YouTube  | [Normal]     | 96%    |  378.2ms | instructions unclear  I peeled my eyes n...
[ENTERTAINM] | YouTube  | [Normal]     | 98%    |  734.0ms | وتفاك وتفاك. ايلوف يوي. ياه مستر بيستو. ...
[ENTERTAINM] | YouTube  | [Normal]     | 84%    |  351.5ms | hi Mr beast i subscribe you now...
[ENTERTAINM] | YouTube  | [Normal]     | 97%    |  627.4ms | ВСЕ ЦЕЛИ СВО БУДУТ ВЫПОЛНЕНЫ...
[ENTERTAINM] | YouTube  | [Normal]     | 95%    |  266.2ms | Pls...
[ENTERTAINM] | YouTube  | [Normal]     | 69%    |  232.2ms | eggg...
[GAMING/GAM] | YouTube  | [Normal]     | 93%    |  293.5ms | W MARK STREAM  LOVE YOUR VIDS...
[GAMING/GAM] | YouTube  | [Normal]     | 90%    |  436.3ms | I swear those pipes besides the stairs l...
[ENTERTAINM] | YouTube  | [Normal]     | 94%    |  264.5ms | hi...
[ENTERTAINM] | YouTube  | [Normal]     | 92%    |  339.1ms | @husain...
[GAMING/GAM] | YouTube  | [Normal]     | 82%    |  342.0ms | just came out of IronLung!!!...
[ENTERTAINM] | YouTube  | [Normal]     | 97%    |  297.4ms | hi :waving_hand:...
[PSYCHOLOGY] | YouTube  | [Normal]     | 48%    |  710.5ms | But isn't that extremely ironic? because...
[ENTERTAINM] | YouTube  | [Normal]     | 96%    |  322.4ms | I was here...
[ENTERTAINM] | YouTube  | [Normal]     | 97%    |  643.1ms | Can you give me some money so that I cou...
[MUSIC/CHIL] | YouTube  | [Normal]     | 98%    |  687.3ms | Momo your wife have younger sister??! :f...
[ENTERTAINM] | YouTube  | [Normal]     | 95%    |  249.9ms | Congratulations...
[GAMING/SUR] | YouTube  | [Normal]     | 93%    |  256.6ms | YES...
[GAMING/GAM] | YouTube  | [Normal]     | 87%    |  392.1ms | mark i think u need to get ur eyes check...
[GAMING/SUR] | YouTube  | [Normal]     | 95%    |  303.0ms | stay for turrets...
[GAMING/GAM] | YouTube  | [Normal]     | 66%    |  290.2ms | Wiggling sandwich...
[MUSIC/CHIL] | YouTube  | [Normal]     | 91%    |  409.5ms | I think they show gold for 2 rupees...
[MUSIC/CHIL] | YouTube  | [Normal]     | 89%    |  389.1ms | raggy muje kyu bol rhe ho ye sb?...
[MUSIC/CHIL] | YouTube  | [Normal]     | 98%    |  487.2ms | :cat-orange-whistling::cat-orange-whistl...
[MUSIC/CHIL] | YouTube  | [Normal]     | 97%    | 1045.6ms | Vishu for u biryani booked I will keep i...
[GAMING/GAM] | YouTube  | [Normal]     | 96%    |  314.0ms | Is the 4th mouse trap gone?...
[SELF-HELP/] | YouTube  | [Normal]     | 96%    |  317.9ms | lmao...
[GAMING/GAM] | YouTube  | [Normal]     | 96%    |  375.9ms | extra bottle on the ground pier...
[GAMING/GAM] | YouTube  | [Normal]     | 95%    |  396.5ms | I WATCHED UR MOVIE YESTERDAY YESTERDAY I...
[ENTERTAINM] | YouTube  | [Normal]     | 95%    |  314.8ms | holaaaaa...
[GAMING/GAM] | YouTube  | [Normal]     | 97%    |  313.5ms | THE LAP MOVED...
[GAMING/SUR] | YouTube  | [Normal]     | 97%    |  334.8ms | PEANUT WORK ON THE BASE...
[GAMING/GAM] | YouTube  | [Normal]     | 97%    |  360.8ms | Lantern on dresser interior...
[GAMING/GAM] | YouTube  | [Normal]     | 90%    |  329.8ms | barrel fell...
[GAMING/SUR] | YouTube  | [Normal]     | 92%    |  402.7ms | the AI almost took it  realest shi ever...
[ENTERTAINM] | YouTube  | [Normal]     | 97%    |  326.4ms | I need gaming computer  please....
[ENTERTAINM] | YouTube  | [Normal]     | 97%    |  426.8ms | جيمييييييي...
[PSYCHOLOGY] | YouTube  | [Normal]     | 94%    |  472.9ms | Isn't animus the thing in Assassin's Cre...
[MUSIC/CHIL] | YouTube  | [Normal]     | 82%    |  638.8ms | KAVIII sry if i ahve overlooked a msg of...
[ENTERTAINM] | YouTube  | [Normal]     | 89%    |  260.8ms | maybe both...
[GAMING/GAM] | YouTube  | [Normal]     | 89%    |  298.2ms | Bed  something above...
[GAMING/GAM] | YouTube  | [Normal]     | 97%    |  363.2ms | did the fuse box open?...
[GAMING/GAM] | YouTube  | [Normal]     | 96%    |  423.4ms | Will there ever be a Blu-ray release of ...
[ENTERTAINM] | YouTube  | [Normal]     | 94%    |  256.5ms | Philippines...
[MUSIC/CHIL] | YouTube  | [Normal]     | 97%    |  378.6ms | :smiling_face_with_halo:🪏...
[GAMING/GAM] | YouTube  | [Normal]     | 72%    |  392.0ms | Mark  that broken bit in the stairwell m...
[ENTERTAINM] | YouTube  | [Normal]     | 93%    | 1562.4ms | 70 000!!!!!!!!!!!!!!!!!!!!!!!!!!!!!!!!!!...
[GAMING/GAM] | YouTube  | [Normal]     | 96%    |  387.6ms | STAIRWELL: left side railing moved  INTE...
[GAMING/GAM] | YouTube  | [Normal]     | 91%    |  315.8ms | JESUS THAT ASCARED ME...
[GAMING/GAM] | YouTube  | [Normal]     | 97%    |  471.7ms | markiplier sipping a pina colada on a sh...
[SELF-HELP/] | YouTube  | [Normal]     | 94%    |  261.7ms | suffering that comes with it...
[GAMING/GAM] | YouTube  | [Normal]     | 94%    |  403.0ms | SLOW DOWWNNN pls :<...
[PSYCHOLOGY] | YouTube  | [Normal]     | 95%    |  318.6ms | no direct measurements...
[GAMING/GAM] | YouTube  | [Normal]     | 96%    |  353.3ms | was the lantern in the interior not on ?...
[GAMING/GAM] | YouTube  | [Normal]     | 58%    |  459.4ms | I swear to shit there is something under...
[GAMING/GAM] | YouTube  | [Normal]     | 79%    |  317.4ms | So many intruders...
[GAMING/GAM] | YouTube  | [Normal]     | 95%    |  349.0ms | THE BAGS IN THE BASEMENT!!!...
[ENTERTAINM] | YouTube  | [Normal]     | 95%    |  265.8ms | hiiii...
[ENTERTAINM] | YouTube  | [Normal]     | 92%    |  269.2ms | portugall...
[GAMING/GAM] | YouTube  | [Normal]     | 97%    |  419.1ms | I saw it today!! I'm so excited it was w...
[GAMING/GAM] | YouTube  | [Normal]     | 42%    |  259.7ms | yippeeee!...
[GAMING/GAM] | YouTube  | [Normal]     | 96%    |  429.1ms | :_markiHEART::_markiHEART::_markiHEART:...
[ENTERTAINM] | YouTube  | [Normal]     | 96%    |  223.1ms | New member...
[GAMING/GAM] | YouTube  | [Normal]     | 97%    |  351.6ms | ah yes my favourite event "the incredibl...
[ENTERTAINM] | YouTube  | [Normal]     | 95%    |  267.5ms | said hi...
[GAMING/GAM] | YouTube  | [Normal]     | 94%    |  234.5ms | hi dadaplier...
[GAMING/GAM] | YouTube  | [Normal]     | 92%    |  338.3ms | It’s nudie magazine day!...
[PSYCHOLOGY] | YouTube  | [Normal]     | 84%    |  366.3ms | bro sex is everywhere in US culture. non...
[GAMING/GAM] | YouTube  | [Normal]     | 96%    |  321.6ms | more or less...
[GAMING/GAM] | YouTube  | [Normal]     | 92%    |  296.7ms | bathroom floor...
[GAMING/GAM] | YouTube  | [Normal]     | 95%    |  523.1ms | Possible extra bottle by the sink in bat...
[GAMING/GAM] | YouTube  | [Normal]     | 87%    |  312.9ms | slender man in gate...
[GAMING/GAM] | YouTube  | [Normal]     | 96%    |  305.9ms | luggage compartment open...
[ENTERTAINM] | YouTube  | [Normal]     | 97%    |  605.2ms | SHOUT OUT PLEASE ALL THE WAY FROM SOUTH ...
[ENTERTAINM] | YouTube  | [Normal]     | 97%    |  356.7ms | Video coming in the world cup topic?...
[ENTERTAINM] | YouTube  | [Normal]     | 86%    |  311.6ms | YOOOO MRBEAST WSGG HOMIE...
[ENTERTAINM] | YouTube  | [Normal]     | 98%    |  549.4ms | :red_heart::red_heart::red_heart::red_he...
[ENTERTAINM] | YouTube  | [Normal]     | 88%    |  355.8ms | BEAST ARE YOU COMING TO WATCH THE WORLD ...
[ENTERTAINM] | YouTube  | [Normal]     | 96%    |  355.2ms | 500 m subs congratulations...
[GAMING/SUR] | YouTube  | [Normal]     | 72%    |  306.2ms | ChinaNo1...
[GAMING/GAM] | YouTube  | [Normal]     | 95%    |  377.4ms | POSTER NEXT TO RIGHT WINDOW BUSINESS CLA...
[ENTERTAINM] | YouTube  | [Normal]     | 51%    |  439.1ms | pls can you give me most expensive PUBG ...
[GAMING/GAM] | YouTube  | [Normal]     | 92%    |  378.0ms | just got home from work glad to spend my...
[GAMING/SUR] | YouTube  | [Normal]     | 95%    |  261.0ms | no big arch?...
[ENTERTAINM] | YouTube  | [Normal]     | 95%    |  275.1ms | done...
[GAMING/SUR] | YouTube  | [Normal]     | 93%    |  340.5ms | yeeeeeeeeeeeeeeeeee...
[GAMING/SUR] | YouTube  | [Normal]     | 92%    |  301.9ms | You left a door open...
[GAMING/SUR] | YouTube  | [Normal]     | 94%    |  357.1ms | I bet mfrs in that base...
[GAMING/SUR] | YouTube  | [Normal]     | 80%    |  491.9ms | Hutch is naked hahahahha lookin a little...
[GAMING/SUR] | YouTube  | [OFFENSIVE]  | 56%    |  318.5ms | no way were on already haha...
[PSYCHOLOGY] | YouTube  | [Normal]     | 87%    |  567.5ms | @Hanne908 Good for you ! And proud of yo...
[NEWS/LIVE ] | YouTube  | [Normal]     | 97%    |  349.7ms | wow it still works......
[GAMING/SUR] | YouTube  | [Normal]     | 97%    |  441.5ms | it's on the ground floor!!!!...
[GAMING/SUR] | YouTube  | [Normal]     | 96%    |  334.9ms | h20!!!...
[MUSIC/CHIL] | YouTube  | [Normal]     | 95%    |  305.7ms | .......
[GAMING/SUR] | YouTube  | [OFFENSIVE]  | 49%    |  321.9ms | RIGGGGEDDDDDDD...
[SELF-HELP/] | YouTube  | [Normal]     | 96%    |  265.2ms | Hello dr.k...
[PSYCHOLOGY] | YouTube  | [Normal]     | 75%    |  383.0ms | How helpful is this for those who have p...
[ENTERTAINM] | YouTube  | [OFFENSIVE]  | 47%    |  305.3ms | jimmmyyy...
[ENTERTAINM] | YouTube  | [Normal]     | 96%    |  285.5ms | Hiiiiii...
[ENTERTAINM] | YouTube  | [Normal]     | 95%    |  372.0ms | Hello Джимми...
[MUSIC/CHIL] | YouTube  | [Normal]     | 94%    |  405.6ms | reacg :face_with_tears_of_joy:...
[GAMING/GAM] | YouTube  | [Normal]     | 95%    |  248.8ms | hello...
[ENTERTAINM] | YouTube  | [Normal]     | 90%    |  267.9ms | india brother...
[ENTERTAINM] | YouTube  | [Normal]     | 97%    |  294.2ms | Hiiiii...
[GAMING/SUR] | YouTube  | [Normal]     | 91%    |  411.2ms | Peanuts gonna make his whole team lose b...
[GAMING/GAM] | YouTube  | [Normal]     | 96%    |  343.4ms | iron lung was amazing...
[GAMING/GAM] | YouTube  | [Normal]     | 93%    |  272.2ms | facts...
[GAMING/GAM] | YouTube  | [Normal]     | 95%    |  265.8ms | AIRPLANE...
[GAMING/GAM] | YouTube  | [Normal]     | 93%    |  285.6ms | lighthouse...
[GAMING/SUR] | YouTube  | [Normal]     | 95%    |  299.7ms | SLOTS...
[SPORTS/PEN] | YouTube  | [Normal]     | 92%    |  342.1ms | bros thanking the entire population...
[GAMING/GAM] | YouTube  | [Normal]     | 93%    |  311.2ms | lighthouse...
[ENTERTAINM] | YouTube  | [Normal]     | 97%    |  726.5ms | Congratulation:growing_heart: for reachi...
[GAMING/GAM] | YouTube  | [Normal]     | 96%    |  383.8ms | its like watching your movie and ramis l...
[GAMING/GAM] | YouTube  | [Normal]     | 93%    |  280.6ms | BRAZIL PLEASE...
[GAMING/SUR] | YouTube  | [Normal]     | 87%    |  343.5ms | someone get this man a card...
[GAMING/SUR] | YouTube  | [Normal]     | 87%    |  246.5ms | NO...
[GAMING/SUR] | YouTube  | [Normal]     | 62%    |  352.5ms | YOU WOULD BUST ON 18 THATS WHY...
[GAMING/GAM] | YouTube  | [Normal]     | 88%    |  438.3ms | YOOOOOOOOOOOOOOO...
[GAMING/GAM] | YouTube  | [Normal]     | 98%    |  420.7ms | aeroplane :airplane_departure::airplane:...
[GAMING/GAM] | YouTube  | [Normal]     | 94%    |  392.4ms | Italy no?:crying_face:...
[GAMING/SUR] | YouTube  | [Normal]     | 84%    |  271.5ms | rigged...
[GAMING/SUR] | YouTube  | [Normal]     | 64%    |  298.4ms | kids  don't gamble...
[GAMING/GAM] | YouTube  | [Normal]     | 97%    |  314.3ms | Iron Lung was amazing dude  great work m...
[ENTERTAINM] | YouTube  | [Normal]     | 94%    |  260.4ms | Ghana...
[ENTERTAINM] | YouTube  | [Normal]     | 95%    |  279.7ms | mahahaha...
[ENTERTAINM] | YouTube  | [Normal]     | 74%    |  310.5ms | Gooo...
[GAMING/SUR] | YouTube  | [Normal]     | 91%    |  334.6ms | by the gods!!!...
[ENTERTAINM] | YouTube  | [Normal]     | 96%    |  419.7ms | чат остановись...
[ENTERTAINM] | YouTube  | [Normal]     | 93%    |  286.8ms | omg...
[ENTERTAINM] | YouTube  | [Normal]     | 97%    | 1017.2ms | :orange_square::orange_square::orange_sq...
[GAMING/GAM] | YouTube  | [Normal]     | 97%    |  547.3ms | oh he did misspell the title:face_with_t...
[ENTERTAINM] | YouTube  | [Normal]     | 95%    |  253.4ms | hello...
[GAMING/GAM] | YouTube  | [Normal]     | 96%    |  580.4ms | make Presentable Liberty the Movie. 2 ho...
[GAMING/SUR] | YouTube  | [Normal]     | 97%    |  289.0ms | Recycle?...
[GAMING/SUR] | YouTube  | [Normal]     | 97%    |  377.8ms | H20  stackswapo and peanut will forever ...
[GAMING/GAM] | YouTube  | [Normal]     | 97%    |  298.0ms | obversation lmao...
[ENTERTAINM] | YouTube  | [Normal]     | 95%    |  298.0ms | said hi...
[GAMING/GAM] | YouTube  | [Normal]     | 83%    |  328.9ms | mark are you going to play mewgenics...
[ENTERTAINM] | YouTube  | [Normal]     | 91%    |  298.2ms | me...
[ENTERTAINM] | YouTube  | [Normal]     | 96%    |  303.5ms | 500 million soon...
[GAMING/GAM] | YouTube  | [Normal]     | 95%    |  336.1ms | wait mark the title is misspelled...
[GAMING/GAM] | YouTube  | [Normal]     | 85%    |  345.1ms | THE TITLE IS WEIRD...
[GAMING/GAM] | YouTube  | [Normal]     | 96%    |  353.5ms | im your biggest fan -jackson age 6...
[GAMING/GAM] | YouTube  | [Normal]     | 74%    |  444.2ms | Went to see Iron Lung yesterday. Pretty ...
[GAMING/GAM] | YouTube  | [Normal]     | 97%    |  338.9ms | Image anomaly in the stairwell?...
[GAMING/GAM] | YouTube  | [Normal]     | 84%    |  334.0ms | im surprised its an accidental mispellin...
[MUSIC/CHIL] | YouTube  | [Normal]     | 97%    |  267.5ms | :spoon:GL song...
[GAMING/GAM] | YouTube  | [Normal]     | 96%    |  289.5ms | I just got here what I miss...
[ENTERTAINM] | YouTube  | [Normal]     | 93%    |  276.9ms | hello mrbeast...
[GAMING/GAM] | YouTube  | [Normal]     | 86%    |  356.0ms | I don't like the look of this place...
[GAMING/GAM] | YouTube  | [Normal]     | 96%    |  324.0ms | obvervation dutie is great...
[GAMING/GAM] | YouTube  | [Normal]     | 95%    |  334.3ms | ohohoho I win the lighthouse...
[GAMING/GAM] | YouTube  | [Normal]     | 94%    |  382.4ms | extra!!!!!...
[GAMING/GAM] | YouTube  | [Normal]     | 90%    |  460.5ms | MARK IM SEEING IRON LUNG TMR (southwest ...
[GAMING/GAM] | YouTube  | [Normal]     | 97%    |  310.5ms | Observation xD...
[ENTERTAINM] | YouTube  | [Normal]     | 97%    |  327.3ms | :red_heart::red_heart:...
[ENTERTAINM] | YouTube  | [Normal]     | 96%    |  242.7ms | 500 million...
[GAMING/SUR] | YouTube  | [Normal]     | 94%    |  497.2ms | you can take peanut out of the pirate ga...
[GAMING/GAM] | YouTube  | [Normal]     | 97%    |  352.1ms | IT'S BEEN THERE...
[GAMING/GAM] | YouTube  | [Normal]     | 91%    |  279.0ms | With Eyes...
[PSYCHOLOGY] | YouTube  | [Normal]     | 96%    |  611.0ms | i think i low-key used to lookmaxx b4 it...
[GAMING/GAM] | YouTube  | [Normal]     | 95%    |  514.9ms | Iron lung sounded perfect at our theater...
[GAMING/SUR] | YouTube  | [Normal]     | 90%    |  409.3ms | playing rust let's goo...
[ENTERTAINM] | YouTube  | [Normal]     | 94%    |  447.1ms | @MrBeast Mr. Beast  when are you coming ...
[ENTERTAINM] | YouTube  | [Normal]     | 97%    | 1018.8ms | Hallo sir I am alok kumar and I am from ...
[GAMING/GAM] | YouTube  | [Normal]     | 96%    |  326.4ms | the railing?...
[SELF-HELP/] | YouTube  | [Normal]     | 77%    |  366.0ms | I only hate myself though doctor....
[ENTERTAINM] | YouTube  | [Normal]     | 97%    |  346.2ms | hello :waving_hand:...
[GAMING/GAM] | YouTube  | [Normal]     | 95%    |  371.3ms | WATER IN THE PO...
[ENTERTAINM] | YouTube  | [Normal]     | 95%    |  619.1ms | bye mrbeast its 10 pm in here i lived in...
[ENTERTAINM] | YouTube  | [Normal]     | 94%    |  342.7ms | 1...
[GAMING/SUR] | YouTube  | [Normal]     | 87%    |  328.9ms | No...
[GAMING/SUR] | YouTube  | [Normal]     | 84%    |  483.2ms | north is only for solar...
[GAMING/SUR] | YouTube  | [Normal]     | 87%    |  364.8ms | No...
[GAMING/GAM] | YouTube  | [Normal]     | 97%    |  485.1ms | Oh Mark!! Hii...
[GAMING/SUR] | YouTube  | [Normal]     | 78%    |  409.0ms | u need it hihger omg...
[GAMING/SUR] | YouTube  | [Normal]     | 94%    |  472.2ms | now look at the windmill LOL...
[GAMING/GAM] | YouTube  | [Normal]     | 95%    |  358.5ms | L NOOB...
[GAMING/GAM] | YouTube  | [Normal]     | 95%    |  382.9ms | obversation...
[GAMING/GAM] | YouTube  | [Normal]     | 92%    |  333.2ms | opbject manipulation in tittle...
[ENTERTAINM] | YouTube  | [Normal]     | 97%    |  303.6ms | vino ok...
[ENTERTAINM] | YouTube  | [Normal]     | 96%    | 1761.3ms | :check_mark_button::check_mark_button::c...
[PSYCHOLOGY] | YouTube  | [Normal]     | 96%    |  302.0ms | yea...
[GAMING/GAM] | YouTube  | [Normal]     | 94%    |  576.0ms | This makes you wonder how many type-o's ...
[GAMING/GAM] | YouTube  | [Normal]     | 97%    |  300.6ms | basement barrell...
[GAMING/GAM] | YouTube  | [Normal]     | 82%    |  326.2ms | yes they did...
[ENTERTAINM] | YouTube  | [Normal]     | 95%    |  271.6ms | 667...
[ENTERTAINM] | YouTube  | [Normal]     | 95%    |  341.0ms | MR BEAST WORLD CUP...
[GAMING/GAM] | YouTube  | [Normal]     | 77%    |  366.9ms | You polling bro!?!...
[GAMING/GAM] | YouTube  | [Normal]     | 95%    |  331.2ms | LIGHTHOUSE TOP HAS A WEIRD CIRCLE SYMBOL...
[MUSIC/CHIL] | YouTube  | [Normal]     | 96%    |  487.9ms | Ohh :anguished_face: is she doc Prasa :l...
[ENTERTAINM] | YouTube  | [Normal]     | 96%    |  442.4ms | hi Mr. Beast! I wish you the best!...
[SELF-HELP/] | YouTube  | [Normal]     | 96%    |  301.1ms | lol pure...
[GAMING/SUR] | YouTube  | [HATE]       | 42%    |  327.3ms | All i know is they suck...
[ENTERTAINM] | YouTube  | [Normal]     | 96%    | 1646.2ms | :yt::yt::yt::yt::yt::yt::yt::yt::yt::tha...
[PSYCHOLOGY] | YouTube  | [Normal]     | 97%    |  289.4ms | holy shii these are hard conversations...
[ENTERTAINM] | YouTube  | [Normal]     | 92%    |  426.2ms | do yall live in a rock how do yall not k...
[SPORTS/FOO] | YouTube  | [Normal]     | 96%    |  293.0ms | luar biasa...
[NEWS/LIVE ] | YouTube  | [Normal]     | 50%    |  620.6ms | who have worked a certain amount of year...
[GAMING/SUR] | YouTube  | [Normal]     | 59%    |  374.9ms | LETS GOOOO MFFFF’sssss...
[GAMING/SUR] | YouTube  | [Normal]     | 92%    |  267.6ms | like the stream...
[GAMING/SUR] | YouTube  | [Normal]     | 95%    |  397.4ms | no  no. how are YOUUUU peanut...
[GAMING/SUR] | YouTube  | [Normal]     | 38%    |  400.9ms | Am I buggin or is peanut the goat of str...
[GAMING/SUR] | YouTube  | [Normal]     | 70%    |  295.8ms | May it be smooth and stinky...
[GAMING/SUR] | YouTube  | [Normal]     | 79%    |  447.9ms | What happened to your whiskey throat?...
[MUSIC/CHIL] | YouTube  | [Normal]     | 98%    |  345.5ms | :musical_score:...
[GAMING/SUR] | YouTube  | [Normal]     | 82%    |  351.1ms | Shut the door!!!!...
[GAMING/SUR] | YouTube  | [Normal]     | 95%    |  331.6ms | Lollll...
[GAMING/SUR] | YouTube  | [Normal]     | 78%    |  336.7ms | GINGYYYYY...
[GAMING/SUR] | YouTube  | [Normal]     | 96%    |  605.2ms | yay mR_P":saluting_face::saluting_face:...
[GAMING/SUR] | YouTube  | [Normal]     | 92%    |  470.3ms | LMFAOOOOOOOOO...
[GAMING/SUR] | YouTube  | [Normal]     | 94%    |  408.7ms | Lmaoooooo...
[GAMING/SUR] | YouTube  | [Normal]     | 55%    |  609.4ms | lol how is this place a safe zone should...
[PSYCHOLOGY] | YouTube  | [Normal]     | 95%    |  408.6ms | Hello everyone ! I hope all of you have ...
[GAMING/SUR] | YouTube  | [Normal]     | 91%    |  223.6ms | W...
[GAMING/GAM] | YouTube  | [Normal]     | 84%    |  260.1ms | WHERE IS HE...
[GAMING/SUR] | YouTube  | [Normal]     | 94%    |  487.8ms | :loudly_crying_face::loudly_crying_face:...
[GAMING/GAM] | YouTube  | [Normal]     | 94%    |  306.0ms | hi...
[GAMING/GAM] | YouTube  | [Normal]     | 95%    |  323.2ms | Whatsuuuup...
[GAMING/GAM] | YouTube  | [Normal]     | 94%    |  307.7ms | CHAMPIONNNN...
[GAMING/SUR] | YouTube  | [Normal]     | 64%    |  359.1ms | we need pirate ships...
[ENTERTAINM] | YouTube  | [Normal]     | 96%    |  291.9ms | broo...
[ENTERTAINM] | YouTube  | [OFFENSIVE]  | 60%    |  381.0ms | let's goooo...
[ENTERTAINM] | YouTube  | [Normal]     | 97%    |  383.4ms | Jimmy You Did It :trophy:...
[ENTERTAINM] | YouTube  | [Normal]     | 96%    |  397.7ms | i am India super Jimmy...
[ENTERTAINM] | YouTube  | [Normal]     | 87%    |  301.5ms | you r happy...
[ENTERTAINM] | YouTube  | [Normal]     | 94%    |  354.3ms | pliz help me...
[ENTERTAINM] | YouTube  | [Normal]     | 94%    |  259.8ms | Hi...
[GAMING/GAM] | YouTube  | [Normal]     | 96%    |  391.5ms | that's the FACTS...
[GAMING/GAM] | YouTube  | [Normal]     | 95%    |  309.8ms | POLL...
[GAMING/SUR] | YouTube  | [Normal]     | 77%    |  277.0ms | They changed dealers...
[GAMING/GAM] | YouTube  | [Normal]     | 90%    |  383.7ms | light house...
[ENTERTAINM] | YouTube  | [Normal]     | 96%    |  345.1ms | Holaaaa...
[GAMING/GAM] | YouTube  | [Normal]     | 97%    |  377.4ms | Welcome to Member!...
[GAMING/GAM] | YouTube  | [Normal]     | 97%    |  301.3ms | SLOVENIA????...
[GAMING/SUR] | YouTube  | [Normal]     | 97%    |  396.1ms | Who tf stands on 23...
[GAMING/SUR] | YouTube  | [Normal]     | 40%    |  633.5ms | Peanut is the type to not be happy until...
[GAMING/SUR] | YouTube  | [Normal]     | 94%    |  269.2ms | Stand...
[ENTERTAINM] | YouTube  | [Normal]     | 94%    |  258.6ms | 1...
[GAMING/GAM] | YouTube  | [Normal]     | 71%    |  385.2ms | who else lowkey hungry...
[GAMING/GAM] | YouTube  | [Normal]     | 95%    |  488.5ms | So Lixian will be able to see it again?...
[GAMING/GAM] | YouTube  | [Normal]     | 97%    |  347.5ms | Will there be a physical release?...
[GAMING/GAM] | YouTube  | [Normal]     | 97%    |  322.5ms | te amo...
[GAMING/SUR] | YouTube  | [Normal]     | 95%    |  290.8ms | now bet 500...
[GAMING/SUR] | YouTube  | [Normal]     | 95%    |  263.3ms | 100...
[GAMING/GAM] | YouTube  | [Normal]     | 75%    |  274.2ms | Iron Lung...
[ENTERTAINM] | YouTube  | [Normal]     | 94%    |  282.0ms | I love you Mrbeast...
[MUSIC/CHIL] | YouTube  | [Normal]     | 95%    |  398.4ms | mujhe toh nhi yad...
[GAMING/SUR] | YouTube  | [Normal]     | 95%    |  337.9ms | well well well...
[GAMING/GAM] | YouTube  | [Normal]     | 96%    |  659.5ms | atmos is dynamic because it's a 3d syste...
[GAMING/GAM] | YouTube  | [OFFENSIVE]  | 81%    |  420.2ms | HELL YEAHHHHHHH...
[GAMING/GAM] | YouTube  | [Normal]     | 95%    |  560.3ms | I finally made it to a live but I’m work...
[GAMING/GAM] | YouTube  | [Normal]     | 97%    |  397.7ms | WE ARE THE CHAMPIONS...
[GAMING/GAM] | YouTube  | [Normal]     | 97%    |  461.7ms | YAYY MARKIPLIER TIME...
[GAMING/GAM] | YouTube  | [Normal]     | 96%    |  288.7ms | HI MARK!...
[GAMING/SUR] | YouTube  | [Normal]     | 94%    |  289.3ms | AHAHAHAHA...
[GAMING/SUR] | YouTube  | [Normal]     | 72%    |  290.1ms | whats the discord...
[GAMING/GAM] | YouTube  | [Normal]     | 94%    |  377.9ms | Hey mark  is Iron Lung a horror movie?...
[GAMING/GAM] | YouTube  | [Normal]     | 97%    |  291.2ms | i love this game...
[GAMING/SUR] | YouTube  | [Normal]     | 73%    |  251.4ms | ADDICTION...
[GAMING/GAM] | YouTube  | [Normal]     | 95%    |  318.1ms | obversation...
[ENTERTAINM] | YouTube  | [Normal]     | 97%    |  646.3ms | :face-purple-crying::face-purple-crying:...
[PSYCHOLOGY] | YouTube  | [Normal]     | 96%    |  299.4ms | average fortune 500 ceo...
[GAMING/GAM] | YouTube  | [Normal]     | 97%    |  521.5ms | Attendence for Markiplier!! SAY HERE!!!!...
[GAMING/SUR] | YouTube  | [Normal]     | 95%    |  385.7ms | started from the top now we here...
[GAMING/GAM] | YouTube  | [Normal]     | 97%    |  267.9ms | OBVERSATIUON...
[GAMING/SUR] | YouTube  | [Normal]     | 89%    |  337.3ms | do it and you're cool...
[GAMING/SUR] | YouTube  | [Normal]     | 91%    |  282.3ms | best anti-gambling stream EVER...
[MUSIC/CHIL] | YouTube  | [Normal]     | 98%    |  360.0ms | ...:face-turquoise-music-note:...
[GAMING/GAM] | YouTube  | [Normal]     | 97%    |  337.1ms | Welcome to Member!...
[ENTERTAINM] | YouTube  | [Normal]     | 94%    |  363.5ms | heloooo...
[GAMING/GAM] | YouTube  | [Normal]     | 92%    |  331.0ms | BED...
[ENTERTAINM] | YouTube  | [Normal]     | 97%    |  805.3ms | My biggest dream is to take my whole fam...
[GAMING/SUR] | YouTube  | [Normal]     | 89%    |  389.6ms | HUTCH HAS AN AIRSTRIKE...
[ENTERTAINM] | YouTube  | [Normal]     | 96%    |  336.3ms | مرحبا...
[MUSIC/CHIL] | YouTube  | [Normal]     | 97%    |  349.5ms | kuchh nhi......
[SPORTS/FOO] | YouTube  | [Normal]     | 93%    |  244.6ms | semangat...
[ENTERTAINM] | YouTube  | [Normal]     | 96%    |  837.0ms | in you tube history 500 million subscrib...
[GAMING/GAM] | YouTube  | [Normal]     | 94%    |  312.8ms | gaslight anomoly...
[ENTERTAINM] | YouTube  | [Normal]     | 96%    |  703.0ms | bro don't clap i am in the middle of my ...
[GAMING/GAM] | YouTube  | [Normal]     | 98%    |  511.4ms | light swinging on the lantern room....
[GAMING/GAM] | YouTube  | [Normal]     | 94%    |  244.7ms | pardon?...
[GAMING/GAM] | YouTube  | [Normal]     | 97%    |  334.2ms | Pfft lol...
[GAMING/SUR] | YouTube  | [Normal]     | 94%    |  322.2ms | 5...
[GAMING/GAM] | YouTube  | [Normal]     | 90%    |  284.0ms | THE RAIL...
[GAMING/SUR] | YouTube  | [Normal]     | 95%    |  348.8ms | So tempted to play this...
[ENTERTAINM] | YouTube  | [Normal]     | 95%    |  291.3ms | 111...
[GAMING/GAM] | YouTube  | [Normal]     | 93%    |  648.5ms | HEY MARK ME AND MY GIRLFRIEND LOVE YOU S...
[GAMING/GAM] | YouTube  | [Normal]     | 96%    |  311.8ms | CONE?...
[GAMING/SUR] | YouTube  | [Normal]     | 87%    |  349.5ms | No...
[GAMING/SUR] | YouTube  | [Normal]     | 85%    |  330.2ms | nooooo...
[ENTERTAINM] | YouTube  | [Normal]     | 94%    |  319.4ms | 1...
[GAMING/SUR] | YouTube  | [Normal]     | 91%    |  372.1ms | Build up p...
[ENTERTAINM] | YouTube  | [Normal]     | 94%    |  490.4ms | wait hv you seen the play button yet...
[GAMING/SUR] | YouTube  | [Normal]     | 82%    |  534.0ms | bro did Cloakzy ever attack their base? ...
[GAMING/GAM] | YouTube  | [Normal]     | 92%    |  338.2ms | oh no...
[GAMING/GAM] | YouTube  | [Normal]     | 93%    |  333.9ms | yes...
[GAMING/GAM] | YouTube  | [Normal]     | 95%    |  290.4ms | obversation...
[GAMING/GAM] | YouTube  | [Normal]     | 97%    |  447.7ms | I saw Iron Lung yesterday. It was SO GOO...
[ENTERTAINM] | YouTube  | [Normal]     | 97%    | 1740.5ms | :face_with_tears_of_joy::face_with_tears...
[GAMING/GAM] | YouTube  | [Normal]     | 91%    |  341.9ms | W...
[GAMING/GAM] | YouTube  | [Normal]     | 93%    |  535.8ms | YOOOOOOOOOOOOO MARK LOVE YA DUDE!!!!...
[NEWS/LIVE ] | YouTube  | [Normal]     | 90%    |  539.2ms | also they brought potential black jurors...
[ENTERTAINM] | YouTube  | [Normal]     | 96%    |  342.8ms | it's not go 500M today...
[ENTERTAINM] | YouTube  | [Normal]     | 95%    |  271.8ms | 67...
[ENTERTAINM] | YouTube  | [Normal]     | 96%    |  394.5ms | Good luck on 500 million sub...
[ENTERTAINM] | YouTube  | [Normal]     | 97%    |  413.2ms | Facebook Crashed :grimacing_face:...
[GAMING/GAM] | YouTube  | [Normal]     | 82%    |  436.9ms | hello markiplier and the iplier gang...
[ENTERTAINM] | YouTube  | [Normal]     | 93%    |  274.2ms | Yes...
[ENTERTAINM] | YouTube  | [Normal]     | 97%    |  297.8ms | congratulations for 1 million...
[GAMING/GAM] | YouTube  | [Normal]     | 96%    |  604.6ms | :face_screaming_in_fear::police_car_ligh...
[GAMING/GAM] | YouTube  | [Normal]     | 69%    |  481.3ms | Far end of the dock is way round than be...
[ENTERTAINM] | YouTube  | [Normal]     | 94%    |  405.5ms | Almost half a billion subs bro I have ha...
[ENTERTAINM] | YouTube  | [Normal]     | 94%    |  222.4ms | Hi...
[GAMING/GAM] | YouTube  | [Normal]     | 87%    |  363.9ms | was the thing under the bed always there...
[SPORTS/FOO] | YouTube  | [Normal]     | 94%    |  410.6ms | Congrats JAPAN WELL PLAYED...
[GAMING/GAM] | YouTube  | [Normal]     | 97%    |  374.8ms | EXTRA BARRELS IN BASEMENT MARK!...
[ENTERTAINM] | YouTube  | [Normal]     | 98%    |  894.7ms | :hand-pink-waving::hand-pink-waving::han...
[GAMING/GAM] | YouTube  | [Normal]     | 95%    |  472.3ms | The lights are moving...
[ENTERTAINM] | YouTube  | [Normal]     | 97%    |  370.2ms | Today is my birthday...
[GAMING/GAM] | YouTube  | [Normal]     | 96%    |  392.2ms | object movement of bottle at the pier by...
[GAMING/GAM] | YouTube  | [Normal]     | 92%    |  324.0ms | yard camera malfunction...
[MUSIC/CHIL] | YouTube  | [Normal]     | 95%    |  310.9ms | .......
[GAMING/GAM] | YouTube  | [Normal]     | 92%    |  414.9ms | pretty sure the fusebox is supposed to b...
[MUSIC/CHIL] | YouTube  | [Normal]     | 95%    |  331.3ms | nu ma mai uit...
[NEWS/LIVE ] | YouTube  | [Normal]     | 91%    |  351.6ms | farm no one can see soon  lil kid...
[GAMING/GAM] | YouTube  | [Normal]     | 92%    |  310.2ms | ANOMALY IN TOP LEFT...
[MUSIC/CHIL] | YouTube  | [Normal]     | 93%    |  382.2ms | suz sis hi...
[GAMING/GAM] | YouTube  | [Normal]     | 94%    |  413.3ms | The pillow stack moved in the basement...
[MUSIC/CHIL] | YouTube  | [Normal]     | 97%    |  375.6ms | Altair pedarast:smiling_face_with_tear:...
[ENTERTAINM] | YouTube  | [Normal]     | 94%    |  234.6ms | 1...
[GAMING/SUR] | YouTube  | [Normal]     | 92%    |  289.7ms | how does yes answer anything...
[GAMING/GAM] | YouTube  | [Normal]     | 92%    |  340.0ms | light anomaly in the yard!...
[GAMING/GAM] | YouTube  | [Normal]     | 97%    |  285.9ms | LIGHT ON YARD...
[ENTERTAINM] | YouTube  | [Normal]     | 94%    |  288.5ms | 1...
[ENTERTAINM] | YouTube  | [Normal]     | 97%    |  355.6ms | hola soy alexautos de ecuador...
[ENTERTAINM] | YouTube  | [Normal]     | 98%    |  961.9ms | :popcorn-yellow-striped-smile::popcorn-y...
[MUSIC/CHIL] | YouTube  | [Normal]     | 96%    |  404.7ms | :slightly_smiling_face:...
[ENTERTAINM] | YouTube  | [Normal]     | 95%    |  653.9ms | @MrBeast I know u since my childhood I w...
[SELF-HELP/] | YouTube  | [Normal]     | 93%    |  337.3ms | Never heard of it...
[GAMING/GAM] | YouTube  | [Normal]     | 97%    |  444.1ms | the stairwell railing switched sides mar...
[GAMING/GAM] | YouTube  | [Normal]     | 97%    |  446.6ms | STAIRWELL: left side railing moved...
[ENTERTAINM] | YouTube  | [Normal]     | 94%    |  347.0ms | yeh...
[GAMING/GAM] | YouTube  | [Normal]     | 96%    |  426.6ms | I LOVE YOU MARKIPLIER...
[ENTERTAINM] | YouTube  | [Normal]     | 93%    |  354.3ms | Europe...
[ENTERTAINM] | YouTube  | [Normal]     | 94%    | 1648.0ms | :chillwdog::chillwdog::chillwdog::chillw...
[GAMING/GAM] | YouTube  | [Normal]     | 93%    |  272.8ms | Yard bottle...
[GAMING/GAM] | YouTube  | [Normal]     | 97%    |  377.8ms | LEFT RAIL BY BOXES. STAIRWELL...
[ENTERTAINM] | YouTube  | [Normal]     | 95%    |  246.1ms | hello...
[GAMING/GAM] | YouTube  | [Normal]     | 95%    |  360.8ms | princess dounut aproves this game...
[MUSIC/CHIL] | YouTube  | [Normal]     | 94%    |  440.6ms | y me quede con más hambre que la que lle...
[GAMING/SUR] | YouTube  | [Normal]     | 94%    |  305.3ms | power out not branch out...
[GAMING/GAM] | YouTube  | [Normal]     | 95%    |  278.7ms | Aaaaahh...
[ENTERTAINM] | YouTube  | [Normal]     | 87%    |  315.6ms | Genshin...
[ENTERTAINM] | YouTube  | [Normal]     | 97%    |  282.2ms | Congratulations on 500 Million...
[SELF-HELP/] | YouTube  | [Normal]     | 89%    |  315.7ms | niether...
[GAMING/GAM] | YouTube  | [Normal]     | 95%    |  295.4ms | wtf XD...
[SPORTS/FOO] | YouTube  | [Normal]     | 89%    |  291.9ms | ㅋㅋㅋㅋ 그냥 그란투리스모나할까...
[ENTERTAINM] | YouTube  | [Normal]     | 96%    |  353.6ms | WHERE IS THE ENERGY JIMMY!!!!...
[ENTERTAINM] | YouTube  | [Normal]     | 98%    |  888.7ms | helloooooooooooooooooooooooo:star_struck...
[GAMING/SUR] | YouTube  | [Normal]     | 95%    |  806.0ms | Viewers in the chat are saying that the ...
[GAMING/GAM] | YouTube  | [Normal]     | 96%    |  287.6ms | this a vibe...
[GAMING/GAM] | YouTube  | [Normal]     | 91%    |  332.6ms | W...
[GAMING/GAM] | YouTube  | [Normal]     | 96%    |  629.6ms | markiplier cotl playthrough when. please...
[MUSIC/CHIL] | YouTube  | [Normal]     | 96%    |  361.6ms | :chess_pawn:...
[GAMING/GAM] | YouTube  | [Normal]     | 93%    |  732.7ms | :buffering::buffering::buffering::buffer...
[ENTERTAINM] | YouTube  | [Normal]     | 96%    |  315.3ms | Sols rng...
[GAMING/SUR] | YouTube  | [Normal]     | 96%    |  279.4ms | LMAO...
[GAMING/GAM] | YouTube  | [Normal]     | 90%    |  393.0ms | can I watch iron lung without knowing an...
[GAMING/GAM] | YouTube  | [Normal]     | 80%    |  284.2ms | thats funny...
[ENTERTAINM] | YouTube  | [Normal]     | 91%    |  314.6ms | Mr beast...
[GAMING/GAM] | YouTube  | [Normal]     | 95%    |  396.2ms | first anomaly usually shows up at 15 aft...
[MUSIC/CHIL] | YouTube  | [Normal]     | 96%    |  327.3ms | achha...
[GAMING/GAM] | YouTube  | [Normal]     | 95%    |  449.3ms | Possible extra bottle by the sink in bat...
[ENTERTAINM] | YouTube  | [Normal]     | 95%    |  269.4ms | Hiiii...
[GAMING/GAM] | YouTube  | [Normal]     | 97%    |  330.0ms | Shoes business class?...
[ENTERTAINM] | YouTube  | [Normal]     | 96%    |  264.4ms | New member...
[GAMING/GAM] | YouTube  | [Normal]     | 95%    |  302.2ms | EWWW...
[NEWS/LIVE ] | YouTube  | [Normal]     | 90%    |  400.6ms | BLACK FATIGUE EVEN HIS PARENTS...
[ENTERTAINM] | YouTube  | [Normal]     | 96%    |  332.8ms | HIIIIIII...
[GAMING/GAM] | YouTube  | [Normal]     | 82%    |  430.6ms | what next  banning their lungs????...
[GAMING/GAM] | YouTube  | [Normal]     | 96%    |  435.9ms | PURSE IN BUSINESS IS DIFFERENT COLOR...
[ENTERTAINM] | YouTube  | [Normal]     | 94%    |  531.2ms | Congratulations !!!!!!!!!!...
[ENTERTAINM] | YouTube  | [Normal]     | 96%    |  426.9ms | na he is getting a billion in the upcomi...
[PSYCHOLOGY] | YouTube  | [Normal]     | 91%    |  320.4ms | Yeah it is relatable too xD...
[ENTERTAINM] | YouTube  | [Normal]     | 96%    |  391.3ms | What is your best video yet?...
[GAMING/SUR] | YouTube  | [Normal]     | 95%    |  387.7ms | There’s one in your inventory...
[GAMING/GAM] | YouTube  | [Normal]     | 94%    |  420.9ms | How many Anas just got banned?...
[GAMING/GAM] | YouTube  | [Normal]     | 97%    |  325.9ms | was the floor light always green...
[GAMING/GAM] | YouTube  | [Normal]     | 93%    |  385.6ms | exit sign buisness...
[PSYCHOLOGY] | YouTube  | [Normal]     | 96%    |  477.7ms | Ezio blade that's not just men tbh...
[GAMING/GAM] | YouTube  | [Normal]     | 80%    |  396.7ms | “We got caseoh at home”...
[GAMING/ESP] | YouTube  | [Normal]     | 98%    |  525.5ms | :trophy-yellow-smiling::trophy-yellow-sm...
[ENTERTAINM] | YouTube  | [Normal]     | 85%    |  520.0ms | if you be 500million subscriber how do y...
[VALORANT/G] | Twitch   | [Normal]     | 96%    |  259.2ms | 50/50...
[GAMING/DAR] | Twitch   | [Normal]     | 97%    | 1068.3ms | dreamcast1992  You drag the traps out of...
[VALORANT/G] | Twitch   | [Normal]     | 96%    |  402.5ms | LOL...
[RELATIONSH] | Twitch   | [Normal]     | 92%    |  407.3ms | brother  we can see it...
[VALORANT/G] | Twitch   | [OFFENSIVE]  | 79%    |  354.1ms | ez as fuck emea washed region right?...
[RELATIONSH] | Twitch   | [Normal]     | 97%    |  396.6ms | gtr wrap?...
[RELATIONSH] | Twitch   | [Normal]     | 97%    |  234.7ms | ciurt cae...
[RELATIONSH] | Twitch   | [Normal]     | 93%    |  245.7ms | OOOO...
[VALORANT/G] | Twitch   | [Normal]     | 94%    |  352.8ms | @mimi_gma nuh uh cwdevaActually...
[VALORANT/G] | Twitch   | [Normal]     | 94%    |  599.5ms | @rajasawit same guy broke the bo5 kill r...
[RELATIONSH] | Twitch   | [Normal]     | 93%    |  227.5ms | OOOO...
[ENTERTAINM] | Twitch   | [Normal]     | 83%    |  285.0ms | nobody knows what she is saying :(...
[RELATIONSH] | Twitch   | [Normal]     | 95%    |  322.0ms | nmpStop...
[RELATIONSH] | Twitch   | [Normal]     | 88%    |  347.6ms | peepoBlush girll...
[RELATIONSH] | Twitch   | [Normal]     | 70%    |  297.8ms | let her cook...
