Sampling every 2s for 5000s -> F:\hate-speech-pipeline\reports\scaling\20260926-170035_p4_c4_r1\resource_WIX.csv
Run your load (throughput_bench.py / a live stream) now in another terminal.

[17:00:39] host CPU 0.0% RAM 87.6% | GPU 273MB/12% | kafka=4.87%/553.3MiB / 4.804GiB ; elasticsearch=1.17%/1.501GiB / 4.804
[17:00:44] host CPU 49.6% RAM 96.2% | GPU 246MB/6% | kafka=0.82%/553.4MiB / 4.804GiB ; elasticsearch=5.39%/1.501GiB / 4.804
[17:00:49] host CPU 84.1% RAM 84.8% | GPU 194MB/3% | kafka=20.27%/553.2MiB / 4.804GiB ; elasticsearch=1.51%/1.501GiB / 4.80
[17:00:53] host CPU 69.2% RAM 88.3% | GPU 198MB/1% | kafka=0.86%/553.1MiB / 4.804GiB ; elasticsearch=3.96%/1.501GiB / 4.804
[17:00:57] host CPU 17.4% RAM 88.5% | GPU 198MB/2% | kafka=1.07%/554.1MiB / 4.804GiB ; elasticsearch=0.98%/1.501GiB / 4.804
[17:01:01] host CPU 14.6% RAM 88.6% | GPU 201MB/1% | kafka=5.84%/557MiB / 4.804GiB ; elasticsearch=0.54%/1.501GiB / 4.804Gi
[17:01:06] host CPU 27.8% RAM 91.2% | GPU 198MB/2% | kafka=18.79%/558.6MiB / 4.804GiB ; elasticsearch=26.83%/1.507GiB / 4.8
[17:01:11] host CPU 32.6% RAM 91.4% | GPU 204MB/1% | kafka=18.95%/559.3MiB / 4.804GiB ; elasticsearch=33.44%/1.51GiB / 4.80
[17:01:15] host CPU 24.3% RAM 91.0% | GPU 204MB/3% | kafka=9.92%/559.9MiB / 4.804GiB ; elasticsearch=37.85%/1.511GiB / 4.80
[17:01:19] host CPU 23.3% RAM 91.1% | GPU 207MB/5% | kafka=10.98%/560.6MiB / 4.804GiB ; elasticsearch=49.98%/1.513GiB / 4.8
[17:01:23] host CPU 31.8% RAM 91.3% | GPU 196MB/1% | kafka=5.63%/566.6MiB / 4.804GiB ; elasticsearch=59.63%/1.515GiB / 4.80
[17:01:27] host CPU 20.1% RAM 91.4% | GPU 196MB/1% | kafka=4.76%/562MiB / 4.804GiB ; elasticsearch=14.51%/1.515GiB / 4.804G
[17:01:31] host CPU 18.7% RAM 91.3% | GPU 200MB/2% | kafka=5.13%/562.8MiB / 4.804GiB ; elasticsearch=16.77%/1.516GiB / 4.80
[17:01:36] host CPU 28.2% RAM 91.2% | GPU 202MB/3% | kafka=5.42%/562.9MiB / 4.804GiB ; elasticsearch=7.66%/1.516GiB / 4.804
[17:01:40] host CPU 25.8% RAM 91.3% | GPU 208MB/3% | kafka=3.64%/563.4MiB / 4.804GiB ; elasticsearch=10.20%/1.516GiB / 4.80
[17:01:44] host CPU 22.7% RAM 91.3% | GPU 208MB/2% | kafka=80.80%/563.4MiB / 4.804GiB ; elasticsearch=12.30%/1.516GiB / 4.8
[17:01:48] host CPU 22.6% RAM 91.3% | GPU 209MB/3% | kafka=3.42%/563.5MiB / 4.804GiB ; elasticsearch=6.59%/1.516GiB / 4.804
[17:01:53] host CPU 16.8% RAM 91.2% | GPU 199MB/2% | kafka=3.51%/563.7MiB / 4.804GiB ; elasticsearch=16.69%/1.516GiB / 4.80
[17:01:57] host CPU 26.4% RAM 91.3% | GPU 197MB/1% | kafka=4.13%/564.1MiB / 4.804GiB ; elasticsearch=6.10%/1.516GiB / 4.804
[17:02:01] host CPU 23.2% RAM 91.2% | GPU 200MB/1% | kafka=3.54%/563.9MiB / 4.804GiB ; elasticsearch=8.32%/1.517GiB / 4.804
[17:02:06] host CPU 16.3% RAM 91.3% | GPU 201MB/3% | kafka=98.53%/564MiB / 4.804GiB ; elasticsearch=17.21%/1.517GiB / 4.804
[17:02:10] host CPU 28.4% RAM 91.3% | GPU 206MB/2% | kafka=6.68%/564MiB / 4.804GiB ; elasticsearch=7.04%/1.517GiB / 4.804Gi
[17:02:14] host CPU 15.8% RAM 91.2% | GPU 207MB/2% | kafka=9.10%/564.1MiB / 4.804GiB ; elasticsearch=6.47%/1.517GiB / 4.804
[17:02:18] host CPU 30.2% RAM 91.2% | GPU 199MB/5% | kafka=4.04%/564.2MiB / 4.804GiB ; elasticsearch=6.74%/1.517GiB / 4.804
[17:02:23] host CPU 16.8% RAM 91.2% | GPU 197MB/2% | kafka=3.55%/564.7MiB / 4.804GiB ; elasticsearch=5.13%/1.517GiB / 4.804
[17:02:27] host CPU 17.8% RAM 91.2% | GPU 197MB/2% | kafka=122.68%/603MiB / 4.804GiB ; elasticsearch=22.47%/1.517GiB / 4.80
[17:02:31] host CPU 31.2% RAM 91.1% | GPU 202MB/1% | kafka=3.05%/564.6MiB / 4.804GiB ; elasticsearch=7.08%/1.517GiB / 4.804
[17:02:36] host CPU 19.9% RAM 91.2% | GPU 202MB/3% | kafka=6.99%/569.1MiB / 4.804GiB ; elasticsearch=15.34%/1.518GiB / 4.80
[17:02:40] host CPU 28.9% RAM 91.0% | GPU 206MB/2% | kafka=120.46%/646.7MiB / 4.804GiB ; elasticsearch=14.73%/1.518GiB / 4.
[17:02:44] host CPU 24.1% RAM 91.2% | GPU 203MB/2% | kafka=3.36%/569MiB / 4.804GiB ; elasticsearch=25.12%/1.519GiB / 4.804G
[17:02:48] host CPU 21.5% RAM 91.1% | GPU 196MB/5% | kafka=3.33%/569.3MiB / 4.804GiB ; elasticsearch=5.76%/1.518GiB / 4.804
[17:02:53] host CPU 23.4% RAM 91.1% | GPU 196MB/2% | kafka=4.64%/569.4MiB / 4.804GiB ; elasticsearch=6.53%/1.518GiB / 4.804
[17:02:57] host CPU 21.1% RAM 91.2% | GPU 197MB/2% | kafka=3.58%/569.3MiB / 4.804GiB ; elasticsearch=8.44%/1.518GiB / 4.804
[17:03:01] host CPU 17.1% RAM 91.1% | GPU 203MB/2% | kafka=167.14%/617.8MiB / 4.804GiB ; elasticsearch=20.57%/1.518GiB / 4.
[17:03:06] host CPU 24.8% RAM 91.2% | GPU 206MB/3% | kafka=9.25%/569.6MiB / 4.804GiB ; elasticsearch=5.69%/1.518GiB / 4.804
[17:03:10] host CPU 18.5% RAM 91.2% | GPU 202MB/3% | kafka=6.16%/572.1MiB / 4.804GiB ; elasticsearch=8.44%/1.519GiB / 4.804
[17:03:14] host CPU 26.5% RAM 91.2% | GPU 199MB/2% | kafka=3.20%/567.2MiB / 4.804GiB ; elasticsearch=5.02%/1.518GiB / 4.804
[17:03:18] host CPU 18.7% RAM 91.1% | GPU 204MB/1% | kafka=3.17%/567.3MiB / 4.804GiB ; elasticsearch=7.29%/1.518GiB / 4.804
[17:03:22] host CPU 14.5% RAM 91.1% | GPU 204MB/2% | kafka=106.82%/607.7MiB / 4.804GiB ; elasticsearch=6.44%/1.519GiB / 4.8
[17:03:26] host CPU 24.2% RAM 91.4% | GPU 205MB/2% | kafka=3.14%/567.4MiB / 4.804GiB ; elasticsearch=26.13%/1.519GiB / 4.80
[17:03:30] host CPU 19.2% RAM 91.2% | GPU 211MB/2% | kafka=3.58%/567.5MiB / 4.804GiB ; elasticsearch=11.53%/1.518GiB / 4.80
[17:03:34] host CPU 20.2% RAM 91.1% | GPU 213MB/2% | kafka=159.71%/642.5MiB / 4.804GiB ; elasticsearch=10.13%/1.519GiB / 4.
[17:03:39] host CPU 28.8% RAM 91.2% | GPU 215MB/3% | kafka=4.31%/568MiB / 4.804GiB ; elasticsearch=4.42%/1.519GiB / 4.804Gi
[17:03:43] host CPU 20.8% RAM 91.2% | GPU 204MB/2% | kafka=3.08%/567.8MiB / 4.804GiB ; elasticsearch=3.21%/1.519GiB / 4.804
[17:03:47] host CPU 26.2% RAM 91.3% | GPU 199MB/2% | kafka=3.97%/567.9MiB / 4.804GiB ; elasticsearch=4.71%/1.519GiB / 4.804
[17:03:51] host CPU 22.0% RAM 91.1% | GPU 203MB/2% | kafka=24.73%/568MiB / 4.804GiB ; elasticsearch=4.12%/1.521GiB / 4.804G
[17:03:56] host CPU 16.8% RAM 91.1% | GPU 203MB/2% | kafka=43.84%/591.1MiB / 4.804GiB ; elasticsearch=12.47%/1.521GiB / 4.8
[17:04:00] host CPU 26.5% RAM 91.1% | GPU 207MB/3% | kafka=2.87%/568.2MiB / 4.804GiB ; elasticsearch=4.67%/1.521GiB / 4.804
[17:04:04] host CPU 19.2% RAM 90.6% | GPU 205MB/1% | kafka=3.07%/568.2MiB / 4.804GiB ; elasticsearch=4.32%/1.522GiB / 4.804
[17:04:08] host CPU 28.3% RAM 90.7% | GPU 199MB/2% | kafka=71.60%/568.8MiB / 4.804GiB ; elasticsearch=7.95%/1.521GiB / 4.80
[17:04:12] host CPU 22.5% RAM 90.7% | GPU 196MB/2% | kafka=2.91%/568.6MiB / 4.804GiB ; elasticsearch=5.14%/1.521GiB / 4.804
[17:04:16] host CPU 18.8% RAM 90.7% | GPU 196MB/1% | kafka=3.11%/568.4MiB / 4.804GiB ; elasticsearch=4.33%/1.521GiB / 4.804
[17:04:20] host CPU 24.6% RAM 90.6% | GPU 200MB/3% | kafka=2.72%/568.5MiB / 4.804GiB ; elasticsearch=5.66%/1.521GiB / 4.804
[17:04:24] host CPU 16.8% RAM 90.6% | GPU 200MB/2% | kafka=7.81%/568.6MiB / 4.804GiB ; elasticsearch=8.04%/1.521GiB / 4.804
[17:04:29] host CPU 18.1% RAM 90.6% | GPU 203MB/3% | kafka=150.97%/623.6MiB / 4.804GiB ; elasticsearch=6.75%/1.522GiB / 4.8
[17:04:33] host CPU 26.0% RAM 90.7% | GPU 203MB/2% | kafka=3.28%/568.7MiB / 4.804GiB ; elasticsearch=4.82%/1.521GiB / 4.804
[17:04:37] host CPU 16.4% RAM 90.8% | GPU 200MB/1% | kafka=2.67%/569MiB / 4.804GiB ; elasticsearch=4.00%/1.522GiB / 4.804Gi
[17:04:41] host CPU 24.8% RAM 90.6% | GPU 203MB/2% | kafka=3.29%/568.8MiB / 4.804GiB ; elasticsearch=4.55%/1.521GiB / 4.804
[17:04:46] host CPU 24.0% RAM 90.8% | GPU 204MB/3% | kafka=3.92%/568.9MiB / 4.804GiB ; elasticsearch=44.28%/1.522GiB / 4.80
[17:04:50] host CPU 21.0% RAM 90.3% | GPU 207MB/3% | kafka=2.77%/569.2MiB / 4.804GiB ; elasticsearch=4.26%/1.522GiB / 4.804
[17:04:54] host CPU 23.2% RAM 90.7% | GPU 207MB/1% | kafka=2.92%/569MiB / 4.804GiB ; elasticsearch=5.39%/1.522GiB / 4.804Gi
[17:04:58] host CPU 19.4% RAM 90.7% | GPU 208MB/2% | kafka=2.61%/569MiB / 4.804GiB ; elasticsearch=4.73%/1.522GiB / 4.804Gi
[17:05:02] host CPU 15.4% RAM 90.7% | GPU 200MB/2% | kafka=96.33%/569.1MiB / 4.804GiB ; elasticsearch=4.37%/1.522GiB / 4.80
[17:05:06] host CPU 24.4% RAM 91.0% | GPU 196MB/1% | kafka=3.52%/569.7MiB / 4.804GiB ; elasticsearch=4.23%/1.522GiB / 4.804
[17:05:10] host CPU 23.5% RAM 90.8% | GPU 200MB/3% | kafka=2.83%/569.3MiB / 4.804GiB ; elasticsearch=4.09%/1.522GiB / 4.804
[17:05:14] host CPU 23.2% RAM 90.8% | GPU 200MB/2% | kafka=4.09%/569MiB / 4.804GiB ; elasticsearch=4.54%/1.522GiB / 4.804Gi
[17:05:19] host CPU 19.6% RAM 90.9% | GPU 203MB/3% | kafka=3.16%/569.3MiB / 4.804GiB ; elasticsearch=4.22%/1.522GiB / 4.804
[17:05:23] host CPU 15.4% RAM 91.0% | GPU 203MB/2% | kafka=85.94%/605.7MiB / 4.804GiB ; elasticsearch=3.99%/1.522GiB / 4.80
[17:05:27] host CPU 25.8% RAM 91.2% | GPU 204MB/1% | kafka=3.25%/569.2MiB / 4.804GiB ; elasticsearch=4.38%/1.522GiB / 4.804
[17:05:31] host CPU 18.2% RAM 91.1% | GPU 199MB/2% | kafka=4.14%/569.3MiB / 4.804GiB ; elasticsearch=4.19%/1.522GiB / 4.804
[17:05:36] host CPU 16.8% RAM 90.6% | GPU 197MB/3% | kafka=21.75%/569.4MiB / 4.804GiB ; elasticsearch=4.78%/1.522GiB / 4.80
[17:05:40] host CPU 28.6% RAM 90.9% | GPU 202MB/3% | kafka=2.92%/568MiB / 4.804GiB ; elasticsearch=62.13%/1.523GiB / 4.804G
[17:05:44] host CPU 22.3% RAM 90.9% | GPU 203MB/2% | kafka=2.82%/568.1MiB / 4.804GiB ; elasticsearch=4.48%/1.523GiB / 4.804
[17:05:49] host CPU 32.6% RAM 90.9% | GPU 208MB/3% | kafka=6.44%/571.3MiB / 4.804GiB ; elasticsearch=7.74%/1.523GiB / 4.804
[17:05:53] host CPU 25.3% RAM 90.6% | GPU 209MB/1% | kafka=2.63%/579.8MiB / 4.804GiB ; elasticsearch=7.88%/1.523GiB / 4.804
[17:05:57] host CPU 18.7% RAM 90.8% | GPU 203MB/2% | kafka=180.65%/625.7MiB / 4.804GiB ; elasticsearch=13.93%/1.523GiB / 4.
[17:06:01] host CPU 31.2% RAM 90.7% | GPU 196MB/1% | kafka=9.21%/569.9MiB / 4.804GiB ; elasticsearch=3.84%/1.524GiB / 4.804
[17:06:06] host CPU 15.2% RAM 90.8% | GPU 196MB/3% | kafka=3.03%/569.8MiB / 4.804GiB ; elasticsearch=30.56%/1.524GiB / 4.80
[17:06:10] host CPU 27.2% RAM 90.8% | GPU 200MB/2% | kafka=4.97%/569.9MiB / 4.804GiB ; elasticsearch=4.81%/1.524GiB / 4.804
[17:06:14] host CPU 16.1% RAM 90.9% | GPU 200MB/2% | kafka=3.52%/570.2MiB / 4.804GiB ; elasticsearch=11.52%/1.524GiB / 4.80
[17:06:18] host CPU 17.8% RAM 90.5% | GPU 203MB/2% | kafka=3.16%/570.4MiB / 4.804GiB ; elasticsearch=5.70%/1.524GiB / 4.804
[17:06:22] host CPU 24.3% RAM 90.8% | GPU 203MB/1% | kafka=6.01%/569.9MiB / 4.804GiB ; elasticsearch=4.50%/1.524GiB / 4.804
[17:06:26] host CPU 20.9% RAM 90.6% | GPU 200MB/1% | kafka=3.42%/572.2MiB / 4.804GiB ; elasticsearch=3.98%/1.524GiB / 4.804
[17:06:30] host CPU 16.6% RAM 90.5% | GPU 200MB/3% | kafka=136.31%/622.1MiB / 4.804GiB ; elasticsearch=3.80%/1.524GiB / 4.8
[17:06:34] host CPU 21.7% RAM 90.5% | GPU 201MB/2% | kafka=3.16%/572.6MiB / 4.804GiB ; elasticsearch=3.59%/1.524GiB / 4.804
[17:06:39] host CPU 19.5% RAM 90.6% | GPU 207MB/3% | kafka=2.76%/572.4MiB / 4.804GiB ; elasticsearch=4.17%/1.524GiB / 4.804
[17:06:43] host CPU 23.0% RAM 90.5% | GPU 207MB/1% | kafka=3.67%/574.1MiB / 4.804GiB ; elasticsearch=5.69%/1.524GiB / 4.804
[17:06:47] host CPU 21.2% RAM 90.4% | GPU 207MB/2% | kafka=4.23%/574MiB / 4.804GiB ; elasticsearch=9.15%/1.524GiB / 4.804Gi
[17:06:51] host CPU 18.1% RAM 90.3% | GPU 201MB/1% | kafka=2.63%/570.8MiB / 4.804GiB ; elasticsearch=4.22%/1.524GiB / 4.804
[17:06:56] host CPU 24.2% RAM 90.6% | GPU 196MB/3% | kafka=6.84%/571.1MiB / 4.804GiB ; elasticsearch=5.64%/1.525GiB / 4.804
[17:07:00] host CPU 16.9% RAM 90.5% | GPU 202MB/2% | kafka=2.61%/570.9MiB / 4.804GiB ; elasticsearch=4.74%/1.525GiB / 4.804
[17:07:04] host CPU 22.5% RAM 90.6% | GPU 205MB/2% | kafka=3.46%/571MiB / 4.804GiB ; elasticsearch=9.31%/1.525GiB / 4.804Gi
[17:07:08] host CPU 20.8% RAM 90.7% | GPU 208MB/2% | kafka=2.46%/571.1MiB / 4.804GiB ; elasticsearch=3.56%/1.525GiB / 4.804
[17:07:12] host CPU 15.9% RAM 90.6% | GPU 208MB/1% | kafka=2.70%/571.4MiB / 4.804GiB ; elasticsearch=12.83%/1.525GiB / 4.80
[17:07:16] host CPU 25.7% RAM 90.8% | GPU 208MB/2% | kafka=2.54%/570.9MiB / 4.804GiB ; elasticsearch=4.12%/1.525GiB / 4.804
[17:07:21] host CPU 17.2% RAM 90.5% | GPU 202MB/3% | kafka=2.54%/570.9MiB / 4.804GiB ; elasticsearch=3.77%/1.525GiB / 4.804
[17:07:24] host CPU 16.8% RAM 90.5% | GPU 199MB/1% | kafka=116.80%/609.9MiB / 4.804GiB ; elasticsearch=5.40%/1.525GiB / 4.8
[17:07:29] host CPU 28.3% RAM 90.6% | GPU 202MB/4% | kafka=2.44%/571.1MiB / 4.804GiB ; elasticsearch=3.41%/1.525GiB / 4.804
[17:07:33] host CPU 16.9% RAM 90.6% | GPU 204MB/2% | kafka=2.58%/571.6MiB / 4.804GiB ; elasticsearch=3.45%/1.525GiB / 4.804
[17:07:37] host CPU 22.9% RAM 90.8% | GPU 204MB/1% | kafka=9.94%/571.2MiB / 4.804GiB ; elasticsearch=3.65%/1.525GiB / 4.804
[17:07:41] host CPU 20.2% RAM 90.6% | GPU 210MB/2% | kafka=2.43%/571.6MiB / 4.804GiB ; elasticsearch=5.20%/1.525GiB / 4.804
[17:07:46] host CPU 17.2% RAM 90.6% | GPU 204MB/3% | kafka=2.44%/571.6MiB / 4.804GiB ; elasticsearch=3.46%/1.525GiB / 4.804
[17:07:50] host CPU 27.3% RAM 90.6% | GPU 207MB/3% | kafka=2.21%/571.4MiB / 4.804GiB ; elasticsearch=3.43%/1.525GiB / 4.804
[17:07:54] host CPU 14.8% RAM 90.5% | GPU 207MB/2% | kafka=2.60%/571.5MiB / 4.804GiB ; elasticsearch=3.37%/1.525GiB / 4.804
[17:07:58] host CPU 17.0% RAM 90.5% | GPU 208MB/2% | kafka=175.83%/646.3MiB / 4.804GiB ; elasticsearch=3.72%/1.525GiB / 4.8
[17:08:02] host CPU 23.4% RAM 90.5% | GPU 210MB/2% | kafka=2.56%/571.9MiB / 4.804GiB ; elasticsearch=3.26%/1.525GiB / 4.804
[17:08:06] host CPU 17.0% RAM 90.7% | GPU 213MB/2% | kafka=2.79%/571.7MiB / 4.804GiB ; elasticsearch=4.23%/1.525GiB / 4.804
[17:08:11] host CPU 21.7% RAM 90.6% | GPU 212MB/3% | kafka=45.53%/571.7MiB / 4.804GiB ; elasticsearch=3.81%/1.525GiB / 4.80
[17:08:14] host CPU 20.0% RAM 90.6% | GPU 197MB/1% | kafka=2.37%/571.8MiB / 4.804GiB ; elasticsearch=3.67%/1.525GiB / 4.804
[17:08:19] host CPU 18.0% RAM 90.5% | GPU 203MB/4% | kafka=39.06%/595.3MiB / 4.804GiB ; elasticsearch=3.45%/1.525GiB / 4.80
[17:08:23] host CPU 32.7% RAM 90.8% | GPU 203MB/1% | kafka=2.53%/571.9MiB / 4.804GiB ; elasticsearch=6.13%/1.525GiB / 4.804
[17:08:27] host CPU 16.9% RAM 90.9% | GPU 204MB/2% | kafka=2.61%/572.2MiB / 4.804GiB ; elasticsearch=3.30%/1.525GiB / 4.804
[17:08:31] host CPU 21.1% RAM 90.7% | GPU 210MB/2% | kafka=165.11%/629.4MiB / 4.804GiB ; elasticsearch=3.54%/1.525GiB / 4.8
[17:08:36] host CPU 24.0% RAM 90.8% | GPU 213MB/3% | kafka=2.48%/572.1MiB / 4.804GiB ; elasticsearch=3.92%/1.525GiB / 4.804
[17:08:41] host CPU 19.2% RAM 90.8% | GPU 203MB/3% | kafka=2.32%/572.1MiB / 4.804GiB ; elasticsearch=3.43%/1.525GiB / 4.804
[17:08:44] host CPU 26.1% RAM 90.8% | GPU 199MB/2% | kafka=2.26%/572.2MiB / 4.804GiB ; elasticsearch=4.03%/1.525GiB / 4.804
[17:08:48] host CPU 21.3% RAM 90.7% | GPU 202MB/1% | kafka=2.60%/572.2MiB / 4.804GiB ; elasticsearch=3.67%/1.525GiB / 4.804
[17:08:52] host CPU 15.2% RAM 90.7% | GPU 204MB/2% | kafka=147.46%/623.8MiB / 4.804GiB ; elasticsearch=3.57%/1.525GiB / 4.8
[17:08:56] host CPU 26.4% RAM 90.8% | GPU 205MB/2% | kafka=2.53%/572.3MiB / 4.804GiB ; elasticsearch=5.37%/1.525GiB / 4.804
[17:09:01] host CPU 16.4% RAM 90.7% | GPU 210MB/2% | kafka=2.71%/572.4MiB / 4.804GiB ; elasticsearch=3.33%/1.525GiB / 4.804
[17:09:04] host CPU 18.3% RAM 90.6% | GPU 213MB/2% | kafka=110.31%/649MiB / 4.804GiB ; elasticsearch=32.54%/1.525GiB / 4.80
[17:09:09] host CPU 31.3% RAM 90.8% | GPU 208MB/4% | kafka=2.66%/572.6MiB / 4.804GiB ; elasticsearch=3.92%/1.525GiB / 4.804
[17:09:13] host CPU 16.8% RAM 90.8% | GPU 199MB/1% | kafka=2.48%/577.1MiB / 4.804GiB ; elasticsearch=3.70%/1.525GiB / 4.804
[17:09:17] host CPU 28.4% RAM 91.0% | GPU 199MB/2% | kafka=2.68%/577.2MiB / 4.804GiB ; elasticsearch=4.05%/1.526GiB / 4.804
[17:09:22] host CPU 17.3% RAM 90.8% | GPU 204MB/1% | kafka=2.65%/577.2MiB / 4.804GiB ; elasticsearch=71.16%/1.526GiB / 4.80
[17:09:26] host CPU 20.1% RAM 90.8% | GPU 205MB/2% | kafka=153.00%/653.2MiB / 4.804GiB ; elasticsearch=3.58%/1.526GiB / 4.8
[17:09:31] host CPU 26.1% RAM 90.9% | GPU 207MB/3% | kafka=2.92%/576.7MiB / 4.804GiB ; elasticsearch=5.29%/1.526GiB / 4.804
[17:09:34] host CPU 16.4% RAM 90.9% | GPU 197MB/2% | kafka=2.27%/576.7MiB / 4.804GiB ; elasticsearch=4.13%/1.526GiB / 4.804
[17:09:38] host CPU 39.0% RAM 91.3% | GPU 200MB/2% | kafka=53.12%/576.8MiB / 4.804GiB ; elasticsearch=3.68%/1.526GiB / 4.80
[17:09:43] host CPU 20.6% RAM 91.3% | GPU 200MB/2% | kafka=2.53%/576.8MiB / 4.804GiB ; elasticsearch=3.25%/1.526GiB / 4.804
[17:09:46] host CPU 19.5% RAM 91.3% | GPU 200MB/2% | kafka=4.54%/576.9MiB / 4.804GiB ; elasticsearch=3.52%/1.526GiB / 4.804
[17:09:51] host CPU 37.0% RAM 91.1% | GPU 206MB/2% | kafka=3.11%/577.2MiB / 4.804GiB ; elasticsearch=3.54%/1.526GiB / 4.804
[17:09:54] host CPU 15.5% RAM 91.1% | GPU 206MB/2% | kafka=2.45%/577.2MiB / 4.804GiB ; elasticsearch=3.49%/1.526GiB / 4.804
[17:09:59] host CPU 17.3% RAM 91.0% | GPU 209MB/4% | kafka=2.85%/577.3MiB / 4.804GiB ; elasticsearch=3.28%/1.526GiB / 4.804
[17:10:03] host CPU 24.4% RAM 91.1% | GPU 199MB/1% | kafka=2.41%/577.1MiB / 4.804GiB ; elasticsearch=3.64%/1.526GiB / 4.804
[17:10:07] host CPU 14.3% RAM 91.3% | GPU 199MB/2% | kafka=3.06%/577.2MiB / 4.804GiB ; elasticsearch=4.02%/1.526GiB / 4.804
[17:10:12] host CPU 19.6% RAM 91.1% | GPU 202MB/1% | kafka=3.18%/577.2MiB / 4.804GiB ; elasticsearch=3.65%/1.526GiB / 4.804
[17:10:16] host CPU 18.8% RAM 91.1% | GPU 202MB/3% | kafka=2.59%/577.5MiB / 4.804GiB ; elasticsearch=3.61%/1.526GiB / 4.804
[17:10:21] host CPU 14.8% RAM 89.8% | GPU 210MB/3% | kafka=1.40%/577.3MiB / 4.804GiB ; elasticsearch=0.43%/1.526GiB / 4.804
