Sampling every 2s for 5000s -> F:\hate-speech-pipeline\reports\scaling\20260926-173011_p4_c4_r1\resource_WIX.csv
Run your load (throughput_bench.py / a live stream) now in another terminal.

[17:30:15] host CPU 0.0% RAM 76.8% | GPU 207MB/7% | kafka=0.83%/787.3MiB / 4.804GiB ; elasticsearch=0.55%/1.537GiB / 4.804
[17:30:19] host CPU 60.5% RAM 86.2% | GPU 212MB/2% | kafka=0.90%/787.4MiB / 4.804GiB ; elasticsearch=2.87%/1.537GiB / 4.804
[17:30:23] host CPU 64.6% RAM 88.1% | GPU 212MB/1% | kafka=190.36%/849MiB / 4.804GiB ; elasticsearch=0.56%/1.537GiB / 4.804
[17:30:27] host CPU 64.8% RAM 91.7% | GPU 214MB/2% | kafka=0.84%/787.8MiB / 4.804GiB ; elasticsearch=0.48%/1.537GiB / 4.804
[17:30:32] host CPU 8.5% RAM 91.2% | GPU 218MB/1% | kafka=3.34%/788.6MiB / 4.804GiB ; elasticsearch=0.37%/1.537GiB / 4.804
[17:30:35] host CPU 25.9% RAM 93.6% | GPU 201MB/1% | kafka=171.11%/851.8MiB / 4.804GiB ; elasticsearch=12.18%/1.537GiB / 4.
[17:30:40] host CPU 52.9% RAM 93.7% | GPU 204MB/3% | kafka=7.79%/799.1MiB / 4.804GiB ; elasticsearch=7.35%/1.537GiB / 4.804
[17:30:44] host CPU 28.2% RAM 93.8% | GPU 198MB/2% | kafka=3.79%/798.7MiB / 4.804GiB ; elasticsearch=8.55%/1.537GiB / 4.804
[17:30:48] host CPU 36.5% RAM 93.9% | GPU 198MB/1% | kafka=82.23%/799MiB / 4.804GiB ; elasticsearch=9.80%/1.537GiB / 4.804G
[17:30:53] host CPU 39.6% RAM 93.8% | GPU 202MB/2% | kafka=4.27%/799.1MiB / 4.804GiB ; elasticsearch=8.10%/1.538GiB / 4.804
[17:30:57] host CPU 30.3% RAM 93.8% | GPU 196MB/2% | kafka=3.71%/798.9MiB / 4.804GiB ; elasticsearch=7.68%/1.538GiB / 4.804
[17:31:02] host CPU 46.3% RAM 93.9% | GPU 202MB/2% | kafka=3.75%/799MiB / 4.804GiB ; elasticsearch=4.96%/1.538GiB / 4.804Gi
[17:31:05] host CPU 30.4% RAM 93.9% | GPU 196MB/1% | kafka=4.23%/799.1MiB / 4.804GiB ; elasticsearch=9.10%/1.538GiB / 4.804
[17:31:10] host CPU 33.7% RAM 93.9% | GPU 202MB/11% | kafka=185.88%/850.2MiB / 4.804GiB ; elasticsearch=6.70%/1.538GiB / 4.8
[17:31:14] host CPU 42.5% RAM 94.0% | GPU 202MB/1% | kafka=3.63%/799.3MiB / 4.804GiB ; elasticsearch=8.58%/1.538GiB / 4.804
[17:31:18] host CPU 33.9% RAM 94.0% | GPU 202MB/2% | kafka=4.11%/799.3MiB / 4.804GiB ; elasticsearch=6.10%/1.538GiB / 4.804
[17:31:23] host CPU 30.6% RAM 93.9% | GPU 204MB/2% | kafka=115.61%/875.5MiB / 4.804GiB ; elasticsearch=5.51%/1.538GiB / 4.8
[17:31:27] host CPU 41.6% RAM 93.8% | GPU 199MB/1% | kafka=3.83%/799.5MiB / 4.804GiB ; elasticsearch=5.33%/1.538GiB / 4.804
[17:31:32] host CPU 30.9% RAM 94.0% | GPU 205MB/2% | kafka=3.67%/799.9MiB / 4.804GiB ; elasticsearch=6.34%/1.538GiB / 4.804
[17:31:36] host CPU 41.3% RAM 94.0% | GPU 198MB/2% | kafka=3.92%/799.7MiB / 4.804GiB ; elasticsearch=5.91%/1.538GiB / 4.804
[17:31:40] host CPU 28.5% RAM 94.0% | GPU 201MB/4% | kafka=3.48%/800MiB / 4.804GiB ; elasticsearch=6.68%/1.538GiB / 4.804Gi
[17:31:44] host CPU 29.0% RAM 94.1% | GPU 201MB/2% | kafka=129.15%/840MiB / 4.804GiB ; elasticsearch=5.66%/1.538GiB / 4.804
[17:31:48] host CPU 42.4% RAM 94.2% | GPU 201MB/1% | kafka=3.62%/800.2MiB / 4.804GiB ; elasticsearch=5.07%/1.538GiB / 4.804
[17:31:53] host CPU 31.2% RAM 94.0% | GPU 207MB/2% | kafka=3.47%/800MiB / 4.804GiB ; elasticsearch=7.51%/1.538GiB / 4.804Gi
[17:31:57] host CPU 31.1% RAM 94.0% | GPU 200MB/2% | kafka=122.69%/874.5MiB / 4.804GiB ; elasticsearch=6.18%/1.538GiB / 4.8
[17:32:02] host CPU 39.8% RAM 94.0% | GPU 202MB/1% | kafka=3.77%/800.2MiB / 4.804GiB ; elasticsearch=7.60%/1.538GiB / 4.804
[17:32:06] host CPU 31.4% RAM 94.0% | GPU 196MB/2% | kafka=3.74%/800.5MiB / 4.804GiB ; elasticsearch=9.04%/1.538GiB / 4.804
[17:32:10] host CPU 42.6% RAM 94.0% | GPU 200MB/5% | kafka=4.00%/799MiB / 4.804GiB ; elasticsearch=9.92%/1.537GiB / 4.804Gi
[17:32:14] host CPU 35.9% RAM 94.2% | GPU 198MB/2% | kafka=4.25%/799.1MiB / 4.804GiB ; elasticsearch=6.96%/1.537GiB / 4.804
[17:32:18] host CPU 35.1% RAM 94.3% | GPU 200MB/6% | kafka=4.64%/798.9MiB / 4.804GiB ; elasticsearch=7.22%/1.537GiB / 4.804
[17:32:23] host CPU 51.1% RAM 94.1% | GPU 204MB/2% | kafka=4.04%/799.5MiB / 4.804GiB ; elasticsearch=5.84%/1.537GiB / 4.804
[17:32:27] host CPU 31.4% RAM 94.1% | GPU 202MB/1% | kafka=3.46%/799.1MiB / 4.804GiB ; elasticsearch=5.37%/1.537GiB / 4.804
[17:32:32] host CPU 34.3% RAM 94.3% | GPU 208MB/2% | kafka=115.58%/836MiB / 4.804GiB ; elasticsearch=5.35%/1.537GiB / 4.804
[17:32:36] host CPU 36.4% RAM 94.2% | GPU 202MB/2% | kafka=3.33%/799.3MiB / 4.804GiB ; elasticsearch=5.53%/1.537GiB / 4.804
[17:32:40] host CPU 30.9% RAM 94.2% | GPU 201MB/4% | kafka=3.38%/799.8MiB / 4.804GiB ; elasticsearch=5.99%/1.537GiB / 4.804
[17:32:44] host CPU 34.0% RAM 94.2% | GPU 202MB/2% | kafka=18.60%/799.4MiB / 4.804GiB ; elasticsearch=6.56%/1.537GiB / 4.80
[17:32:48] host CPU 37.3% RAM 94.3% | GPU 202MB/1% | kafka=4.10%/799.5MiB / 4.804GiB ; elasticsearch=5.40%/1.537GiB / 4.804
[17:32:53] host CPU 30.5% RAM 94.0% | GPU 208MB/7% | kafka=3.44%/799.8MiB / 4.804GiB ; elasticsearch=5.39%/1.537GiB / 4.804
[17:32:57] host CPU 34.9% RAM 94.0% | GPU 202MB/2% | kafka=3.99%/799.7MiB / 4.804GiB ; elasticsearch=9.20%/1.537GiB / 4.804
[17:33:02] host CPU 29.7% RAM 94.1% | GPU 206MB/1% | kafka=3.57%/799.7MiB / 4.804GiB ; elasticsearch=6.12%/1.537GiB / 4.804
[17:33:06] host CPU 28.2% RAM 93.8% | GPU 200MB/3% | kafka=185.98%/849MiB / 4.804GiB ; elasticsearch=6.71%/1.537GiB / 4.804
[17:33:10] host CPU 46.5% RAM 93.6% | GPU 204MB/4% | kafka=3.92%/800.1MiB / 4.804GiB ; elasticsearch=5.39%/1.537GiB / 4.804
[17:33:14] host CPU 27.6% RAM 93.7% | GPU 202MB/2% | kafka=4.10%/800MiB / 4.804GiB ; elasticsearch=6.03%/1.537GiB / 4.804Gi
[17:33:18] host CPU 40.9% RAM 93.9% | GPU 198MB/2% | kafka=145.23%/876.1MiB / 4.804GiB ; elasticsearch=7.32%/1.537GiB / 4.8
[17:33:23] host CPU 48.4% RAM 93.7% | GPU 206MB/1% | kafka=3.91%/800.1MiB / 4.804GiB ; elasticsearch=5.99%/1.538GiB / 4.804
[17:33:27] host CPU 30.3% RAM 93.5% | GPU 204MB/8% | kafka=3.26%/800.5MiB / 4.804GiB ; elasticsearch=5.00%/1.537GiB / 4.804
[17:33:32] host CPU 47.7% RAM 93.7% | GPU 207MB/2% | kafka=4.00%/800.3MiB / 4.804GiB ; elasticsearch=6.01%/1.538GiB / 4.804
[17:33:36] host CPU 35.5% RAM 93.7% | GPU 199MB/3% | kafka=3.72%/800.4MiB / 4.804GiB ; elasticsearch=6.02%/1.537GiB / 4.804
[17:33:40] host CPU 30.9% RAM 93.8% | GPU 201MB/3% | kafka=4.05%/800.7MiB / 4.804GiB ; elasticsearch=6.11%/1.538GiB / 4.804
[17:33:44] host CPU 36.4% RAM 93.9% | GPU 199MB/2% | kafka=4.03%/800.6MiB / 4.804GiB ; elasticsearch=5.55%/1.537GiB / 4.804
[17:33:48] host CPU 28.8% RAM 94.0% | GPU 199MB/1% | kafka=3.41%/800.6MiB / 4.804GiB ; elasticsearch=5.54%/1.538GiB / 4.804
[17:33:53] host CPU 32.1% RAM 93.6% | GPU 201MB/2% | kafka=127.64%/839.2MiB / 4.804GiB ; elasticsearch=4.60%/1.538GiB / 4.8
[17:33:57] host CPU 40.8% RAM 93.7% | GPU 199MB/2% | kafka=3.49%/801.1MiB / 4.804GiB ; elasticsearch=5.48%/1.538GiB / 4.804
[17:34:02] host CPU 30.5% RAM 93.8% | GPU 205MB/8% | kafka=3.45%/801.1MiB / 4.804GiB ; elasticsearch=5.94%/1.538GiB / 4.804
[17:34:06] host CPU 35.6% RAM 93.7% | GPU 200MB/2% | kafka=4.79%/801MiB / 4.804GiB ; elasticsearch=6.45%/1.538GiB / 4.804Gi
[17:34:10] host CPU 37.2% RAM 94.0% | GPU 203MB/4% | kafka=4.68%/801.5MiB / 4.804GiB ; elasticsearch=5.61%/1.538GiB / 4.804
[17:34:14] host CPU 29.2% RAM 94.0% | GPU 202MB/2% | kafka=47.17%/827MiB / 4.804GiB ; elasticsearch=16.38%/1.538GiB / 4.804
[17:34:18] host CPU 48.0% RAM 94.0% | GPU 197MB/2% | kafka=4.37%/801.2MiB / 4.804GiB ; elasticsearch=6.63%/1.538GiB / 4.804
[17:34:23] host CPU 35.4% RAM 93.7% | GPU 203MB/2% | kafka=4.24%/801.3MiB / 4.804GiB ; elasticsearch=5.72%/1.538GiB / 4.804
[17:34:27] host CPU 26.9% RAM 93.6% | GPU 199MB/1% | kafka=162.09%/881.1MiB / 4.804GiB ; elasticsearch=7.41%/1.538GiB / 4.8
[17:34:32] host CPU 47.7% RAM 93.9% | GPU 201MB/2% | kafka=6.25%/800.1MiB / 4.804GiB ; elasticsearch=5.97%/1.537GiB / 4.804
[17:34:36] host CPU 29.3% RAM 93.8% | GPU 200MB/7% | kafka=3.98%/800.5MiB / 4.804GiB ; elasticsearch=6.49%/1.536GiB / 4.804
[17:34:40] host CPU 40.7% RAM 93.8% | GPU 202MB/6% | kafka=151.89%/873.4MiB / 4.804GiB ; elasticsearch=5.84%/1.536GiB / 4.8
[17:34:44] host CPU 40.2% RAM 94.0% | GPU 196MB/3% | kafka=3.66%/800.6MiB / 4.804GiB ; elasticsearch=5.32%/1.536GiB / 4.804
[17:34:48] host CPU 27.4% RAM 94.0% | GPU 196MB/2% | kafka=3.63%/800.4MiB / 4.804GiB ; elasticsearch=7.27%/1.537GiB / 4.804
[17:34:53] host CPU 45.1% RAM 93.7% | GPU 200MB/1% | kafka=3.78%/800.8MiB / 4.804GiB ; elasticsearch=6.09%/1.537GiB / 4.804
[17:34:57] host CPU 28.7% RAM 93.7% | GPU 198MB/2% | kafka=3.50%/800.6MiB / 4.804GiB ; elasticsearch=5.86%/1.537GiB / 4.804
[17:35:02] host CPU 31.6% RAM 93.7% | GPU 200MB/1% | kafka=182.54%/862.2MiB / 4.804GiB ; elasticsearch=12.66%/1.537GiB / 4.
[17:35:06] host CPU 41.9% RAM 93.7% | GPU 198MB/2% | kafka=4.09%/801MiB / 4.804GiB ; elasticsearch=5.80%/1.537GiB / 4.804Gi
[17:35:10] host CPU 32.1% RAM 93.8% | GPU 200MB/6% | kafka=3.37%/801.1MiB / 4.804GiB ; elasticsearch=39.69%/1.537GiB / 4.80
[17:35:14] host CPU 34.9% RAM 93.7% | GPU 196MB/3% | kafka=126.51%/889.2MiB / 4.804GiB ; elasticsearch=6.20%/1.537GiB / 4.8
[17:35:18] host CPU 42.9% RAM 93.9% | GPU 196MB/1% | kafka=4.87%/800.5MiB / 4.804GiB ; elasticsearch=12.16%/1.537GiB / 4.80
[17:35:23] host CPU 41.1% RAM 93.6% | GPU 202MB/2% | kafka=3.81%/800.6MiB / 4.804GiB ; elasticsearch=5.17%/1.537GiB / 4.804
[17:35:27] host CPU 36.3% RAM 93.6% | GPU 200MB/2% | kafka=3.64%/800.7MiB / 4.804GiB ; elasticsearch=6.90%/1.536GiB / 4.804
[17:35:32] host CPU 35.4% RAM 93.8% | GPU 204MB/2% | kafka=3.53%/801MiB / 4.804GiB ; elasticsearch=5.50%/1.536GiB / 4.804Gi
[17:35:36] host CPU 27.0% RAM 93.8% | GPU 198MB/2% | kafka=69.86%/824.4MiB / 4.804GiB ; elasticsearch=7.14%/1.536GiB / 4.80
[17:35:40] host CPU 53.2% RAM 93.8% | GPU 200MB/4% | kafka=3.88%/801MiB / 4.804GiB ; elasticsearch=5.40%/1.536GiB / 4.804Gi
[17:35:44] host CPU 28.0% RAM 93.9% | GPU 197MB/8% | kafka=3.57%/801.3MiB / 4.804GiB ; elasticsearch=8.41%/1.536GiB / 4.804
[17:35:48] host CPU 29.2% RAM 93.9% | GPU 197MB/2% | kafka=179.54%/853.1MiB / 4.804GiB ; elasticsearch=20.25%/1.536GiB / 4.
[17:35:53] host CPU 48.4% RAM 93.8% | GPU 203MB/1% | kafka=3.46%/801.5MiB / 4.804GiB ; elasticsearch=7.17%/1.537GiB / 4.804
[17:35:57] host CPU 28.7% RAM 93.6% | GPU 200MB/2% | kafka=3.74%/801.6MiB / 4.804GiB ; elasticsearch=39.96%/1.537GiB / 4.80
[17:36:02] host CPU 43.6% RAM 93.7% | GPU 202MB/1% | kafka=5.13%/801.8MiB / 4.804GiB ; elasticsearch=6.65%/1.537GiB / 4.804
[17:36:06] host CPU 40.4% RAM 93.8% | GPU 196MB/2% | kafka=4.01%/801.9MiB / 4.804GiB ; elasticsearch=17.05%/1.537GiB / 4.80
[17:36:10] host CPU 33.0% RAM 93.7% | GPU 202MB/5% | kafka=3.85%/802.3MiB / 4.804GiB ; elasticsearch=5.30%/1.537GiB / 4.804
[17:36:14] host CPU 40.0% RAM 93.8% | GPU 196MB/2% | kafka=4.46%/801.5MiB / 4.804GiB ; elasticsearch=6.57%/1.536GiB / 4.804
[17:36:18] host CPU 25.7% RAM 92.9% | GPU 197MB/5% | kafka=2.59%/801.7MiB / 4.804GiB ; elasticsearch=1.11%/1.536GiB / 4.804
