Sampling every 2s for 5000s -> F:\hate-speech-pipeline\reports\scaling\20260926-171024_p4_c4_r2\resource_WIX.csv
Run your load (throughput_bench.py / a live stream) now in another terminal.

[17:10:27] host CPU 0.0% RAM 73.9% | GPU 198MB/12% | kafka=1.05%/577.4MiB / 4.804GiB ; elasticsearch=0.62%/1.526GiB / 4.804
[17:10:32] host CPU 56.7% RAM 82.6% | GPU 204MB/2% | kafka=166.53%/618.6MiB / 4.804GiB ; elasticsearch=0.98%/1.526GiB / 4.8
[17:10:36] host CPU 65.0% RAM 84.2% | GPU 204MB/3% | kafka=0.86%/577.6MiB / 4.804GiB ; elasticsearch=0.68%/1.526GiB / 4.804
[17:10:41] host CPU 58.4% RAM 88.5% | GPU 198MB/3% | kafka=0.82%/577.7MiB / 4.804GiB ; elasticsearch=0.48%/1.526GiB / 4.804
[17:10:45] host CPU 13.7% RAM 88.5% | GPU 200MB/2% | kafka=1.15%/577.7MiB / 4.804GiB ; elasticsearch=0.47%/1.526GiB / 4.804
[17:10:49] host CPU 29.4% RAM 91.1% | GPU 205MB/3% | kafka=4.13%/578.1MiB / 4.804GiB ; elasticsearch=17.83%/1.527GiB / 4.80
[17:10:53] host CPU 25.5% RAM 91.2% | GPU 206MB/1% | kafka=37.43%/605.4MiB / 4.804GiB ; elasticsearch=6.77%/1.528GiB / 4.80
[17:10:57] host CPU 31.7% RAM 91.1% | GPU 201MB/2% | kafka=4.55%/579.3MiB / 4.804GiB ; elasticsearch=8.39%/1.528GiB / 4.804
[17:11:02] host CPU 19.6% RAM 91.1% | GPU 199MB/1% | kafka=3.37%/579.4MiB / 4.804GiB ; elasticsearch=11.97%/1.528GiB / 4.80
[17:11:06] host CPU 20.3% RAM 91.1% | GPU 199MB/2% | kafka=189.77%/643.6MiB / 4.804GiB ; elasticsearch=21.22%/1.528GiB / 4.
[17:11:11] host CPU 31.1% RAM 91.3% | GPU 205MB/1% | kafka=3.23%/580.2MiB / 4.804GiB ; elasticsearch=5.34%/1.528GiB / 4.804
[17:11:14] host CPU 16.3% RAM 90.9% | GPU 205MB/3% | kafka=2.67%/582.4MiB / 4.804GiB ; elasticsearch=3.76%/1.528GiB / 4.804
[17:11:18] host CPU 28.5% RAM 90.9% | GPU 208MB/2% | kafka=2.68%/587.6MiB / 4.804GiB ; elasticsearch=3.48%/1.529GiB / 4.804
[17:11:23] host CPU 17.7% RAM 91.0% | GPU 208MB/1% | kafka=2.75%/587.6MiB / 4.804GiB ; elasticsearch=5.94%/1.529GiB / 4.804
[17:11:26] host CPU 16.3% RAM 91.1% | GPU 200MB/1% | kafka=2.57%/587.7MiB / 4.804GiB ; elasticsearch=4.01%/1.529GiB / 4.804
[17:11:31] host CPU 33.1% RAM 91.0% | GPU 198MB/2% | kafka=2.52%/588MiB / 4.804GiB ; elasticsearch=3.47%/1.529GiB / 4.804Gi
[17:11:34] host CPU 16.6% RAM 90.9% | GPU 201MB/3% | kafka=2.42%/587.9MiB / 4.804GiB ; elasticsearch=6.87%/1.529GiB / 4.804
[17:11:39] host CPU 19.2% RAM 91.1% | GPU 203MB/2% | kafka=120.30%/664.6MiB / 4.804GiB ; elasticsearch=3.54%/1.529GiB / 4.8
[17:11:43] host CPU 26.7% RAM 91.2% | GPU 204MB/7% | kafka=2.41%/588.2MiB / 4.804GiB ; elasticsearch=5.44%/1.529GiB / 4.804
[17:11:47] host CPU 18.9% RAM 91.2% | GPU 204MB/2% | kafka=2.75%/588MiB / 4.804GiB ; elasticsearch=3.72%/1.529GiB / 4.804Gi
[17:11:52] host CPU 32.5% RAM 91.1% | GPU 203MB/1% | kafka=25.05%/588.1MiB / 4.804GiB ; elasticsearch=3.94%/1.529GiB / 4.80
[17:11:56] host CPU 18.9% RAM 91.2% | GPU 198MB/2% | kafka=2.67%/588.4MiB / 4.804GiB ; elasticsearch=4.02%/1.529GiB / 4.804
[17:12:01] host CPU 18.7% RAM 91.2% | GPU 200MB/1% | kafka=42.04%/616.5MiB / 4.804GiB ; elasticsearch=3.81%/1.529GiB / 4.80
[17:12:04] host CPU 23.7% RAM 91.2% | GPU 200MB/3% | kafka=2.52%/588.3MiB / 4.804GiB ; elasticsearch=4.09%/1.529GiB / 4.804
[17:12:09] host CPU 17.9% RAM 91.0% | GPU 203MB/5% | kafka=2.34%/588.4MiB / 4.804GiB ; elasticsearch=3.75%/1.529GiB / 4.804
[17:12:13] host CPU 20.5% RAM 91.2% | GPU 203MB/1% | kafka=2.54%/588MiB / 4.804GiB ; elasticsearch=3.64%/1.529GiB / 4.804Gi
[17:12:17] host CPU 17.7% RAM 90.9% | GPU 204MB/2% | kafka=2.38%/588.1MiB / 4.804GiB ; elasticsearch=4.05%/1.529GiB / 4.804
[17:12:22] host CPU 19.7% RAM 90.8% | GPU 204MB/1% | kafka=2.77%/588.3MiB / 4.804GiB ; elasticsearch=3.86%/1.529GiB / 4.804
[17:12:26] host CPU 25.4% RAM 91.1% | GPU 199MB/2% | kafka=14.47%/588.2MiB / 4.804GiB ; elasticsearch=15.58%/1.529GiB / 4.8
[17:12:31] host CPU 18.8% RAM 91.4% | GPU 202MB/1% | kafka=2.85%/588.3MiB / 4.804GiB ; elasticsearch=3.79%/1.529GiB / 4.804
[17:12:34] host CPU 22.1% RAM 91.2% | GPU 202MB/3% | kafka=82.77%/587.6MiB / 4.804GiB ; elasticsearch=3.58%/1.529GiB / 4.80
[17:12:38] host CPU 21.4% RAM 91.0% | GPU 210MB/5% | kafka=2.58%/587.6MiB / 4.804GiB ; elasticsearch=3.82%/1.529GiB / 4.804
[17:12:43] host CPU 19.0% RAM 91.0% | GPU 210MB/2% | kafka=2.76%/587.7MiB / 4.804GiB ; elasticsearch=3.67%/1.529GiB / 4.804
[17:12:46] host CPU 29.7% RAM 91.5% | GPU 205MB/1% | kafka=2.86%/588MiB / 4.804GiB ; elasticsearch=4.21%/1.529GiB / 4.804Gi
[17:12:51] host CPU 21.4% RAM 91.3% | GPU 197MB/2% | kafka=3.15%/587.8MiB / 4.804GiB ; elasticsearch=4.72%/1.529GiB / 4.804
[17:12:55] host CPU 18.9% RAM 91.3% | GPU 200MB/3% | kafka=23.49%/587.9MiB / 4.804GiB ; elasticsearch=3.34%/1.529GiB / 4.80
[17:12:59] host CPU 27.7% RAM 91.1% | GPU 206MB/2% | kafka=2.56%/588MiB / 4.804GiB ; elasticsearch=5.25%/1.529GiB / 4.804Gi
[17:13:03] host CPU 14.8% RAM 91.2% | GPU 206MB/2% | kafka=2.51%/588.3MiB / 4.804GiB ; elasticsearch=3.55%/1.529GiB / 4.804
[17:13:07] host CPU 16.8% RAM 91.4% | GPU 206MB/2% | kafka=144.70%/665.5MiB / 4.804GiB ; elasticsearch=12.81%/1.529GiB / 4.
[17:13:12] host CPU 30.0% RAM 91.3% | GPU 212MB/1% | kafka=2.63%/591.3MiB / 4.804GiB ; elasticsearch=3.75%/1.529GiB / 4.804
[17:13:16] host CPU 15.9% RAM 91.3% | GPU 204MB/2% | kafka=2.70%/597.3MiB / 4.804GiB ; elasticsearch=5.74%/1.529GiB / 4.804
[17:13:21] host CPU 25.2% RAM 91.3% | GPU 202MB/1% | kafka=2.59%/596.6MiB / 4.804GiB ; elasticsearch=3.10%/1.529GiB / 4.804
[17:13:24] host CPU 18.1% RAM 91.4% | GPU 204MB/3% | kafka=2.77%/596.7MiB / 4.804GiB ; elasticsearch=3.96%/1.529GiB / 4.804
[17:13:28] host CPU 18.1% RAM 91.4% | GPU 206MB/2% | kafka=46.57%/626.2MiB / 4.804GiB ; elasticsearch=3.86%/1.529GiB / 4.80
[17:13:33] host CPU 28.2% RAM 91.3% | GPU 208MB/2% | kafka=2.77%/596.8MiB / 4.804GiB ; elasticsearch=34.20%/1.529GiB / 4.80
[17:13:36] host CPU 17.7% RAM 91.5% | GPU 210MB/1% | kafka=3.25%/597.1MiB / 4.804GiB ; elasticsearch=3.73%/1.529GiB / 4.804
[17:13:41] host CPU 19.4% RAM 91.3% | GPU 210MB/2% | kafka=60.97%/596.9MiB / 4.804GiB ; elasticsearch=3.68%/1.529GiB / 4.80
[17:13:45] host CPU 24.3% RAM 91.4% | GPU 200MB/3% | kafka=2.51%/597.2MiB / 4.804GiB ; elasticsearch=6.02%/1.529GiB / 4.804
[17:13:49] host CPU 19.4% RAM 91.1% | GPU 203MB/3% | kafka=2.59%/597MiB / 4.804GiB ; elasticsearch=3.72%/1.529GiB / 4.804Gi
[17:13:53] host CPU 28.2% RAM 91.4% | GPU 203MB/2% | kafka=2.38%/597.1MiB / 4.804GiB ; elasticsearch=5.07%/1.529GiB / 4.804
[17:13:57] host CPU 19.8% RAM 91.4% | GPU 204MB/1% | kafka=2.63%/597.1MiB / 4.804GiB ; elasticsearch=3.63%/1.529GiB / 4.804
[17:14:02] host CPU 19.4% RAM 91.3% | GPU 207MB/2% | kafka=144.89%/645.7MiB / 4.804GiB ; elasticsearch=3.57%/1.529GiB / 4.8
[17:14:06] host CPU 25.6% RAM 91.4% | GPU 207MB/2% | kafka=2.61%/597.2MiB / 4.804GiB ; elasticsearch=3.83%/1.529GiB / 4.804
[17:14:11] host CPU 20.3% RAM 91.4% | GPU 208MB/2% | kafka=2.49%/597.3MiB / 4.804GiB ; elasticsearch=4.27%/1.529GiB / 4.804
[17:14:15] host CPU 23.6% RAM 91.4% | GPU 200MB/3% | kafka=3.53%/597.3MiB / 4.804GiB ; elasticsearch=3.57%/1.529GiB / 4.804
[17:14:18] host CPU 19.2% RAM 91.3% | GPU 205MB/1% | kafka=2.64%/597.4MiB / 4.804GiB ; elasticsearch=3.80%/1.529GiB / 4.804
[17:14:23] host CPU 16.8% RAM 91.2% | GPU 206MB/1% | kafka=2.77%/597.5MiB / 4.804GiB ; elasticsearch=5.77%/1.529GiB / 4.804
[17:14:26] host CPU 25.2% RAM 91.5% | GPU 206MB/2% | kafka=2.84%/597.7MiB / 4.804GiB ; elasticsearch=3.89%/1.529GiB / 4.804
[17:14:31] host CPU 24.5% RAM 91.4% | GPU 214MB/2% | kafka=2.61%/598MiB / 4.804GiB ; elasticsearch=3.66%/1.53GiB / 4.804GiB
[17:14:35] host CPU 15.4% RAM 91.3% | GPU 209MB/3% | kafka=113.40%/638.7MiB / 4.804GiB ; elasticsearch=3.68%/1.529GiB / 4.8
[17:14:39] host CPU 29.1% RAM 91.4% | GPU 200MB/3% | kafka=2.62%/597.6MiB / 4.804GiB ; elasticsearch=4.04%/1.529GiB / 4.804
[17:14:43] host CPU 14.9% RAM 91.4% | GPU 197MB/2% | kafka=2.57%/597.9MiB / 4.804GiB ; elasticsearch=3.67%/1.529GiB / 4.804
[17:14:47] host CPU 23.0% RAM 91.5% | GPU 198MB/1% | kafka=3.67%/597.8MiB / 4.804GiB ; elasticsearch=3.39%/1.529GiB / 4.804
[17:14:52] host CPU 23.4% RAM 91.5% | GPU 201MB/1% | kafka=3.91%/598MiB / 4.804GiB ; elasticsearch=3.37%/1.529GiB / 4.804Gi
[17:14:56] host CPU 18.0% RAM 91.5% | GPU 201MB/2% | kafka=2.84%/598.2MiB / 4.804GiB ; elasticsearch=3.54%/1.529GiB / 4.804
[17:15:01] host CPU 23.4% RAM 91.4% | GPU 207MB/4% | kafka=2.69%/598.1MiB / 4.804GiB ; elasticsearch=3.65%/1.529GiB / 4.804
[17:15:05] host CPU 16.9% RAM 91.5% | GPU 204MB/3% | kafka=2.63%/598.1MiB / 4.804GiB ; elasticsearch=3.63%/1.529GiB / 4.804
[17:15:08] host CPU 20.2% RAM 91.5% | GPU 202MB/2% | kafka=177.21%/666.3MiB / 4.804GiB ; elasticsearch=5.58%/1.529GiB / 4.8
[17:15:13] host CPU 28.7% RAM 91.5% | GPU 202MB/1% | kafka=2.77%/598.4MiB / 4.804GiB ; elasticsearch=3.50%/1.529GiB / 4.804
[17:15:16] host CPU 16.8% RAM 91.6% | GPU 202MB/2% | kafka=7.68%/599.4MiB / 4.804GiB ; elasticsearch=3.54%/1.529GiB / 4.804
[17:15:21] host CPU 27.7% RAM 91.4% | GPU 200MB/1% | kafka=76.42%/608.4MiB / 4.804GiB ; elasticsearch=3.57%/1.53GiB / 4.804
[17:15:25] host CPU 19.8% RAM 91.4% | GPU 202MB/8% | kafka=2.76%/601.5MiB / 4.804GiB ; elasticsearch=3.68%/1.529GiB / 4.804
[17:15:29] host CPU 18.2% RAM 91.5% | GPU 201MB/3% | kafka=17.45%/607.2MiB / 4.804GiB ; elasticsearch=12.67%/1.53GiB / 4.80
[17:15:34] host CPU 25.4% RAM 91.5% | GPU 201MB/2% | kafka=2.70%/608.3MiB / 4.804GiB ; elasticsearch=3.81%/1.53GiB / 4.804G
[17:15:37] host CPU 17.8% RAM 91.7% | GPU 201MB/2% | kafka=2.81%/610.6MiB / 4.804GiB ; elasticsearch=3.55%/1.53GiB / 4.804G
[17:15:42] host CPU 18.1% RAM 91.6% | GPU 206MB/2% | kafka=137.21%/666.5MiB / 4.804GiB ; elasticsearch=2.89%/1.53GiB / 4.80
[17:15:46] host CPU 22.2% RAM 91.6% | GPU 206MB/1% | kafka=2.73%/615.6MiB / 4.804GiB ; elasticsearch=7.38%/1.53GiB / 4.804G
[17:15:51] host CPU 16.7% RAM 91.0% | GPU 210MB/4% | kafka=2.22%/615.6MiB / 4.804GiB ; elasticsearch=3.39%/1.53GiB / 4.804G
[17:15:55] host CPU 26.0% RAM 91.5% | GPU 210MB/2% | kafka=3.38%/615.7MiB / 4.804GiB ; elasticsearch=5.43%/1.53GiB / 4.804G
[17:15:58] host CPU 22.8% RAM 91.4% | GPU 209MB/2% | kafka=2.30%/615.8MiB / 4.804GiB ; elasticsearch=3.52%/1.53GiB / 4.804G
[17:16:03] host CPU 16.4% RAM 91.5% | GPU 198MB/2% | kafka=2.68%/615.8MiB / 4.804GiB ; elasticsearch=3.40%/1.53GiB / 4.804G
[17:16:07] host CPU 25.7% RAM 91.8% | GPU 198MB/1% | kafka=2.52%/615.9MiB / 4.804GiB ; elasticsearch=3.56%/1.53GiB / 4.804G
[17:16:11] host CPU 17.1% RAM 91.6% | GPU 200MB/2% | kafka=2.71%/615.9MiB / 4.804GiB ; elasticsearch=3.28%/1.53GiB / 4.804G
[17:16:15] host CPU 19.1% RAM 91.6% | GPU 200MB/3% | kafka=101.84%/694.6MiB / 4.804GiB ; elasticsearch=3.42%/1.53GiB / 4.80
[17:16:19] host CPU 23.8% RAM 91.5% | GPU 199MB/3% | kafka=2.63%/616.3MiB / 4.804GiB ; elasticsearch=11.49%/1.53GiB / 4.804
[17:16:24] host CPU 15.7% RAM 91.6% | GPU 200MB/2% | kafka=2.47%/616.1MiB / 4.804GiB ; elasticsearch=3.81%/1.53GiB / 4.804G
[17:16:27] host CPU 24.5% RAM 91.8% | GPU 192MB/2% | kafka=2.56%/616.1MiB / 4.804GiB ; elasticsearch=3.29%/1.53GiB / 4.804G
[17:16:32] host CPU 18.3% RAM 91.6% | GPU 198MB/2% | kafka=2.67%/616.2MiB / 4.804GiB ; elasticsearch=3.73%/1.53GiB / 4.804G
[17:16:36] host CPU 14.6% RAM 91.6% | GPU 198MB/1% | kafka=159.68%/699.4MiB / 4.804GiB ; elasticsearch=3.30%/1.53GiB / 4.80
[17:16:41] host CPU 22.6% RAM 91.6% | GPU 198MB/5% | kafka=2.49%/616.5MiB / 4.804GiB ; elasticsearch=3.19%/1.53GiB / 4.804G
[17:16:45] host CPU 16.8% RAM 91.3% | GPU 198MB/2% | kafka=2.38%/616.3MiB / 4.804GiB ; elasticsearch=3.84%/1.53GiB / 4.804G
[17:16:48] host CPU 26.4% RAM 91.5% | GPU 199MB/3% | kafka=3.12%/616.4MiB / 4.804GiB ; elasticsearch=3.36%/1.53GiB / 4.804G
[17:16:53] host CPU 19.8% RAM 91.5% | GPU 202MB/2% | kafka=2.27%/616.4MiB / 4.804GiB ; elasticsearch=3.21%/1.53GiB / 4.804G
[17:16:57] host CPU 18.1% RAM 91.5% | GPU 202MB/1% | kafka=2.57%/616.5MiB / 4.804GiB ; elasticsearch=4.00%/1.53GiB / 4.804G
[17:17:01] host CPU 31.7% RAM 91.7% | GPU 198MB/2% | kafka=2.47%/616.7MiB / 4.804GiB ; elasticsearch=3.23%/1.53GiB / 4.804G
[17:17:05] host CPU 17.9% RAM 91.4% | GPU 201MB/3% | kafka=2.84%/616.6MiB / 4.804GiB ; elasticsearch=3.42%/1.53GiB / 4.804G
[17:17:09] host CPU 16.0% RAM 91.4% | GPU 196MB/5% | kafka=171.94%/688.3MiB / 4.804GiB ; elasticsearch=3.42%/1.53GiB / 4.80
[17:17:14] host CPU 24.2% RAM 91.8% | GPU 196MB/2% | kafka=2.70%/616.9MiB / 4.804GiB ; elasticsearch=30.29%/1.53GiB / 4.804
[17:17:17] host CPU 18.8% RAM 91.4% | GPU 197MB/2% | kafka=3.04%/616.7MiB / 4.804GiB ; elasticsearch=3.77%/1.53GiB / 4.804G
[17:17:22] host CPU 26.7% RAM 91.4% | GPU 202MB/2% | kafka=2.68%/616.6MiB / 4.804GiB ; elasticsearch=3.88%/1.53GiB / 4.804G
[17:17:27] host CPU 19.6% RAM 91.6% | GPU 203MB/2% | kafka=2.47%/616.9MiB / 4.804GiB ; elasticsearch=3.81%/1.53GiB / 4.804G
[17:17:31] host CPU 19.1% RAM 91.6% | GPU 198MB/5% | kafka=7.99%/624.6MiB / 4.804GiB ; elasticsearch=2.95%/1.53GiB / 4.804G
[17:17:35] host CPU 21.6% RAM 91.7% | GPU 198MB/3% | kafka=2.57%/616.8MiB / 4.804GiB ; elasticsearch=3.41%/1.53GiB / 4.804G
[17:17:38] host CPU 16.6% RAM 91.7% | GPU 193MB/3% | kafka=2.68%/616.9MiB / 4.804GiB ; elasticsearch=3.47%/1.53GiB / 4.804G
[17:17:43] host CPU 17.8% RAM 91.6% | GPU 196MB/2% | kafka=170.60%/684.3MiB / 4.804GiB ; elasticsearch=3.63%/1.53GiB / 4.80
[17:17:47] host CPU 21.1% RAM 91.8% | GPU 196MB/2% | kafka=2.83%/617.2MiB / 4.804GiB ; elasticsearch=3.39%/1.53GiB / 4.804G
[17:17:51] host CPU 20.9% RAM 91.3% | GPU 198MB/2% | kafka=2.67%/617.5MiB / 4.804GiB ; elasticsearch=4.19%/1.53GiB / 4.804G
[17:17:55] host CPU 22.4% RAM 91.7% | GPU 198MB/3% | kafka=2.57%/617.7MiB / 4.804GiB ; elasticsearch=7.33%/1.53GiB / 4.804G
[17:17:59] host CPU 22.2% RAM 91.5% | GPU 202MB/4% | kafka=2.47%/618MiB / 4.804GiB ; elasticsearch=4.11%/1.53GiB / 4.804GiB
[17:18:04] host CPU 14.7% RAM 91.6% | GPU 202MB/2% | kafka=166.28%/674.8MiB / 4.804GiB ; elasticsearch=3.55%/1.53GiB / 4.80
[17:18:08] host CPU 26.2% RAM 91.8% | GPU 192MB/1% | kafka=3.44%/618.2MiB / 4.804GiB ; elasticsearch=3.68%/1.53GiB / 4.804G
[17:18:12] host CPU 23.1% RAM 91.8% | GPU 200MB/7% | kafka=2.53%/618.3MiB / 4.804GiB ; elasticsearch=3.83%/1.531GiB / 4.804
[17:18:17] host CPU 21.4% RAM 91.7% | GPU 200MB/2% | kafka=2.62%/620.6MiB / 4.804GiB ; elasticsearch=4.08%/1.53GiB / 4.804G
[17:18:21] host CPU 21.3% RAM 91.8% | GPU 200MB/3% | kafka=2.41%/623.5MiB / 4.804GiB ; elasticsearch=4.34%/1.53GiB / 4.804G
[17:18:25] host CPU 27.0% RAM 92.1% | GPU 200MB/3% | kafka=7.82%/627MiB / 4.804GiB ; elasticsearch=3.31%/1.53GiB / 4.804GiB
[17:18:29] host CPU 29.1% RAM 92.1% | GPU 199MB/3% | kafka=2.63%/628.5MiB / 4.804GiB ; elasticsearch=3.56%/1.53GiB / 4.804G
[17:18:34] host CPU 15.4% RAM 91.9% | GPU 200MB/1% | kafka=2.53%/630.9MiB / 4.804GiB ; elasticsearch=3.49%/1.53GiB / 4.804G
[17:18:38] host CPU 18.6% RAM 92.0% | GPU 193MB/2% | kafka=91.76%/633.2MiB / 4.804GiB ; elasticsearch=4.37%/1.531GiB / 4.80
[17:18:42] host CPU 24.4% RAM 91.9% | GPU 200MB/2% | kafka=2.75%/635.3MiB / 4.804GiB ; elasticsearch=5.81%/1.531GiB / 4.804
[17:18:47] host CPU 25.0% RAM 92.2% | GPU 202MB/2% | kafka=2.56%/638.5MiB / 4.804GiB ; elasticsearch=3.92%/1.531GiB / 4.804
[17:18:51] host CPU 35.7% RAM 92.4% | GPU 200MB/1% | kafka=2.65%/641.5MiB / 4.804GiB ; elasticsearch=3.80%/1.531GiB / 4.804
[17:18:55] host CPU 17.1% RAM 92.2% | GPU 200MB/3% | kafka=2.55%/643.6MiB / 4.804GiB ; elasticsearch=3.33%/1.531GiB / 4.804
[17:18:58] host CPU 19.5% RAM 92.0% | GPU 197MB/2% | kafka=90.48%/679.9MiB / 4.804GiB ; elasticsearch=3.69%/1.531GiB / 4.80
[17:19:03] host CPU 35.8% RAM 92.2% | GPU 200MB/2% | kafka=2.57%/648.1MiB / 4.804GiB ; elasticsearch=4.14%/1.531GiB / 4.804
[17:19:07] host CPU 18.8% RAM 92.4% | GPU 204MB/7% | kafka=2.50%/650.5MiB / 4.804GiB ; elasticsearch=3.40%/1.53GiB / 4.804G
[17:19:11] host CPU 22.5% RAM 92.2% | GPU 198MB/4% | kafka=51.14%/653.5MiB / 4.804GiB ; elasticsearch=3.48%/1.531GiB / 4.80
[17:19:15] host CPU 24.0% RAM 92.3% | GPU 200MB/3% | kafka=2.43%/655.7MiB / 4.804GiB ; elasticsearch=3.74%/1.531GiB / 4.804
[17:19:19] host CPU 19.2% RAM 92.1% | GPU 197MB/5% | kafka=3.06%/658.8MiB / 4.804GiB ; elasticsearch=5.36%/1.531GiB / 4.804
[17:19:24] host CPU 25.2% RAM 92.3% | GPU 197MB/1% | kafka=2.62%/661MiB / 4.804GiB ; elasticsearch=3.42%/1.531GiB / 4.804Gi
[17:19:28] host CPU 16.0% RAM 91.8% | GPU 193MB/2% | kafka=2.80%/663.2MiB / 4.804GiB ; elasticsearch=3.48%/1.531GiB / 4.804
[17:19:32] host CPU 18.6% RAM 91.7% | GPU 200MB/2% | kafka=9.38%/673.3MiB / 4.804GiB ; elasticsearch=3.54%/1.531GiB / 4.804
[17:19:37] host CPU 25.8% RAM 92.3% | GPU 202MB/2% | kafka=2.56%/668.6MiB / 4.804GiB ; elasticsearch=4.13%/1.53GiB / 4.804G
[17:19:41] host CPU 20.3% RAM 92.4% | GPU 197MB/3% | kafka=2.94%/671.4MiB / 4.804GiB ; elasticsearch=3.10%/1.531GiB / 4.804
[17:19:45] host CPU 24.0% RAM 92.5% | GPU 197MB/3% | kafka=2.59%/673.7MiB / 4.804GiB ; elasticsearch=3.53%/1.53GiB / 4.804G
[17:19:49] host CPU 18.2% RAM 92.1% | GPU 199MB/2% | kafka=2.79%/675.9MiB / 4.804GiB ; elasticsearch=4.33%/1.531GiB / 4.804
[17:19:53] host CPU 17.8% RAM 92.1% | GPU 200MB/2% | kafka=2.80%/678.7MiB / 4.804GiB ; elasticsearch=3.21%/1.531GiB / 4.804
[17:19:57] host CPU 25.1% RAM 92.4% | GPU 200MB/2% | kafka=2.62%/681.1MiB / 4.804GiB ; elasticsearch=3.48%/1.531GiB / 4.804
[17:20:01] host CPU 18.3% RAM 92.3% | GPU 200MB/5% | kafka=1.45%/684MiB / 4.804GiB ; elasticsearch=21.25%/1.531GiB / 4.804G
