Sampling every 2s for 5000s -> F:\hate-speech-pipeline\reports\scaling\20260926-183739_p4_c4_cuda_r1\resource_WIX.csv
Run your load (throughput_bench.py / a live stream) now in another terminal.

[18:37:42] host CPU 75.0% RAM 69.8% | GPU 205MB/6% | kafka=0.76%/853.5MiB / 4.804GiB ; elasticsearch=2.95%/1.539GiB / 4.804
[18:37:47] host CPU 56.8% RAM 78.6% | GPU 204MB/1% | kafka=0.98%/853.5MiB / 4.804GiB ; elasticsearch=0.53%/1.539GiB / 4.804
[18:37:50] host CPU 58.1% RAM 81.6% | GPU 205MB/1% | kafka=20.90%/867.3MiB / 4.804GiB ; elasticsearch=0.48%/1.539GiB / 4.80
[18:37:55] host CPU 70.0% RAM 84.1% | GPU 210MB/2% | kafka=3.70%/853.7MiB / 4.804GiB ; elasticsearch=0.74%/1.539GiB / 4.804
[18:37:59] host CPU 24.2% RAM 86.5% | GPU 1571MB/0% | kafka=0.70%/853.7MiB / 4.804GiB ; elasticsearch=0.58%/1.539GiB / 4.804
[18:38:03] host CPU 23.5% RAM 94.4% | GPU 1646MB/5% | kafka=72.19%/888.1MiB / 4.804GiB ; elasticsearch=4.11%/1.539GiB / 4.80
[18:38:07] host CPU 20.5% RAM 94.4% | GPU 1650MB/23% | kafka=2.49%/852.8MiB / 4.804GiB ; elasticsearch=4.74%/1.539GiB / 4.804
[18:38:11] host CPU 15.5% RAM 94.5% | GPU 1650MB/9% | kafka=2.59%/852.8MiB / 4.804GiB ; elasticsearch=8.73%/1.539GiB / 4.804
[18:38:16] host CPU 24.4% RAM 94.8% | GPU 1653MB/8% | kafka=21.45%/853.9MiB / 4.804GiB ; elasticsearch=4.07%/1.539GiB / 4.80
[18:38:20] host CPU 14.4% RAM 94.5% | GPU 1655MB/41% | kafka=2.68%/854MiB / 4.804GiB ; elasticsearch=6.33%/1.539GiB / 4.804Gi
[18:38:25] host CPU 16.6% RAM 94.6% | GPU 1658MB/38% | kafka=165.55%/927.1MiB / 4.804GiB ; elasticsearch=4.62%/1.539GiB / 4.8
[18:38:28] host CPU 19.1% RAM 94.6% | GPU 1655MB/9% | kafka=3.47%/854.2MiB / 4.804GiB ; elasticsearch=6.04%/1.539GiB / 4.804
[18:38:32] host CPU 18.6% RAM 94.7% | GPU 1658MB/41% | kafka=3.88%/854.3MiB / 4.804GiB ; elasticsearch=3.39%/1.539GiB / 4.804
[18:38:37] host CPU 16.0% RAM 94.7% | GPU 1657MB/23% | kafka=147.08%/934.3MiB / 4.804GiB ; elasticsearch=3.23%/1.539GiB / 4.8
[18:38:40] host CPU 19.8% RAM 94.9% | GPU 1657MB/7% | kafka=4.42%/854.6MiB / 4.804GiB ; elasticsearch=3.70%/1.539GiB / 4.804
[18:38:45] host CPU 16.1% RAM 94.6% | GPU 1662MB/37% | kafka=3.21%/854.6MiB / 4.804GiB ; elasticsearch=2.95%/1.539GiB / 4.804
[18:38:48] host CPU 20.1% RAM 94.9% | GPU 1657MB/34% | kafka=3.87%/854.4MiB / 4.804GiB ; elasticsearch=3.22%/1.539GiB / 4.804
[18:38:53] host CPU 14.9% RAM 94.6% | GPU 1660MB/40% | kafka=2.63%/854.5MiB / 4.804GiB ; elasticsearch=3.34%/1.539GiB / 4.804
[18:38:57] host CPU 13.8% RAM 94.6% | GPU 1654MB/51% | kafka=131.57%/929.6MiB / 4.804GiB ; elasticsearch=7.46%/1.539GiB / 4.8
[18:39:01] host CPU 20.5% RAM 94.7% | GPU 1657MB/10% | kafka=3.74%/854.7MiB / 4.804GiB ; elasticsearch=4.98%/1.539GiB / 4.804
[18:39:06] host CPU 16.1% RAM 94.6% | GPU 1657MB/8% | kafka=2.70%/856.6MiB / 4.804GiB ; elasticsearch=3.49%/1.539GiB / 4.804
[18:39:10] host CPU 19.2% RAM 94.9% | GPU 1657MB/9% | kafka=2.35%/856.4MiB / 4.804GiB ; elasticsearch=3.17%/1.539GiB / 4.804
[18:39:15] host CPU 14.1% RAM 94.5% | GPU 1657MB/39% | kafka=2.71%/856.5MiB / 4.804GiB ; elasticsearch=3.28%/1.539GiB / 4.804
[18:39:18] host CPU 14.0% RAM 94.5% | GPU 1656MB/35% | kafka=169.68%/920.7MiB / 4.804GiB ; elasticsearch=3.02%/1.539GiB / 4.8
[18:39:22] host CPU 21.5% RAM 94.8% | GPU 1662MB/45% | kafka=2.84%/856MiB / 4.804GiB ; elasticsearch=3.28%/1.538GiB / 4.804Gi
[18:39:27] host CPU 13.4% RAM 94.9% | GPU 1659MB/23% | kafka=2.45%/856MiB / 4.804GiB ; elasticsearch=3.39%/1.539GiB / 4.804Gi
[18:39:30] host CPU 21.6% RAM 94.7% | GPU 1659MB/26% | kafka=35.74%/856.6MiB / 4.804GiB ; elasticsearch=3.47%/1.538GiB / 4.80
[18:39:35] host CPU 21.4% RAM 94.9% | GPU 1663MB/31% | kafka=2.65%/856.9MiB / 4.804GiB ; elasticsearch=3.80%/1.538GiB / 4.804
[18:39:39] host CPU 13.2% RAM 94.9% | GPU 1656MB/36% | kafka=2.58%/857MiB / 4.804GiB ; elasticsearch=3.56%/1.539GiB / 4.804Gi
[18:39:43] host CPU 23.3% RAM 94.9% | GPU 1659MB/39% | kafka=2.59%/857MiB / 4.804GiB ; elasticsearch=4.23%/1.539GiB / 4.804Gi
[18:39:47] host CPU 13.4% RAM 94.9% | GPU 1656MB/26% | kafka=2.36%/856.9MiB / 4.804GiB ; elasticsearch=2.81%/1.539GiB / 4.804
[18:39:51] host CPU 14.7% RAM 95.0% | GPU 1656MB/8% | kafka=168.17%/930.2MiB / 4.804GiB ; elasticsearch=2.86%/1.538GiB / 4.8
[18:39:56] host CPU 25.2% RAM 95.0% | GPU 1658MB/8% | kafka=2.42%/856.7MiB / 4.804GiB ; elasticsearch=3.01%/1.538GiB / 4.804
[18:40:00] host CPU 12.0% RAM 94.7% | GPU 1659MB/26% | kafka=2.31%/856.7MiB / 4.804GiB ; elasticsearch=3.11%/1.538GiB / 4.804
[18:40:05] host CPU 20.9% RAM 95.0% | GPU 1662MB/18% | kafka=2.57%/857MiB / 4.804GiB ; elasticsearch=3.03%/1.538GiB / 4.804Gi
[18:40:08] host CPU 12.9% RAM 94.9% | GPU 1656MB/19% | kafka=2.26%/857.1MiB / 4.804GiB ; elasticsearch=2.62%/1.538GiB / 4.804
[18:40:12] host CPU 14.6% RAM 94.9% | GPU 1662MB/9% | kafka=101.40%/898.7MiB / 4.804GiB ; elasticsearch=2.15%/1.538GiB / 4.8
[18:40:17] host CPU 25.5% RAM 95.0% | GPU 1658MB/9% | kafka=2.39%/856.3MiB / 4.804GiB ; elasticsearch=3.06%/1.538GiB / 4.804
[18:40:20] host CPU 13.9% RAM 95.0% | GPU 1658MB/22% | kafka=2.32%/856.4MiB / 4.804GiB ; elasticsearch=3.29%/1.538GiB / 4.804
[18:40:25] host CPU 15.2% RAM 95.0% | GPU 1662MB/20% | kafka=117.61%/932.2MiB / 4.804GiB ; elasticsearch=2.79%/1.538GiB / 4.8
[18:40:29] host CPU 19.9% RAM 94.9% | GPU 1656MB/20% | kafka=2.23%/857.7MiB / 4.804GiB ; elasticsearch=4.96%/1.538GiB / 4.804
[18:40:33] host CPU 19.9% RAM 94.9% | GPU 1659MB/37% | kafka=2.22%/857.8MiB / 4.804GiB ; elasticsearch=3.17%/1.538GiB / 4.804
[18:40:37] host CPU 19.0% RAM 95.0% | GPU 1656MB/39% | kafka=2.29%/857.8MiB / 4.804GiB ; elasticsearch=3.36%/1.538GiB / 4.804
[18:40:41] host CPU 13.3% RAM 94.8% | GPU 1656MB/48% | kafka=2.62%/857.9MiB / 4.804GiB ; elasticsearch=3.38%/1.538GiB / 4.804
[18:40:46] host CPU 14.6% RAM 94.7% | GPU 1656MB/8% | kafka=151.67%/917.6MiB / 4.804GiB ; elasticsearch=3.04%/1.538GiB / 4.8
[18:40:50] host CPU 19.2% RAM 94.8% | GPU 1657MB/11% | kafka=2.36%/858MiB / 4.804GiB ; elasticsearch=3.12%/1.538GiB / 4.804Gi
[18:40:55] host CPU 14.2% RAM 94.9% | GPU 1662MB/10% | kafka=2.33%/858.3MiB / 4.804GiB ; elasticsearch=3.06%/1.538GiB / 4.804
[18:40:58] host CPU 19.8% RAM 94.8% | GPU 1658MB/45% | kafka=2.32%/858.1MiB / 4.804GiB ; elasticsearch=3.69%/1.538GiB / 4.804
[18:41:02] host CPU 15.9% RAM 94.8% | GPU 1664MB/45% | kafka=2.24%/858.4MiB / 4.804GiB ; elasticsearch=3.14%/1.538GiB / 4.804
[18:41:07] host CPU 13.7% RAM 94.8% | GPU 1658MB/20% | kafka=159.56%/932.4MiB / 4.804GiB ; elasticsearch=2.73%/1.538GiB / 4.8
[18:41:10] host CPU 19.7% RAM 94.9% | GPU 1661MB/28% | kafka=2.46%/858.2MiB / 4.804GiB ; elasticsearch=3.11%/1.538GiB / 4.804
[18:41:15] host CPU 16.1% RAM 94.8% | GPU 1664MB/8% | kafka=2.43%/858.3MiB / 4.804GiB ; elasticsearch=3.35%/1.538GiB / 4.804
[18:41:19] host CPU 18.4% RAM 94.7% | GPU 1656MB/39% | kafka=3.28%/858.1MiB / 4.804GiB ; elasticsearch=3.29%/1.538GiB / 4.804
[18:41:23] host CPU 13.1% RAM 94.8% | GPU 1662MB/36% | kafka=2.37%/858.3MiB / 4.804GiB ; elasticsearch=3.21%/1.538GiB / 4.804
[18:41:27] host CPU 13.4% RAM 94.8% | GPU 1658MB/8% | kafka=79.36%/895.9MiB / 4.804GiB ; elasticsearch=2.38%/1.538GiB / 4.80
[18:41:31] host CPU 18.7% RAM 94.9% | GPU 1659MB/16% | kafka=2.77%/858.7MiB / 4.804GiB ; elasticsearch=3.24%/1.538GiB / 4.804
[18:41:36] host CPU 23.9% RAM 95.0% | GPU 1656MB/39% | kafka=2.24%/858.3MiB / 4.804GiB ; elasticsearch=3.04%/1.538GiB / 4.804
[18:41:40] host CPU 20.0% RAM 94.7% | GPU 1656MB/35% | kafka=91.67%/857.8MiB / 4.804GiB ; elasticsearch=3.17%/1.537GiB / 4.80
[18:41:45] host CPU 17.5% RAM 95.0% | GPU 1662MB/11% | kafka=2.03%/858MiB / 4.804GiB ; elasticsearch=2.24%/1.538GiB / 4.804Gi
[18:41:49] host CPU 14.4% RAM 94.9% | GPU 1660MB/8% | kafka=2.27%/857.8MiB / 4.804GiB ; elasticsearch=4.01%/1.538GiB / 4.804
[18:41:52] host CPU 21.4% RAM 95.0% | GPU 1662MB/40% | kafka=2.62%/858.1MiB / 4.804GiB ; elasticsearch=5.23%/1.538GiB / 4.804
[18:41:57] host CPU 14.3% RAM 95.0% | GPU 1656MB/32% | kafka=2.65%/858.1MiB / 4.804GiB ; elasticsearch=3.18%/1.538GiB / 4.804
[18:42:00] host CPU 13.8% RAM 94.9% | GPU 1657MB/22% | kafka=176.58%/931.5MiB / 4.804GiB ; elasticsearch=2.64%/1.538GiB / 4.8
[18:42:05] host CPU 22.6% RAM 94.9% | GPU 1657MB/14% | kafka=2.50%/858.4MiB / 4.804GiB ; elasticsearch=3.21%/1.538GiB / 4.804
[18:42:09] host CPU 14.6% RAM 94.5% | GPU 1657MB/17% | kafka=2.37%/858.2MiB / 4.804GiB ; elasticsearch=4.20%/1.538GiB / 4.804
[18:42:13] host CPU 18.8% RAM 94.8% | GPU 1662MB/37% | kafka=2.56%/858.5MiB / 4.804GiB ; elasticsearch=3.16%/1.538GiB / 4.804
[18:42:17] host CPU 14.0% RAM 94.9% | GPU 1658MB/9% | kafka=2.38%/858.6MiB / 4.804GiB ; elasticsearch=3.15%/1.538GiB / 4.804
[18:42:21] host CPU 14.2% RAM 94.9% | GPU 1658MB/26% | kafka=76.84%/894MiB / 4.804GiB ; elasticsearch=4.74%/1.538GiB / 4.804G
[18:42:26] host CPU 22.7% RAM 95.0% | GPU 1656MB/24% | kafka=2.22%/858.4MiB / 4.804GiB ; elasticsearch=3.50%/1.538GiB / 4.804
[18:42:30] host CPU 13.9% RAM 94.5% | GPU 1656MB/23% | kafka=2.06%/858.5MiB / 4.804GiB ; elasticsearch=3.06%/1.538GiB / 4.804
[18:42:35] host CPU 25.2% RAM 94.8% | GPU 1662MB/16% | kafka=2.44%/858.5MiB / 4.804GiB ; elasticsearch=3.44%/1.538GiB / 4.804
[18:42:39] host CPU 16.0% RAM 94.7% | GPU 1658MB/22% | kafka=2.14%/858.6MiB / 4.804GiB ; elasticsearch=8.89%/1.537GiB / 4.804
[18:42:42] host CPU 18.7% RAM 94.7% | GPU 1665MB/10% | kafka=2.41%/858.6MiB / 4.804GiB ; elasticsearch=3.26%/1.538GiB / 4.804
[18:42:47] host CPU 20.6% RAM 94.8% | GPU 1658MB/39% | kafka=2.70%/858.9MiB / 4.804GiB ; elasticsearch=3.52%/1.538GiB / 4.804
[18:42:50] host CPU 14.8% RAM 94.9% | GPU 1658MB/43% | kafka=2.27%/859MiB / 4.804GiB ; elasticsearch=3.24%/1.538GiB / 4.804Gi
[18:42:55] host CPU 14.7% RAM 94.8% | GPU 1662MB/23% | kafka=115.90%/905.6MiB / 4.804GiB ; elasticsearch=2.84%/1.538GiB / 4.8
[18:42:59] host CPU 20.6% RAM 94.7% | GPU 1656MB/47% | kafka=2.40%/858.8MiB / 4.804GiB ; elasticsearch=3.32%/1.538GiB / 4.804
[18:43:03] host CPU 14.9% RAM 94.8% | GPU 1659MB/30% | kafka=2.39%/858.9MiB / 4.804GiB ; elasticsearch=3.04%/1.538GiB / 4.804
[18:43:07] host CPU 19.5% RAM 94.8% | GPU 1656MB/51% | kafka=2.30%/858.9MiB / 4.804GiB ; elasticsearch=3.27%/1.538GiB / 4.804
[18:43:11] host CPU 13.4% RAM 95.0% | GPU 1656MB/37% | kafka=2.65%/859.2MiB / 4.804GiB ; elasticsearch=3.69%/1.538GiB / 4.804
[18:43:16] host CPU 15.6% RAM 94.8% | GPU 1656MB/23% | kafka=10.66%/869.7MiB / 4.804GiB ; elasticsearch=4.82%/1.538GiB / 4.80
[18:43:20] host CPU 18.8% RAM 94.8% | GPU 1656MB/27% | kafka=2.44%/859.1MiB / 4.804GiB ; elasticsearch=3.15%/1.538GiB / 4.804
[18:43:25] host CPU 15.2% RAM 94.8% | GPU 1662MB/21% | kafka=2.45%/859.2MiB / 4.804GiB ; elasticsearch=2.98%/1.538GiB / 4.804
[18:43:29] host CPU 19.1% RAM 94.7% | GPU 1658MB/28% | kafka=2.71%/859.2MiB / 4.804GiB ; elasticsearch=4.33%/1.538GiB / 4.804
[18:43:32] host CPU 15.5% RAM 94.7% | GPU 1664MB/21% | kafka=2.30%/859.2MiB / 4.804GiB ; elasticsearch=2.89%/1.538GiB / 4.804
[18:43:37] host CPU 20.2% RAM 94.5% | GPU 1659MB/17% | kafka=2.24%/859.3MiB / 4.804GiB ; elasticsearch=3.04%/1.538GiB / 4.804
[18:43:40] host CPU 20.8% RAM 94.9% | GPU 1659MB/21% | kafka=2.69%/859.3MiB / 4.804GiB ; elasticsearch=3.70%/1.538GiB / 4.804
[18:43:45] host CPU 15.1% RAM 94.6% | GPU 1665MB/26% | kafka=2.23%/859.6MiB / 4.804GiB ; elasticsearch=3.36%/1.538GiB / 4.804
[18:43:49] host CPU 17.7% RAM 94.5% | GPU 1658MB/13% | kafka=99.57%/860.4MiB / 4.804GiB ; elasticsearch=3.01%/1.538GiB / 4.80
[18:43:53] host CPU 18.9% RAM 94.9% | GPU 1664MB/35% | kafka=2.60%/859.5MiB / 4.804GiB ; elasticsearch=4.79%/1.538GiB / 4.804
[18:43:58] host CPU 13.4% RAM 94.6% | GPU 1656MB/11% | kafka=1.99%/859.8MiB / 4.804GiB ; elasticsearch=2.71%/1.538GiB / 4.804
[18:44:01] host CPU 20.6% RAM 95.1% | GPU 1656MB/13% | kafka=2.72%/859.8MiB / 4.804GiB ; elasticsearch=3.46%/1.538GiB / 4.804
[18:44:06] host CPU 15.9% RAM 94.6% | GPU 1656MB/27% | kafka=2.37%/859.6MiB / 4.804GiB ; elasticsearch=3.22%/1.538GiB / 4.804
[18:44:10] host CPU 12.0% RAM 94.6% | GPU 1656MB/48% | kafka=84.41%/859.1MiB / 4.804GiB ; elasticsearch=3.85%/1.537GiB / 4.80
[18:44:15] host CPU 21.7% RAM 95.0% | GPU 1662MB/8% | kafka=2.38%/859.3MiB / 4.804GiB ; elasticsearch=3.53%/1.538GiB / 4.804
[18:44:19] host CPU 14.8% RAM 94.6% | GPU 1658MB/9% | kafka=2.37%/859.2MiB / 4.804GiB ; elasticsearch=2.90%/1.537GiB / 4.804
[18:44:22] host CPU 23.3% RAM 94.9% | GPU 1659MB/15% | kafka=2.73%/858.8MiB / 4.804GiB ; elasticsearch=2.36%/1.537GiB / 4.804
[18:44:27] host CPU 15.8% RAM 95.0% | GPU 1656MB/15% | kafka=2.45%/858.9MiB / 4.804GiB ; elasticsearch=2.97%/1.537GiB / 4.804
[18:44:31] host CPU 16.1% RAM 95.0% | GPU 1657MB/17% | kafka=42.40%/887.1MiB / 4.804GiB ; elasticsearch=4.26%/1.537GiB / 4.80
[18:44:35] host CPU 24.5% RAM 95.0% | GPU 1662MB/17% | kafka=2.26%/859.6MiB / 4.804GiB ; elasticsearch=3.68%/1.537GiB / 4.804
[18:44:39] host CPU 14.4% RAM 94.9% | GPU 1658MB/38% | kafka=2.36%/859.6MiB / 4.804GiB ; elasticsearch=3.50%/1.537GiB / 4.804
[18:44:43] host CPU 17.2% RAM 94.9% | GPU 1660MB/11% | kafka=5.24%/859.7MiB / 4.804GiB ; elasticsearch=2.91%/1.537GiB / 4.804
[18:44:48] host CPU 18.8% RAM 95.0% | GPU 1658MB/37% | kafka=2.49%/859.5MiB / 4.804GiB ; elasticsearch=3.36%/1.537GiB / 4.804
[18:44:51] host CPU 15.9% RAM 95.1% | GPU 1658MB/9% | kafka=2.48%/859.5MiB / 4.804GiB ; elasticsearch=3.13%/1.537GiB / 4.804
[18:44:56] host CPU 20.2% RAM 95.0% | GPU 1662MB/37% | kafka=2.33%/859.8MiB / 4.804GiB ; elasticsearch=3.09%/1.537GiB / 4.804
[18:45:00] host CPU 13.8% RAM 94.8% | GPU 1656MB/18% | kafka=2.30%/859.6MiB / 4.804GiB ; elasticsearch=3.17%/1.537GiB / 4.804
[18:45:05] host CPU 20.3% RAM 94.8% | GPU 1660MB/10% | kafka=121.32%/933.8MiB / 4.804GiB ; elasticsearch=3.45%/1.537GiB / 4.8
[18:45:09] host CPU 17.4% RAM 94.9% | GPU 1656MB/15% | kafka=2.20%/859.7MiB / 4.804GiB ; elasticsearch=3.10%/1.537GiB / 4.804
[18:45:12] host CPU 16.3% RAM 94.9% | GPU 1659MB/23% | kafka=2.40%/859.8MiB / 4.804GiB ; elasticsearch=3.16%/1.537GiB / 4.804
[18:45:17] host CPU 21.2% RAM 95.0% | GPU 1656MB/7% | kafka=3.78%/859.8MiB / 4.804GiB ; elasticsearch=2.92%/1.537GiB / 4.804
[18:45:21] host CPU 15.1% RAM 95.1% | GPU 1656MB/10% | kafka=2.40%/860.1MiB / 4.804GiB ; elasticsearch=3.18%/1.537GiB / 4.804
[18:45:25] host CPU 13.8% RAM 95.0% | GPU 1662MB/37% | kafka=2.25%/860.2MiB / 4.804GiB ; elasticsearch=21.06%/1.537GiB / 4.80
[18:45:29] host CPU 21.2% RAM 95.0% | GPU 1661MB/19% | kafka=2.56%/859.6MiB / 4.804GiB ; elasticsearch=2.99%/1.537GiB / 4.804
[18:45:33] host CPU 15.5% RAM 95.0% | GPU 1664MB/21% | kafka=2.23%/859.6MiB / 4.804GiB ; elasticsearch=3.23%/1.537GiB / 4.804
[18:45:38] host CPU 20.2% RAM 95.0% | GPU 1657MB/14% | kafka=3.03%/859.9MiB / 4.804GiB ; elasticsearch=2.91%/1.537GiB / 4.804
[18:45:41] host CPU 18.0% RAM 95.1% | GPU 1660MB/15% | kafka=2.35%/860.2MiB / 4.804GiB ; elasticsearch=3.08%/1.537GiB / 4.804
[18:45:46] host CPU 15.9% RAM 95.1% | GPU 1663MB/24% | kafka=2.33%/861MiB / 4.804GiB ; elasticsearch=2.95%/1.537GiB / 4.804Gi
[18:45:50] host CPU 24.0% RAM 95.0% | GPU 1657MB/23% | kafka=2.31%/860MiB / 4.804GiB ; elasticsearch=3.21%/1.536GiB / 4.804Gi
[18:45:55] host CPU 17.1% RAM 95.1% | GPU 1661MB/44% | kafka=1.99%/860MiB / 4.804GiB ; elasticsearch=3.17%/1.537GiB / 4.804Gi
[18:45:59] host CPU 16.8% RAM 94.9% | GPU 1657MB/29% | kafka=14.60%/860.7MiB / 4.804GiB ; elasticsearch=3.64%/1.536GiB / 4.80
[18:46:02] host CPU 16.0% RAM 94.9% | GPU 1661MB/38% | kafka=2.25%/860.5MiB / 4.804GiB ; elasticsearch=3.23%/1.536GiB / 4.804
[18:46:07] host CPU 15.9% RAM 94.9% | GPU 1659MB/16% | kafka=2.39%/860.6MiB / 4.804GiB ; elasticsearch=3.11%/1.536GiB / 4.804
[18:46:11] host CPU 17.7% RAM 95.1% | GPU 1662MB/39% | kafka=2.68%/860.9MiB / 4.804GiB ; elasticsearch=3.38%/1.536GiB / 4.804
[18:46:15] host CPU 17.2% RAM 95.2% | GPU 1666MB/28% | kafka=2.41%/860.7MiB / 4.804GiB ; elasticsearch=3.16%/1.536GiB / 4.804
[18:46:19] host CPU 12.1% RAM 95.0% | GPU 1657MB/9% | kafka=131.87%/911.9MiB / 4.804GiB ; elasticsearch=3.49%/1.536GiB / 4.8
[18:46:23] host CPU 22.9% RAM 95.1% | GPU 1661MB/13% | kafka=2.56%/860.8MiB / 4.804GiB ; elasticsearch=4.30%/1.536GiB / 4.804
[18:46:28] host CPU 13.8% RAM 95.0% | GPU 1656MB/8% | kafka=2.65%/861.1MiB / 4.804GiB ; elasticsearch=3.21%/1.536GiB / 4.804
[18:46:32] host CPU 22.4% RAM 95.1% | GPU 1656MB/8% | kafka=2.56%/860.9MiB / 4.804GiB ; elasticsearch=4.90%/1.536GiB / 4.804
[18:46:36] host CPU 16.4% RAM 95.1% | GPU 1660MB/9% | kafka=2.32%/861.2MiB / 4.804GiB ; elasticsearch=3.01%/1.536GiB / 4.804
[18:46:40] host CPU 16.4% RAM 95.0% | GPU 1661MB/45% | kafka=2.19%/861.2MiB / 4.804GiB ; elasticsearch=4.58%/1.537GiB / 4.804
[18:46:45] host CPU 22.1% RAM 95.1% | GPU 1667MB/36% | kafka=2.33%/861.6MiB / 4.804GiB ; elasticsearch=3.30%/1.536GiB / 4.804
[18:46:49] host CPU 15.2% RAM 94.6% | GPU 1658MB/53% | kafka=2.14%/861.1MiB / 4.804GiB ; elasticsearch=3.32%/1.537GiB / 4.804
[18:46:52] host CPU 20.5% RAM 94.7% | GPU 1660MB/21% | kafka=28.52%/861.2MiB / 4.804GiB ; elasticsearch=3.38%/1.536GiB / 4.80
[18:46:57] host CPU 16.8% RAM 95.0% | GPU 1656MB/22% | kafka=2.46%/861.2MiB / 4.804GiB ; elasticsearch=3.24%/1.537GiB / 4.804
[18:47:01] host CPU 16.3% RAM 94.8% | GPU 1656MB/35% | kafka=2.56%/861.5MiB / 4.804GiB ; elasticsearch=3.70%/1.536GiB / 4.804
[18:47:05] host CPU 22.3% RAM 94.9% | GPU 1659MB/31% | kafka=2.29%/861.5MiB / 4.804GiB ; elasticsearch=3.22%/1.536GiB / 4.804
[18:47:09] host CPU 14.2% RAM 95.0% | GPU 1656MB/33% | kafka=2.50%/861.5MiB / 4.804GiB ; elasticsearch=5.08%/1.537GiB / 4.804
[18:47:13] host CPU 15.1% RAM 95.0% | GPU 1662MB/35% | kafka=129.73%/935.3MiB / 4.804GiB ; elasticsearch=2.76%/1.536GiB / 4.8
[18:47:18] host CPU 19.6% RAM 93.9% | GPU 1660MB/36% | kafka=1.60%/861.6MiB / 4.804GiB ; elasticsearch=1.97%/1.536GiB / 4.804
