---- STARTING OMNI-PROCESSOR ----
-> Connected to Elasticsearch at http://172.16.10.94:9200 | Index: perf_20261002-150936_clu_vm14-vm24-rasp14-rasp24-rasp34_allfive_r1
-> Loading model from /home/rasp3/hsp/src/../models/bert_final on cpu...
-> BERT Model Loaded successfully.
-> Benchmark log: /home/rasp3/hsp/reports/scaling/20261002-150936_clu_vm14-vm24-rasp14-rasp24-rasp34_allfive_r1/bench_rasp3_4.csv | node rasp3 | group g_20261002-150936_clu_vm14-vm24-rasp14-rasp24-rasp34_allfive_r1
------------------------------------------------------------------------------------------------------------------------
DOMAIN       | SOURCE   | PREDICTION   | CONF.  | LATENCY  | TEXT
------------------------------------------------------------------------------------------------------------------------
[ENTERTAINM] | YouTube  | [Normal]     | 92%    |  663.4ms | yooooo...
[GAMING/GAM] | YouTube  | [Normal]     | 97%    |  559.6ms | amazing refresh pull...
[GAMING/SUR] | YouTube  | [Normal]     | 85%    |  576.5ms | go get your own scrap and gamble that...
[MUSIC/CHIL] | YouTube  | [Normal]     | 98%    | 1221.6ms | Anna edi okasari chelli ani piluvu :grin...
[GAMING/SUR] | YouTube  | [Normal]     | 72%    |  510.3ms | how you gonna play a game worse than tar...
[ENTERTAINM] | YouTube  | [Normal]     | 97%    |  480.8ms | 500 complete done :thumbs_up::check_mark...
[PSYCHOLOGY] | YouTube  | [Normal]     | 94%    |  285.9ms | somewhat...
[PSYCHOLOGY] | YouTube  | [Normal]     | 93%    |  285.8ms | yes...
[PSYCHOLOGY] | YouTube  | [Normal]     | 96%    |  405.7ms | Dr. K rocking linux? :O...
[GAMING/GAM] | YouTube  | [Normal]     | 93%    |  358.3ms | YOOOOO HELLOOOOOOO...
[SELF-HELP/] | YouTube  | [Normal]     | 81%    |  460.0ms | we dont get that sort of clarity about w...
[GAMING/GAM] | YouTube  | [Normal]     | 96%    |  392.7ms | FASHION!!...
[ENTERTAINM] | YouTube  | [Normal]     | 97%    | 1255.1ms | Me and my fam have devoted our lives to ...
[GAMING/GAM] | YouTube  | [Normal]     | 95%    |  404.5ms | The lighthouse!!...
[GAMING/SUR] | YouTube  | [Normal]     | 94%    |  423.5ms | When was the last time he played maratho...
[GAMING/GAM] | YouTube  | [Normal]     | 94%    |  540.1ms | I vote fore prusa:rolling_on_the_floor_l...
[ENTERTAINM] | YouTube  | [Normal]     | 94%    |  395.3ms | Hi...
[GAMING/SUR] | YouTube  | [Normal]     | 95%    |  468.1ms | why didnt dealer draw on 18...
[ENTERTAINM] | YouTube  | [Normal]     | 94%    |  411.8ms | 1...
[GAMING/SUR] | YouTube  | [Normal]     | 92%    |  353.2ms | Tables are hot!!...
[GAMING/SUR] | YouTube  | [Normal]     | 94%    |  305.2ms | do itttttt...
[GAMING/GAM] | YouTube  | [Normal]     | 94%    |  278.8ms | hi...
[ENTERTAINM] | YouTube  | [Normal]     | 90%    |  347.1ms | GGG...
[GAMING/GAM] | YouTube  | [Normal]     | 96%    |  466.1ms | MARKIMOOOOOO...
[GAMING/SUR] | YouTube  | [Normal]     | 73%    |  653.1ms | People acting like pro gamblers when the...
[SPORTS/FOO] | YouTube  | [Normal]     | 95%    |  470.6ms | Love you Japan...
[ENTERTAINM] | YouTube  | [Normal]     | 91%    |  419.7ms | mom...
[GAMING/GAM] | YouTube  | [Normal]     | 90%    |  564.4ms | all the boxes in the movie theaters had ...
[GAMING/GAM] | YouTube  | [Normal]     | 93%    |  769.7ms | i don't know if that was the issue at my...
[GAMING/GAM] | YouTube  | [Normal]     | 96%    |  548.7ms | 3 time #1 movie maker!?!?!...
[GAMING/GAM] | YouTube  | [Normal]     | 96%    |  401.8ms | :3c...
[ENTERTAINM] | YouTube  | [Normal]     | 97%    |  598.2ms | Hello Mr. Beast  I'm from Indonesia.:fac...
[ENTERTAINM] | YouTube  | [Normal]     | 94%    |  435.1ms | hi...
[GAMING/GAM] | YouTube  | [Normal]     | 97%    |  663.6ms | just watched the movie 30 minutes ago an...
[GAMING/GAM] | YouTube  | [Normal]     | 97%    |  476.9ms | Hai Marikipliaer!!!!...
[ENTERTAINM] | YouTube  | [Normal]     | 91%    |  526.9ms | mrbeast you will soon get 1 billion...
[GAMING/GAM] | YouTube  | [Normal]     | 96%    |  419.9ms | lol...
[ENTERTAINM] | YouTube  | [Normal]     | 96%    |  430.2ms | I do...
[PSYCHOLOGY] | YouTube  | [Normal]     | 94%    |  495.7ms | God bless you  Dr. K...
[NEWS/LIVE ] | YouTube  | [Normal]     | 94%    |  381.5ms | trend...
[GAMING/SUR] | YouTube  | [Normal]     | 96%    |  400.0ms | I have literal tears in my eyes...
[GAMING/GAM] | YouTube  | [Normal]     | 92%    |  399.6ms | yeah...
[GAMING/SUR] | YouTube  | [Normal]     | 93%    |  325.9ms | bet green...
[GAMING/GAM] | YouTube  | [Normal]     | 95%    |  476.6ms | I just watched Iron Lung you truly did a...
[MUSIC/CHIL] | YouTube  | [Normal]     | 98%    |  481.0ms | Dream dude :face_with_tears_of_joy: is S...
[GAMING/GAM] | YouTube  | [Normal]     | 96%    |  349.2ms | Hi all!! Hi Mark!...
[GAMING/GAM] | YouTube  | [Normal]     | 94%    |  361.1ms | observation duty; schizophrenia mods...
[ENTERTAINM] | YouTube  | [Normal]     | 96%    |  324.4ms | New member...
[GAMING/GAM] | YouTube  | [OFFENSIVE]  | 50%    |  920.1ms | Mark  I'm gonna cry. Iron Lung is not th...
[PSYCHOLOGY] | YouTube  | [Normal]     | 86%    |  436.2ms | Avoidant...
[GAMING/GAM] | YouTube  | [Normal]     | 91%    |  526.9ms | how dare that anomaly send a distress fl...
[ENTERTAINM] | YouTube  | [Normal]     | 89%    |  456.6ms | CONGRATS! YOU DESERVE IT!...
[GAMING/SUR] | YouTube  | [Normal]     | 80%    |  344.9ms | this is too funny...
[GAMING/SUR] | YouTube  | [OFFENSIVE]  | 88%    |  474.9ms | Bro.. close the fucking doors...
[GAMING/GAM] | YouTube  | [Normal]     | 97%    |  490.3ms | Marker plier look at the bed...
[GAMING/GAM] | YouTube  | [Normal]     | 97%    |  675.3ms | I'm watching Iron Lung tomorrow night wi...
[ENTERTAINM] | YouTube  | [Normal]     | 96%    |  395.8ms | New member...
[ENTERTAINM] | YouTube  | [Normal]     | 93%    |  657.9ms | :elbowcough::elbowcough::elbowcough::elb...
[GAMING/SUR] | YouTube  | [Normal]     | 96%    |  452.3ms | Así welyn...
[GAMING/GAM] | YouTube  | [Normal]     | 97%    |  407.4ms | Good morning...
[GAMING/GAM] | YouTube  | [Normal]     | 96%    |  380.5ms | BASEMENT MOUSE TRAPS...
[ENTERTAINM] | YouTube  | [Normal]     | 98%    |  705.9ms | :face-blue-smiling::face-blue-smiling::f...
[ENTERTAINM] | YouTube  | [Normal]     | 72%    |  508.6ms | mr pist...
[GAMING/SUR] | YouTube  | [Normal]     | 97%    |  560.2ms | I wanna see rainbow Six Siege!...
[ENTERTAINM] | YouTube  | [Normal]     | 94%    |  439.1ms | SO OLD BUT GOLD...
[MUSIC/CHIL] | YouTube  | [Normal]     | 96%    |  844.6ms | Where is your wife Prasa or r uh here fo...
[GAMING/GAM] | YouTube  | [OFFENSIVE]  | 49%    |  446.3ms | camera messed up in yard?...
[GAMING/GAM] | YouTube  | [Normal]     | 95%    |  444.5ms | Hii...
[ENTERTAINM] | YouTube  | [Normal]     | 95%    |  395.9ms | Hii...
[ENTERTAINM] | YouTube  | [Normal]     | 95%    |  402.3ms | i know...
[NEWS/LIVE ] | YouTube  | [Normal]     | 52%    |  543.5ms | WHITE IS THE BEST!!! KARMELO IS PRISON F...
[ENTERTAINM] | YouTube  | [Normal]     | 98%    |  453.7ms | binod...
[ENTERTAINM] | YouTube  | [Normal]     | 96%    |  386.2ms | Kai cenat?...
[GAMING/GAM] | YouTube  | [Normal]     | 93%    |  384.9ms | e...
[GAMING/GAM] | YouTube  | [Normal]     | 96%    |  491.7ms | you look very cool mark...
[GAMING/GAM] | YouTube  | [Normal]     | 66%    |  444.4ms | TOO LOUYD...
[GAMING/GAM] | YouTube  | [Normal]     | 97%    |  481.5ms | fog in yard?...
[ENTERTAINM] | YouTube  | [Normal]     | 94%    |  412.7ms | Jimmy...
[ENTERTAINM] | YouTube  | [Normal]     | 93%    |  467.4ms | you watching the usa game today...
[GAMING/GAM] | YouTube  | [Normal]     | 97%    |  497.9ms | Watched Iron Lung last weekend! It was A...
[GAMING/GAM] | YouTube  | [Normal]     | 80%    |  524.2ms | MOUSETRAP IN BASEMENT THE MOST RIGHT ONE...
[GAMING/SUR] | YouTube  | [Normal]     | 97%    |  400.9ms | Lmfao this is great...
[GAMING/SUR] | YouTube  | [Normal]     | 97%    |  315.5ms | every door wide open lmao...
[ENTERTAINM] | YouTube  | [Normal]     | 95%    |  308.0ms | hi Mr Beast I love u...
[GAMING/GAM] | YouTube  | [Normal]     | 97%    |  308.3ms | EXTRA MOUSETRAP IN BASEMENT...
[GAMING/GAM] | YouTube  | [Normal]     | 97%    |  469.9ms | strange broadcast? That's just Alastor f...
[GAMING/GAM] | YouTube  | [Normal]     | 97%    |  299.4ms | Welcome to Member!...
[GAMING/GAM] | YouTube  | [Normal]     | 90%    |  362.8ms | yoo...
[GAMING/GAM] | YouTube  | [Normal]     | 92%    |  344.5ms | its right there...
[GAMING/GAM] | YouTube  | [Normal]     | 96%    |  471.2ms | extra bottle pier?...
[GAMING/GAM] | YouTube  | [Normal]     | 94%    |  408.7ms | Camera...
[GAMING/GAM] | YouTube  | [Normal]     | 94%    |  442.9ms | FOG...
[ENTERTAINM] | YouTube  | [Normal]     | 94%    | 2004.1ms | :buffering::buffering::buffering::buffer...
[ENTERTAINM] | YouTube  | [Normal]     | 98%    |  360.0ms | :hand-pink-waving:...
[ENTERTAINM] | YouTube  | [Normal]     | 96%    |  566.0ms | Jimmy  do you think you can handle 600 m...
[ENTERTAINM] | YouTube  | [Normal]     | 94%    |  451.6ms | Indonesia...
[GAMING/GAM] | YouTube  | [Normal]     | 93%    |  780.6ms | blahblahblah im markiplier. 27 million r...
[GAMING/GAM] | YouTube  | [Normal]     | 90%    |  623.8ms | I’m just waiting for an intruder to pop ...
[GAMING/SUR] | YouTube  | [Normal]     | 79%    |  559.4ms | p you must start shutting doors and gate...
[GAMING/GAM] | YouTube  | [Normal]     | 96%    |  470.8ms | BARRELS TURNED...
[PSYCHOLOGY] | YouTube  | [Normal]     | 89%    |  485.3ms | but it goes both for men and women...
[GAMING/SUR] | YouTube  | [Normal]     | 96%    |  458.3ms | Oil let welyn do the turrets...
[GAMING/SUR] | YouTube  | [Normal]     | 91%    |  435.1ms | a welyn's work is never done...
[ENTERTAINM] | YouTube  | [Normal]     | 94%    |  345.9ms | 1...
[SELF-HELP/] | YouTube  | [Normal]     | 72%    |  434.7ms | dr k are you broken...
[PSYCHOLOGY] | YouTube  | [Normal]     | 92%    |  441.3ms | hih go dr k...
[GAMING/GAM] | YouTube  | [Normal]     | 92%    |  430.6ms | the ropes...
[GAMING/GAM] | YouTube  | [Normal]     | 96%    |  460.0ms | hi mark...
[GAMING/SUR] | YouTube  | [Normal]     | 80%    |  416.9ms | YOU GOT IT...
[GAMING/GAM] | YouTube  | [Normal]     | 78%    |  442.8ms | Just watched Iron Lung in Germany!...
[ENTERTAINM] | YouTube  | [Normal]     | 94%    |  830.1ms | :ok_hand::ok_hand::ok_hand::ok_hand::ok_...
[ENTERTAINM] | YouTube  | [Normal]     | 95%    |  550.9ms | Россия Россия Россия Россия...
[ENTERTAINM] | YouTube  | [Normal]     | 92%    |  355.8ms | MrBeast...
[MUSIC/CHIL] | YouTube  | [Normal]     | 95%    | 1435.8ms | nu te judeca dur nu te taxează vezi daca...
[ENTERTAINM] | YouTube  | [Normal]     | 91%    |  397.2ms | yo jimmy...
[GAMING/GAM] | YouTube  | [Normal]     | 95%    |  609.0ms | it seems fine I don't think anything cha...
[GAMING/GAM] | YouTube  | [Normal]     | 98%    |  982.5ms | Red light in the top left Red light in t...
[ENTERTAINM] | YouTube  | [Normal]     | 95%    |  403.2ms | Paul from UGANDA...
[ENTERTAINM] | YouTube  | [Normal]     | 93%    |  412.9ms | лол...
[ENTERTAINM] | YouTube  | [Normal]     | 90%    | 2362.6ms | :stayhome::stayhome::stayhome::stayhome:...
[ENTERTAINM] | YouTube  | [Normal]     | 95%    |  403.9ms | ff...
[GAMING/SUR] | YouTube  | [Normal]     | 71%    |  549.9ms | NOOOOOOOOOOOOOOOOOOOOOOOOOO...
[ENTERTAINM] | YouTube  | [Normal]     | 94%    |  334.6ms | hi...
[GAMING/SUR] | YouTube  | [Normal]     | 95%    |  400.9ms | ?????...
[ENTERTAINM] | YouTube  | [Normal]     | 92%    |  459.6ms | Let’s go!!!!...
[ENTERTAINM] | YouTube  | [Normal]     | 97%    |  463.5ms | love from Bangladesh :red_heart:...
[ENTERTAINM] | YouTube  | [Normal]     | 97%    | 3276.2ms | :face-purple-crying::face-purple-crying:...
[ENTERTAINM] | YouTube  | [Normal]     | 96%    |  456.5ms | базар жок...
[ENTERTAINM] | YouTube  | [Normal]     | 97%    | 1019.3ms | :persevering_face::revolving_hearts::per...
[SELF-HELP/] | YouTube  | [Normal]     | 61%    |  513.0ms | higher Iq does not correlate with better...
[GAMING/GAM] | YouTube  | [HATE]       | 88%    |  535.3ms | Humans are way creepier than we give our...
[ENTERTAINM] | YouTube  | [Normal]     | 96%    |  465.2ms | الكفن505...
[ENTERTAINM] | YouTube  | [Normal]     | 97%    |  444.1ms | hallo shabil...
[ENTERTAINM] | YouTube  | [Normal]     | 97%    |  669.9ms | Мистер Бист  я хочу пиццу...
[GAMING/SUR] | YouTube  | [Normal]     | 95%    |  428.6ms | Hello guys...
[ENTERTAINM] | YouTube  | [Normal]     | 97%    |  421.0ms | love from india...
[PSYCHOLOGY] | YouTube  | [Normal]     | 94%    |  991.0ms | The ideal is that we live in a society t...
[ENTERTAINM] | YouTube  | [Normal]     | 67%    |  383.0ms | les gooo...
[ENTERTAINM] | YouTube  | [Normal]     | 95%    |  396.2ms | 6 7...
[GAMING/GAM] | YouTube  | [Normal]     | 96%    |  493.7ms | can't wait to buy the dvd!...
[GAMING/GAM] | YouTube  | [Normal]     | 83%    |  427.6ms | The Iron Lung guy!...
[GAMING/SUR] | YouTube  | [Normal]     | 91%    |  385.6ms | make the switch just for the turrets...
[GAMING/GAM] | YouTube  | [Normal]     | 97%    |  375.3ms | donuts?...
[PSYCHOLOGY] | YouTube  | [Normal]     | 96%    |  449.0ms | Spa with children and million dollars co...
[GAMING/GAM] | YouTube  | [Normal]     | 92%    |  376.4ms | can i get banned for fun...
[ENTERTAINM] | YouTube  | [Normal]     | 95%    |  336.3ms | :duck:...
[GAMING/GAM] | YouTube  | [Normal]     | 87%    |  395.8ms | they aren't strawberry - banned...
[SPORTS/FOO] | YouTube  | [Normal]     | 94%    |  563.1ms | 그래도 일본 잘하네...
[GAMING/GAM] | YouTube  | [Normal]     | 94%    |  391.0ms | Banban???...
[ENTERTAINM] | YouTube  | [Normal]     | 97%    |  489.8ms | l love ur all videos :red_heart::camera:...
[ENTERTAINM] | YouTube  | [Normal]     | 91%    |  330.4ms | hey...
[GAMING/GAM] | YouTube  | [Normal]     | 80%    |  365.5ms | JUST GET OUT...
[GAMING/GAM] | YouTube  | [Normal]     | 97%    |  354.5ms | Hi MARK :D...
[PSYCHOLOGY] | YouTube  | [Normal]     | 89%    |  417.3ms | sorry  i am tired  *facepalm...
[GAMING/SUR] | YouTube  | [Normal]     | 91%    | 1003.6ms | :_Dance::_LetsGo::_BUNGULATE::_Stare::_G...
[GAMING/SUR] | YouTube  | [Normal]     | 93%    |  316.0ms | holy...
[GAMING/SUR] | YouTube  | [Normal]     | 96%    |  455.5ms | You ended the night with Jack in the Box...
[GAMING/SUR] | YouTube  | [Normal]     | 95%    |  343.7ms | no twitch?...
[MUSIC/CHIL] | YouTube  | [Normal]     | 98%    |  513.7ms | serendi marchipoya :smiling_face_with_te...
[GAMING/SUR] | YouTube  | [OFFENSIVE]  | 79%    |  578.2ms | :_LetsRide::_LetsGo::_LetsRide:...
[GAMING/SUR] | YouTube  | [Normal]     | 94%    |  452.8ms | H20 is OG...
[GAMING/SUR] | YouTube  | [Normal]     | 84%    |  599.1ms | each of them will have users sneaking wi...
[PSYCHOLOGY] | YouTube  | [Normal]     | 91%    |  462.0ms | :smirking_face:...
[GAMING/SUR] | YouTube  | [Normal]     | 96%    |  417.4ms | all in on 1...
[GAMING/SUR] | YouTube  | [Normal]     | 97%    | 1459.3ms | :face_with_tears_of_joy::face_with_tears...
[PSYCHOLOGY] | YouTube  | [Normal]     | 95%    |  530.7ms | @whatifi-g2e best of luck!!!!!...
[GAMING/SUR] | YouTube  | [Normal]     | 98%    |  519.3ms | I LOVE :smiling_face_with_hearts:...
[GAMING/SUR] | YouTube  | [Normal]     | 47%    |  540.1ms | I THINK GOD HATES YOU...
[GAMING/SUR] | YouTube  | [Normal]     | 92%    |  447.2ms | how do i join...
[GAMING/SUR] | YouTube  | [Normal]     | 89%    |  726.7ms | an this is how ppl loose their house car...
[GAMING/SUR] | YouTube  | [Normal]     | 97%    |  731.9ms | All those gifted subs last night and I m...
[GAMING/SUR] | YouTube  | [Normal]     | 97%    |  623.0ms | fps streamer of the year  ladies and gen...
[GAMING/SUR] | YouTube  | [Normal]     | 98%    |  426.8ms | complimentary ball check?...
[ENTERTAINM] | YouTube  | [Normal]     | 95%    |  429.9ms | Hii...
[GAMING/GAM] | YouTube  | [Normal]     | 95%    |  365.1ms | 1 min...
[ENTERTAINM] | YouTube  | [Normal]     | 95%    |  374.4ms | )...
[PSYCHOLOGY] | YouTube  | [Normal]     | 90%    |  477.0ms | metaphor refantazio archetypes...
[NEWS/LIVE ] | YouTube  | [Normal]     | 90%    |  370.9ms | thats all...
[ENTERTAINM] | YouTube  | [Normal]     | 90%    |  371.3ms | Yessss...
[MUSIC/CHIL] | YouTube  | [Normal]     | 63%    |  567.3ms | ce prostie era să zic :rolling_on_the_fl...
[PSYCHOLOGY] | YouTube  | [HATE]       | 42%    |  377.3ms | latin is funny...
[GAMING/GAM] | YouTube  | [HATE]       | 36%    |  411.0ms | So they “won” by charging people more?...
[NEWS/LIVE ] | YouTube  | [Normal]     | 77%    |  534.3ms | ya can't argue with something you agree ...
[GAMING/GAM] | YouTube  | [Normal]     | 97%    |  320.5ms | watching the movie tonight...
[ENTERTAINM] | YouTube  | [Normal]     | 94%    |  360.0ms | hi...
[ENTERTAINM] | YouTube  | [Normal]     | 93%    |  420.5ms | India...
[LIFESTYLE/] | YouTube  | [Normal]     | 97%    |  536.2ms | Still cooler than usual here  but at lea...
[GAMING/GAM] | YouTube  | [Normal]     | 95%    |  353.1ms | airplane...
[ENTERTAINM] | YouTube  | [Normal]     | 94%    |  347.1ms | Hi...
[ENTERTAINM] | YouTube  | [Normal]     | 95%    |  347.9ms | yooo...
[GAMING/GAM] | YouTube  | [Normal]     | 90%    |  427.9ms | AIR HOUSE...
[GAMING/GAM] | YouTube  | [Normal]     | 95%    |  421.5ms | lighthouse!!!...
[GAMING/GAM] | YouTube  | [Normal]     | 97%    |  526.4ms | HI MARKIPLIER I'VE WATCHED YOUR VIDEOS F...
[NEWS/LIVE ] | YouTube  | [Normal]     | 94%    |  482.0ms | fractional reserve banking allows banks ...
[ENTERTAINM] | YouTube  | [Normal]     | 94%    |  351.8ms | 1...
[GAMING/GAM] | YouTube  | [Normal]     | 97%    |  438.3ms | I watched in an encore theater!...
[GAMING/SUR] | YouTube  | [Normal]     | 95%    |  392.5ms | hit...
[GAMING/GAM] | YouTube  | [Normal]     | 93%    |  484.3ms | IRON LUNG WE LOVE IT...
[GAMING/GAM] | YouTube  | [Normal]     | 95%    |  410.9ms | @Markiplier...
[GAMING/GAM] | YouTube  | [Normal]     | 92%    |  571.7ms | mark needs to build a theatre that only ...
[GAMING/GAM] | YouTube  | [Normal]     | 94%    |  519.1ms | IM SEENING THE ITON LUNG AGAIN WITH MY D...
[ENTERTAINM] | YouTube  | [Normal]     | 97%    |  424.6ms | 100 vid spechel...
[GAMING/SUR] | YouTube  | [Normal]     | 61%    |  389.7ms | GINGY IS GOING TO MURDER YOU...
[ENTERTAINM] | YouTube  | [Normal]     | 97%    |  603.7ms | plz Jimmy :pensive_face::red_heart: just...
[GAMING/GAM] | YouTube  | [OFFENSIVE]  | 95%    | 1028.4ms | Iron Lung didn't show in my town  Mark  ...
[GAMING/GAM] | YouTube  | [Normal]     | 94%    |  408.2ms | yeah WE win...
[ENTERTAINM] | YouTube  | [Normal]     | 94%    |  364.0ms | hi...
[ENTERTAINM] | YouTube  | [Normal]     | 94%    |  415.9ms | hi...
[ENTERTAINM] | YouTube  | [Normal]     | 98%    | 3832.8ms | :hand-pink-waving::hand-pink-waving::han...
[GAMING/SUR] | YouTube  | [Normal]     | 95%    |  413.3ms | Bahahahaha...
[GAMING/GAM] | YouTube  | [Normal]     | 96%    |  416.7ms | When is it going to be online?...
[GAMING/GAM] | YouTube  | [Normal]     | 93%    |  573.9ms | AIIIIRRRPLLLAAAAANNNNNEEEEEE...
[GAMING/GAM] | YouTube  | [Normal]     | 49%    |  419.2ms | i have a fear of lighthouses...
[GAMING/SUR] | YouTube  | [Normal]     | 96%    |  431.3ms | lol...
[ENTERTAINM] | YouTube  | [Normal]     | 95%    |  399.0ms | hello...
[GAMING/GAM] | YouTube  | [Normal]     | 50%    |  478.2ms | The drowned man...
[ENTERTAINM] | YouTube  | [Normal]     | 95%    |  407.3ms | hello...
[GAMING/GAM] | YouTube  | [Normal]     | 93%    |  801.8ms | We know you learned a lot working on the...
[GAMING/GAM] | YouTube  | [Normal]     | 95%    |  433.5ms | obversation...
[ENTERTAINM] | YouTube  | [Normal]     | 94%    |  410.1ms | hi...
[GAMING/SUR] | YouTube  | [Normal]     | 94%    |  531.6ms | gingy stayed up alllllllll night...
[GAMING/GAM] | YouTube  | [Normal]     | 95%    |  510.2ms | LIGHT IN THE SPINNY LIGHT ROOM LOST ITS ...
[GAMING/GAM] | YouTube  | [Normal]     | 94%    |  381.8ms | BASEMENT STAIRS ARE PULSING...
[GAMING/GAM] | YouTube  | [Normal]     | 95%    |  469.1ms | THE STAIR IN THE BASEMENT...
[ENTERTAINM] | YouTube  | [Normal]     | 94%    |  420.1ms | please...
[GAMING/GAM] | YouTube  | [Normal]     | 95%    |  542.9ms | I finally got to see iron lung and I lov...
[ENTERTAINM] | YouTube  | [Normal]     | 96%    |  701.0ms | give me 10k dollars  please :pleading_fa...
[MUSIC/CHIL] | YouTube  | [Normal]     | 96%    |  441.1ms | jatsi means MORE...
[ENTERTAINM] | YouTube  | [Normal]     | 94%    |  342.0ms | nepal...
[GAMING/GAM] | YouTube  | [Normal]     | 88%    |  405.0ms | THE DOOR...
[ENTERTAINM] | YouTube  | [Normal]     | 95%    |  658.9ms | I have a question how is it possible tha...
[ENTERTAINM] | YouTube  | [Normal]     | 94%    |  430.9ms | 2...
[GAMING/GAM] | YouTube  | [Normal]     | 93%    |  550.6ms | Mark isn't good at this :rolling_on_the_...
[ENTERTAINM] | YouTube  | [Normal]     | 95%    |  445.7ms | hi I watch your video...
[GAMING/SUR] | YouTube  | [Normal]     | 90%    |  381.8ms | WAIT...
[ENTERTAINM] | YouTube  | [Normal]     | 95%    |  506.9ms | 1111111111111111...
[ENTERTAINM] | YouTube  | [Normal]     | 96%    |  501.1ms | Jimmy  can I have $1000 to pay off my de...
[ENTERTAINM] | YouTube  | [Normal]     | 91%    |  596.2ms | I was thinking that you gave a biggest g...
[ENTERTAINM] | YouTube  | [Normal]     | 96%    |  400.2ms | I LOVE YOU BRO...
[GAMING/GAM] | YouTube  | [Normal]     | 91%    |  543.1ms | the camera malfunction was the camera wa...
[ENTERTAINM] | YouTube  | [Normal]     | 94%    |  426.5ms | hi...
[ENTERTAINM] | YouTube  | [Normal]     | 94%    |  419.7ms | Hi...
[GAMING/GAM] | YouTube  | [Normal]     | 45%    |  416.1ms | Yippeee...
[ENTERTAINM] | YouTube  | [Normal]     | 97%    |  464.5ms | i love you...
[GAMING/GAM] | YouTube  | [Normal]     | 97%    |  526.0ms | the depth......
[GAMING/GAM] | YouTube  | [Normal]     | 96%    |  800.1ms | Saw Iron Lung last night  I really liked...
[ENTERTAINM] | YouTube  | [Normal]     | 87%    |  390.8ms | A...
[GAMING/GAM] | YouTube  | [Normal]     | 96%    |  458.1ms | was that poster always on the wall?...
[GAMING/GAM] | YouTube  | [Normal]     | 97%    |  979.7ms | The red hanging thing lantern room is mo...
[GAMING/GAM] | YouTube  | [Normal]     | 96%    |  606.6ms | I just came back from watching Iron Lung...
[GAMING/SUR] | YouTube  | [Normal]     | 95%    |  431.6ms | 200...
[GAMING/GAM] | YouTube  | [Normal]     | 97%    | 1391.3ms | Make sure to give IRON LUNG A 10 ON IMDB...
[ENTERTAINM] | YouTube  | [Normal]     | 95%    |  519.7ms | mrbeast can I have 20 dolla...
[ENTERTAINM] | YouTube  | [Normal]     | 88%    |  426.2ms | I know who he is  but dont watch it...
[ENTERTAINM] | YouTube  | [Normal]     | 97%    |  450.1ms | سلام منم تو ایران...
[MUSIC/CHIL] | YouTube  | [Normal]     | 96%    |  855.7ms | hiburan beee :face_with_tongue::face_wit...
[GAMING/GAM] | YouTube  | [Normal]     | 94%    |  484.8ms | There's a dude in the top left corner...
[GAMING/GAM] | YouTube  | [Normal]     | 97%    |  724.0ms | top right of lantern room folded bit of ...
[ENTERTAINM] | YouTube  | [Normal]     | 93%    |  556.4ms | :alien::alien::alien:...
[ENTERTAINM] | YouTube  | [Normal]     | 97%    |  709.7ms | hi mr beast im new:face_holding_back_tea...
[GAMING/GAM] | YouTube  | [Normal]     | 97%    |  528.9ms | LANTERN MARKYMO...
[GAMING/SUR] | YouTube  | [Normal]     | 97%    |  382.1ms | Yuuuur...
[GAMING/SUR] | YouTube  | [Normal]     | 96%    |  410.9ms | finally my man...
[GAMING/SUR] | YouTube  | [Normal]     | 45%    |  415.9ms | LETS GOOOOOO...
[GAMING/SUR] | YouTube  | [Normal]     | 91%    |  422.0ms | w...
[GAMING/SUR] | YouTube  | [Normal]     | 82%    |  454.7ms | put some pants on...
[PSYCHOLOGY] | YouTube  | [Normal]     | 96%    |  469.9ms | :grinning_squinting_face:...
[GAMING/SUR] | YouTube  | [Normal]     | 92%    |  476.9ms | hahahhahahahahahaha...
[GAMING/SUR] | YouTube  | [Normal]     | 92%    |  366.4ms | normal...
[MUSIC/CHIL] | YouTube  | [Normal]     | 70%    |  450.7ms | she is asking do u eat wtf...
[GAMING/SUR] | YouTube  | [Normal]     | 94%    |  331.3ms | hi...
[GAMING/SUR] | YouTube  | [Normal]     | 94%    |  419.3ms | LMAOAOSKAOAOOAOA...
[SELF-HELP/] | YouTube  | [Normal]     | 91%    |  479.9ms | @acetophenone820 not true...
[MUSIC/CHIL] | YouTube  | [Normal]     | 98%    |  511.1ms | :bell::bell::bell:...
[ENTERTAINM] | YouTube  | [Normal]     | 52%    |  540.3ms | Mr beast trolling...
[MUSIC/CHIL] | YouTube  | [Normal]     | 98%    |  582.0ms | :fish::bird:...
[ENTERTAINM] | YouTube  | [Normal]     | 94%    |  523.9ms | hello mr beast!!!!!...
[GAMING/GAM] | YouTube  | [Normal]     | 94%    |  422.7ms | Maaark!...
[ENTERTAINM] | YouTube  | [Normal]     | 92%    |  397.3ms | hai...
[SELF-HELP/] | YouTube  | [Normal]     | 96%    |  583.4ms | Dr. K is it possible to have John Kiriak...
[ENTERTAINM] | YouTube  | [Normal]     | 92%    |  473.8ms | HELLO MRBEAST!!!...
[GAMING/GAM] | YouTube  | [Normal]     | 96%    |  392.4ms | hi mark...
[GAMING/SUR] | YouTube  | [Normal]     | 80%    |  485.5ms | Doc is better than peanut boy...
[GAMING/GAM] | YouTube  | [Normal]     | 96%    |  404.6ms | HI MARK...
[ENTERTAINM] | YouTube  | [Normal]     | 96%    |  492.2ms | :heart_suit::loudly_crying_face:...
[ENTERTAINM] | YouTube  | [Normal]     | 89%    |  383.7ms | selam mrbeast...
[GAMING/GAM] | YouTube  | [Normal]     | 94%    |  716.5ms | I still really want to see it  haven’t h...
[ENTERTAINM] | YouTube  | [Normal]     | 94%    |  386.2ms | Speak in Hindi...
[GAMING/GAM] | YouTube  | [Normal]     | 97%    |  464.3ms | WE LOVE MATH!!!!...
[ENTERTAINM] | YouTube  | [OFFENSIVE]  | 57%    |  458.2ms | letssss goooo...
[GAMING/GAM] | YouTube  | [Normal]     | 95%    |  592.9ms | WHERE DO YOU FIND THAT STATISTIC????...
[ENTERTAINM] | YouTube  | [Normal]     | 94%    |  390.8ms | Tate...
[GAMING/GAM] | YouTube  | [Normal]     | 71%    |  502.7ms | Why do you look more shorter than usual?...
[GAMING/GAM] | YouTube  | [Normal]     | 97%    |  411.8ms | Well deserved Mark...
[SELF-HELP/] | YouTube  | [Normal]     | 81%    |  577.9ms | we dont get that sort of clarity about w...
[GAMING/GAM] | YouTube  | [Normal]     | 89%    |  524.9ms | GLOAT WHOOOO?? US THATS WHOOO...
[GAMING/GAM] | YouTube  | [Normal]     | 97%    |  447.3ms | Your movie was amazing mark!!...
[GAMING/GAM] | YouTube  | [Normal]     | 81%    | 1186.2ms | mark  I hope you see this  Ive been a hu...
[GAMING/GAM] | YouTube  | [Normal]     | 93%    |  384.9ms | Light home...
[ENTERTAINM] | YouTube  | [Normal]     | 89%    |  397.7ms | heyyy...
[GAMING/GAM] | YouTube  | [Normal]     | 95%    |  496.5ms | I WATCHED IRON LUNG EARLIER THIS WEEK AN...
[GAMING/SUR] | YouTube  | [Normal]     | 87%    |  400.2ms | No...
[ENTERTAINM] | YouTube  | [Normal]     | 94%    |  413.4ms | hi...
[ENTERTAINM] | YouTube  | [Normal]     | 93%    |  387.1ms | Mr beast The best...
[GAMING/GAM] | YouTube  | [Normal]     | 97%    |  462.1ms | Revote between airplane and lighthouse!...
[GAMING/GAM] | YouTube  | [Normal]     | 97%    |  652.2ms | MARKIPLIER ADRESS THE MAYONNAISE MUSTARD...
[PSYCHOLOGY] | YouTube  | [Normal]     | 97%    |  462.0ms | the sun and the moon...
[ENTERTAINM] | YouTube  | [Normal]     | 97%    |  532.4ms | Mr. Twenty  I want an iPhone 17....
[MUSIC/CHIL] | YouTube  | [Normal]     | 98%    |  462.4ms | :dove:...
[ENTERTAINM] | YouTube  | [Normal]     | 91%    |  389.1ms | MOM...
[GAMING/SUR] | YouTube  | [Normal]     | 94%    |  427.2ms | lmaoooo...
[GAMING/GAM] | YouTube  | [Normal]     | 96%    |  581.8ms | what brand was the crayon in the movie??...
[GAMING/GAM] | YouTube  | [Normal]     | 82%    |  475.8ms | Shame on my theater then...
[GAMING/SUR] | YouTube  | [Normal]     | 89%    |  318.6ms | looooool...
[ENTERTAINM] | YouTube  | [Normal]     | 95%    |  494.3ms | @itzsheeraluvs the samee samaalahhhh...
[GAMING/GAM] | YouTube  | [Normal]     | 66%    |  766.4ms | I thought airplane would be cooler becau...
[ENTERTAINM] | YouTube  | [Normal]     | 95%    |  500.7ms | always with you bro.keep going...
[GAMING/GAM] | YouTube  | [Normal]     | 95%    |  353.9ms | I was bored thanks...
[ENTERTAINM] | YouTube  | [Normal]     | 95%    |  370.4ms | hello bro...
[GAMING/GAM] | YouTube  | [Normal]     | 97%    |  609.9ms | I'm seeing it in Scotland in Monday....
[GAMING/GAM] | YouTube  | [Normal]     | 93%    |  475.6ms | when will you finish silent hill?...
[ENTERTAINM] | YouTube  | [Normal]     | 93%    |  379.4ms | yooo mr beast...
[PSYCHOLOGY] | YouTube  | [Normal]     | 96%    |  436.8ms | LOL...
[GAMING/SUR] | YouTube  | [Normal]     | 94%    |  426.1ms | 3 5...
[GAMING/GAM] | YouTube  | [Normal]     | 85%    |  431.7ms | You got this...
[ENTERTAINM] | YouTube  | [Normal]     | 98%    |  937.1ms | from Bangladesh  :heart_suit: :red_heart...
[MUSIC/CHIL] | YouTube  | [Normal]     | 96%    |  826.8ms | kyuki tumne kbhi Apna naam nahi bataya k...
[GAMING/GAM] | YouTube  | [Normal]     | 95%    |  422.7ms | cool...
[GAMING/GAM] | YouTube  | [Normal]     | 96%    |  577.2ms | Typo mark in the title...
[GAMING/SUR] | YouTube  | [Normal]     | 84%    |  728.4ms | Whoooooooorayyyyyyy...
[GAMING/GAM] | YouTube  | [Normal]     | 95%    |  573.7ms | OBVERSATION...
[GAMING/GAM] | YouTube  | [Normal]     | 93%    |  537.8ms | the entire stream is ruined mark try aga...
[ENTERTAINM] | YouTube  | [Normal]     | 94%    |  522.7ms | Can you give me $10 000...
[ENTERTAINM] | YouTube  | [Normal]     | 97%    |  460.4ms | pls reply...
[GAMING/GAM] | YouTube  | [Normal]     | 95%    |  464.4ms | Hey Mark!!...
[GAMING/GAM] | YouTube  | [Normal]     | 93%    |  545.4ms | bed looked funky but idk...
[GAMING/GAM] | YouTube  | [Normal]     | 95%    |  500.9ms | joined just in time...
[GAMING/GAM] | YouTube  | [Normal]     | 96%    |  441.9ms | LIGHT ON BEACH...
[GAMING/GAM] | YouTube  | [Normal]     | 86%    |  419.7ms | the bed!...
[SPORTS/FOO] | YouTube  | [Normal]     | 88%    |  433.2ms | ？...
[GAMING/SUR] | YouTube  | [Normal]     | 97%    |  495.7ms | ayeeee I am...
[ENTERTAINM] | YouTube  | [Normal]     | 95%    |  842.8ms | :takeout::takeout::hydrate::chillwdog::c...
[GAMING/GAM] | YouTube  | [Normal]     | 94%    |  458.7ms | the staircase...
[GAMING/GAM] | YouTube  | [Normal]     | 94%    |  450.2ms | LMAOOOO...
[PSYCHOLOGY] | YouTube  | [Normal]     | 97%    |  510.1ms | My biggest issue......
[GAMING/GAM] | YouTube  | [Normal]     | 49%    |  568.4ms | dont help him  hes too good at this...
[ENTERTAINM] | YouTube  | [Normal]     | 97%    |  615.1ms | :heart_suit::heart_suit::heart_suit:...
[GAMING/GAM] | YouTube  | [Normal]     | 97%    | 1286.3ms | Hi mark! This is the first live I’ve cau...
[ENTERTAINM] | YouTube  | [Normal]     | 91%    |  473.0ms | Give me shout out guys...
[SELF-HELP/] | YouTube  | [Normal]     | 63%    |  566.0ms | I’m so glad i don’t hate on anyone thank...
[GAMING/GAM] | YouTube  | [Normal]     | 96%    |  992.2ms | hi mark   your a huge inspiration and ha...
[GAMING/SUR] | YouTube  | [Normal]     | 89%    |  395.4ms | Early stream?? Hell yeah bois...
[GAMING/GAM] | YouTube  | [Normal]     | 94%    |  439.8ms | OVER THERE MARK...
[ENTERTAINM] | YouTube  | [Normal]     | 94%    |  469.7ms | 1...
[GAMING/SUR] | YouTube  | [Normal]     | 87%    |  426.7ms | No...
[ENTERTAINM] | YouTube  | [Normal]     | 97%    |  379.2ms | Welcome New Member!...
[ENTERTAINM] | YouTube  | [Normal]     | 96%    |  492.6ms | please give 1000000000000 dollar...
[ENTERTAINM] | YouTube  | [Normal]     | 96%    |  492.6ms | i from india...
[GAMING/GAM] | YouTube  | [Normal]     | 94%    |  572.5ms | the ropes were moving in the basement bu...
[MUSIC/CHIL] | YouTube  | [Normal]     | 98%    |  581.7ms | ...:face-turquoise-music-note:...
[GAMING/SUR] | YouTube  | [Normal]     | 93%    |  534.7ms | watching peanut gamble scrap is peak bun...
[GAMING/GAM] | YouTube  | [Normal]     | 93%    |  366.1ms | Meow...
[ENTERTAINM] | YouTube  | [Normal]     | 97%    |  532.6ms | hi jimmy. I'm From Bangladesh...
[ENTERTAINM] | YouTube  | [Normal]     | 93%    | 1514.8ms | congratulations Jimmy for 500M i know yo...
[GAMING/GAM] | YouTube  | [Normal]     | 91%    | 1089.5ms | if it makes you feel any better  I didn'...
[NEWS/LIVE ] | YouTube  | [Normal]     | 86%    |  839.5ms | @mikebriganti2187 you are or arent into ...
[PSYCHOLOGY] | YouTube  | [Normal]     | 76%    |  443.4ms | what no you dont...
[ENTERTAINM] | YouTube  | [Normal]     | 90%    |  345.7ms | mr bets...
[GAMING/GAM] | YouTube  | [Normal]     | 96%    |  365.7ms | Hi mark...
[GAMING/GAM] | YouTube  | [Normal]     | 74%    |  363.3ms | peir has a creepo...
[GAMING/GAM] | YouTube  | [Normal]     | 98%    |  821.8ms | Watched the movie yesterday. it was lite...
[GAMING/GAM] | YouTube  | [Normal]     | 94%    |  546.4ms | camera malfunction in keep?...
[ENTERTAINM] | YouTube  | [Normal]     | 98%    | 1587.1ms | siempre participamos con la esperanza de...
[ENTERTAINM] | YouTube  | [Normal]     | 95%    |  549.6ms | been subscribes since mr beast had 30m s...
[GAMING/GAM] | YouTube  | [Normal]     | 96%    |  517.6ms | is the poster moved?...
[ENTERTAINM] | YouTube  | [Normal]     | 94%    |  406.6ms | hi...
[ENTERTAINM] | YouTube  | [Normal]     | 96%    |  515.4ms | big goals...
[ENTERTAINM] | YouTube  | [Normal]     | 73%    |  596.0ms | 500mil is insane...
[GAMING/GAM] | YouTube  | [Normal]     | 90%    |  328.0ms | abyss...
[GAMING/GAM] | YouTube  | [Normal]     | 94%    |  360.9ms | wow a lighthouse...
[GAMING/GAM] | YouTube  | [Normal]     | 93%    |  428.1ms | The fuse is open...
[ENTERTAINM] | YouTube  | [Normal]     | 94%    |  386.9ms | Hi...
[ENTERTAINM] | YouTube  | [Normal]     | 93%    |  404.8ms | E...
[GAMING/GAM] | YouTube  | [Normal]     | 94%    |  388.7ms | FOG...
[GAMING/GAM] | YouTube  | [Normal]     | 96%    |  396.4ms | youtuber...
[GAMING/GAM] | YouTube  | [Normal]     | 85%    |  498.7ms | Look at the End of the Bridge...
[ENTERTAINM] | YouTube  | [Normal]     | 92%    |  434.0ms | Russia...
[SELF-HELP/] | YouTube  | [Normal]     | 55%    |  578.8ms | the key is to be stubborn...
[ENTERTAINM] | YouTube  | [Normal]     | 94%    |  409.6ms | 1...
[ENTERTAINM] | YouTube  | [Normal]     | 96%    |  417.3ms | :red_heart:...
[GAMING/GAM] | YouTube  | [Normal]     | 96%    |  419.2ms | lovely friend...
[GAMING/GAM] | YouTube  | [Normal]     | 51%    |  417.6ms | your doomed...
[GAMING/GAM] | YouTube  | [Normal]     | 97%    |  511.6ms | The railing moved on the stairs!!...
[GAMING/GAM] | YouTube  | [Normal]     | 97%    |  427.8ms | Hi mark :)...
[GAMING/GAM] | YouTube  | [Normal]     | 95%    |  659.6ms | WE'RE TRYING OUR BEST :thinking_face:...
[GAMING/GAM] | YouTube  | [Normal]     | 93%    |  542.5ms | ohhhhh i didnt see that...
[ENTERTAINM] | YouTube  | [Normal]     | 96%    |  529.5ms | всем привет...
[GAMING/GAM] | YouTube  | [Normal]     | 93%    |  692.3ms | is iron lung going to be on a streaming ...
[ENTERTAINM] | YouTube  | [Normal]     | 97%    |  625.4ms | I love you mr best :ok_hand:...
[GAMING/SUR] | YouTube  | [Normal]     | 97%    | 1192.6ms | Peanut & Starforge PC's are partnered! C...
[ENTERTAINM] | YouTube  | [Normal]     | 94%    |  674.7ms | Mr beast can you give me 5 cents please ...
[GAMING/GAM] | YouTube  | [Normal]     | 91%    |  689.3ms | Mark I missed your movie because of fina...
[ENTERTAINM] | YouTube  | [Normal]     | 97%    |  390.7ms | from asia east or west of asia...
[SELF-HELP/] | YouTube  | [Normal]     | 96%    |  353.6ms | lol...
[SELF-HELP/] | YouTube  | [Normal]     | 95%    |  387.7ms | Yt better...
[GAMING/GAM] | YouTube  | [Normal]     | 95%    |  521.5ms | DID YOU WATCH SMILING FRIENDS TWIN...
[GAMING/GAM] | YouTube  | [Normal]     | 87%    |  410.3ms | no...
[GAMING/GAM] | YouTube  | [Normal]     | 95%    |  404.5ms | ITS SPINNING...
[ENTERTAINM] | YouTube  | [Normal]     | 97%    |  438.3ms | LOVE FROM MALAYSIA...
[GAMING/GAM] | YouTube  | [Normal]     | 96%    |  409.4ms | Mr....
[ENTERTAINM] | YouTube  | [Normal]     | 98%    | 4059.2ms | :face-red-heart-shape::face-red-heart-sh...
[GAMING/GAM] | YouTube  | [Normal]     | 97%    |  541.5ms | bottom rope in stairwell moved...
[ENTERTAINM] | YouTube  | [Normal]     | 65%    | 3804.5ms | :party_popper::party_popper::party_poppe...
[GAMING/GAM] | YouTube  | [Normal]     | 96%    |  510.6ms | mark please the red broken railing moved...
[GAMING/GAM] | YouTube  | [Normal]     | 93%    |  899.1ms | Actually I been inspired and my friend i...
[ENTERTAINM] | YouTube  | [Normal]     | 91%    |  675.3ms | This will mean that over 6% of the globa...
[GAMING/GAM] | YouTube  | [Normal]     | 98%    |  433.5ms | frosted glass again...
[ENTERTAINM] | YouTube  | [Normal]     | 98%    |  714.5ms | mine birthday :birthday_cake::birthday_c...
[ENTERTAINM] | YouTube  | [Normal]     | 96%    |  392.7ms | cheese...
[ENTERTAINM] | YouTube  | [Normal]     | 95%    |  411.6ms | call of duty...
[ENTERTAINM] | YouTube  | [Normal]     | 97%    | 4102.4ms | :finger-red-number-one::finger-red-numbe...
[GAMING/GAM] | YouTube  | [Normal]     | 92%    |  568.4ms | rahhhh...
[ENTERTAINM] | YouTube  | [Normal]     | 96%    |  661.2ms | GIVE US 500 MILLION COOKIE FOR SUBSCRIBI...
[GAMING/GAM] | YouTube  | [Normal]     | 93%    |  403.7ms | buey in boat...
[SELF-HELP/] | YouTube  | [Normal]     | 46%    |  509.0ms | Because you have to split skill points w...
[GAMING/GAM] | YouTube  | [Normal]     | 97%    |  386.7ms | extra bottle by door on pier...
[ENTERTAINM] | YouTube  | [Normal]     | 98%    |  766.7ms | :hand-pink-waving::hand-pink-waving::han...
[SELF-HELP/] | YouTube  | [Normal]     | 81%    |  482.4ms | because it make us disfunctional...
[GAMING/SUR] | YouTube  | [Normal]     | 75%    |  312.5ms | ya...
[ENTERTAINM] | YouTube  | [Normal]     | 94%    |  311.7ms | hi...
[GAMING/GAM] | YouTube  | [Normal]     | 64%    |  322.3ms | zombies...
[GAMING/GAM] | YouTube  | [Normal]     | 93%    |  370.7ms | YAYY...
[PSYCHOLOGY] | YouTube  | [Normal]     | 93%    |  364.0ms | LFG Jung talk!...
[ENTERTAINM] | YouTube  | [Normal]     | 95%    |  290.1ms | :shushing_face:...
[ENTERTAINM] | YouTube  | [Normal]     | 96%    |  252.0ms | BIG FAN...
[ENTERTAINM] | YouTube  | [Normal]     | 94%    |  301.4ms | hi bro...
[GAMING/GAM] | YouTube  | [Normal]     | 97%    |  316.2ms | Welcome New Member!...
[ENTERTAINM] | YouTube  | [Normal]     | 94%    |  218.6ms | Hi...
[GAMING/GAM] | YouTube  | [Normal]     | 96%    |  316.7ms | lol...
[PSYCHOLOGY] | YouTube  | [Normal]     | 96%    |  285.3ms | harem arc...
[ENTERTAINM] | YouTube  | [Normal]     | 97%    |  666.4ms | 500m special king been an og for an long...
[PSYCHOLOGY] | YouTube  | [Normal]     | 94%    |  281.8ms | reincarnation anime...
[ENTERTAINM] | YouTube  | [Normal]     | 97%    |  280.6ms | shout-out...
[GAMING/GAM] | YouTube  | [Normal]     | 93%    |  375.7ms | I bet the schematics on the left in the ...
[GAMING/GAM] | YouTube  | [Normal]     | 96%    |  426.1ms | Theres one in the bottom corner its a pi...
[LIFESTYLE/] | YouTube  | [Normal]     | 97%    |  654.4ms | Parlez en Anglais  s'il vous plait  plea...
[ENTERTAINM] | YouTube  | [Normal]     | 96%    |  345.5ms | مشاء الله...
[ENTERTAINM] | YouTube  | [Normal]     | 95%    |  290.6ms | 67...
[GAMING/GAM] | YouTube  | [Normal]     | 88%    |  298.8ms | Something in Toilet as well...
[SELF-HELP/] | YouTube  | [Normal]     | 95%    |  397.2ms | true this sounds like intp...
[GAMING/SUR] | YouTube  | [Normal]     | 94%    |  312.4ms | need auto sort...
[GAMING/GAM] | YouTube  | [Normal]     | 97%    |  312.2ms | Flight board...
[GAMING/GAM] | YouTube  | [Normal]     | 84%    |  383.1ms | cabinet in economy is too wide...
[GAMING/GAM] | YouTube  | [Normal]     | 98%    |  483.0ms | can I eat the banana and old coffee :fac...
[GAMING/GAM] | YouTube  | [Normal]     | 88%    |  372.5ms | world renowned director on the top left...
[GAMING/GAM] | YouTube  | [Normal]     | 95%    |  384.0ms | was iron lung number one!@...
[ENTERTAINM] | YouTube  | [Normal]     | 86%    |  303.3ms | let go mrbeast...
[MUSIC/CHIL] | YouTube  | [Normal]     | 96%    |  234.6ms | aha Hello beta...
[ENTERTAINM] | YouTube  | [Normal]     | 97%    |  903.9ms | :soccer_ball::soccer_ball::soccer_ball::...
[GAMING/ESP] | YouTube  | [Normal]     | 95%    |  232.9ms | Meepo...
[GAMING/TOU] | Twitch   | [Normal]     | 97%    |  382.3ms | trulex x chic0 che duo...
[GAMING/TOU] | Twitch   | [Normal]     | 98%    |  301.2ms | 203 sono in?...
[VALORANT/G] | Twitch   | [Normal]     | 83%    |  229.2ms | DinoDance DinoDance...
[RELATIONSH] | Twitch   | [Normal]     | 95%    |  253.6ms | monkaLaugh uhoh...
[RELATIONSH] | Twitch   | [Normal]     | 93%    |  278.5ms | GG BRO...
[RELATIONSH] | Twitch   | [Normal]     | 93%    |  282.9ms | OMG...
[RELATIONSH] | Twitch   | [Normal]     | 57%    |  461.3ms | arthur is an idiot.. the questions had w...
[RELATIONSH] | Twitch   | [Normal]     | 94%    |  361.1ms | SipTime...
[LIFESTYLE/] | Twitch   | [Normal]     | 97%    |  762.2ms | @DraculaEST The inn  where Ruth Wakefiel...
