---- STARTING OMNI-PROCESSOR ----
-> Connected to Elasticsearch at http://172.16.10.94:9200 | Index: perf_20261002-150936_clu_vm14-vm24-rasp14-rasp24-rasp34_allfive_r1
-> Loading model from /home/rasp3/hsp/src/../models/bert_final on cpu...
-> BERT Model Loaded successfully.
-> Benchmark log: /home/rasp3/hsp/reports/scaling/20261002-150936_clu_vm14-vm24-rasp14-rasp24-rasp34_allfive_r1/bench_rasp3_2.csv | node rasp3 | group g_20261002-150936_clu_vm14-vm24-rasp14-rasp24-rasp34_allfive_r1
------------------------------------------------------------------------------------------------------------------------
DOMAIN       | SOURCE   | PREDICTION   | CONF.  | LATENCY  | TEXT
------------------------------------------------------------------------------------------------------------------------
[SELF-HELP/] | YouTube  | [Normal]     | 96%    |  740.7ms | It certainly is a day today...
[GAMING/SUR] | YouTube  | [Normal]     | 91%    |  719.3ms | I mean ur kinda trash at blackjack ngl l...
[SELF-HELP/] | YouTube  | [Normal]     | 85%    |  708.0ms | Left handed people slander as usual :_Dr...
[NEWS/LIVE ] | YouTube  | [Normal]     | 88%    |  551.0ms | It was a joke really...
[ENTERTAINM] | YouTube  | [Normal]     | 94%    |  351.4ms | Hi...
[GAMING/GAM] | YouTube  | [Normal]     | 94%    |  363.6ms | hi...
[ENTERTAINM] | YouTube  | [Normal]     | 89%    |  319.0ms | yoooo...
[ENTERTAINM] | YouTube  | [Normal]     | 97%    |  713.2ms | MR beast day by day :fire::red_heart:& C...
[ENTERTAINM] | YouTube  | [Normal]     | 94%    |  340.2ms | SAY MY NAME...
[NEWS/LIVE ] | YouTube  | [Normal]     | 94%    |  505.1ms | I can't disagree with irresponsible:cat-...
[ENTERTAINM] | YouTube  | [Normal]     | 96%    |  627.6ms | I think y'all do it....but I've been sub...
[GAMING/GAM] | YouTube  | [Normal]     | 96%    |  420.8ms | Ayeeeeeee...
[ENTERTAINM] | YouTube  | [Normal]     | 97%    |  367.3ms | 500m...
[GAMING/GAM] | YouTube  | [Normal]     | 94%    |  478.7ms | CONGRATULATIONS ON TH3 MOVIE MARK I WAT ...
[ENTERTAINM] | YouTube  | [Normal]     | 91%    |  375.4ms | W...
[GAMING/SUR] | YouTube  | [Normal]     | 94%    |  452.8ms | Play with H20 Delirious...
[ENTERTAINM] | YouTube  | [Normal]     | 97%    |  682.1ms | :green_heart::green_heart::green_heart::...
[NEWS/LIVE ] | YouTube  | [Normal]     | 90%    |  472.1ms | Thanks shoutout to anyone international ...
[GAMING/SUR] | YouTube  | [Normal]     | 93%    |  457.0ms | what is rogue on 30 hours...
[GAMING/SUR] | YouTube  | [Normal]     | 92%    |  427.3ms | PLAY THE WHEEL...
[GAMING/GAM] | YouTube  | [Normal]     | 98%    | 3211.7ms | :face-blue-smiling::face-blue-smiling::f...
[GAMING/GAM] | YouTube  | [Normal]     | 96%    |  379.3ms | LIGHTHOUSEE...
[ENTERTAINM] | YouTube  | [Normal]     | 95%    |  415.8ms | Mr bean please give me a 10000 dollar...
[GAMING/GAM] | YouTube  | [OFFENSIVE]  | 61%    |  432.7ms | your movie was fuckin fire...
[ENTERTAINM] | YouTube  | [Normal]     | 97%    |  460.0ms | congratulations :confetti_ball:...
[ENTERTAINM] | YouTube  | [Normal]     | 95%    |  460.0ms | 1111111111...
[ENTERTAINM] | YouTube  | [Normal]     | 96%    |  368.1ms | Hi in Türkiye...
[GAMING/GAM] | YouTube  | [Normal]     | 97%    |  399.8ms | When are we getting the Distractable tou...
[ENTERTAINM] | YouTube  | [Normal]     | 96%    |  486.2ms | I’m From Canada...
[ENTERTAINM] | YouTube  | [Normal]     | 95%    |  382.6ms | my my study...
[ENTERTAINM] | YouTube  | [Normal]     | 94%    |  631.0ms | :thumbs_up::thumbs_up::thumbs_up::thumbs...
[GAMING/GAM] | YouTube  | [Normal]     | 90%    |  387.9ms | LIGHT HOUSE...
[GAMING/GAM] | YouTube  | [Normal]     | 97%    |  400.1ms | Atmos is...
[GAMING/GAM] | YouTube  | [Normal]     | 92%    |  554.2ms | LIGHTHOUSE I WANNA SEE A GUY JORK IT LIK...
[ENTERTAINM] | YouTube  | [Normal]     | 96%    |  410.1ms | New member...
[GAMING/SUR] | YouTube  | [Normal]     | 96%    |  437.3ms | lmao...
[ENTERTAINM] | YouTube  | [Normal]     | 98%    |  525.5ms | Jimmy big fan :heart_suit: $100 please :...
[ENTERTAINM] | YouTube  | [Normal]     | 95%    |  422.4ms | love feom pakistan...
[GAMING/GAM] | YouTube  | [Normal]     | 96%    |  819.8ms | I know it hasn't been a whole lot of tim...
[ENTERTAINM] | YouTube  | [Normal]     | 95%    | 1659.7ms | mantap luar biasa 500Mmantap luar biasa ...
[GAMING/SUR] | YouTube  | [Normal]     | 94%    |  319.8ms | 5...
[ENTERTAINM] | YouTube  | [Normal]     | 95%    |  324.0ms | hello...
[GAMING/GAM] | YouTube  | [Normal]     | 94%    |  454.3ms | imagine the light turns into a disco bal...
[GAMING/GAM] | YouTube  | [Normal]     | 95%    |  403.5ms | SPELLING...
[GAMING/SUR] | YouTube  | [Normal]     | 96%    |  415.3ms | lol...
[ENTERTAINM] | YouTube  | [Normal]     | 91%    |  673.8ms | MRBEEEEEEEEEEEEEEEAAAAAAAAAASSSSSSSSSST6...
[GAMING/GAM] | YouTube  | [Normal]     | 94%    |  459.1ms | THE TITLE IS MISSPELLED...
[GAMING/GAM] | YouTube  | [Normal]     | 95%    |  396.0ms | xD...
[ENTERTAINM] | YouTube  | [Normal]     | 95%    |  429.6ms | call speed!!!...
[ENTERTAINM] | YouTube  | [Normal]     | 91%    |  407.2ms | mr beast...
[ENTERTAINM] | YouTube  | [Normal]     | 97%    |  773.0ms | Jimmy:person-turqouise-waving::person-tu...
[GAMING/GAM] | YouTube  | [Normal]     | 93%    |  545.7ms | mark you pick dr pepper or coke...
[GAMING/SUR] | YouTube  | [Normal]     | 97%    |  575.9ms | They logged in with 2000 scrap and left ...
[GAMING/GAM] | YouTube  | [Normal]     | 91%    |  639.2ms | Guys let him turn his brain off after ho...
[PSYCHOLOGY] | YouTube  | [Normal]     | 97%    |  449.0ms | That was personal lol...
[ENTERTAINM] | YouTube  | [Normal]     | 98%    |  707.3ms | Watching all World Cup games for 50K?:th...
[ENTERTAINM] | YouTube  | [Normal]     | 94%    |  429.6ms | 2...
[GAMING/GAM] | YouTube  | [Normal]     | 96%    |  676.1ms | I printed the popcorn bucket but the tee...
[ENTERTAINM] | YouTube  | [Normal]     | 97%    |  509.8ms | Bro lot's of love from Nepal :red_heart:...
[ENTERTAINM] | YouTube  | [Normal]     | 91%    |  453.0ms | mrbeast give me money...
[GAMING/GAM] | YouTube  | [Normal]     | 86%    |  487.6ms | that's not good...
[GAMING/GAM] | YouTube  | [Normal]     | 60%    |  530.8ms | LETS GOOOOOOOOOOOOOOOOOOOOOO...
[GAMING/GAM] | YouTube  | [Normal]     | 96%    |  389.3ms | hi!!...
[ENTERTAINM] | YouTube  | [Normal]     | 95%    |  383.0ms | noob lol...
[GAMING/GAM] | YouTube  | [Normal]     | 88%    |  441.2ms | The door...
[GAMING/SUR] | YouTube  | [Normal]     | 97%    |  737.7ms | NGL I might play the dino game before I ...
[ENTERTAINM] | YouTube  | [Normal]     | 96%    |  438.2ms | I want money...
[GAMING/SUR] | YouTube  | [Normal]     | 80%    |  496.0ms | he needs to be rebagged...
[ENTERTAINM] | YouTube  | [Normal]     | 95%    |  414.0ms | hello...
[GAMING/GAM] | YouTube  | [Normal]     | 95%    |  433.6ms | RAILING MOVED...
[GAMING/GAM] | YouTube  | [Normal]     | 94%    |  364.5ms | FOG...
[GAMING/GAM] | YouTube  | [Normal]     | 93%    |  365.5ms | Yes...
[ENTERTAINM] | YouTube  | [Normal]     | 52%    | 2924.0ms | HAPPY FOR YOU :face-fuchsia-wide-eyes::f...
[ENTERTAINM] | YouTube  | [Normal]     | 93%    |  344.1ms | Yes...
[ENTERTAINM] | YouTube  | [Normal]     | 97%    |  436.3ms | :heart_suit::heart_suit:...
[ENTERTAINM] | YouTube  | [Normal]     | 94%    |  415.6ms | 6...
[GAMING/GAM] | YouTube  | [Normal]     | 86%    |  406.1ms | intruder...
[ENTERTAINM] | YouTube  | [Normal]     | 94%    |  418.6ms | Venezuela...
[GAMING/GAM] | YouTube  | [Normal]     | 95%    |  370.9ms | oh hi Mark...
[GAMING/GAM] | YouTube  | [Normal]     | 94%    |  388.0ms | his ego has consumed him...
[ENTERTAINM] | YouTube  | [Normal]     | 95%    |  391.1ms | Beluga is in the chat...
[GAMING/SUR] | YouTube  | [Normal]     | 83%    |  363.7ms | Welyn too nice...
[GAMING/SUR] | YouTube  | [Normal]     | 73%    |  538.7ms | this is what i mean.... peanut is the wo...
[PSYCHOLOGY] | YouTube  | [Normal]     | 87%    |  622.8ms | thinking you're getting canceled about u...
[GAMING/GAM] | YouTube  | [Normal]     | 91%    |  413.3ms | PERSON...
[GAMING/GAM] | YouTube  | [Normal]     | 95%    |  434.7ms | YAY...
[ENTERTAINM] | YouTube  | [Normal]     | 97%    |  457.0ms | :red_heart::red_heart:...
[GAMING/GAM] | YouTube  | [Normal]     | 88%    |  387.4ms | mark behind you...
[GAMING/SUR] | YouTube  | [Normal]     | 86%    |  443.7ms | oh nbooo...
[GAMING/GAM] | YouTube  | [Normal]     | 96%    |  503.7ms | its mark!!!...
[GAMING/GAM] | YouTube  | [Normal]     | 97%    |  625.1ms | did the oil lantern on the dresser at th...
[ENTERTAINM] | YouTube  | [Normal]     | 94%    |  474.6ms | Now I remember it...
[GAMING/GAM] | YouTube  | [Normal]     | 85%    |  508.4ms | SLIME IN THE ICE MACHINE...
[GAMING/GAM] | YouTube  | [Normal]     | 91%    |  572.8ms | ah yes  thats why we stopped the floodin...
[SELF-HELP/] | YouTube  | [Normal]     | 89%    |  509.2ms | omg dr k likes us...
[GAMING/SUR] | YouTube  | [Normal]     | 96%    |  524.7ms | M2 and ak for heli brother...
[ENTERTAINM] | YouTube  | [Normal]     | 93%    |  465.5ms | ДА...
[ENTERTAINM] | YouTube  | [Normal]     | 96%    |  418.4ms | New member...
[PSYCHOLOGY] | YouTube  | [Normal]     | 84%    |  478.3ms | don't have kids  anti-natalism....
[MUSIC/CHIL] | YouTube  | [HATE]       | 84%    |  431.0ms | Raggy buy her a Barista machine...
[GAMING/SUR] | YouTube  | [Normal]     | 80%    |  327.7ms | Leroy Jenkins them...
[SPORTS/FOO] | YouTube  | [Normal]     | 96%    |  807.0ms | 일본 월요일 네덜란드랑 첫경기인걸로 아는데...
[GAMING/GAM] | YouTube  | [OFFENSIVE]  | 87%    |  434.8ms | How the fuck does he keep up with chat?...
[ENTERTAINM] | YouTube  | [Normal]     | 96%    |  495.7ms | Every one knows youuu:smiling_face_with_...
[ENTERTAINM] | YouTube  | [Normal]     | 95%    |  350.1ms | hii...
[GAMING/SUR] | YouTube  | [Normal]     | 94%    |  507.6ms | GAME NAME IS: DILLON DANIS IS NOT IN THE...
[MUSIC/CHIL] | YouTube  | [Normal]     | 97%    |  534.0ms | Altair pedarast:smiling_face_with_tear:...
[SELF-HELP/] | YouTube  | [Normal]     | 93%    |  416.8ms | DR K!!!!...
[GAMING/GAM] | YouTube  | [Normal]     | 97%    |  373.3ms | Welcome New Member!...
[ENTERTAINM] | YouTube  | [Normal]     | 96%    |  372.1ms | New member...
[ENTERTAINM] | YouTube  | [Normal]     | 94%    |  320.1ms | 1...
[GAMING/SUR] | YouTube  | [Normal]     | 87%    |  558.2ms | you've got plenty of loot for now  prepa...
[ENTERTAINM] | YouTube  | [Normal]     | 97%    |  485.7ms | :beaming_face_with_smiling_eyes:...
[ENTERTAINM] | YouTube  | [Normal]     | 94%    |  349.0ms | MR BEAST GIVE ME 1$...
[ENTERTAINM] | YouTube  | [Normal]     | 97%    |  343.8ms | Hello :waving_hand: Mr. Beast...
[GAMING/GAM] | YouTube  | [Normal]     | 94%    |  283.5ms | extra barrel?...
[MUSIC/CHIL] | YouTube  | [Normal]     | 93%    |  350.7ms | :person-blue-wheelchair-race:...
[GAMING/GAM] | YouTube  | [Normal]     | 94%    |  453.5ms | there's a cloth missing from right next ...
[GAMING/GAM] | YouTube  | [Normal]     | 96%    |  343.4ms | lol...
[GAMING/GAM] | YouTube  | [Normal]     | 96%    |  407.7ms | lol...
[ENTERTAINM] | YouTube  | [Normal]     | 96%    |  446.5ms | LAST 100k!!!!!...
[GAMING/GAM] | YouTube  | [Normal]     | 97%    |  736.2ms | SRRY IM LATE I COULVE JOINED EARLIER BUT...
[GAMING/GAM] | YouTube  | [Normal]     | 96%    |  383.0ms | stairwell pillar...
[GAMING/GAM] | YouTube  | [Normal]     | 97%    |  678.0ms | Railing behind ropes on the stairwell ca...
[ENTERTAINM] | YouTube  | [Normal]     | 96%    |  422.1ms | New member...
[GAMING/GAM] | YouTube  | [Normal]     | 97%    |  569.6ms | the pillar is spinning :loudly_crying_fa...
[ENTERTAINM] | YouTube  | [Normal]     | 96%    |  464.8ms | :red_heart:...
[MUSIC/CHIL] | YouTube  | [Normal]     | 97%    |  571.5ms | andrej bro hru:grinning_face_with_sweat:...
[ENTERTAINM] | YouTube  | [Normal]     | 95%    |  332.2ms | hello...
[GAMING/SUR] | YouTube  | [Normal]     | 55%    |  420.0ms | fix the base and go raid theirs take you...
[GAMING/GAM] | YouTube  | [Normal]     | 96%    |  296.9ms | SPINNING PILLAR IN STAIRWELL...
[GAMING/SUR] | YouTube  | [Normal]     | 94%    |  417.7ms | What’s peanuts McDonald’s order...
[GAMING/GAM] | YouTube  | [Normal]     | 95%    |  360.3ms | BROKEN RAILING MOVED HIGHER...
[ENTERTAINM] | YouTube  | [Normal]     | 94%    |  323.3ms | hi...
[GAMING/GAM] | YouTube  | [Normal]     | 96%    |  374.7ms | for whom does the bell now toll...
[GAMING/GAM] | YouTube  | [Normal]     | 95%    |  372.7ms | a... what...
[ENTERTAINM] | YouTube  | [Normal]     | 91%    |  357.8ms | mr beast...
[PSYCHOLOGY] | YouTube  | [Normal]     | 94%    |  425.2ms | WOAH WOAH WOAH...
[GAMING/GAM] | YouTube  | [Normal]     | 90%    |  465.5ms | the broken rail in the stairwell moved...
[GAMING/GAM] | YouTube  | [Normal]     | 95%    |  472.3ms | Lav mic recommendations anyone??...
[ENTERTAINM] | YouTube  | [Normal]     | 94%    |  333.6ms | cod...
[ENTERTAINM] | YouTube  | [Normal]     | 95%    |  336.2ms | hope...
[ENTERTAINM] | YouTube  | [Normal]     | 94%    |  404.2ms | gdgh...
[GAMING/GAM] | YouTube  | [Normal]     | 96%    |  456.5ms | Missing object in front of map INTERIOR...
[GAMING/GAM] | YouTube  | [Normal]     | 97%    |  441.2ms | MOVEMENT RAILING NEAR PAINT CANS !!!...
[ENTERTAINM] | YouTube  | [Normal]     | 91%    |  341.7ms | free fire...
[ENTERTAINM] | YouTube  | [Normal]     | 96%    |  609.0ms | привет слава Україні...
[ENTERTAINM] | YouTube  | [Normal]     | 96%    |  380.0ms | betaaaa...
[GAMING/GAM] | YouTube  | [Normal]     | 93%    |  427.9ms | iron lung was so good...
[GAMING/GAM] | YouTube  | [Normal]     | 96%    |  574.5ms | I just came back from watching Iron Lung...
[GAMING/GAM] | YouTube  | [Normal]     | 96%    |  652.1ms | NIRAMI ANIMATED FANART OF IRON LUNG  I J...
[MUSIC/CHIL] | YouTube  | [Normal]     | 98%    | 1105.6ms | Kejti :comet::small_blue_diamond: I'm no...
[GAMING/GAM] | YouTube  | [Normal]     | 94%    |  738.3ms | I was going to see it with my girlfriend...
[GAMING/GAM] | YouTube  | [Normal]     | 95%    |  804.8ms | I can't wait to stream it :red_heart: I'...
[GAMING/GAM] | YouTube  | [Normal]     | 65%    |  494.3ms | You cant legally talk about the bowl of ...
[GAMING/GAM] | YouTube  | [Normal]     | 94%    |  373.2ms | Mark yell at me...
[ENTERTAINM] | YouTube  | [Normal]     | 97%    |  394.2ms | been here since 50 mil...
[ENTERTAINM] | YouTube  | [Normal]     | 98%    |  405.3ms | :hand-pink-waving:...
[PSYCHOLOGY] | YouTube  | [Normal]     | 97%    |  656.2ms | I know I have stuff I love in the world ...
[ENTERTAINM] | YouTube  | [Normal]     | 95%    |  366.4ms | hello...
[ENTERTAINM] | YouTube  | [Normal]     | 97%    | 1880.2ms | please jimmy give me 10 milion dollar :f...
[GAMING/GAM] | YouTube  | [Normal]     | 93%    |  407.1ms | poop in toilet...
[GAMING/GAM] | YouTube  | [Normal]     | 87%    |  478.7ms | SOMEONE SHAT IN THE TOILET...
[ENTERTAINM] | YouTube  | [Normal]     | 96%    |  445.2ms | 10000$ please...
[GAMING/GAM] | YouTube  | [Normal]     | 96%    |  441.2ms | Longer catwalk!!...
[GAMING/GAM] | YouTube  | [Normal]     | 90%    |  458.2ms | i picked the wrong corner i guess...
[ENTERTAINM] | YouTube  | [Normal]     | 97%    |  424.3ms | I LOVE NOLANS MOM...
[GAMING/GAM] | YouTube  | [Normal]     | 89%    |  397.1ms | Resident evil 4 Remake...
[GAMING/SUR] | YouTube  | [Normal]     | 96%    |  326.0ms | cameras up top 2nd box...
[GAMING/GAM] | YouTube  | [Normal]     | 96%    |  300.3ms | The lights in business...
[GAMING/GAM] | YouTube  | [Normal]     | 88%    |  316.5ms | INTRUDER TOP LEFT...
[GAMING/GAM] | YouTube  | [Normal]     | 92%    |  532.6ms | I was gonna call the poster out in busin...
[GAMING/SUR] | YouTube  | [Normal]     | 96%    |  486.0ms | 20 seconds is toe tickling ngl...
[GAMING/SUR] | YouTube  | [Normal]     | 69%    |  493.7ms | Like ya do...
[GAMING/SUR] | YouTube  | [Normal]     | 94%    |  538.3ms | LOLOLOLOL...
[GAMING/SUR] | YouTube  | [Normal]     | 91%    |  581.0ms | LETS FKN GFOOOOOOOOO...
[NEWS/LIVE ] | YouTube  | [Normal]     | 97%    |  514.4ms | a code of conduct...
[GAMING/SUR] | YouTube  | [Normal]     | 86%    |  421.2ms | Yaehhhhhhh...
[MUSIC/CHIL] | YouTube  | [Normal]     | 97%    |  793.1ms | kya to phir kyu abhi purani batei soch r...
[MUSIC/CHIL] | YouTube  | [Normal]     | 96%    |  426.5ms | Shivani hy...
[GAMING/SUR] | YouTube  | [Normal]     | 72%    |  833.6ms | Gingy is insane idk if I could stay up 2...
[GAMING/SUR] | YouTube  | [Normal]     | 95%    |  399.7ms | delirious...
[NEWS/LIVE ] | YouTube  | [Normal]     | 96%    |  893.9ms | :oncoming_fist::beer_mug::left_facing_fi...
[GAMING/SUR] | YouTube  | [Normal]     | 94%    | 1228.6ms | Yesssss POKERRRR NIGHTTTT :_PeanutJork::...
[GAMING/SUR] | YouTube  | [HATE]       | 39%    |  744.4ms | you gonna be shittin and poopin and poop...
[GAMING/SUR] | YouTube  | [Normal]     | 96%    |  412.5ms | It’s ground level...
[GAMING/SUR] | YouTube  | [Normal]     | 78%    |  441.4ms | no way...
[PSYCHOLOGY] | YouTube  | [Normal]     | 96%    |  588.3ms | I loved your deep dive into psychoanalis...
[PSYCHOLOGY] | YouTube  | [Normal]     | 95%    |  479.4ms | When is the mobile app coming Dr K?...
[GAMING/SUR] | YouTube  | [OFFENSIVE]  | 97%    |  633.5ms | Damn . i bet he hasnt even slept yet .. ...
[GAMING/SUR] | YouTube  | [Normal]     | 94%    |  534.1ms | Would you ever consider playing Tarkov a...
[GAMING/SUR] | YouTube  | [Normal]     | 96%    |  476.5ms | I've seen that look at the casino...
[NEWS/LIVE ] | YouTube  | [Normal]     | 92%    |  569.9ms | it's meant to be a party for beleiverss ...
[MUSIC/CHIL] | YouTube  | [Normal]     | 97%    |  676.6ms | @kavya-c9c1j kis se kre baate kon h apna...
[MUSIC/CHIL] | YouTube  | [Normal]     | 96%    |  590.4ms | Vani vhi kab h :thinking_face:...
[GAMING/GAM] | YouTube  | [Normal]     | 96%    |  508.1ms | IRON LUNG 2 CONFIRMED?...
[GAMING/GAM] | YouTube  | [Normal]     | 94%    |  717.1ms | guys its my birthday on the 12th and im ...
[ENTERTAINM] | YouTube  | [Normal]     | 95%    |  384.8ms | ผมให้เงินเลย 100 000 บาท...
[ENTERTAINM] | YouTube  | [Normal]     | 97%    |  659.9ms | :red_heart::red_heart::red_heart::red_he...
[ENTERTAINM] | YouTube  | [Normal]     | 98%    |  646.6ms | :hand-pink-waving::hand-pink-waving::han...
[ENTERTAINM] | YouTube  | [Normal]     | 95%    |  335.3ms | mister...
[GAMING/GAM] | YouTube  | [Normal]     | 96%    |  356.1ms | What perfect timing is this XD...
[MUSIC/CHIL] | YouTube  | [Normal]     | 97%    |  622.9ms | ai văzut vreo fantomă?:face_with_rolling...
[PSYCHOLOGY] | YouTube  | [Normal]     | 93%    |  413.5ms | loosely...
[ENTERTAINM] | YouTube  | [Normal]     | 98%    | 1339.8ms | :face-blue-wide-eyes::face-blue-wide-eye...
[ENTERTAINM] | YouTube  | [Normal]     | 95%    |  434.0ms | Mer...
[PSYCHOLOGY] | YouTube  | [Normal]     | 94%    |  635.8ms | Thomas the tank engine characters are ar...
[GAMING/GAM] | YouTube  | [Normal]     | 91%    |  521.9ms | HALOOOOO...
[ENTERTAINM] | YouTube  | [Normal]     | 95%    |  631.6ms | 500 MILLIONS SUB!!!!!...
[MUSIC/CHIL] | YouTube  | [Normal]     | 98%    |  551.3ms | :musical_note::musical_notes:...
[ENTERTAINM] | YouTube  | [Normal]     | 98%    | 1534.3ms | :heart_on_fire::heart_on_fire::heart_on_...
[ENTERTAINM] | YouTube  | [Normal]     | 94%    |  372.2ms | hi...
[GAMING/GAM] | YouTube  | [Normal]     | 81%    |  326.3ms | let's goo...
[GAMING/GAM] | YouTube  | [Normal]     | 95%    |  336.5ms | Yes!...
[ENTERTAINM] | YouTube  | [Normal]     | 94%    |  370.2ms | hi...
[GAMING/GAM] | YouTube  | [Normal]     | 96%    |  509.6ms | Could the film go to South Africa???...
[GAMING/SUR] | YouTube  | [Normal]     | 94%    |  453.5ms | yess...
[GAMING/GAM] | YouTube  | [Normal]     | 96%    |  433.0ms | PHILIPPINES???...
[GAMING/GAM] | YouTube  | [Normal]     | 93%    |  826.4ms | The Fashion Venue is also a good level  ...
[ENTERTAINM] | YouTube  | [Normal]     | 96%    |  458.4ms | BRO PLEASE PLEASE GIVE MINECRAFT...
[GAMING/GAM] | YouTube  | [Normal]     | 97%    |  450.2ms | ETA on online release?...
[ENTERTAINM] | YouTube  | [Normal]     | 95%    |  385.4ms | Hiiii...
[ENTERTAINM] | YouTube  | [Normal]     | 96%    |  856.5ms | :yt::yt::yt::yt::yt::yt::yt:...
[GAMING/SUR] | YouTube  | [Normal]     | 95%    |  419.4ms | All in...
[GAMING/GAM] | YouTube  | [Normal]     | 96%    |  914.0ms | Just watched Iron Lung with a friend. We...
[GAMING/SUR] | YouTube  | [Normal]     | 92%    |  419.0ms | Bunguloser...
[GAMING/GAM] | YouTube  | [Normal]     | 94%    |  581.1ms | The chat’s moving so fast nobody knows I...
[GAMING/GAM] | YouTube  | [Normal]     | 89%    |  765.6ms | The movie has random parts where you can...
[GAMING/GAM] | YouTube  | [Normal]     | 97%    |  432.1ms | Hi Markiplier!...
[SELF-HELP/] | YouTube  | [Normal]     | 97%    |  466.2ms | hello Alok.:waving_hand:...
[ENTERTAINM] | YouTube  | [Normal]     | 97%    |  464.2ms | i am from Bangladesh...
[GAMING/GAM] | YouTube  | [Normal]     | 96%    |  824.3ms | finally seeing iron lung tomorrow! i eve...
[GAMING/GAM] | YouTube  | [Normal]     | 98%    |  568.8ms | I saw the movie on the 3rd! It was amazi...
[ENTERTAINM] | YouTube  | [Normal]     | 97%    |  714.5ms | کوردی لێیە؟:red_heart::sun::green_heart:...
[GAMING/GAM] | YouTube  | [Normal]     | 95%    |  812.8ms | MARK IM SEEING IRON LUNG TONIGHT!!! 9:35...
[ENTERTAINM] | YouTube  | [Normal]     | 96%    |  327.5ms | Congratulations sir...
[GAMING/GAM] | YouTube  | [Normal]     | 90%    |  538.9ms | you could make a movie about this type o...
[ENTERTAINM] | YouTube  | [Normal]     | 94%    |  371.1ms | hi...
[PSYCHOLOGY] | YouTube  | [Normal]     | 95%    |  460.8ms | kekw...
[GAMING/GAM] | YouTube  | [Normal]     | 96%    |  804.9ms | I loved how you included Sean in your mo...
[GAMING/GAM] | YouTube  | [Normal]     | 95%    |  541.3ms | obversation...
[GAMING/GAM] | YouTube  | [Normal]     | 95%    |  539.0ms | MinorSpellingMistake :pensive:...
[GAMING/SUR] | YouTube  | [Normal]     | 92%    |  544.6ms | never come back here lmao...
[GAMING/SUR] | YouTube  | [Normal]     | 89%    |  529.6ms | You can’t have worse luck lol...
[NEWS/LIVE ] | YouTube  | [Normal]     | 97%    |  688.7ms | lol Ben that's that one movie with the g...
[NEWS/LIVE ] | YouTube  | [Normal]     | 87%    |  595.2ms | Bangers in Texas form up with Treasury S...
[MUSIC/CHIL] | YouTube  | [Normal]     | 97%    |  511.5ms | @vsaanu:rat:...
[GAMING/GAM] | YouTube  | [Normal]     | 95%    |  553.3ms | :eye::mouth::eye:...
[GAMING/SUR] | YouTube  | [Normal]     | 90%    |  340.9ms | HAHAHAHA...
[GAMING/GAM] | YouTube  | [Normal]     | 96%    |  373.1ms | DVD RELEASE DATE...
[GAMING/GAM] | YouTube  | [Normal]     | 91%    |  301.9ms | MARK FIX YOUR POSTURE...
[PSYCHOLOGY] | YouTube  | [Normal]     | 95%    |  404.3ms | ono andrew tate mentioned...
[GAMING/GAM] | YouTube  | [Normal]     | 95%    |  384.8ms | Hello father...
[ENTERTAINM] | YouTube  | [Normal]     | 98%    | 2201.3ms | :hand-purple-blue-peace::hand-purple-blu...
[ENTERTAINM] | YouTube  | [Normal]     | 94%    |  429.5ms | 5...
[GAMING/GAM] | YouTube  | [Normal]     | 92%    |  477.7ms | I there is an anomaly...
[GAMING/GAM] | YouTube  | [Normal]     | 92%    |  426.9ms | WOAH...
[ENTERTAINM] | YouTube  | [Normal]     | 98%    |  748.0ms | waiting for new video on Saturday waitin...
[GAMING/GAM] | YouTube  | [Normal]     | 53%    |  491.0ms | well damn...
[GAMING/GAM] | YouTube  | [Normal]     | 92%    |  732.9ms | Hey mark could you get Iron to some sort...
[GAMING/GAM] | YouTube  | [Normal]     | 98%    |  591.5ms | mark ffs stay on a camera for more than ...
[GAMING/GAM] | YouTube  | [Normal]     | 96%    |  592.0ms | mark the rode is side ways lmao...
[ENTERTAINM] | YouTube  | [Normal]     | 98%    | 3629.1ms | :hand-pink-waving::hand-pink-waving::han...
[GAMING/GAM] | YouTube  | [Normal]     | 96%    |  575.7ms | STAIRWELL RIGHT RAILING MOVED...
[GAMING/GAM] | YouTube  | [Normal]     | 97%    |  634.6ms | The lantern moved in interior...
[GAMING/GAM] | YouTube  | [Normal]     | 92%    |  478.6ms | Oh no...
[GAMING/GAM] | YouTube  | [Normal]     | 93%    |  374.4ms | F...
[GAMING/GAM] | YouTube  | [Normal]     | 96%    |  460.5ms | lol...
[MUSIC/CHIL] | YouTube  | [Normal]     | 97%    | 1023.2ms | :beaming_face_with_smiling_eyes::rolling...
[ENTERTAINM] | YouTube  | [Normal]     | 94%    |  561.5ms | Congrats already Jimmy  from Madagascarr...
[ENTERTAINM] | YouTube  | [Normal]     | 94%    |  416.2ms | 78...
[GAMING/GAM] | YouTube  | [Normal]     | 93%    |  534.5ms | Might be the least practical game to rea...
[MUSIC/CHIL] | YouTube  | [Normal]     | 94%    |  389.5ms | bolo bhi...
[GAMING/GAM] | YouTube  | [Normal]     | 96%    |  694.1ms | This guy looks like the actor in iron lu...
[ENTERTAINM] | YouTube  | [Normal]     | 96%    |  350.5ms | Hello Jimmy...
[GAMING/SUR] | YouTube  | [Normal]     | 84%    |  749.5ms | MY MAN @TheBurntPeanut Wakes up gets rai...
[NEWS/LIVE ] | YouTube  | [Normal]     | 83%    |  667.0ms | BLACK BOY KARMELO IS IN CHAINS!! AS IT S...
[GAMING/SUR] | YouTube  | [Normal]     | 72%    |  635.4ms | how dose one join this sever! there goes...
[MUSIC/CHIL] | YouTube  | [Normal]     | 95%    |  421.8ms | !....
[ENTERTAINM] | YouTube  | [Normal]     | 93%    |  423.3ms | yes yes yes...
[GAMING/GAM] | YouTube  | [Normal]     | 95%    |  469.6ms | MOUSETRAP IN BASEMENT...
[MUSIC/CHIL] | YouTube  | [Normal]     | 95%    |  374.3ms | 11 baje...
[ENTERTAINM] | YouTube  | [Normal]     | 93%    |  398.9ms | haaa...
[ENTERTAINM] | YouTube  | [Normal]     | 97%    |  662.2ms | I am from India please give me money :mo...
[GAMING/GAM] | YouTube  | [Normal]     | 94%    |  368.4ms | D O N G...
[GAMING/GAM] | YouTube  | [Normal]     | 94%    |  334.5ms | Missing RAILING in stairwell!...
[GAMING/GAM] | YouTube  | [Normal]     | 95%    |  299.4ms | Hi markkk...
[ENTERTAINM] | YouTube  | [Normal]     | 90%    |  657.9ms | you can hit 500m just keep on going  I'm...
[GAMING/GAM] | YouTube  | [Normal]     | 97%    |  548.0ms | Loved the film!!!!!...
[ENTERTAINM] | YouTube  | [Normal]     | 97%    |  496.7ms | :face-orange-raised-eyebrow:...
[ENTERTAINM] | YouTube  | [Normal]     | 96%    |  468.1ms | I know everyone there...
[GAMING/GAM] | YouTube  | [Normal]     | 97%    |  527.2ms | Box next to purple towel!!...
[ENTERTAINM] | YouTube  | [Normal]     | 91%    |  400.9ms | everybody knows him...
[GAMING/GAM] | YouTube  | [Normal]     | 96%    |  469.0ms | DELIVERY GUY ON BASEMENT...
[PSYCHOLOGY] | YouTube  | [Normal]     | 97%    |  560.0ms | member lecture is next tuesday i think?...
[GAMING/SUR] | YouTube  | [Normal]     | 88%    |  425.7ms | LOCK IN!...
[GAMING/SUR] | YouTube  | [OFFENSIVE]  | 54%    |  507.7ms | happy birthday nutter...
[GAMING/SUR] | YouTube  | [Normal]     | 94%    |  475.6ms | W meth boy...
[GAMING/SUR] | YouTube  | [Normal]     | 95%    |  456.0ms | h2o...
[GAMING/SUR] | YouTube  | [Normal]     | 91%    |  425.4ms | look at timer...
[PSYCHOLOGY] | YouTube  | [Normal]     | 96%    |  524.9ms | i got lost listening to him...
[GAMING/SUR] | YouTube  | [Normal]     | 97%    | 1164.7ms | was in the middle of a ranked match when...
[GAMING/SUR] | YouTube  | [Normal]     | 96%    |  486.7ms | ITS H20!!!...
[GAMING/SUR] | YouTube  | [Normal]     | 95%    |  484.9ms | Lmaooo...
[NEWS/LIVE ] | YouTube  | [Normal]     | 94%    |  871.9ms | we're not going back :back_arrow: we're ...
[PSYCHOLOGY] | YouTube  | [Normal]     | 96%    |  545.9ms | is doc reading the chat...
[PSYCHOLOGY] | YouTube  | [Normal]     | 98%    |  724.6ms | there are more surveys? i need to check ...
[GAMING/SUR] | YouTube  | [Normal]     | 97%    |  673.9ms | someone please clip that from both Peanu...
[GAMING/SUR] | YouTube  | [Normal]     | 87%    |  454.3ms | yer working backwards...
[ENTERTAINM] | YouTube  | [Normal]     | 95%    |  491.7ms | ураааа...
[ENTERTAINM] | YouTube  | [Normal]     | 95%    |  403.2ms | wow...
[GAMING/GAM] | YouTube  | [Normal]     | 95%    |  588.4ms | YAYYYYY JUST IN TIME FOR DINNER...
[GAMING/SUR] | YouTube  | [Normal]     | 87%    |  404.6ms | no music...
[MUSIC/CHIL] | YouTube  | [Normal]     | 97%    |  759.3ms | seren sare:smiling_face_with_tear:...
[ENTERTAINM] | YouTube  | [Normal]     | 97%    |  587.4ms | Love from New Zealand...
[SELF-HELP/] | YouTube  | [Normal]     | 57%    |  546.3ms | Hate is ego...
[GAMING/GAM] | YouTube  | [Normal]     | 97%    |  691.7ms | we love you mark!...
[MUSIC/CHIL] | YouTube  | [Normal]     | 97%    |  882.0ms | kavya me to daily aata hu tum notice n k...
[ENTERTAINM] | YouTube  | [Normal]     | 94%    |  443.5ms | Hi...
[ENTERTAINM] | YouTube  | [Normal]     | 92%    |  546.0ms | from videos to milliones!...
[PSYCHOLOGY] | YouTube  | [Normal]     | 93%    |  487.7ms | TRUTH!!!...
[GAMING/GAM] | YouTube  | [Normal]     | 94%    |  460.4ms | fashion...
[GAMING/GAM] | YouTube  | [Normal]     | 94%    |  679.4ms | Saw Iron Lung Yesterday and was absolute...
[GAMING/SUR] | YouTube  | [Normal]     | 95%    |  495.0ms | why didnt dealer draw on 18...
[GAMING/SUR] | YouTube  | [Normal]     | 97%    |  516.0ms | stand on 12 ?...
[ENTERTAINM] | YouTube  | [Normal]     | 94%    |  354.2ms | 2...
[ENTERTAINM] | YouTube  | [Normal]     | 94%    |  280.6ms | 1...
[GAMING/GAM] | YouTube  | [Normal]     | 88%    |  582.5ms | I have a friend in Mexico who wants to s...
[GAMING/SUR] | YouTube  | [Normal]     | 97%    |  538.7ms | After this win be done lol...
[GAMING/GAM] | YouTube  | [Normal]     | 95%    |  397.6ms | interesting...
[GAMING/GAM] | YouTube  | [Normal]     | 96%    |  402.7ms | First...
[GAMING/GAM] | YouTube  | [Normal]     | 97%    |  611.1ms | Woooooooo:hand-pink-waving:...
[GAMING/SUR] | YouTube  | [Normal]     | 97%    |  554.8ms | 1/3 of total every bet.. always split 10...
[ENTERTAINM] | YouTube  | [Normal]     | 96%    |  489.5ms | Going to Area 51...
[GAMING/SUR] | YouTube  | [Normal]     | 96%    |  407.5ms | HYUGE :kissing_face:...
[GAMING/GAM] | YouTube  | [Normal]     | 97%    |  535.7ms | hi mark :red_heart:...
[GAMING/GAM] | YouTube  | [Normal]     | 97%    |  596.7ms | Audio was fine in the theatre I went to ...
[GAMING/GAM] | YouTube  | [Normal]     | 96%    |  418.1ms | the theater i went to had the 7...
[GAMING/GAM] | YouTube  | [Normal]     | 93%    | 1295.4ms | Hey Mark just saw iron lung and i want t...
[ENTERTAINM] | YouTube  | [Normal]     | 96%    |  554.8ms | привет друн...
[ENTERTAINM] | YouTube  | [Normal]     | 94%    |  430.8ms | Hi...
[GAMING/GAM] | YouTube  | [Normal]     | 94%    |  434.1ms | hi dude...
[GAMING/SUR] | YouTube  | [Normal]     | 78%    |  609.2ms | Get Ninirust to finish your base. she is...
[GAMING/SUR] | YouTube  | [Normal]     | 96%    |  396.2ms | sooo much...
[GAMING/SUR] | YouTube  | [Normal]     | 84%    |  435.7ms | rigged...
[ENTERTAINM] | YouTube  | [Normal]     | 94%    |  433.9ms | congretchulation bro...
[ENTERTAINM] | YouTube  | [Normal]     | 97%    | 4096.8ms | invite me in live stream :folded_hands::...
[GAMING/GAM] | YouTube  | [Normal]     | 96%    |  492.8ms | The movie was so cool...
[ENTERTAINM] | YouTube  | [Normal]     | 93%    |  570.0ms | ༼ つ ◕_◕ ༽つ...
[GAMING/GAM] | YouTube  | [Normal]     | 93%    |  464.1ms | Distractable herm merch...
[GAMING/GAM] | YouTube  | [Normal]     | 92%    | 2937.8ms | :virtualhug::virtualhug::virtualhug::vir...
[ENTERTAINM] | YouTube  | [Normal]     | 95%    |  372.2ms | hii...
[GAMING/SUR] | YouTube  | [Normal]     | 94%    |  545.1ms | No way h20 is playing lmao...
[GAMING/GAM] | YouTube  | [Normal]     | 79%    |  695.7ms | I can't see it because it's rated r and ...
[PSYCHOLOGY] | YouTube  | [Normal]     | 93%    |  336.8ms | YEP...
[ENTERTAINM] | YouTube  | [Normal]     | 97%    |  452.6ms | where's cookie...
[GAMING/SUR] | YouTube  | [OFFENSIVE]  | 55%    |  456.1ms | HOLY HELL HE SUCKS...
[GAMING/SUR] | YouTube  | [Normal]     | 86%    |  500.4ms | ITS SO RIGGED...
[GAMING/GAM] | YouTube  | [Normal]     | 94%    |  510.7ms | TYPO...
[ENTERTAINM] | YouTube  | [Normal]     | 97%    |  888.4ms | :face-purple-crying::face-purple-crying:...
[GAMING/GAM] | YouTube  | [Normal]     | 96%    |  480.1ms | im on onversation duty...
[GAMING/GAM] | YouTube  | [Normal]     | 92%    |  581.8ms | I like to Obversate as well...
[GAMING/GAM] | YouTube  | [Normal]     | 98%    |  494.7ms | extra mouse traps in basement?...
[GAMING/GAM] | YouTube  | [Normal]     | 97%    |  484.9ms | observation duty movie by markiplier whe...
[GAMING/SUR] | YouTube  | [Normal]     | 95%    |  705.2ms | hutch is just strolling around with 4k m...
[GAMING/GAM] | YouTube  | [Normal]     | 95%    |  419.8ms | wow...
[GAMING/GAM] | YouTube  | [Normal]     | 95%    |  473.0ms | Absolute Cinema...
[GAMING/GAM] | YouTube  | [Normal]     | 97%    |  510.9ms | OIL LAMP MOVED OIL LAMP MOVED OIL LAMP M...
[GAMING/GAM] | YouTube  | [Normal]     | 91%    |  568.5ms | if we all scream about the same issue we...
[GAMING/GAM] | YouTube  | [OFFENSIVE]  | 56%    |  680.0ms | BBBEEEEEDDDDDDDDDDDDDDDDD...
[MUSIC/CHIL] | YouTube  | [Normal]     | 96%    | 1048.5ms | :eyes-purple-crying:yehh I'd tumari shot...
[ENTERTAINM] | YouTube  | [Normal]     | 90%    | 1364.2ms | :stayhome::stayhome::stayhome::stayhome:...
[ENTERTAINM] | YouTube  | [Normal]     | 95%    |  482.8ms | 1111111...
[ENTERTAINM] | YouTube  | [Normal]     | 94%    |  401.2ms | 1...
[ENTERTAINM] | YouTube  | [Normal]     | 93%    |  443.6ms | omg...
[GAMING/SUR] | YouTube  | [Normal]     | 85%    |  455.9ms | nooooo...
[ENTERTAINM] | YouTube  | [Normal]     | 94%    |  597.5ms | यह तो पागलपन है mrbeast...
[GAMING/GAM] | YouTube  | [Normal]     | 96%    |  651.0ms | so far it seems like there aren't any ai...
[GAMING/GAM] | YouTube  | [Normal]     | 97%    |  547.6ms | IRON LUNG WAS AMAZING!!!!!...
[GAMING/GAM] | YouTube  | [Normal]     | 88%    |  346.0ms | ocean madness...
[GAMING/GAM] | YouTube  | [Normal]     | 91%    |  813.3ms | it's okay Mark  I would be trash at this...
[GAMING/GAM] | YouTube  | [Normal]     | 88%    |  716.4ms | camera malfunction means you lost camera...
[GAMING/GAM] | YouTube  | [Normal]     | 90%    |  545.0ms | who up obversation they duty...
[GAMING/GAM] | YouTube  | [Normal]     | 94%    |  654.2ms | hey mark are you going to play thr fatal...
[PSYCHOLOGY] | YouTube  | [Normal]     | 76%    |  878.9ms | So  my animus is out of control because ...
[SELF-HELP/] | YouTube  | [Normal]     | 69%    | 1333.0ms | How do you navigate the hate before it l...
[GAMING/SUR] | YouTube  | [Normal]     | 97%    |  359.8ms | 5 bullets out of 30...
[GAMING/GAM] | YouTube  | [Normal]     | 93%    |  413.4ms | Oooo...
[ENTERTAINM] | YouTube  | [Normal]     | 87%    |  323.7ms | A...
[ENTERTAINM] | YouTube  | [Normal]     | 93%    |  564.4ms | idk why I'm cry...
[GAMING/SUR] | YouTube  | [Normal]     | 94%    |  518.9ms | Shoulda hit it with rocks...
[ENTERTAINM] | YouTube  | [OFFENSIVE]  | 49%    |  561.1ms | 500 millions it's crazyy...
[GAMING/GAM] | YouTube  | [Normal]     | 97%    |  683.0ms | was there always boards or something on ...
[GAMING/GAM] | YouTube  | [Normal]     | 96%    |  443.6ms | hi from France !!...
[ENTERTAINM] | YouTube  | [Normal]     | 97%    |  447.2ms | i was there...
[ENTERTAINM] | YouTube  | [Normal]     | 95%    |  422.6ms | call speed...
[GAMING/GAM] | YouTube  | [Normal]     | 85%    |  424.3ms | the eyes...
[GAMING/GAM] | YouTube  | [Normal]     | 96%    |  443.5ms | MAKE SURE TO DOUBLE CHECK CAMERAS MARK...
[ENTERTAINM] | YouTube  | [Normal]     | 97%    |  370.3ms | I'm big fan jimmy...
[SELF-HELP/] | YouTube  | [Normal]     | 95%    |  457.7ms | de-clare literally means to clarify thor...
[MUSIC/CHIL] | YouTube  | [Normal]     | 96%    |  784.0ms | Jiyaara dhak dhak karne laga :face_with_...
[ENTERTAINM] | YouTube  | [Normal]     | 93%    | 1711.7ms | amen you see this jimmy i really wanna b...
[MUSIC/CHIL] | YouTube  | [Normal]     | 95%    |  527.5ms | :moai::knot:...
[ENTERTAINM] | YouTube  | [Normal]     | 77%    |  699.3ms | broooooooooo9ooooooooooooo...
[GAMING/GAM] | YouTube  | [Normal]     | 95%    | 1758.6ms | There's no way you will see this. but yo...
[ENTERTAINM] | YouTube  | [Normal]     | 94%    |  376.6ms | 1...
[ENTERTAINM] | YouTube  | [Normal]     | 88%    |  499.7ms | I don't want to lose my history!...
[GAMING/GAM] | YouTube  | [Normal]     | 85%    |  545.3ms | DID U SEE THE NASA PEEPO...
[ENTERTAINM] | YouTube  | [Normal]     | 97%    |  587.9ms | :face-purple-crying:...
[GAMING/SUR] | YouTube  | [Normal]     | 78%    |  531.3ms | They defo raided an external tc...
[GAMING/GAM] | YouTube  | [Normal]     | 96%    |  528.0ms | hi markkkk...
[GAMING/GAM] | YouTube  | [Normal]     | 88%    |  530.0ms | THEY MOVED...
[GAMING/GAM] | YouTube  | [Normal]     | 96%    |  384.3ms | tiny box tim...
[GAMING/GAM] | YouTube  | [Normal]     | 79%    |  438.7ms | im not paying attention tbh...
[ENTERTAINM] | YouTube  | [Normal]     | 96%    |  375.1ms | hiiiiii...
[GAMING/SUR] | YouTube  | [Normal]     | 94%    |  436.0ms | building on quicksand. Repair your base...
[MUSIC/CHIL] | YouTube  | [Normal]     | 94%    |  653.1ms | @Dude-23zx btw  whts ur name?...
[GAMING/GAM] | YouTube  | [Normal]     | 95%    |  287.5ms | WINDOW IN CABIN...
[GAMING/GAM] | YouTube  | [Normal]     | 97%    |  459.1ms | movement at the fog????...
[GAMING/GAM] | YouTube  | [Normal]     | 97%    |  598.9ms | Hi nice to see you...:kiss::kiss::kiss:...
[SPORTS/FOO] | YouTube  | [Normal]     | 93%    |  397.8ms | ig dulu...
[GAMING/GAM] | YouTube  | [Normal]     | 96%    |  438.6ms | aaaaaaaaaaaaaa...
[GAMING/GAM] | YouTube  | [Normal]     | 95%    |  311.8ms | fuse box is nowopen...
[SELF-HELP/] | YouTube  | [Normal]     | 81%    |  565.5ms | dr k whats the difference between hate m...
[GAMING/GAM] | YouTube  | [Normal]     | 79%    |  430.7ms | DUNGEON CRAWLER CARL MENTIONED  POG...
[ENTERTAINM] | YouTube  | [Normal]     | 98%    | 2848.3ms | :hand-pink-waving::hand-pink-waving::han...
[GAMING/SUR] | YouTube  | [Normal]     | 91%    |  376.3ms | me im a funny guy pick me...
[ENTERTAINM] | YouTube  | [Normal]     | 96%    |  330.7ms | nepal flag...
[ENTERTAINM] | YouTube  | [Normal]     | 94%    |  309.4ms | Нормас...
[GAMING/GAM] | YouTube  | [Normal]     | 95%    |  289.7ms | Flood!...
[SELF-HELP/] | YouTube  | [Normal]     | 98%    |  437.7ms | I scored 9 / 10 on ACE. I'm special....
[GAMING/SUR] | YouTube  | [Normal]     | 96%    |  387.0ms | Jethro Toe......
[GAMING/GAM] | YouTube  | [Normal]     | 83%    |  529.5ms | mark watch out there's a intruder top le...
[ENTERTAINM] | YouTube  | [Normal]     | 95%    |  265.0ms | Bangladesh...
[ENTERTAINM] | YouTube  | [Normal]     | 97%    |  542.6ms | :red_square::white_large_square::green_s...
[GAMING/SUR] | YouTube  | [Normal]     | 90%    |  345.9ms | Neechi slang lol...
[ENTERTAINM] | YouTube  | [Normal]     | 84%    | 1269.1ms | :man_facepalming::man_facepalming::man_f...
[ENTERTAINM] | YouTube  | [Normal]     | 96%    | 2722.5ms | :hand-pink-waving::face-blue-smiling::fa...
[GAMING/GAM] | YouTube  | [Normal]     | 91%    |  348.7ms | STUFF IS MISSING ON THE DESK...
[PSYCHOLOGY] | YouTube  | [Normal]     | 95%    |  390.3ms | Hhhaaahaaa...
[ENTERTAINM] | YouTube  | [Normal]     | 97%    |  374.1ms | Hello Mr. Beast  I'm Artem...
[GAMING/GAM] | YouTube  | [Normal]     | 93%    |  279.1ms | Sus...
[ENTERTAINM] | YouTube  | [Normal]     | 98%    |  284.7ms | hello! :hand-pink-waving:...
[SELF-HELP/] | YouTube  | [Normal]     | 95%    |  253.2ms | no i m def not gifted lol...
[GAMING/GAM] | YouTube  | [Normal]     | 96%    |  268.0ms | Fog over the light house in the yard...
[ENTERTAINM] | YouTube  | [Normal]     | 94%    |  427.2ms | IM SO HAPPY YOUR ON THIS PLANET!!!! :glo...
[GAMING/GAM] | YouTube  | [Normal]     | 92%    |  364.1ms | :brain::brain::brain::brain:...
[SELF-HELP/] | YouTube  | [Normal]     | 71%    |  235.1ms | it sucks to be too smart...
[GAMING/GAM] | YouTube  | [Normal]     | 94%    |  282.5ms | we're the walls always cracked in the be...
[GAMING/GAM] | YouTube  | [Normal]     | 71%    |  230.6ms | no way they gotta captcha...
[ENTERTAINM] | YouTube  | [Normal]     | 94%    |  183.5ms | jimmy...
[MUSIC/CHIL] | YouTube  | [Normal]     | 97%    |  295.3ms | ....:face-turquoise-music-note:...
[GAMING/GAM] | YouTube  | [Normal]     | 95%    |  448.5ms | CHECK STAIRS!!!!!! :folded_hands::folded...
[GAMING/GAM] | YouTube  | [Normal]     | 97%    |  242.3ms | i am SO ready for the home release...
[ENTERTAINM] | YouTube  | [Normal]     | 52%    |  223.3ms | you are the goted...
[GAMING/GAM] | YouTube  | [Normal]     | 94%    |  347.5ms | Just saw Iron Long with my gf in Germany...
[GAMING/GAM] | YouTube  | [Normal]     | 93%    |  207.5ms | YAYYY...
[ENTERTAINM] | YouTube  | [Normal]     | 90%    |  181.7ms | ㅋㅋㅋㅋㅋ...
[GAMING/GAM] | YouTube  | [Normal]     | 94%    |  224.4ms | how you doing mark?...
[GAMING/SUR] | YouTube  | [Normal]     | 95%    |  188.2ms | Fort Knox...
[GAMING/SUR] | YouTube  | [Normal]     | 66%    |  341.8ms | at least the only person hes got to worr...
[GAMING/GAM] | YouTube  | [Normal]     | 96%    |  195.7ms | case in hall...
[GAMING/GAM] | YouTube  | [Normal]     | 97%    |  229.2ms | Extra luggage compartment open in busine...
[ENTERTAINM] | YouTube  | [Normal]     | 94%    |  183.9ms | Hi...
[GAMING/GAM] | YouTube  | [Normal]     | 95%    |  185.0ms | interesting...
[MUSIC/CHIL] | YouTube  | [Normal]     | 98%    |  381.3ms | sirina:face-red-heart-shape::face-red-he...
[GAMING/SUR] | YouTube  | [Normal]     | 92%    |  183.5ms | Outside...
[PSYCHOLOGY] | YouTube  | [Normal]     | 93%    |  254.0ms | That does seem VERY Puer to me yeah...
[GAMING/GAM] | YouTube  | [Normal]     | 97%    |  289.9ms | There’s an extra storage space open abov...
[SPORTS/FOO] | YouTube  | [Normal]     | 96%    |  382.8ms | 이거 어디 경기야? 혹시 캐나다?...
[GAMING/GAM] | YouTube  | [Normal]     | 91%    |  200.4ms | Bag left side Business...
[GAMING/TOU] | Twitch   | [Normal]     | 94%    |  180.3ms | gas...
[VALORANT/G] | Twitch   | [Normal]     | 92%    |  234.1ms | @caffeinediff LOL...
[RELATIONSH] | Twitch   | [Normal]     | 77%    |  259.5ms | was soooo goooood TwitchConHYPE...
[RELATIONSH] | Twitch   | [Normal]     | 96%    |  287.4ms | Wake has more improv experience (derogat...
[VALORANT/G] | Twitch   | [Normal]     | 96%    |  361.1ms | so I’m gonna see edg live tmrw?...
[RELATIONSH] | Twitch   | [Normal]     | 94%    |  184.4ms | MOVE...
[VALORANT/G] | Twitch   | [Normal]     | 95%    |  256.8ms | kk do something  i need this pls...
[RELATIONSH] | Twitch   | [Normal]     | 94%    |  301.8ms | I am rich and have money but can someone...
[RELATIONSH] | Twitch   | [Normal]     | 95%    |  209.1ms | Only once per life...
[RELATIONSH] | Twitch   | [Normal]     | 96%    |  192.0ms | LUL...
[ENTERTAINM] | Twitch   | [Normal]     | 92%    |  183.4ms | HUH  ͏...
[RELATIONSH] | Twitch   | [Normal]     | 95%    |  182.1ms | Saved...
[RELATIONSH] | Twitch   | [Normal]     | 96%    |  190.4ms | Good save...
[LEGO/UPDAT] | Twitch   | [Normal]     | 72%    |  203.3ms | portugal coasts are nice...
[RELATIONSH] | Twitch   | [Normal]     | 94%    |  247.2ms | this conversation will be clipped bad lo...
[ENTERTAINM] | Twitch   | [Normal]     | 88%    |  191.8ms | scam...
[GAMING/CO‑] | Twitch   | [Normal]     | 89%    |  285.5ms | Lol the peeps are clipping like crazy lo...
