---- STARTING OMNI-PROCESSOR ----
-> Connected to Elasticsearch at http://172.16.10.94:9200 | Index: perf_20261002-150936_clu_vm14-vm24-rasp14-rasp24-rasp34_allfive_r1
-> Loading model from /home/rasp3/hsp/src/../models/bert_final on cpu...
-> BERT Model Loaded successfully.
-> Benchmark log: /home/rasp3/hsp/reports/scaling/20261002-150936_clu_vm14-vm24-rasp14-rasp24-rasp34_allfive_r1/bench_rasp3_3.csv | node rasp3 | group g_20261002-150936_clu_vm14-vm24-rasp14-rasp24-rasp34_allfive_r1
------------------------------------------------------------------------------------------------------------------------
DOMAIN       | SOURCE   | PREDICTION   | CONF.  | LATENCY  | TEXT
------------------------------------------------------------------------------------------------------------------------
[GAMING/SUR] | YouTube  | [Normal]     | 96%    |  712.5ms | Diarrhea live on the stream...
[GAMING/SUR] | YouTube  | [Normal]     | 87%    |  582.3ms | Gingys built different...
[MUSIC/CHIL] | YouTube  | [Normal]     | 98%    |  656.1ms | Manoj haan:smiling_face_with_tear:...
[GAMING/SUR] | YouTube  | [Normal]     | 82%    |  532.2ms | Shut the door!!!!...
[GAMING/SUR] | YouTube  | [Normal]     | 96%    |  473.6ms | WE WANT WELYN...
[GAMING/SUR] | YouTube  | [Normal]     | 96%    |  462.1ms | HIT TAB AND LOOK TOP RIGHT...
[MUSIC/CHIL] | YouTube  | [Normal]     | 98%    |  786.0ms | Manoj unko sambhalega kon tum:face_with_...
[MUSIC/CHIL] | YouTube  | [Normal]     | 89%    | 1224.2ms | Aha  now don't say that you do everythin...
[GAMING/SUR] | YouTube  | [Normal]     | 90%    |  443.0ms | if rust went on sale right now  id buy i...
[GAMING/SUR] | YouTube  | [Normal]     | 93%    |  403.0ms | EAST SIDE...
[GAMING/SUR] | YouTube  | [Normal]     | 97%    |  360.8ms | I LOVE RUST...
[GAMING/SUR] | YouTube  | [Normal]     | 97%    |  341.5ms | ground level...
[MUSIC/CHIL] | YouTube  | [Normal]     | 97%    |  343.9ms | i feel you love to my...
[GAMING/SUR] | YouTube  | [Normal]     | 94%    |  450.2ms | usual gambling scene continue!!...
[GAMING/SUR] | YouTube  | [Normal]     | 97%    |  502.9ms | :face-green-smiling::face-green-smiling:...
[GAMING/SUR] | YouTube  | [Normal]     | 96%    |  351.0ms | what's good peanut...
[GAMING/SUR] | YouTube  | [Normal]     | 88%    |  426.2ms | LMAOOOOOOOOOOOOO...
[GAMING/SUR] | YouTube  | [Normal]     | 94%    |  455.8ms | DO HALF SO YTOU CAN DUBL...
[GAMING/SUR] | YouTube  | [Normal]     | 97%    |  407.9ms | peanut needs some shoes...
[PSYCHOLOGY] | YouTube  | [Normal]     | 82%    |  507.5ms | dr k   can you do a stream with only acc...
[GAMING/SUR] | YouTube  | [Normal]     | 94%    |  779.5ms | that's Insane:rolling_on_the_floor_laugh...
[PSYCHOLOGY] | YouTube  | [Normal]     | 92%    |  358.4ms | ye...
[PSYCHOLOGY] | YouTube  | [Normal]     | 86%    |  383.3ms | wolfs...
[ENTERTAINM] | YouTube  | [Normal]     | 83%    |  373.8ms | world record jimmmyy...
[ENTERTAINM] | YouTube  | [Normal]     | 97%    |  394.2ms | Hello i from indonesia...
[GAMING/GAM] | YouTube  | [Normal]     | 87%    |  418.3ms | WOOOOOOO...
[GAMING/GAM] | YouTube  | [Normal]     | 95%    |  412.3ms | HIIII...
[MUSIC/CHIL] | YouTube  | [Normal]     | 95%    |  491.5ms | shish Singh me badhiya hu tum batao...
[ENTERTAINM] | YouTube  | [Normal]     | 94%    |  343.5ms | hi...
[GAMING/GAM] | YouTube  | [Normal]     | 96%    |  342.4ms | lmao...
[PSYCHOLOGY] | YouTube  | [Normal]     | 94%    |  366.9ms | forsen...
[GAMING/SUR] | YouTube  | [Normal]     | 94%    |  389.1ms | MHM MHM...
[ENTERTAINM] | YouTube  | [Normal]     | 97%    |  787.0ms | :warning::warning::warning::warning::war...
[GAMING/GAM] | YouTube  | [Normal]     | 93%    |  396.1ms | lighthouse...
[GAMING/GAM] | YouTube  | [Normal]     | 96%    |  406.6ms | WE LOVE YOU MARK <333...
[ENTERTAINM] | YouTube  | [Normal]     | 91%    |  327.1ms | mr beast...
[GAMING/GAM] | YouTube  | [Normal]     | 95%    |  380.5ms | Will you make another movie?...
[GAMING/GAM] | YouTube  | [Normal]     | 93%    |  451.3ms | WHICH MAP DOES HUGE MAN APPEAR IN?...
[GAMING/GAM] | YouTube  | [Normal]     | 90%    |  471.9ms | MARK PLEASE PLAY AMNESIA REBIRTH YOU NEV...
[GAMING/GAM] | YouTube  | [Normal]     | 95%    |  381.7ms | bcb...
[GAMING/SUR] | YouTube  | [Normal]     | 96%    |  454.4ms | Bombaclaaaaaaaaat...
[ENTERTAINM] | YouTube  | [Normal]     | 98%    |  415.4ms | 100th video special...
[SELF-HELP/] | YouTube  | [Normal]     | 70%    |  630.4ms | this is the Itachi way of life: "Do you ...
[GAMING/SUR] | YouTube  | [Normal]     | 88%    |  467.6ms | LMFAOOOOOOOOOOOOO...
[GAMING/GAM] | YouTube  | [Normal]     | 96%    |  581.6ms | :dothefive:TITLE MISSPELT:dothefive:TITL...
[GAMING/GAM] | YouTube  | [Normal]     | 96%    |  787.1ms | My home setup is a lot better than the t...
[ENTERTAINM] | YouTube  | [Normal]     | 95%    |  381.9ms | dayum you've grown so much...
[ENTERTAINM] | YouTube  | [Normal]     | 93%    |  520.2ms | :buffering::buffering::buffering::buffer...
[ENTERTAINM] | YouTube  | [Normal]     | 97%    |  470.2ms | Super epic :smiling_face_with_heart_eyes...
[GAMING/GAM] | YouTube  | [Normal]     | 97%    |  416.0ms | First time catching a Markiplier livestr...
[GAMING/GAM] | YouTube  | [Normal]     | 85%    |  407.1ms | NOOOOO...
[MUSIC/CHIL] | YouTube  | [Normal]     | 96%    |  433.3ms | tragi in stinga...
[ENTERTAINM] | YouTube  | [Normal]     | 94%    |  357.1ms | hi...
[GAMING/GAM] | YouTube  | [Normal]     | 95%    |  530.9ms | THERES A GUY IN THE TOP LEFT OF THE SCRE...
[GAMING/GAM] | YouTube  | [Normal]     | 94%    |  419.6ms | mark you spelled the title wrong...
[GAMING/GAM] | YouTube  | [Normal]     | 96%    |  468.7ms | I can't wait to see the singing siren...
[GAMING/GAM] | YouTube  | [Normal]     | 97%    |  405.1ms | Obversation LMAOO...
[GAMING/GAM] | YouTube  | [Normal]     | 84%    |  526.8ms | im surprised its an accidental mispellin...
[GAMING/SUR] | YouTube  | [Normal]     | 93%    |  481.0ms | casinos love to see you coming lol...
[ENTERTAINM] | YouTube  | [Normal]     | 92%    |  397.8ms | o...
[GAMING/GAM] | YouTube  | [Normal]     | 89%    |  502.0ms | intuider...
[SPORTS/FOO] | YouTube  | [Normal]     | 94%    |  748.5ms | :police_car_light:豚の妖精:clown_face:危險注意~!...
[GAMING/GAM] | YouTube  | [Normal]     | 95%    |  448.2ms | #1 is Sam Raimi...
[GAMING/GAM] | YouTube  | [Normal]     | 96%    |  487.1ms | PLATNUM HEART...
[ENTERTAINM] | YouTube  | [Normal]     | 95%    |  508.2ms | wow...
[GAMING/GAM] | YouTube  | [Normal]     | 96%    |  552.3ms | LANTERIN IN INTERIOR...
[SELF-HELP/] | YouTube  | [Normal]     | 57%    |  571.8ms | nothing gets them madder than taking the...
[GAMING/GAM] | YouTube  | [Normal]     | 97%    |  415.0ms | Greeting form Poland  loved the movie...
[GAMING/GAM] | YouTube  | [Normal]     | 91%    |  463.1ms | LOCK THE DOOR!!!!!!!...
[GAMING/GAM] | YouTube  | [Normal]     | 94%    |  380.9ms | 3...
[GAMING/GAM] | YouTube  | [Normal]     | 90%    |  461.3ms | What about picture on the wall in the be...
[GAMING/GAM] | YouTube  | [Normal]     | 94%    |  495.0ms | I swear it wasnt spinning at the beginni...
[GAMING/GAM] | YouTube  | [Normal]     | 93%    |  518.9ms | I am in the theater waiting to see Iron ...
[GAMING/GAM] | YouTube  | [Normal]     | 92%    |  425.9ms | airplane airplane bathroom...
[GAMING/SUR] | YouTube  | [Normal]     | 93%    |  373.6ms | Welyn discord...
[GAMING/GAM] | YouTube  | [Normal]     | 93%    |  359.1ms | L...
[ENTERTAINM] | YouTube  | [Normal]     | 93%    |  407.3ms | omg...
[GAMING/GAM] | YouTube  | [Normal]     | 82%    |  391.0ms | YOU SEE...
[GAMING/GAM] | YouTube  | [Normal]     | 92%    |  416.6ms | hes come around...
[GAMING/GAM] | YouTube  | [Normal]     | 93%    |  431.7ms | Meow...
[ENTERTAINM] | YouTube  | [Normal]     | 94%    |  592.1ms | idziesz ogladac moj ht3 fight na mctiers...
[GAMING/GAM] | YouTube  | [Normal]     | 93%    |  435.2ms | Might be the least practical game to rea...
[ENTERTAINM] | YouTube  | [Normal]     | 94%    |  312.1ms | hi Mr beast...
[ENTERTAINM] | YouTube  | [Normal]     | 96%    |  395.8ms | I need money to buy camera :pleading_fac...
[GAMING/SUR] | YouTube  | [HATE]       | 38%    |  346.3ms | THEIR BASE IS GONE...
[GAMING/GAM] | YouTube  | [Normal]     | 98%    | 1109.5ms | :eyes-pink-heart-shape::eyes-pink-heart-...
[GAMING/GAM] | YouTube  | [Normal]     | 90%    |  347.2ms | and we can fix anomolies...
[ENTERTAINM] | YouTube  | [Normal]     | 97%    | 1011.4ms | Hi MrBeast  Iam from the Philippines  Ia...
[GAMING/SUR] | YouTube  | [Normal]     | 87%    |  431.1ms | Let him help...
[MUSIC/CHIL] | YouTube  | [Normal]     | 97%    |  536.3ms | :face_with_tears_of_joy:...
[GAMING/SUR] | YouTube  | [Normal]     | 90%    |  430.0ms | Best worst game ever...
[ENTERTAINM] | YouTube  | [Normal]     | 93%    |  418.2ms | YES THERE ARE A LOT OF INTERNATIONAL NOT...
[GAMING/GAM] | YouTube  | [Normal]     | 97%    |  343.1ms | what I miss?...
[GAMING/SUR] | YouTube  | [OFFENSIVE]  | 93%    |  447.7ms | Y’all fucked up big time. All because of...
[GAMING/GAM] | YouTube  | [Normal]     | 96%    |  313.5ms | basement mark...
[GAMING/GAM] | YouTube  | [Normal]     | 96%    |  751.7ms | :_markiHEART::_markiHEART::_markiHEART::...
[GAMING/GAM] | YouTube  | [Normal]     | 93%    |  348.2ms | FIREWOOD...
[GAMING/GAM] | YouTube  | [Normal]     | 94%    |  400.8ms | Basement...
[GAMING/GAM] | YouTube  | [Normal]     | 95%    |  399.0ms | moved railing...
[GAMING/SUR] | YouTube  | [Normal]     | 92%    |  343.8ms | left the door open...
[GAMING/GAM] | YouTube  | [Normal]     | 37%    |  417.1ms | your eyes are wibble wobbling...
[GAMING/GAM] | YouTube  | [Normal]     | 97%    |  552.8ms | bottle at the bottom of the screen on pi...
[GAMING/GAM] | YouTube  | [Normal]     | 93%    |  467.7ms | WOOD...
[GAMING/GAM] | YouTube  | [Normal]     | 97%    |  548.4ms | THE SACKS BASEMENT MOVED!...
[SELF-HELP/] | YouTube  | [Normal]     | 93%    |  495.8ms | @TheBruceKeller sigma...
[ENTERTAINM] | YouTube  | [Normal]     | 94%    |  383.2ms | Indonesia...
[GAMING/SUR] | YouTube  | [Normal]     | 85%    |  434.0ms | its not good bots its good...
[GAMING/GAM] | YouTube  | [Normal]     | 96%    |  473.5ms | Did you take your meds?...
[GAMING/SUR] | YouTube  | [Normal]     | 95%    |  386.3ms | setup...
[ENTERTAINM] | YouTube  | [Normal]     | 94%    |  385.3ms | 1...
[ENTERTAINM] | YouTube  | [Normal]     | 94%    |  422.4ms | 1...
[ENTERTAINM] | YouTube  | [Normal]     | 94%    |  444.6ms | 2...
[GAMING/GAM] | YouTube  | [Normal]     | 97%    |  444.1ms | LOL well spotted...
[GAMING/SUR] | YouTube  | [Normal]     | 85%    |  454.9ms | Pythons or boltys I turrets...
[GAMING/GAM] | YouTube  | [Normal]     | 70%    |  479.8ms | WHAT IN THE FNAF HECK IS GOING ON HERE!?...
[GAMING/GAM] | YouTube  | [Normal]     | 85%    |  424.3ms | the window in the room   i think i saw a...
[GAMING/SUR] | YouTube  | [Normal]     | 73%    |  350.4ms | rouge is hording scrap...
[GAMING/GAM] | YouTube  | [Normal]     | 96%    |  686.8ms | Hi Mark! I'm getting ready to go see Iro...
[GAMING/GAM] | YouTube  | [Normal]     | 93%    |  332.2ms | FUSEBOX...
[GAMING/GAM] | YouTube  | [Normal]     | 96%    |  356.3ms | Hi mark...
[ENTERTAINM] | YouTube  | [Normal]     | 97%    |  403.0ms | kalau yb tauu...
[GAMING/GAM] | YouTube  | [Normal]     | 95%    |  406.8ms | lumpy bags...
[ENTERTAINM] | YouTube  | [Normal]     | 96%    |  413.0ms | I live under a rock...
[GAMING/GAM] | YouTube  | [Normal]     | 84%    |  395.0ms | DEAD BODY BOTTOM LEFT...
[SPORTS/FOO] | YouTube  | [Normal]     | 92%    |  369.1ms | 0...
[PSYCHOLOGY] | YouTube  | [HATE]       | 68%    |  442.4ms | They lack an internal locus of self....
[GAMING/GAM] | YouTube  | [Normal]     | 92%    |  411.4ms | WOAH...
[ENTERTAINM] | YouTube  | [Normal]     | 94%    |  414.3ms | congratulations brother...
[SELF-HELP/] | YouTube  | [Normal]     | 90%    |  494.7ms | have we reached the point where we have ...
[ENTERTAINM] | YouTube  | [Normal]     | 98%    | 1180.3ms | :text-green-game-over::text-green-game-o...
[ENTERTAINM] | YouTube  | [Normal]     | 96%    |  355.6ms | legendary saga gamer subscribe...
[GAMING/SUR] | YouTube  | [Normal]     | 95%    |  410.4ms | RIP JOE ROGAN...
[GAMING/GAM] | YouTube  | [Normal]     | 93%    |  519.3ms | ppl forget markiplier was studying engin...
[GAMING/GAM] | YouTube  | [Normal]     | 91%    |  346.2ms | TURN...
[GAMING/GAM] | YouTube  | [Normal]     | 64%    |  464.6ms | americans dont know this stuff xD...
[GAMING/GAM] | YouTube  | [OFFENSIVE]  | 48%    |  478.3ms | WHO'S THE IDIOT NOW MARK...
[SELF-HELP/] | YouTube  | [Normal]     | 91%    |  437.2ms | no I was always autistic...
[GAMING/GAM] | YouTube  | [Normal]     | 97%    |  420.9ms | Red railing moved  stairwell...
[GAMING/SUR] | YouTube  | [Normal]     | 94%    |  437.9ms | What is he building ?...
[GAMING/GAM] | YouTube  | [Normal]     | 97%    |  427.3ms | lamp movement in interior?...
[ENTERTAINM] | YouTube  | [Normal]     | 97%    |  415.0ms | salutations...
[GAMING/SUR] | YouTube  | [Normal]     | 92%    |  418.7ms | NO!!! 10 on all...
[PSYCHOLOGY] | YouTube  | [Normal]     | 96%    |  392.0ms | :grinning_squinting_face:...
[SELF-HELP/] | YouTube  | [Normal]     | 92%    |  477.9ms | Dr K will you make addiction workshop yo...
[GAMING/GAM] | YouTube  | [Normal]     | 95%    |  842.9ms | :rolling_on_the_floor_laughing::rolling_...
[GAMING/GAM] | YouTube  | [Normal]     | 95%    |  415.8ms | AAAAAAAAAAA...
[PSYCHOLOGY] | YouTube  | [OFFENSIVE]  | 57%    |  407.5ms | shitting on our copium...
[GAMING/GAM] | YouTube  | [Normal]     | 89%    |  524.8ms | long time fan. I have an Unus Annus hood...
[SELF-HELP/] | YouTube  | [Normal]     | 53%    |  535.1ms | if everyone is a genius then no one is a...
[ENTERTAINM] | YouTube  | [Normal]     | 92%    |  414.2ms | yooooo...
[GAMING/GAM] | YouTube  | [Normal]     | 96%    |  420.5ms | RED HANGING THING MOVING...
[ENTERTAINM] | YouTube  | [Normal]     | 94%    |  404.5ms | hi...
[GAMING/GAM] | YouTube  | [Normal]     | 72%    |  502.0ms | They're throwing everything at you lol...
[GAMING/GAM] | YouTube  | [Normal]     | 93%    |  497.2ms | The open door is now closed...
[GAMING/GAM] | YouTube  | [Normal]     | 96%    |  450.5ms | this a vibe...
[GAMING/GAM] | YouTube  | [Normal]     | 91%    |  338.9ms | W...
[GAMING/GAM] | YouTube  | [Normal]     | 95%    |  344.6ms | wow...
[GAMING/GAM] | YouTube  | [Normal]     | 94%    |  520.8ms | I'm going to watch Iron Lung Tomorrow!!!...
[GAMING/GAM] | YouTube  | [Normal]     | 96%    |  591.2ms | I just came back from watching Iron Lung...
[GAMING/GAM] | YouTube  | [Normal]     | 95%    |  432.4ms | 1 1 1 1...
[GAMING/GAM] | YouTube  | [Normal]     | 97%    |  537.4ms | Excellent obversation sir :saluting_face...
[MUSIC/CHIL] | YouTube  | [Normal]     | 98%    |  632.6ms | :face-blue-wide-eyes::face-blue-wide-eye...
[GAMING/GAM] | YouTube  | [Normal]     | 96%    |  352.5ms | Yeah the big game...
[ENTERTAINM] | YouTube  | [Normal]     | 82%    |  378.6ms | rei gooooooooo...
[ENTERTAINM] | YouTube  | [Normal]     | 95%    |  408.3ms | KOSOVO  KOSOVO  KOSOVO  KOSOVO  KOSOVO  ...
[ENTERTAINM] | YouTube  | [Normal]     | 96%    |  451.1ms | sar please take my name my name is Umar...
[ENTERTAINM] | YouTube  | [HATE]       | 52%    |  548.1ms | @MrBeast You Are The Goat of Youtube:yt:...
[GAMING/GAM] | YouTube  | [Normal]     | 95%    |  371.0ms | Hellooooo...
[GAMING/GAM] | YouTube  | [Normal]     | 92%    |  337.9ms | BATHROOM...
[ENTERTAINM] | YouTube  | [Normal]     | 98%    | 1453.9ms | :face-red-heart-shape::face-red-heart-sh...
[PSYCHOLOGY] | YouTube  | [Normal]     | 71%    |  500.6ms | @HealthyGamerGG what about your yourself...
[ENTERTAINM] | YouTube  | [Normal]     | 83%    |  303.2ms | Korea...
[GAMING/GAM] | YouTube  | [Normal]     | 92%    |  397.5ms | EEYUCK...
[ENTERTAINM] | YouTube  | [Normal]     | 96%    |  488.4ms | can you make more smaller videos like yo...
[GAMING/GAM] | YouTube  | [Normal]     | 95%    |  375.8ms | Person in top window of gate?...
[GAMING/GAM] | YouTube  | [Normal]     | 97%    |  444.6ms | the second purse is missing??...
[SELF-HELP/] | YouTube  | [Normal]     | 97%    |  465.3ms | @crowserainance Dr K said 80% of his pro...
[GAMING/SUR] | YouTube  | [Normal]     | 97%    |  516.4ms | welyn is pretty strong in the gym....
[ENTERTAINM] | YouTube  | [Normal]     | 97%    |  475.0ms | hai am from Kerala...
[GAMING/SUR] | YouTube  | [Normal]     | 46%    |  427.0ms | WE WANT PRISONERS...
[PSYCHOLOGY] | YouTube  | [Normal]     | 94%    |  423.6ms | oops...
[GAMING/GAM] | YouTube  | [Normal]     | 57%    |  473.7ms | lets goooooooooo...
[GAMING/SUR] | YouTube  | [Normal]     | 86%    |  355.2ms | yo...
[MUSIC/CHIL] | YouTube  | [Normal]     | 86%    |  403.6ms | ha leave it...
[GAMING/SUR] | YouTube  | [Normal]     | 94%    |  746.6ms | :fire::fire::fire::fire::fire::fire::fir...
[GAMING/SUR] | YouTube  | [Normal]     | 95%    |  545.7ms | WWWWWWWWWWWWWWWWWW...
[GAMING/SUR] | YouTube  | [Normal]     | 86%    |  376.6ms | bungus...
[GAMING/SUR] | YouTube  | [Normal]     | 67%    |  546.1ms | Letssssss rideeeee...
[GAMING/SUR] | YouTube  | [Normal]     | 97%    |  548.5ms | I love rust so much lol...
[GAMING/SUR] | YouTube  | [Normal]     | 87%    |  485.8ms | Hutch is focused to the bungus...
[MUSIC/CHIL] | YouTube  | [Normal]     | 93%    |  424.5ms | hm...
[MUSIC/CHIL] | YouTube  | [Normal]     | 96%    |  481.9ms | anyone known?...
[GAMING/SUR] | YouTube  | [Normal]     | 95%    |  419.5ms | RIP JOE ROGAN :(...
[GAMING/SUR] | YouTube  | [Normal]     | 94%    |  331.9ms | On the ground...
[NEWS/LIVE ] | YouTube  | [Normal]     | 95%    |  439.2ms | yeah we want Irish success stories...
[GAMING/SUR] | YouTube  | [Normal]     | 95%    |  455.7ms | Lmaooooo...
[GAMING/SUR] | YouTube  | [Normal]     | 95%    |  406.0ms | flap flap flap...
[GAMING/SUR] | YouTube  | [Normal]     | 95%    |  472.3ms | what are you clapping with?...
[SELF-HELP/] | YouTube  | [Normal]     | 90%    |  425.3ms | Im a sith...
[GAMING/SUR] | YouTube  | [OFFENSIVE]  | 47%    |  387.3ms | sadge nut...
[MUSIC/CHIL] | YouTube  | [Normal]     | 95%    |  326.9ms | Karma...
[GAMING/GAM] | YouTube  | [Normal]     | 95%    |  316.7ms | Hiiii...
[GAMING/GAM] | YouTube  | [Normal]     | 97%    |  446.3ms | yay i love this game!!...
[ENTERTAINM] | YouTube  | [Normal]     | 93%    |  344.9ms | ineed a laptop...
[GAMING/GAM] | YouTube  | [Normal]     | 94%    | 1143.8ms | Mark  question  I know you just finished...
[GAMING/GAM] | YouTube  | [Normal]     | 96%    |  595.1ms | there's only lighthouse in my chat mark...
[ENTERTAINM] | YouTube  | [Normal]     | 98%    | 1404.9ms | :rocket-red-countdown-liftoff::rocket-re...
[GAMING/GAM] | YouTube  | [Normal]     | 95%    |  442.8ms | Hi from Canada!...
[ENTERTAINM] | YouTube  | [Normal]     | 96%    |  447.7ms | i love Mr beast...
[ENTERTAINM] | YouTube  | [Normal]     | 89%    |  428.8ms | what is your real name...
[GAMING/GAM] | YouTube  | [Normal]     | 97%    |  517.0ms | MARK PLAY ON AIRPLNE AND MY LIFE IS YOUR...
[GAMING/GAM] | YouTube  | [Normal]     | 97%    |  592.3ms | I saw it yesterday  and it was awesome! ...
[GAMING/GAM] | YouTube  | [Normal]     | 92%    |  660.7ms | Play Paranormal Inc and maybe collaborat...
[GAMING/SUR] | YouTube  | [Normal]     | 95%    |  427.1ms | 500...
[GAMING/SUR] | YouTube  | [Normal]     | 96%    |  476.7ms | mAXXXXXXXXX...
[ENTERTAINM] | YouTube  | [Normal]     | 94%    |  373.9ms | me im from Bangladesh...
[ENTERTAINM] | YouTube  | [Normal]     | 93%    |  431.0ms | watch your 200M video🇧...
[ENTERTAINM] | YouTube  | [Normal]     | 96%    |  351.0ms | First video...
[GAMING/GAM] | YouTube  | [Normal]     | 91%    |  412.1ms | LOCK IN AIRPLANE...
[MUSIC/CHIL] | YouTube  | [Normal]     | 98%    | 1635.1ms | :person-turqouise-waving::person-turqoui...
[ENTERTAINM] | YouTube  | [Normal]     | 89%    |  429.7ms | helo...
[GAMING/GAM] | YouTube  | [Normal]     | 95%    |  816.2ms | Hey guys let’s keep the comments on topi...
[ENTERTAINM] | YouTube  | [Normal]     | 96%    |  470.6ms | Giveaways please...
[ENTERTAINM] | YouTube  | [Normal]     | 94%    |  404.1ms | hi Mr beast...
[GAMING/GAM] | YouTube  | [Normal]     | 94%    |  471.8ms | #1 #1 #1...
[GAMING/GAM] | YouTube  | [Normal]     | 93%    |  358.2ms | LIGHTHOUSE...
[ENTERTAINM] | YouTube  | [Normal]     | 97%    |  497.1ms | 10 000 dollar gift...
[ENTERTAINM] | YouTube  | [Normal]     | 97%    |  485.7ms | Welcome New Member!...
[ENTERTAINM] | YouTube  | [Normal]     | 91%    |  409.8ms | MEEE...
[GAMING/SUR] | YouTube  | [Normal]     | 86%    |  431.2ms | ITS SO RIGGED...
[GAMING/SUR] | YouTube  | [HATE]       | 84%    |  390.3ms | should have hit the slots...
[GAMING/GAM] | YouTube  | [Normal]     | 55%    |  302.1ms | it got briter...
[GAMING/GAM] | YouTube  | [Normal]     | 92%    |  497.2ms | It’s fine I spell wrong too...
[GAMING/SUR] | YouTube  | [OFFENSIVE]  | 94%    | 1374.3ms | I’m about to shit myself because of how ...
[GAMING/SUR] | YouTube  | [Normal]     | 60%    |  498.8ms | Stealing the bathrobes...
[GAMING/GAM] | YouTube  | [Normal]     | 95%    |  467.1ms | NUMBER 1...
[GAMING/GAM] | YouTube  | [Normal]     | 97%    |  709.0ms | @markiplier there is a red objekt on the...
[GAMING/GAM] | YouTube  | [Normal]     | 87%    |  349.1ms | Lock in...
[GAMING/GAM] | YouTube  | [OFFENSIVE]  | 70%    |  434.7ms | the bedddddddd...
[GAMING/GAM] | YouTube  | [Normal]     | 97%    |  434.5ms | Lantern moved...
[ENTERTAINM] | YouTube  | [Normal]     | 97%    |  453.2ms | 500m...
[ENTERTAINM] | YouTube  | [Normal]     | 97%    |  986.5ms | :soccer_ball::cricket_game::soccer_ball:...
[GAMING/GAM] | YouTube  | [Normal]     | 95%    |  388.7ms | PIER MISSING POLE RIGHT...
[ENTERTAINM] | YouTube  | [Normal]     | 95%    |  420.1ms | congratulations...
[GAMING/GAM] | YouTube  | [Normal]     | 84%    |  438.8ms | NOOO...
[ENTERTAINM] | YouTube  | [Normal]     | 97%    |  420.6ms | wbu mrbeast...
[ENTERTAINM] | YouTube  | [Normal]     | 95%    |  420.0ms | 111111111...
[GAMING/GAM] | YouTube  | [Normal]     | 93%    |  380.3ms | extra railing...
[ENTERTAINM] | YouTube  | [Normal]     | 95%    |  414.7ms | you love Indonesia...
[GAMING/GAM] | YouTube  | [Normal]     | 97%    |  453.3ms | lantern moved  rail position moved lol...
[GAMING/GAM] | YouTube  | [Normal]     | 97%    |  467.6ms | it's perfectly fine...
[ENTERTAINM] | YouTube  | [Normal]     | 94%    |  350.2ms | hi...
[GAMING/GAM] | YouTube  | [Normal]     | 94%    |  389.8ms | ok...
[ENTERTAINM] | YouTube  | [Normal]     | 77%    |  445.6ms | yo beast whats good...
[ENTERTAINM] | YouTube  | [Normal]     | 97%    |  331.7ms | Love from Texas...
[ENTERTAINM] | YouTube  | [Normal]     | 94%    |  417.6ms | SO OLD BUT GOLD...
[GAMING/GAM] | YouTube  | [Normal]     | 97%    |  447.0ms | HOORAYY...
[ENTERTAINM] | YouTube  | [Normal]     | 95%    |  438.2ms | gift me car...
[ENTERTAINM] | YouTube  | [Normal]     | 96%    |  509.3ms | кто из русских...
[ENTERTAINM] | YouTube  | [Normal]     | 95%    |  316.2ms | hello...
[SELF-HELP/] | YouTube  | [Normal]     | 97%    | 1267.0ms | I could see this for people you don't kn...
[GAMING/GAM] | YouTube  | [Normal]     | 74%    |  699.5ms | anyone else see a body like shape under ...
[GAMING/GAM] | YouTube  | [Normal]     | 97%    |  543.7ms | Mark I’ve watched you for 10 years!...
[MUSIC/CHIL] | YouTube  | [Normal]     | 96%    |  591.5ms | son culpa de putin y maduro...
[ENTERTAINM] | YouTube  | [Normal]     | 94%    |  506.8ms | kai cenet?...
[GAMING/GAM] | YouTube  | [Normal]     | 95%    |  529.8ms | I see iron lung on Thursday January 29th...
[GAMING/SUR] | YouTube  | [Normal]     | 80%    |  624.4ms | They changed the heli about a year ago a...
[ENTERTAINM] | YouTube  | [Normal]     | 97%    |  382.8ms | Congratulations And Celebrations...
[ENTERTAINM] | YouTube  | [Normal]     | 94%    |  329.3ms | Ray...
[ENTERTAINM] | YouTube  | [Normal]     | 96%    |  325.4ms | big fan...
[GAMING/GAM] | YouTube  | [Normal]     | 95%    |  499.1ms | Iron Lung's director dude is playing gam...
[GAMING/SUR] | YouTube  | [Normal]     | 97%    |  451.9ms | yt stream is fine!...
[GAMING/GAM] | YouTube  | [Normal]     | 92%    |  448.2ms | ANOMALY IN TOP LEFT...
[SELF-HELP/] | YouTube  | [Normal]     | 66%    | 1188.2ms | My actual question is  why do I look at ...
[ENTERTAINM] | YouTube  | [Normal]     | 97%    |  477.2ms | i am happy :relieved_face:...
[GAMING/SUR] | YouTube  | [OFFENSIVE]  | 75%    |  509.1ms | letssss gooooooo let's a go...
[GAMING/SUR] | YouTube  | [Normal]     | 95%    | 1293.0ms | :exploding_head::exploding_head::explodi...
[GAMING/SUR] | YouTube  | [Normal]     | 82%    |  366.8ms | hutch is spending all your scrap!...
[GAMING/SUR] | YouTube  | [Normal]     | 51%    |  489.2ms | Let’s gooooooo...
[GAMING/SUR] | YouTube  | [OFFENSIVE]  | 48%    |  623.6ms | Bro STFU about diarrhea all the time lmf...
[PSYCHOLOGY] | YouTube  | [Normal]     | 93%    |  484.6ms | I’m chat-maxxing...
[PSYCHOLOGY] | YouTube  | [Normal]     | 97%    |  393.6ms | I rewatched the early modules...
[GAMING/SUR] | YouTube  | [Normal]     | 96%    |  336.2ms | Lmao...
[GAMING/SUR] | YouTube  | [Normal]     | 92%    |  575.3ms | the mods have that quik draw Mcgraw...
[GAMING/SUR] | YouTube  | [Normal]     | 73%    |  476.3ms | this turned into a bossmanjack stream...
[GAMING/SUR] | YouTube  | [Normal]     | 95%    |  387.3ms | lmaooo...
[GAMING/SUR] | YouTube  | [OFFENSIVE]  | 56%    |  451.6ms | No wayyyy...
[ENTERTAINM] | YouTube  | [Normal]     | 97%    |  436.2ms | :yt:...
[ENTERTAINM] | YouTube  | [Normal]     | 89%    |  379.5ms | yahh...
[GAMING/SUR] | YouTube  | [Normal]     | 81%    |  414.6ms | aint nobody see that!?...
[PSYCHOLOGY] | YouTube  | [Normal]     | 97%    |  374.9ms | unconscious template sorta...
[ENTERTAINM] | YouTube  | [Normal]     | 91%    |  356.1ms | mr beast...
[MUSIC/CHIL] | YouTube  | [Normal]     | 95%    |  369.7ms | :hydrate:...
[ENTERTAINM] | YouTube  | [Normal]     | 97%    |  632.7ms | Hii MrBeast I Watching So Long Time Peri...
[GAMING/SUR] | YouTube  | [Normal]     | 84%    |  330.5ms | Close the gate...
[ENTERTAINM] | YouTube  | [Normal]     | 97%    |  392.6ms | 500 million today!...
[MUSIC/CHIL] | YouTube  | [Normal]     | 98%    |  589.0ms | :musical_notes::wine_glass:...
[ENTERTAINM] | YouTube  | [Normal]     | 94%    |  510.5ms | 1...
[GAMING/GAM] | YouTube  | [Normal]     | 94%    |  513.6ms | penid...
[SPORTS/FOO] | YouTube  | [Normal]     | 96%    |  862.7ms | :virtualhug:Oh no LIFE IS OVER~:sparkles...
[ENTERTAINM] | YouTube  | [Normal]     | 95%    |  705.1ms | what will you do if you get a billion su...
[MUSIC/CHIL] | YouTube  | [Normal]     | 91%    |  365.2ms | lelelei...
[GAMING/GAM] | YouTube  | [Normal]     | 91%    |  499.0ms | Seein Iron Lung again tommorow...
[GAMING/GAM] | YouTube  | [Normal]     | 98%    |  611.1ms | AMAZING MOVIE MARK felt like in-was watc...
[ENTERTAINM] | YouTube  | [Normal]     | 97%    |  486.6ms | I am indian...
[ENTERTAINM] | YouTube  | [Normal]     | 98%    |  578.7ms | :hand-pink-waving::hand-pink-waving:...
[GAMING/GAM] | YouTube  | [Normal]     | 98%    |  476.3ms | Wait so there was an atmos file made?...
[MUSIC/CHIL] | YouTube  | [Normal]     | 96%    | 1395.6ms | Chameleon chameleon chameleon :backhand_...
[ENTERTAINM] | YouTube  | [Normal]     | 96%    |  458.4ms | 500 million subscriber...
[ENTERTAINM] | YouTube  | [Normal]     | 94%    |  490.0ms | Mr beast !!!...
[ENTERTAINM] | YouTube  | [Normal]     | 91%    |  403.0ms | hey...
[ENTERTAINM] | YouTube  | [OFFENSIVE]  | 99%    | 1582.6ms | Jimmy ki jai ho:smiling_face_with_heart_...
[GAMING/SUR] | YouTube  | [Normal]     | 92%    |  681.9ms | Lmao H2O being broke hmmm all that yt mo...
[GAMING/GAM] | YouTube  | [Normal]     | 96%    |  495.8ms | how long you okay on streaming for sir?...
[GAMING/SUR] | YouTube  | [Normal]     | 69%    |  387.9ms | H2O HELL YEAH...
[GAMING/SUR] | YouTube  | [Normal]     | 95%    | 1953.2ms | :rolling_on_the_floor_laughing::rolling_...
[ENTERTAINM] | YouTube  | [Normal]     | 97%    |  537.9ms | saludos desde Perú carajo...
[ENTERTAINM] | YouTube  | [Normal]     | 90%    |  491.5ms | meeeeeee...
[GAMING/SUR] | YouTube  | [Normal]     | 48%    |  522.3ms | No way no wayyyyyy...
[GAMING/GAM] | YouTube  | [Normal]     | 92%    |  698.9ms | mark i might go see your neww movie soon...
[GAMING/SUR] | YouTube  | [Normal]     | 96%    |  451.6ms | what a sweet treat...
[GAMING/GAM] | YouTube  | [Normal]     | 83%    |  446.6ms | KEEP IT  FUNNY...
[ENTERTAINM] | YouTube  | [Normal]     | 94%    |  473.4ms | hola...
[ENTERTAINM] | YouTube  | [Normal]     | 94%    |  430.7ms | hi...
[GAMING/GAM] | YouTube  | [Normal]     | 94%    |  633.1ms | There's an anomaly in the top left corne...
[GAMING/GAM] | YouTube  | [OFFENSIVE]  | 73%    |  451.5ms | Mark  ITS WRONGGGG...
[GAMING/GAM] | YouTube  | [Normal]     | 96%    |  806.5ms | :_markiHEART::_markiHEART::_markiHEART:...
[GAMING/GAM] | YouTube  | [Normal]     | 87%    |  423.7ms | What about that T thing at the dock!!...
[ENTERTAINM] | YouTube  | [Normal]     | 96%    |  731.9ms | BRO PLEZ GIVE ME PC FOR GAMING :melting_...
[ENTERTAINM] | YouTube  | [Normal]     | 94%    |  405.3ms | 5...
[GAMING/GAM] | YouTube  | [Normal]     | 78%    |  554.5ms | “ I’m the number 1 director “ is crazy...
[SELF-HELP/] | YouTube  | [Normal]     | 93%    |  370.9ms | hm...
[ENTERTAINM] | YouTube  | [Normal]     | 95%    |  441.6ms | INDONESIA  INDONESIA...
[GAMING/GAM] | YouTube  | [Normal]     | 97%    |  524.1ms | two mousetraps in basement?...
[GAMING/GAM] | YouTube  | [Normal]     | 95%    |  414.0ms | I got tickled...
[GAMING/GAM] | YouTube  | [Normal]     | 92%    |  447.1ms | GO MARK GO...
[GAMING/GAM] | YouTube  | [Normal]     | 94%    |  468.7ms | PASSWORD1...
[ENTERTAINM] | YouTube  | [Normal]     | 92%    | 1883.1ms | Hi Mr. Beast  I have a problem with aloa...
[GAMING/GAM] | YouTube  | [Normal]     | 96%    |  768.3ms | I made spaghetti and now my nose is blee...
[GAMING/SUR] | YouTube  | [Normal]     | 62%    |  526.2ms | alcohol is poison...
[ENTERTAINM] | YouTube  | [Normal]     | 94%    |  489.3ms | hi...
[GAMING/SUR] | YouTube  | [Normal]     | 96%    |  684.1ms | Rogue is the MVP of this stream . no sle...
[ENTERTAINM] | YouTube  | [Normal]     | 94%    |  478.6ms | 1...
[ENTERTAINM] | YouTube  | [Normal]     | 90%    |  431.8ms | 𝟐...
[MUSIC/CHIL] | YouTube  | [Normal]     | 95%    |  700.3ms | abhisek pta ni meri yadasht kmjor h...
[ENTERTAINM] | YouTube  | [Normal]     | 97%    |  846.0ms | :chart_increasing::chart_increasing::cha...
[ENTERTAINM] | YouTube  | [Normal]     | 96%    |  471.3ms | :red_heart:...
[GAMING/SUR] | YouTube  | [Normal]     | 83%    |  480.2ms | did they get raided...
[ENTERTAINM] | YouTube  | [Normal]     | 89%    |  390.4ms | W Mr beast...
[GAMING/GAM] | YouTube  | [Normal]     | 90%    |  529.4ms | Maybe something was walking up the stair...
[SELF-HELP/] | YouTube  | [Normal]     | 97%    | 1463.7ms | today is my final day at my job I've bee...
[ENTERTAINM] | YouTube  | [Normal]     | 94%    |  344.3ms | do an age poll...
[ENTERTAINM] | YouTube  | [Normal]     | 97%    |  499.3ms | Jimmy 500m...
[PSYCHOLOGY] | YouTube  | [Normal]     | 93%    |  473.2ms | avoiding is bad?...
[ENTERTAINM] | YouTube  | [Normal]     | 41%    |  523.7ms | its because they are 8 years old...
[GAMING/GAM] | YouTube  | [Normal]     | 95%    |  552.6ms | ENTRANCE  light left side of door moved ...
[ENTERTAINM] | YouTube  | [Normal]     | 97%    |  533.7ms | سلام از ایران...
[ENTERTAINM] | YouTube  | [Normal]     | 95%    |  492.6ms | :goodvibes:...
[GAMING/SUR] | YouTube  | [Normal]     | 68%    |  387.4ms | Cloak come to finish them off...
[ENTERTAINM] | YouTube  | [Normal]     | 92%    |  464.7ms | MRBEAST!...
[ENTERTAINM] | YouTube  | [Normal]     | 96%    |  518.8ms | hay mister Bisht I am fine...
[ENTERTAINM] | YouTube  | [Normal]     | 97%    | 1973.4ms | :face_blowing_a_kiss::face_blowing_a_kis...
[ENTERTAINM] | YouTube  | [Normal]     | 94%    |  436.5ms | hi...
[GAMING/GAM] | YouTube  | [Normal]     | 95%    |  615.7ms | D O N G D O N G...
[GAMING/GAM] | YouTube  | [Normal]     | 97%    |  511.2ms | silent hill pt 11 please :folded_hands:...
[ENTERTAINM] | YouTube  | [Normal]     | 81%    |  586.8ms | This is Asadullah from Pakistan wants to...
[ENTERTAINM] | YouTube  | [Normal]     | 78%    |  544.2ms | italyyyyyy...
[ENTERTAINM] | YouTube  | [Normal]     | 90%    |  392.1ms | USA...
[GAMING/SUR] | YouTube  | [Normal]     | 97%    |  350.4ms | oil...
[ENTERTAINM] | YouTube  | [Normal]     | 94%    |  350.4ms | 1...
[GAMING/GAM] | YouTube  | [Normal]     | 83%    |  556.1ms | Fog or camera malfunction is the wibble ...
[PSYCHOLOGY] | YouTube  | [Normal]     | 93%    |  413.7ms | the 3...
[GAMING/GAM] | YouTube  | [Normal]     | 96%    |  445.2ms | EW EW EW...
[PSYCHOLOGY] | YouTube  | [Normal]     | 52%    |  513.9ms | Is this why hook up culture become such ...
[ENTERTAINM] | YouTube  | [Normal]     | 95%    |  402.4ms | hii...
[GAMING/GAM] | YouTube  | [Normal]     | 96%    |  484.4ms | PURPLE TOWEL IN LanTERN ROOM...
[GAMING/GAM] | YouTube  | [Normal]     | 96%    |  359.3ms | FUSE BOX...
[GAMING/SUR] | YouTube  | [Normal]     | 85%    |  408.4ms | :peanuts: paranoid...
[GAMING/SUR] | YouTube  | [Normal]     | 96%    |  927.1ms | I TOLD YOU 20 MIN AGO TO GO DO RECYCLING...
[GAMING/SUR] | YouTube  | [Normal]     | 83%    |  447.1ms | NOOOOO TO SLOW...
[GAMING/SUR] | YouTube  | [Normal]     | 91%    |  719.1ms | when putting code in you can press R and...
[ENTERTAINM] | YouTube  | [Normal]     | 93%    |  899.3ms | :goodvibes::goodvibes::goodvibes::goodvi...
[GAMING/GAM] | YouTube  | [Normal]     | 94%    |  651.9ms | I'm not coordinated enough to play these...
[GAMING/GAM] | YouTube  | [Normal]     | 91%    |  412.0ms | door yard...
[SPORTS/FOO] | YouTube  | [Normal]     | 92%    |  341.6ms | boisss...
[ENTERTAINM] | YouTube  | [Normal]     | 94%    |  372.6ms | Ny...
[GAMING/GAM] | YouTube  | [Normal]     | 95%    |  344.2ms | Fence in stairwell...
[ENTERTAINM] | YouTube  | [Normal]     | 95%    |  347.0ms | Only 10k...
[GAMING/GAM] | YouTube  | [Normal]     | 98%    |  552.0ms | I work at barnes and noble and I just so...
[GAMING/GAM] | YouTube  | [Normal]     | 97%    | 1072.6ms | mark! now that you've more free time  i'...
[GAMING/GAM] | YouTube  | [Normal]     | 96%    |  641.1ms | barrell fell over!!!...
[GAMING/GAM] | YouTube  | [Normal]     | 96%    |  497.4ms | Adjective noun...
[ENTERTAINM] | YouTube  | [Normal]     | 97%    |  853.8ms | :people_hugging::people_hugging::people_...
[ENTERTAINM] | YouTube  | [Normal]     | 94%    |  462.4ms | হিইই...
[GAMING/SUR] | YouTube  | [Normal]     | 80%    |  692.5ms | :_PeanutJork::_BungusMac:...
[GAMING/GAM] | YouTube  | [Normal]     | 96%    |  536.5ms | Stairwell  Hole  missing pole on middle ...
[GAMING/SUR] | YouTube  | [Normal]     | 94%    |  540.7ms | this base is painful to navigate lol...
[GAMING/GAM] | YouTube  | [Normal]     | 86%    |  472.9ms | UNDER THE BED...
[GAMING/GAM] | YouTube  | [Normal]     | 97%    |  496.4ms | painting in keepers quarters...
[MUSIC/CHIL] | YouTube  | [Normal]     | 96%    |  684.8ms | :face-blue-droopy-eyes:...
[ENTERTAINM] | YouTube  | [Normal]     | 85%    |  549.2ms | Some people just have no idea what they'...
[ENTERTAINM] | YouTube  | [Normal]     | 94%    |  415.0ms | hi...
[GAMING/SUR] | YouTube  | [Normal]     | 93%    |  895.6ms | W WELYN - I CANT BELIEVE PEANUT AND WELY...
[GAMING/GAM] | YouTube  | [Normal]     | 97%    |  532.8ms | Extra bottle pier :folded_hands:...
[SELF-HELP/] | YouTube  | [Normal]     | 49%    |  674.1ms | I hope i learn something else from this ...
[GAMING/GAM] | YouTube  | [Normal]     | 92%    |  517.7ms | on the table! the eyeballs...
[GAMING/GAM] | YouTube  | [Normal]     | 89%    |  438.7ms | u jinx it...
[GAMING/GAM] | YouTube  | [Normal]     | 97%    |  570.7ms | MOVEMENT RAILING NEAR PAINT CANS !!!...
[SELF-HELP/] | YouTube  | [Normal]     | 95%    |  514.2ms | isn't that just measurement...
[SELF-HELP/] | YouTube  | [Normal]     | 95%    |  521.0ms | It makes us disfunctional...
[GAMING/GAM] | YouTube  | [Normal]     | 95%    |  359.1ms | THE LAMP WAS ON...
[GAMING/GAM] | YouTube  | [Normal]     | 91%    |  469.4ms | Just watched Iron Lung it was great!...
[GAMING/GAM] | YouTube  | [Normal]     | 96%    |  423.8ms | extra potato bag...
[GAMING/GAM] | YouTube  | [Normal]     | 95%    |  445.6ms | ........
[ENTERTAINM] | YouTube  | [Normal]     | 98%    | 1479.4ms | :red_heart::red_heart::red_heart::red_he...
[SELF-HELP/] | YouTube  | [Normal]     | 97%    |  589.7ms | It's 11:43 pm here....
[GAMING/GAM] | YouTube  | [Normal]     | 95%    |  625.1ms | watched iron lung last night  loved it  ...
[ENTERTAINM] | YouTube  | [Normal]     | 97%    |  449.5ms | I want to mobile phone...
[ENTERTAINM] | YouTube  | [Normal]     | 96%    |  596.9ms | :red_heart::partying_face:...
[ENTERTAINM] | YouTube  | [Normal]     | 80%    |  524.4ms | What would u do if u got to a billion su...
[GAMING/GAM] | YouTube  | [Normal]     | 76%    |  501.2ms | what a banger ost bro...
[GAMING/GAM] | YouTube  | [Normal]     | 92%    |  406.2ms | YESSSS #1...
[GAMING/GAM] | YouTube  | [Normal]     | 95%    |  419.8ms | Congrats!!!! It was really good!...
[GAMING/GAM] | YouTube  | [Normal]     | 96%    |  962.2ms | HEY MARK  if you do the physical format ...
[ENTERTAINM] | YouTube  | [Normal]     | 96%    |  411.1ms | New member...
[ENTERTAINM] | YouTube  | [Normal]     | 96%    |  494.0ms | :saluting_face:...
[ENTERTAINM] | YouTube  | [Normal]     | 97%    |  423.0ms | Welcome New Member!...
[GAMING/GAM] | YouTube  | [Normal]     | 92%    |  378.8ms | yeah...
[ENTERTAINM] | YouTube  | [Normal]     | 96%    |  526.8ms | салам из Апатиты...
[MUSIC/CHIL] | YouTube  | [Normal]     | 98%    |  502.1ms | hello:hand-pink-waving:...
[GAMING/GAM] | YouTube  | [Normal]     | 69%    |  394.0ms | unlucky...
[ENTERTAINM] | YouTube  | [Normal]     | 94%    |  388.8ms | Hi...
[ENTERTAINM] | YouTube  | [Normal]     | 89%    |  420.5ms | Yoooo...
[GAMING/GAM] | YouTube  | [Normal]     | 96%    |  419.2ms | wait extra donuts???...
[MUSIC/CHIL] | YouTube  | [Normal]     | 97%    | 1099.8ms | ha wo baat krega kis se or nazar rhega k...
[GAMING/GAM] | YouTube  | [Normal]     | 96%    |  412.1ms | Cup on business chair...
[GAMING/GAM] | YouTube  | [Normal]     | 97%    |  360.9ms | PILOT CABIN SEATS...
[ENTERTAINM] | YouTube  | [Normal]     | 96%    |  449.5ms | I love you Jimmy from Thailand...
[ENTERTAINM] | YouTube  | [Normal]     | 94%    |  625.2ms | Hey jimmy can you send me a 2000$ so i c...
[GAMING/GAM] | YouTube  | [Normal]     | 91%    |  404.0ms | Noooo...
[GAMING/GAM] | YouTube  | [Normal]     | 94%    |  491.9ms | The case on the hall thing...
[GAMING/TOU] | Twitch   | [Normal]     | 97%    |  535.2ms | @stasenzpensier1 bye bye...
[RELATIONSH] | Twitch   | [Normal]     | 96%    |  561.3ms | 35% off subs TREASURE TRAIN orophiALERT...
[RELATIONSH] | Twitch   | [Normal]     | 92%    |  372.8ms | WW...
[RELATIONSH] | Twitch   | [Normal]     | 97%    |  423.5ms | any roadtrip stream soon? @Nmplol...
[RELATIONSH] | Twitch   | [Normal]     | 86%    |  301.0ms | yo...
[RELATIONSH] | Twitch   | [Normal]     | 95%    |  440.8ms | TriHard FBCatch...
[RELATIONSH] | Twitch   | [Normal]     | 89%    |  548.5ms | nmpRiding nmpRiding nmpRiding...
[RELATIONSH] | Twitch   | [Normal]     | 95%    |  443.4ms | its not saved LOL...
[RELATIONSH] | Twitch   | [Normal]     | 88%    |  418.7ms | keep digging...
[RELATIONSH] | Twitch   | [Normal]     | 95%    |  439.4ms | ??...
[ENTERTAINM] | Twitch   | [Normal]     | 54%    |  495.7ms | Tell her to speak in portuguese...
[RELATIONSH] | Twitch   | [Normal]     | 88%    |  442.2ms | !hide...
[RELATIONSH] | Twitch   | [Normal]     | 94%    |  514.0ms | o7...
