Sampling every 2s for 5000s -> F:\hate-speech-pipeline\reports\scaling\20260926-175510_p2_c2_cuda_r2\resource_WIX.csv
Run your load (throughput_bench.py / a live stream) now in another terminal.

[17:55:16] host CPU 0.0% RAM 76.6% | GPU 197MB/0% | kafka=0.74%/834MiB / 4.804GiB ; elasticsearch=2.56%/1.538GiB / 4.804Gi
[17:55:20] host CPU 22.6% RAM 81.6% | GPU 194MB/1% | kafka=0.68%/834MiB / 4.804GiB ; elasticsearch=0.41%/1.538GiB / 4.804Gi
[17:55:25] host CPU 42.4% RAM 82.7% | GPU 197MB/0% | kafka=0.77%/834MiB / 4.804GiB ; elasticsearch=0.41%/1.538GiB / 4.804Gi
[17:55:28] host CPU 31.3% RAM 86.2% | GPU 238MB/0% | kafka=1.61%/834MiB / 4.804GiB ; elasticsearch=0.52%/1.538GiB / 4.804Gi
[17:55:33] host CPU 8.3% RAM 85.8% | GPU 885MB/0% | kafka=46.18%/864.9MiB / 4.804GiB ; elasticsearch=0.38%/1.538GiB / 4.80
[17:55:37] host CPU 16.9% RAM 89.7% | GPU 928MB/37% | kafka=0.77%/834MiB / 4.804GiB ; elasticsearch=6.57%/1.538GiB / 4.804Gi
[17:55:41] host CPU 18.5% RAM 89.6% | GPU 922MB/34% | kafka=0.71%/834MiB / 4.804GiB ; elasticsearch=9.29%/1.538GiB / 4.804Gi
[17:55:45] host CPU 22.7% RAM 89.9% | GPU 925MB/20% | kafka=0.91%/834.1MiB / 4.804GiB ; elasticsearch=8.84%/1.537GiB / 4.804
[17:55:49] host CPU 20.6% RAM 89.7% | GPU 922MB/19% | kafka=0.64%/834.1MiB / 4.804GiB ; elasticsearch=5.71%/1.537GiB / 4.804
[17:55:54] host CPU 17.6% RAM 89.7% | GPU 929MB/29% | kafka=0.73%/834.1MiB / 4.804GiB ; elasticsearch=9.64%/1.537GiB / 4.804
[17:55:58] host CPU 21.9% RAM 89.7% | GPU 928MB/28% | kafka=0.65%/834.1MiB / 4.804GiB ; elasticsearch=6.29%/1.537GiB / 4.804
[17:56:03] host CPU 17.6% RAM 89.7% | GPU 925MB/32% | kafka=0.65%/834.1MiB / 4.804GiB ; elasticsearch=5.85%/1.538GiB / 4.804
[17:56:06] host CPU 22.2% RAM 89.7% | GPU 925MB/37% | kafka=0.75%/834.1MiB / 4.804GiB ; elasticsearch=6.02%/1.538GiB / 4.804
[17:56:10] host CPU 17.9% RAM 89.7% | GPU 927MB/20% | kafka=0.78%/834.1MiB / 4.804GiB ; elasticsearch=5.54%/1.538GiB / 4.804
[17:56:15] host CPU 15.9% RAM 89.8% | GPU 925MB/19% | kafka=0.73%/834.1MiB / 4.804GiB ; elasticsearch=5.41%/1.537GiB / 4.804
[17:56:18] host CPU 22.6% RAM 89.9% | GPU 924MB/30% | kafka=0.73%/834.1MiB / 4.804GiB ; elasticsearch=5.05%/1.538GiB / 4.804
[17:56:23] host CPU 15.9% RAM 89.8% | GPU 925MB/21% | kafka=0.68%/834.1MiB / 4.804GiB ; elasticsearch=5.59%/1.538GiB / 4.804
[17:56:27] host CPU 15.2% RAM 89.4% | GPU 924MB/20% | kafka=174.33%/895.8MiB / 4.804GiB ; elasticsearch=5.05%/1.537GiB / 4.8
[17:56:31] host CPU 25.0% RAM 89.7% | GPU 925MB/28% | kafka=0.68%/834.1MiB / 4.804GiB ; elasticsearch=6.60%/1.538GiB / 4.804
[17:56:35] host CPU 14.6% RAM 89.7% | GPU 927MB/22% | kafka=0.72%/834.1MiB / 4.804GiB ; elasticsearch=5.67%/1.538GiB / 4.804
[17:56:39] host CPU 21.2% RAM 89.9% | GPU 924MB/19% | kafka=0.80%/834.1MiB / 4.804GiB ; elasticsearch=5.61%/1.538GiB / 4.804
[17:56:44] host CPU 17.8% RAM 89.7% | GPU 929MB/17% | kafka=0.73%/834.1MiB / 4.804GiB ; elasticsearch=5.21%/1.538GiB / 4.804
[17:56:48] host CPU 16.3% RAM 89.6% | GPU 929MB/32% | kafka=176.67%/901MiB / 4.804GiB ; elasticsearch=5.44%/1.538GiB / 4.804
[17:56:53] host CPU 23.0% RAM 89.8% | GPU 925MB/19% | kafka=0.67%/834.1MiB / 4.804GiB ; elasticsearch=4.30%/1.537GiB / 4.804
[17:56:57] host CPU 15.6% RAM 89.2% | GPU 926MB/40% | kafka=0.74%/834.1MiB / 4.804GiB ; elasticsearch=5.41%/1.537GiB / 4.804
[17:57:00] host CPU 23.2% RAM 89.5% | GPU 924MB/21% | kafka=10.50%/834.1MiB / 4.804GiB ; elasticsearch=5.28%/1.538GiB / 4.80
[17:57:05] host CPU 17.0% RAM 89.7% | GPU 926MB/20% | kafka=0.83%/834.1MiB / 4.804GiB ; elasticsearch=5.13%/1.538GiB / 4.804
[17:57:08] host CPU 15.0% RAM 89.8% | GPU 925MB/20% | kafka=0.84%/834.1MiB / 4.804GiB ; elasticsearch=5.33%/1.538GiB / 4.804
[17:57:13] host CPU 26.2% RAM 89.7% | GPU 930MB/20% | kafka=3.24%/834.4MiB / 4.804GiB ; elasticsearch=4.66%/1.537GiB / 4.804
[17:57:17] host CPU 17.1% RAM 89.7% | GPU 924MB/30% | kafka=0.76%/834.4MiB / 4.804GiB ; elasticsearch=6.85%/1.537GiB / 4.804
[17:57:21] host CPU 15.2% RAM 89.8% | GPU 924MB/21% | kafka=161.27%/916.2MiB / 4.804GiB ; elasticsearch=4.48%/1.538GiB / 4.8
[17:57:25] host CPU 22.0% RAM 89.5% | GPU 925MB/29% | kafka=0.72%/834.4MiB / 4.804GiB ; elasticsearch=11.00%/1.537GiB / 4.80
[17:57:29] host CPU 14.9% RAM 89.6% | GPU 923MB/20% | kafka=0.72%/836.1MiB / 4.804GiB ; elasticsearch=5.62%/1.537GiB / 4.804
[17:57:34] host CPU 24.3% RAM 89.8% | GPU 926MB/18% | kafka=0.94%/836.1MiB / 4.804GiB ; elasticsearch=5.78%/1.537GiB / 4.804
[17:57:38] host CPU 15.7% RAM 89.7% | GPU 926MB/35% | kafka=0.73%/836.1MiB / 4.804GiB ; elasticsearch=5.05%/1.537GiB / 4.804
[17:57:43] host CPU 14.7% RAM 89.7% | GPU 929MB/19% | kafka=133.19%/910MiB / 4.804GiB ; elasticsearch=5.10%/1.537GiB / 4.804
[17:57:47] host CPU 22.6% RAM 89.7% | GPU 927MB/18% | kafka=0.79%/836.1MiB / 4.804GiB ; elasticsearch=5.47%/1.537GiB / 4.804
[17:57:50] host CPU 22.2% RAM 89.8% | GPU 923MB/20% | kafka=0.83%/836.1MiB / 4.804GiB ; elasticsearch=4.14%/1.537GiB / 4.804
[17:57:55] host CPU 20.6% RAM 89.6% | GPU 925MB/18% | kafka=1.20%/836.1MiB / 4.804GiB ; elasticsearch=5.14%/1.537GiB / 4.804
[17:57:58] host CPU 18.1% RAM 89.7% | GPU 926MB/19% | kafka=0.76%/836.1MiB / 4.804GiB ; elasticsearch=5.22%/1.537GiB / 4.804
[17:58:03] host CPU 18.8% RAM 89.7% | GPU 926MB/19% | kafka=0.73%/836.1MiB / 4.804GiB ; elasticsearch=5.22%/1.537GiB / 4.804
[17:58:07] host CPU 21.7% RAM 89.7% | GPU 926MB/18% | kafka=0.76%/836.1MiB / 4.804GiB ; elasticsearch=5.42%/1.537GiB / 4.804
[17:58:11] host CPU 16.8% RAM 89.8% | GPU 928MB/20% | kafka=0.72%/836.1MiB / 4.804GiB ; elasticsearch=7.21%/1.537GiB / 4.804
[17:58:16] host CPU 13.8% RAM 89.8% | GPU 929MB/21% | kafka=76.95%/836.1MiB / 4.804GiB ; elasticsearch=3.96%/1.537GiB / 4.80
[17:58:19] host CPU 21.5% RAM 89.8% | GPU 925MB/32% | kafka=0.78%/836.1MiB / 4.804GiB ; elasticsearch=4.87%/1.537GiB / 4.804
[17:58:24] host CPU 18.5% RAM 89.8% | GPU 926MB/32% | kafka=0.79%/836.1MiB / 4.804GiB ; elasticsearch=4.87%/1.537GiB / 4.804
[17:58:28] host CPU 21.3% RAM 89.7% | GPU 925MB/32% | kafka=0.79%/836.1MiB / 4.804GiB ; elasticsearch=5.63%/1.537GiB / 4.804
[17:58:33] host CPU 15.5% RAM 89.7% | GPU 926MB/17% | kafka=0.74%/836.1MiB / 4.804GiB ; elasticsearch=5.06%/1.537GiB / 4.804
[17:58:37] host CPU 16.8% RAM 89.6% | GPU 928MB/19% | kafka=177.00%/910.6MiB / 4.804GiB ; elasticsearch=3.59%/1.537GiB / 4.8
[17:58:40] host CPU 24.4% RAM 89.7% | GPU 927MB/20% | kafka=0.72%/836.1MiB / 4.804GiB ; elasticsearch=6.42%/1.537GiB / 4.804
[17:58:45] host CPU 14.9% RAM 89.7% | GPU 927MB/35% | kafka=0.74%/836.1MiB / 4.804GiB ; elasticsearch=5.53%/1.537GiB / 4.804
[17:58:48] host CPU 23.6% RAM 89.8% | GPU 923MB/18% | kafka=27.91%/836.1MiB / 4.804GiB ; elasticsearch=4.61%/1.537GiB / 4.80
[17:58:53] host CPU 22.8% RAM 89.8% | GPU 927MB/36% | kafka=0.67%/836.1MiB / 4.804GiB ; elasticsearch=5.18%/1.537GiB / 4.804
[17:58:57] host CPU 14.3% RAM 89.6% | GPU 925MB/36% | kafka=0.71%/836.1MiB / 4.804GiB ; elasticsearch=4.70%/1.537GiB / 4.804
[17:59:01] host CPU 25.2% RAM 89.7% | GPU 927MB/31% | kafka=0.91%/836.1MiB / 4.804GiB ; elasticsearch=4.83%/1.537GiB / 4.804
[17:59:06] host CPU 15.1% RAM 89.7% | GPU 925MB/20% | kafka=0.74%/836.6MiB / 4.804GiB ; elasticsearch=5.10%/1.537GiB / 4.804
[17:59:09] host CPU 14.6% RAM 89.9% | GPU 922MB/18% | kafka=150.07%/910.8MiB / 4.804GiB ; elasticsearch=4.55%/1.537GiB / 4.8
[17:59:14] host CPU 26.9% RAM 89.8% | GPU 925MB/21% | kafka=0.71%/836.6MiB / 4.804GiB ; elasticsearch=4.45%/1.537GiB / 4.804
[17:59:18] host CPU 16.1% RAM 89.8% | GPU 925MB/37% | kafka=0.89%/837.3MiB / 4.804GiB ; elasticsearch=7.50%/1.537GiB / 4.804
[17:59:23] host CPU 23.6% RAM 89.8% | GPU 927MB/26% | kafka=0.76%/838.1MiB / 4.804GiB ; elasticsearch=4.65%/1.537GiB / 4.804
[17:59:27] host CPU 17.7% RAM 89.4% | GPU 927MB/25% | kafka=0.67%/838.1MiB / 4.804GiB ; elasticsearch=4.67%/1.537GiB / 4.804
[17:59:30] host CPU 15.4% RAM 89.5% | GPU 925MB/26% | kafka=109.71%/884.9MiB / 4.804GiB ; elasticsearch=4.39%/1.537GiB / 4.8
[17:59:35] host CPU 25.7% RAM 89.8% | GPU 927MB/28% | kafka=0.83%/838.2MiB / 4.804GiB ; elasticsearch=4.66%/1.537GiB / 4.804
[17:59:39] host CPU 16.7% RAM 89.9% | GPU 923MB/26% | kafka=0.88%/838.2MiB / 4.804GiB ; elasticsearch=4.57%/1.537GiB / 4.804
[17:59:43] host CPU 21.9% RAM 89.8% | GPU 927MB/20% | kafka=1.51%/838.2MiB / 4.804GiB ; elasticsearch=5.10%/1.537GiB / 4.804
[17:59:47] host CPU 18.9% RAM 89.8% | GPU 925MB/30% | kafka=0.84%/838.2MiB / 4.804GiB ; elasticsearch=5.49%/1.537GiB / 4.804
[17:59:51] host CPU 19.7% RAM 89.8% | GPU 925MB/19% | kafka=0.81%/838.2MiB / 4.804GiB ; elasticsearch=5.54%/1.537GiB / 4.804
[17:59:56] host CPU 21.8% RAM 89.8% | GPU 926MB/19% | kafka=0.89%/838.2MiB / 4.804GiB ; elasticsearch=5.05%/1.536GiB / 4.804
[17:59:59] host CPU 13.9% RAM 89.9% | GPU 923MB/24% | kafka=0.86%/838.2MiB / 4.804GiB ; elasticsearch=5.75%/1.536GiB / 4.804
[18:00:04] host CPU 23.8% RAM 90.9% | GPU 924MB/18% | kafka=88.48%/838.2MiB / 4.804GiB ; elasticsearch=5.59%/1.537GiB / 4.80
[18:00:08] host CPU 25.8% RAM 91.0% | GPU 923MB/34% | kafka=0.82%/838.2MiB / 4.804GiB ; elasticsearch=5.09%/1.537GiB / 4.804
[18:00:13] host CPU 18.4% RAM 90.2% | GPU 927MB/29% | kafka=0.79%/838.2MiB / 4.804GiB ; elasticsearch=5.02%/1.537GiB / 4.804
[18:00:17] host CPU 23.3% RAM 90.1% | GPU 925MB/24% | kafka=0.68%/838.2MiB / 4.804GiB ; elasticsearch=5.04%/1.536GiB / 4.804
[18:00:20] host CPU 17.5% RAM 90.2% | GPU 923MB/21% | kafka=0.79%/838.2MiB / 4.804GiB ; elasticsearch=5.66%/1.537GiB / 4.804
[18:00:25] host CPU 15.8% RAM 90.2% | GPU 926MB/20% | kafka=175.97%/902.5MiB / 4.804GiB ; elasticsearch=4.48%/1.536GiB / 4.8
[18:00:29] host CPU 21.4% RAM 90.3% | GPU 924MB/22% | kafka=0.94%/838.2MiB / 4.804GiB ; elasticsearch=4.88%/1.536GiB / 4.804
[18:00:33] host CPU 19.2% RAM 90.2% | GPU 927MB/20% | kafka=0.77%/838.2MiB / 4.804GiB ; elasticsearch=5.38%/1.537GiB / 4.804
[18:00:37] host CPU 21.0% RAM 90.2% | GPU 925MB/19% | kafka=25.19%/838.2MiB / 4.804GiB ; elasticsearch=3.87%/1.536GiB / 4.80
[18:00:41] host CPU 23.6% RAM 90.3% | GPU 927MB/43% | kafka=0.61%/838.2MiB / 4.804GiB ; elasticsearch=4.61%/1.536GiB / 4.804
[18:00:46] host CPU 15.9% RAM 90.2% | GPU 927MB/32% | kafka=7.91%/848.3MiB / 4.804GiB ; elasticsearch=4.89%/1.536GiB / 4.804
[18:00:50] host CPU 21.9% RAM 90.3% | GPU 922MB/20% | kafka=0.76%/838.2MiB / 4.804GiB ; elasticsearch=6.41%/1.537GiB / 4.804
[18:00:54] host CPU 21.7% RAM 90.2% | GPU 925MB/17% | kafka=0.63%/838.2MiB / 4.804GiB ; elasticsearch=4.75%/1.536GiB / 4.804
[18:00:58] host CPU 13.4% RAM 89.9% | GPU 925MB/14% | kafka=5.42%/838.6MiB / 4.804GiB ; elasticsearch=3.03%/1.536GiB / 4.804
[18:01:03] host CPU 15.5% RAM 90.1% | GPU 926MB/28% | kafka=0.81%/838.3MiB / 4.804GiB ; elasticsearch=2.78%/1.537GiB / 4.804
[18:01:07] host CPU 9.0% RAM 90.0% | GPU 928MB/0% | kafka=1.07%/838.3MiB / 4.804GiB ; elasticsearch=0.64%/1.537GiB / 4.804
